
Analysis Description
--------------------
BUSTED (branch-site unrestricted statistical test of episodic
diversification) uses a random effects branch-site model fitted jointly
to all or a subset of tree branches in order to test for alignment-wide
evidence of episodic diversifying selection. Assuming there is evidence
of positive selection (i.e. there is an omega > 1), BUSTED will also
perform a quick evidence-ratio style analysis to explore which
individual sites may have been subject to selection. Version 2.0 adds
support for synonymous rate variation, and relaxes the test statistic to
0.5 (chi^2_0 + chi^2_2). Version 2.1 adds a grid search for the initial
starting point. Version 2.2 changes the grid search to LHC, and adds an
initial search phase to use adaptive Nedler-Mead. Version 3.0 implements
the option for branch-site variation in synonymous substitution rates.
Version 3.1 adds HMM auto-correlation option for SRV, and binds SRV
distributions for multiple branch sets. Version 4.0 adds support for
multiple hits (MH), ancestral state reconstruction saved to JSON, and
profiling of branch-site level support for selection / multiple hits.
Version 4.2 adds calculation of MH-attributable fractions of
substitutions. Version 4.5 adds an 'error absorption' component. Version
4.6 adds support for MSS-type models. Version 4.7 adds user configurable
options for the error class. 

- __Requirements__: in-frame codon alignment and a phylogenetic tree (optionally annotated
with {})

- __Citation__: *Gene-wide identification of episodic selection*, Mol Biol Evol.
32(5):1365-71, *Synonymous Site-to-Site Substitution Rate Variation
Dramatically Inflates False Positive Rates of Selection Analyses: Ignore
at Your Own Peril*, Mol Biol Evol. 37(8):2430-2439

- __Written by__: Sergei L Kosakovsky Pond

- __Contact Information__: spond@temple.edu

- __Analysis Version__: 4.7


>code => Universal
>Loaded a multiple sequence alignment with **23** sequences, **254** codons, and **1** partitions from `/Users/alex/Documents/selection-tutorial/data/21-empirical/adh.nex`

>branches => All

>srv => Yes
The number omega rate classes to include in the model (permissible range = [1,10], default value = 3, integer): 
>rates => 3

>multiple-hits => Double+Triple

>mss => No
The number alpha rate classes to include in the model [1-10, default 3] (permissible range = [1,10], default value = 3, integer): 
>syn-rates => 3

>error-sink => No
The number of points in the initial distributional guess for likelihood fitting (permissible range = [1,10000], default value = 250, integer): 
>grid-size => 250
The number of initial random guesses to 'seed' rate values optimization (permissible range = [1,25], default value = 1, integer): 
>starting-points => 1


### Branches to test for selection in the BUSTED analysis
* Selected 43 branches to test in the BUSTED analysis: `YAK, MEL, SIM, MA, Node7, Node5, Node3, ERE, Node2, PSE, PS, Node14, PER, Node13, MIR, Node12, SUB, AMB, Node19, Node11, Node1, MET, CRA, NIG, MIM, ADI, PIC, SIL, HET, Node36, PLA, DIF, Node39, Node35, AFF, Node34, Node32, Node30, Node28, Node26, Node24, Node22, LEB`


### Obtaining branch lengths and nucleotide substitution biases under the nucleotide GTR model

>kill-zero-lengths => Yes
* Log(L) = -5137.01, AIC-c = 10376.32 (51 estimated parameters)
* 1 partition. Total tree length by partition (subs/site)  1.184

### Obtaining the global omega estimate based on relative GTR branch lengths and nucleotide substitution biases
* Log(L) = -4772.12, AIC-c =  9661.42 (58 estimated parameters)
* 1 partition. Total tree length by partition (subs/site)  1.365
* non-synonymous/synonymous rate ratio for *test* =   0.1497

### Improving branch lengths, nucleotide substitution biases, and global dN/dS ratios under a full codon model
* Log(L) = -4686.17, AIC-c =  9489.52 (58 estimated parameters)
* non-synonymous/synonymous rate ratio for *test* =   0.0937

### Performing the full (dN/dS > 1 allowed) branch-site model fit
* Log(L) = -4609.38, AIC-c =  9358.43 (69 estimated parameters)
* For *test* branches, the following rate distribution for branch-site combinations was inferred


### Partition-level rates for multiple-hit substitutions
* rate at which 2 nucleotides are changed instantly within a single codon :   0.0577
* Corresponding fraction of substitutions :  1.125%
* rate at which 3 nucleotides are changed instantly within a single codon :   0.0000
* Corresponding fraction of substitutions :  0.000%

|          Selection mode           |     dN/dS     |Proportion, %|               Notes               |
|-----------------------------------|---------------|-------------|-----------------------------------|
|        Negative selection         |     0.001     |    0.000    |       Not supported by data       |
|        Negative selection         |     0.045     |   98.171    |                                   |
|      Diversifying selection       |     4.918     |    1.829    |                                   |

* The following rate distribution for site-to-site **synonymous** rate variation was inferred

|               Rate                | Proportion, % |               Notes               |
|-----------------------------------|---------------|-----------------------------------|
|               0.000               |     1.712     |                                   |
|               0.760               |    82.046     |                                   |
|               2.318               |    16.242     |                                   |


### Performing the constrained (dN/dS > 1 not allowed) model fit
* Log(L) = -4611.98, AIC-c =  9361.60 (68 estimated parameters)
* For *test* branches under the null (no dN/dS > 1 model), the following rate distribution for branch-site combinations was inferred

### Partition-level rates for multiple-hit substitutions
* rate at which 2 nucleotides are changed instantly within a single codon :   0.1662
* Corresponding fraction of substitutions :  2.457%
* rate at which 3 nucleotides are changed instantly within a single codon :   0.1339
* Corresponding fraction of substitutions :  0.283%

|          Selection mode           |     dN/dS     |Proportion, %|               Notes               |
|-----------------------------------|---------------|-------------|-----------------------------------|
|        Negative selection         |     0.030     |   94.036    |                                   |
|         Neutral evolution         |     1.000     |    1.528    |                                   |
|         Neutral evolution         |     1.000     |    4.436    |       Collapsed rate class        |

* The following rate distribution for site-to-site **synonymous** rate variation was inferred

|               Rate                | Proportion, % |               Notes               |
|-----------------------------------|---------------|-----------------------------------|
|               0.000               |     1.826     |                                   |
|               0.780               |    84.655     |                                   |
|               2.512               |    13.519     |                                   |

----
## Branch-site unrestricted statistical test of episodic diversification [BUSTED]
Likelihood ratio test for episodic diversifying positive selection, **p =   0.0370**.
