
Analysis Description
--------------------
BUSTED (branch-site unrestricted statistical test of episodic
diversification) uses a random effects branch-site model fitted jointly
to all or a subset of tree branches in order to test for alignment-wide
evidence of episodic diversifying selection. Assuming there is evidence
of positive selection (i.e. there is an omega > 1), BUSTED will also
perform a quick evidence-ratio style analysis to explore which
individual sites may have been subject to selection. Version 2.0 adds
support for synonymous rate variation, and relaxes the test statistic to
0.5 (chi^2_0 + chi^2_2). Version 2.1 adds a grid search for the initial
starting point. Version 2.2 changes the grid search to LHC, and adds an
initial search phase to use adaptive Nedler-Mead. Version 3.0 implements
the option for branch-site variation in synonymous substitution rates.
Version 3.1 adds HMM auto-correlation option for SRV, and binds SRV
distributions for multiple branch sets. Version 4.0 adds support for
multiple hits (MH), ancestral state reconstruction saved to JSON, and
profiling of branch-site level support for selection / multiple hits.
Version 4.2 adds calculation of MH-attributable fractions of
substitutions. Version 4.5 adds an 'error absorption' component. Version
4.6 adds support for MSS-type models. Version 4.7 adds user configurable
options for the error class. 

- __Requirements__: in-frame codon alignment and a phylogenetic tree (optionally annotated
with {})

- __Citation__: *Gene-wide identification of episodic selection*, Mol Biol Evol.
32(5):1365-71, *Synonymous Site-to-Site Substitution Rate Variation
Dramatically Inflates False Positive Rates of Selection Analyses: Ignore
at Your Own Peril*, Mol Biol Evol. 37(8):2430-2439

- __Written by__: Sergei L Kosakovsky Pond

- __Contact Information__: spond@temple.edu

- __Analysis Version__: 4.7


>code => Universal
>Loaded a multiple sequence alignment with **16** sequences, **639** codons, and **1** partitions from `/Users/alex/Documents/selection-tutorial/data/21-empirical/Bacterial_PTS_trehalose_transporter_suIII.nex`

>branches => All

>srv => Yes
The number omega rate classes to include in the model (permissible range = [1,10], default value = 3, integer): 
>rates => 3

>multiple-hits => Double+Triple

>mss => No
The number alpha rate classes to include in the model [1-10, default 3] (permissible range = [1,10], default value = 3, integer): 
>syn-rates => 3

>error-sink => No
The number of points in the initial distributional guess for likelihood fitting (permissible range = [1,10000], default value = 250, integer): 
>grid-size => 250
The number of initial random guesses to 'seed' rate values optimization (permissible range = [1,25], default value = 1, integer): 
>starting-points => 1


### Branches to test for selection in the BUSTED analysis
* Selected 29 branches to test in the BUSTED analysis: `NC_004116_22536376, NC_007432_76788255, Node1, AF510742_21217545, NZ_AAFA02000002_81096156, NC_003028_15901712, NC_003098_15903741, Node9, Node7, Node5, NC_003485_19746968, NC_002737_15675853, NZ_AAFV01000043_56808422, NC_007296_71904430, Node18, Node16, NC_004070_21911322, Node15, NC_008023_94993314, NC_006086_50915129, Node24, NC_008022_94991360, Node23, NC_008024_94995272, Node22, Node14, Node12, Node4, NC_004368_25010264`


### Obtaining branch lengths and nucleotide substitution biases under the nucleotide GTR model

>kill-zero-lengths => Yes
* Log(L) = -9830.29, AIC-c = 19734.67 (37 estimated parameters)
* 1 partition. Total tree length by partition (subs/site)  1.125

### Obtaining the global omega estimate based on relative GTR branch lengths and nucleotide substitution biases
* Log(L) = -8961.57, AIC-c = 18011.52 (44 estimated parameters)
* 1 partition. Total tree length by partition (subs/site)  1.580
* non-synonymous/synonymous rate ratio for *test* =   0.1163

### Improving branch lengths, nucleotide substitution biases, and global dN/dS ratios under a full codon model
* Log(L) = -8908.84, AIC-c = 17906.06 (44 estimated parameters)
* non-synonymous/synonymous rate ratio for *test* =   0.0892

### Performing the full (dN/dS > 1 allowed) branch-site model fit
* Log(L) = -8617.13, AIC-c = 17344.87 (55 estimated parameters)
* For *test* branches, the following rate distribution for branch-site combinations was inferred


### Partition-level rates for multiple-hit substitutions
* rate at which 2 nucleotides are changed instantly within a single codon :   0.3202
* Corresponding fraction of substitutions :  6.318%
* rate at which 3 nucleotides are changed instantly within a single codon :   1.0489
* Corresponding fraction of substitutions :  3.088%

|          Selection mode           |     dN/dS     |Proportion, %|               Notes               |
|-----------------------------------|---------------|-------------|-----------------------------------|
|        Negative selection         |     0.000     |    0.000    |       Not supported by data       |
|        Negative selection         |     0.011     |   98.499    |                                   |
|      Diversifying selection       |     9.678     |    1.501    |                                   |

* The following rate distribution for site-to-site **synonymous** rate variation was inferred

|               Rate                | Proportion, % |               Notes               |
|-----------------------------------|---------------|-----------------------------------|
|               0.132               |    46.667     |                                   |
|               0.541               |    18.790     |                                   |
|               2.423               |    34.543     |                                   |


### Performing the constrained (dN/dS > 1 not allowed) model fit
* Log(L) = -8635.29, AIC-c = 17379.16 (54 estimated parameters)
* For *test* branches under the null (no dN/dS > 1 model), the following rate distribution for branch-site combinations was inferred

### Partition-level rates for multiple-hit substitutions
* rate at which 2 nucleotides are changed instantly within a single codon :   0.4759
* Corresponding fraction of substitutions :  4.367%
* rate at which 3 nucleotides are changed instantly within a single codon :   0.6857
* Corresponding fraction of substitutions :  0.811%

|          Selection mode           |     dN/dS     |Proportion, %|               Notes               |
|-----------------------------------|---------------|-------------|-----------------------------------|
|        Negative selection         |     0.000     |    0.000    |       Not supported by data       |
|        Negative selection         |     0.013     |   96.622    |                                   |
|         Neutral evolution         |     1.000     |    3.378    |                                   |

* The following rate distribution for site-to-site **synonymous** rate variation was inferred

|               Rate                | Proportion, % |               Notes               |
|-----------------------------------|---------------|-----------------------------------|
|               0.174               |    54.806     |                                   |
|               1.400               |    33.449     |                                   |
|               3.716               |    11.744     |                                   |

----
## Branch-site unrestricted statistical test of episodic diversification [BUSTED]
Likelihood ratio test for episodic diversifying positive selection, **p =   0.0000**.
