
Analysis Description
--------------------
MEME (Mixed Effects Model of Evolution) estimates a site-wise synonymous
(&alpha;) and a two-category mixture of non-synonymous (&beta;-, with
proportion p-, and &beta;+ with proportion [1-p-]) rates, and uses a
likelihood ratio test to determine if &beta;+ > &alpha; at a site. The
estimates aggregate information over a proportion of branches at a site,
so the signal is derived from episodic diversification, which is a
combination of strength of selection [effect size] and the proportion of
the tree affected. A subset of branches can be selected for testing as
well, in which case an additional (nuisance) parameter will be inferred
-- the non-synonymous rate on branches NOT selected for testing.
Multiple partitions within a NEXUS file are also supported for
recombination - aware analysis. Version 3.0 adds a different format for
ancestral state reconstruction, branch-site posterior storage, and
site-level heterogeneity testing. Version 4 adds support for multiple
hits and more than 2 rate classes on omega, as well as site-level
imputation option. Version 4.1 fixes bugs with EBF computation for > 2
more rates and MH reporting. 

- __Requirements__: in-frame codon alignment and a phylogenetic tree

- __Citation__: Detecting Individual Sites Subject to Episodic Diversifying Selection.
_PLoS Genet_ 8(7): e1002764.

- __Written by__: Sergei L. Kosakovsky Pond, Steven Weaver

- __Contact Information__: spond@temple.edu

- __Analysis Version__: 4.1


>code => Universal
>Loaded a multiple sequence alignment with **16** sequences, **639** codons, and **1** partitions from `/Users/alex/Documents/selection-tutorial/data/21-empirical/Bacterial_PTS_trehalose_transporter_suIII.nex`

>branches => All

>Select the p-value threshold to use when testing for selection (permissible range = [0,1], default value = 0.1): 
>pvalue => 0.1

>[Advanced setting, will result in MUCH SLOWER run time] Perform parametric bootstrap resampling to derive site-level null LRT distributions up to this many replicates per site. Recommended use for small to medium (<30 sequences) datasets (permissible range = [0,1000], default value = 50, integer): 
>resample => 0
The number omega rate classes to include in the model [2 is the strongly recommended default] (permissible range = [2,4], default value = 2, integer): 
>rates => 2

>multiple-hits => None

>impute-states => No

>precision => standard


### Branches to include in the MEME analysis
Selected 29 branches to include in the MEME analysis: `NC_004116_22536376, NC_007432_76788255, Node1, AF510742_21217545, NZ_AAFA02000002_81096156, NC_003028_15901712, NC_003098_15903741, Node9, Node7, Node5, NC_003485_19746968, NC_002737_15675853, NZ_AAFV01000043_56808422, NC_007296_71904430, Node18, Node16, NC_004070_21911322, Node15, NC_008023_94993314, NC_006086_50915129, Node24, NC_008022_94991360, Node23, NC_008024_94995272, Node22, Node14, Node12, Node4, NC_004368_25010264`


### Obtaining branch lengths and nucleotide substitution biases under the nucleotide GTR model

>kill-zero-lengths => Yes
* Log(L) = -9830.29, AIC-c = 19734.67 (37 estimated parameters)
* 1 partition. Total tree length by partition (subs/site)  1.125

### Obtaining the global omega estimate based on relative GTR branch lengths and nucleotide substitution biases
* Log(L) = -8961.57, AIC-c = 18011.52 (44 estimated parameters)
* 1 partition. Total tree length by partition (subs/site)  1.580
* non-synonymous/synonymous rate ratio for *test* =   0.1163

>full-model => Yes
Only analyze sites whose 1-based indices match the following list (null to skip) : 
>limit-to-sites => null
For sites whose 1-based indices match the following list, write out likelihood function snapshots (null string to skip) : 
>save-lf-for-sites => null

### Improving branch lengths, nucleotide substitution biases, and global dN/dS ratios under a full codon model
* Log(L) = -8908.84
* Log(L) = -8908.84, AIC-c = 17906.06 (44 estimated parameters)
* 1 partition. Total tree length by partition (subs/site)  1.754
* non-synonymous/synonymous rate ratio for *test* =   0.0892

### For partition 1 these sites are significant at p <=0.1

|   Codon    | Partition  |   alpha    |non-syn rate (beta) distribution, rates : weights|    LRT     |Episodic selection detected?| # branches |         List of most common codon substitutions at this site          |
|:----------:|:----------:|:----------:|:-----------------------------------------------:|:----------:|:--------------------------:|:----------:|:---------------------------------------------------------------------:|
|     28     |     1      |    0.000   |             0.00/24.54 : 0.74/0.26              |    4.797   |      Yes, p =  0.0419      |     0      |                          [1]AAT>GGA,gGa>gCa                           |
|     70     |     1      |    0.000   |              0.00/6.20 : 0.82/0.18              |    3.516   |      Yes, p =  0.0814      |     1      |                              [1]GTa>ACa                               |
|     74     |     1      |    0.000   |             0.00/193.97 : 0.87/0.13             |   10.277   |      Yes, p =  0.0026      |     0      |                              [2]Ggt>Agt                               |
|     96     |     1      |    1.386   |             0.64/146.51 : 0.86/0.14             |    5.659   |      Yes, p =  0.0269      |     2      |                     [2]cGg>cAg|[1]cgT>cgG,Cgt>Ggt                     |
|    130     |     1      |    0.054   |             0.03/28.38 : 0.88/0.12              |    5.181   |      Yes, p =  0.0344      |     1      |                              [1]tTT>tGG                               |
|    183     |     1      |    3.281   |             0.00/162.80 : 0.93/0.07             |    3.567   |      Yes, p =  0.0793      |     1      |                          [1]aTt>aCt,atT>atC                           |
|    210     |     1      |    0.001   |              0.00/8.90 : 0.66/0.34              |    3.750   |      Yes, p =  0.0721      |     0      |                          [1]aAA>aGC,AAa>GCa                           |
|    213     |     1      |    0.000   |             0.00/11.93 : 0.62/0.38              |    4.331   |      Yes, p =  0.0533      |     0      |                          [1]GTt>TCt,TCt>GTt                           |
|    223     |     1      |    0.001   |             0.00/43.89 : 0.90/0.10              |    5.913   |      Yes, p =  0.0236      |     1      |                              [1]AAA>CGT                               |
|    269     |     1      |    0.000   |             0.00/21.94 : 0.72/0.28              |    3.924   |      Yes, p =  0.0658      |     2      |                          [1]AtT>TtG,TtG>AtT                           |
|    282     |     1      |    9.524   |             0.00/362.51 : 0.90/0.10             |    4.590   |      Yes, p =  0.0466      |     0      |                          [2]acA>acT,aCt>aTt                           |
|    387     |     1      |   11.983   |            0.00/3607.05 : 0.92/0.08             |    4.045   |      Yes, p =  0.0618      |     2      |                  [1]Ctt>Att,ctT>ctC,CtT>TtA,TtA>CtT                   |
|    414     |     1      |    6.489   |             0.04/135.12 : 0.86/0.14             |    3.798   |      Yes, p =  0.0703      |     2      |                 [2]acT>acC|[1]Acc>Tcc,acT>acA,aCt>aTt                 |
|    421     |     1      |    0.000   |             0.00/83.17 : 0.76/0.24              |    6.780   |      Yes, p =  0.0151      |     3      |                              [3]Tct>Gct                               |
|    438     |     1      |    0.012   |             0.01/17.11 : 0.87/0.13              |    5.545   |      Yes, p =  0.0285      |     1      |                              [1]ATg>TGg                               |
|    440     |     1      |    0.073   |             0.05/19.48 : 0.75/0.25              |    3.197   |      Yes, p =  0.0962      |     1      |                          [1]Cca>Gca,TAT>CCA                           |
|    443     |     1      |    0.015   |             0.01/17.56 : 0.70/0.30              |    4.219   |      Yes, p =  0.0565      |     0      |                          [1]atC>atG,ATG>GGA                           |
|    446     |     1      |    0.000   |             0.00/34.01 : 0.49/0.51              |    3.563   |      Yes, p =  0.0794      |     1      |                  [1]gCa>gTa,GCa>TTa,TtA>AtT,Tta>Cta                   |
|    452     |     1      |    9.075   |             0.00/616.30 : 0.96/0.04             |    3.780   |      Yes, p =  0.0710      |     1      |                  [1]ccA>ccG,ccA>ccT,Ccg>Tcg,ccT>ccA                   |
|    514     |     1      |    1.396   |             0.52/598.98 : 0.94/0.06             |    3.488   |      Yes, p =  0.0826      |     1      |                      [1]Att>Gtt,Gtt>Att,gtT>gtC                       |
|    573     |     1      |    0.000   |             0.00/10.45 : 0.67/0.33              |    3.410   |      Yes, p =  0.0861      |     2      |                          [1]ACC>GAA,GAa>ACa                           |
|    614     |     1      |    4.232   |             1.61/137.60 : 0.72/0.28             |    3.253   |      Yes, p =  0.0935      |     0      |                 [2]gAC>gCT,gCt>gTt|[1]gaA>gaC,Gct>Act                 |
|    637     |     1      |    0.000   |             0.00/71.50 : 0.46/0.54              |    4.717   |      Yes, p =  0.0436      |     0      |                 [3]Atg>Gtg|[1]aAG>aGC,aAg>aTg,aGC>aCA                 |

### ** Found _23_ sites under episodic diversifying positive selection at p <= 0.1**
