
Analysis Description
--------------------
BUSTED (branch-site unrestricted statistical test of episodic
diversification) uses a random effects branch-site model fitted jointly
to all or a subset of tree branches in order to test for alignment-wide
evidence of episodic diversifying selection. Assuming there is evidence
of positive selection (i.e. there is an omega > 1), BUSTED will also
perform a quick evidence-ratio style analysis to explore which
individual sites may have been subject to selection. Version 2.0 adds
support for synonymous rate variation, and relaxes the test statistic to
0.5 (chi^2_0 + chi^2_2). Version 2.1 adds a grid search for the initial
starting point. Version 2.2 changes the grid search to LHC, and adds an
initial search phase to use adaptive Nedler-Mead. Version 3.0 implements
the option for branch-site variation in synonymous substitution rates.
Version 3.1 adds HMM auto-correlation option for SRV, and binds SRV
distributions for multiple branch sets. Version 4.0 adds support for
multiple hits (MH), ancestral state reconstruction saved to JSON, and
profiling of branch-site level support for selection / multiple hits.
Version 4.2 adds calculation of MH-attributable fractions of
substitutions. Version 4.5 adds an 'error absorption' component. Version
4.6 adds support for MSS-type models. Version 4.7 adds user configurable
options for the error class. 

- __Requirements__: in-frame codon alignment and a phylogenetic tree (optionally annotated
with {})

- __Citation__: *Gene-wide identification of episodic selection*, Mol Biol Evol.
32(5):1365-71, *Synonymous Site-to-Site Substitution Rate Variation
Dramatically Inflates False Positive Rates of Selection Analyses: Ignore
at Your Own Peril*, Mol Biol Evol. 37(8):2430-2439

- __Written by__: Sergei L Kosakovsky Pond

- __Contact Information__: spond@temple.edu

- __Analysis Version__: 4.7


>code => Universal
>Loaded a multiple sequence alignment with **212** sequences, **96** codons, and **1** partitions from `/Users/alex/Documents/selection-tutorial/data/21-empirical/camelid.nex`

>branches => All

>srv => Yes
The number omega rate classes to include in the model (permissible range = [1,10], default value = 3, integer): 
>rates => 3

>multiple-hits => Double+Triple

>mss => No
The number alpha rate classes to include in the model [1-10, default 3] (permissible range = [1,10], default value = 3, integer): 
>syn-rates => 3

>error-sink => No
The number of points in the initial distributional guess for likelihood fitting (permissible range = [1,10000], default value = 250, integer): 
>grid-size => 250
The number of initial random guesses to 'seed' rate values optimization (permissible range = [1,25], default value = 1, integer): 
>starting-points => 1


### Branches to test for selection in the BUSTED analysis
* Selected 421 branches to test in the BUSTED analysis: `LGL132362, LGL237315, Node10, LGL131930, Node9, AF000603, CVHP24VCOD, CVHP22VCOD, Node26, CVHP21VCOD, CVHP19VCOD, Node31, CVHP16VCOD, CVHP10VCOD, Node36, CVHP18VCOD, Node35, CVHP17VCOD, Node34, Node30, CVHP09VCOD, Node29, Node25, CVHP14VCOD, CVHP02VCOD, CVHP07VCOD, CVHP12VCOD, Node53, CVHP13VCOD, Node52, Node50, CVHP15VCOD, Node49, Node47, CVHP04VCOD, Node46, CVHP03VCOD, Node45, CVHP06VCOD, Node44, CVHP05VCOD, Node43, CVHP11VCOD, Node42, Node24, CVHP08VCOD, Node23, CVHP29VCOD, Node22, CVHP30VCOD, CVHP52VCOD, Node66, CVHP31VCOD, CVHP34VCOD, Node71, CVHP32VCOD, Node70, CVHP33VCOD, Node69, Node65, Node21, Node19, CVHP45VCOD, CVHP47VCOD, Node79, CVHP46VCOD, CVHP48VCOD, Node83, CVHP51VCOD, Node82, Node78, CVHP43VCOD, CVHP44VCOD, Node89, CVHP49VCOD, Node88, CVHP40VCOD, CVHP41VCOD, Node95, CVHP36VCOD, CVHP38VCOD, Node99, CVHP37VCOD, Node98, Node94, CVHP42VCOD, CVHP50VCOD, Node103, Node93, Node87, Node77, CVHP28VCOD, Node76, Node18, CVHP25VCOD, CVHHP42VCOD, Node107, Node17, CVHHP08VCOD, CVHHP09VCOD, Node111, CVHHP10VCOD, CVHHP11VCOD, Node115, CVHHP12VCOD, Node114, Node110, Node16, CVHHP41VCOD, CVHHP36VCOD, Node124, CVHHP37VCOD, Node123, CVHHP35VCOD, Node122, CVHHP34VCOD, Node121, CVHHP32VCOD, CVHHP33VCOD, Node130, Node120, CVHHP06VCOD, CVHHP07VCOD, Node134, CVHHP15VCOD, CVHHP31VCOD, Node138, CVHHP24VCOD, CVHHP25VCOD, Node147, CVHHP23VCOD, Node146, CVHHP19VCOD, CVHHP22VCOD, Node154, CVHHP27VCOD, Node153, CVHHP21VCOD, CVHHP26VCOD, Node158, Node152, CVHHP20VCOD, Node151, Node145, CVHHP29VCOD, Node144, CVHHP17VCOD, Node143, CVHHP28VCOD, Node142, CVHHP30VCOD, Node141, Node137, Node133, Node119, Node15, AF000604, CVHHP03VCOD, CVHHP04VCOD, Node169, CVHHP05VCOD, Node168, Node166, Node14, Node8, LGL238057, LGL238051, Node182, LGL237297, LGL237381, Node186, LGL237296, LGL237365, Node189, Node185, Node181, LGL238052, Node180, LGL237302, LGL238049, Node193, Node179, LGL237360, LGL238046, LGL237370, Node200, LGL237353, Node199, Node197, LGL237325, LGL237332, Node204, Node196, Node178, LGL131929, LGL237300, Node211, LGL237355, LGL237361, Node214, Node210, LGL237341, Node209, LGL238050, LGL237319, LGL237377, Node223, Node221, LGL237306, LGL237320, Node227, LGL237386, Node226, Node220, LGL238048, Node219, LGL237383, Node218, Node208, LGL237391, Node207, Node177, LGL237356, LGL237367, Node234, Node176, LGL238055, Node175, LGL237380, Node174, LGL237350, Node173, Node7, LGL237366, LGL237304, Node242, LGL237295, LGL237375, Node250, LGL238059, LGL237318, Node254, LGL237322, LGL237357, Node259, LGL237293, Node258, LGL237354, Node257, Node253, Node249, LGL237301, LGL237314, Node268, LGL237310, Node267, LGL237371, Node266, LGL237376, LGL237392, Node274, LGL237298, LGL237299, Node277, Node273, Node265, LGL237387, LGL237393, Node283, LGL237388, Node282, LGL131931, LGL237385, Node288, LGL237382, Node287, Node281, LGL238056, LGL238054, Node294, LGL237384, LGL238045, Node297, Node293, LGL237326, LGL237359, Node301, LGL237389, Node300, Node292, Node280, Node264, Node248, LGL237286, LGL237308, LGL237333, LGL237303, Node311, Node309, LGL238053, Node308, Node306, LGL238058, LGL237329, Node315, Node305, Node247, LGL237328, LGL237378, Node320, LGL237369, Node319, LGL237373, Node318, Node246, LGL238047, LGL237289, Node325, Node245, Node241, LGL237331, Node240, Node6, LGL237346, LGL237287, Node331, LGL237288, Node330, LGL237338, LGL237349, Node335, Node329, Node5, LGL237339, LGL237278, LGL237327, Node341, Node339, LGL237324, LGL237368, Node344, Node338, Node4, LGL237280, LGL237309, Node348, LGL237345, LGL237311, Node352, LGL237321, Node351, Node347, Node3, LGL237342, LGL237351, Node359, LGL237312, LGL237316, LGL237323, Node365, Node363, LGL237283, Node362, Node358, LGL237337, LGL237292, Node371, LGL237285, LGL237347, Node374, Node370, LGL237284, LGL237379, Node378, LGL237330, Node377, Node369, Node357, LGL237313, LGL237281, Node383, LGL237344, LGL237282, Node387, LGL237291, LGL237305, Node391, LGL237276, Node390, Node386, Node382, Node356, Node2, LGL237307, LGL237335, Node395, Node1, LGL237390, LGL237336, Node400, LGL237340, Node399, LGL237294, LGL237358, Node405, LGL238060, LGL237317, Node408, Node404, Node398, LGL237279, LGL237277, LGL237352, Node414, Node412, LGL237362, LGL237363, Node418, LGL237374, Node417, Node411`


### Obtaining branch lengths and nucleotide substitution biases under the nucleotide GTR model

>kill-zero-lengths => Yes

### Deleted 59 zero-length internal branches: `Node1, Node123, Node133, Node137, Node144, Node145, Node151, Node152, Node153, Node154, Node168, Node177, Node178, Node179, Node185, Node197, Node208, Node209, Node21, Node210, Node219, Node22, Node246, Node247, Node248, Node249, Node253, Node282, Node29, Node30, Node305, Node306, Node320, Node329, Node34, Node35, Node358, Node36, Node362, Node382, Node386, Node411, Node43, Node44, Node45, Node46, Node47, Node49, Node5, Node50, Node52, Node53, Node70, Node71, Node76, Node77, Node82, Node87, Node99`
* Log(L) = -17636.26, AIC-c = 36136.60 (429 estimated parameters)
* 1 partition. Total tree length by partition (subs/site) 14.107

### Obtaining the global omega estimate based on relative GTR branch lengths and nucleotide substitution biases
* Log(L) = -17516.79, AIC-c = 35801.84 (377 estimated parameters)
* 1 partition. Total tree length by partition (subs/site) 14.136
* non-synonymous/synonymous rate ratio for *test* =   0.8430

### Improving branch lengths, nucleotide substitution biases, and global dN/dS ratios under a full codon model
* Log(L) = -17513.24, AIC-c = 35794.74 (377 estimated parameters)
* non-synonymous/synonymous rate ratio for *test* =   0.8324

### Performing the full (dN/dS > 1 allowed) branch-site model fit
* Log(L) = -16438.46, AIC-c = 33668.04 (388 estimated parameters)
* For *test* branches, the following rate distribution for branch-site combinations was inferred


### Partition-level rates for multiple-hit substitutions
* rate at which 2 nucleotides are changed instantly within a single codon :   0.1542
* Corresponding fraction of substitutions :  6.213%
* rate at which 3 nucleotides are changed instantly within a single codon :   0.0000
* Corresponding fraction of substitutions :  0.000%

|          Selection mode           |     dN/dS     |Proportion, %|               Notes               |
|-----------------------------------|---------------|-------------|-----------------------------------|
|        Negative selection         |     0.096     |   32.290    |                                   |
|         Neutral evolution         |     1.000     |   66.464    |                                   |
|      Diversifying selection       |    16.214     |    1.246    |                                   |

* The following rate distribution for site-to-site **synonymous** rate variation was inferred

|               Rate                | Proportion, % |               Notes               |
|-----------------------------------|---------------|-----------------------------------|
|               0.221               |    30.322     |                                   |
|               0.816               |    47.040     |                                   |
|               2.426               |    22.638     |                                   |


### Performing the constrained (dN/dS > 1 not allowed) model fit
* Log(L) = -16445.01, AIC-c = 33679.06 (387 estimated parameters)
* For *test* branches under the null (no dN/dS > 1 model), the following rate distribution for branch-site combinations was inferred

### Partition-level rates for multiple-hit substitutions
* rate at which 2 nucleotides are changed instantly within a single codon :   0.2341
* Corresponding fraction of substitutions :  8.833%
* rate at which 3 nucleotides are changed instantly within a single codon :   0.0000
* Corresponding fraction of substitutions :  0.000%

|          Selection mode           |     dN/dS     |Proportion, %|               Notes               |
|-----------------------------------|---------------|-------------|-----------------------------------|
|        Negative selection         |     0.020     |   27.508    |                                   |
|         Neutral evolution         |     1.000     |   72.342    |                                   |
|         Neutral evolution         |     1.000     |    0.150    |       Collapsed rate class        |

* The following rate distribution for site-to-site **synonymous** rate variation was inferred

|               Rate                | Proportion, % |               Notes               |
|-----------------------------------|---------------|-----------------------------------|
|               0.229               |    29.728     |                                   |
|               0.819               |    47.367     |                                   |
|               2.375               |    22.906     |                                   |

----
## Branch-site unrestricted statistical test of episodic diversification [BUSTED]
Likelihood ratio test for episodic diversifying positive selection, **p =   0.0007**.
