
Analysis Description
--------------------
aBSREL (Adaptive branch-site random effects likelihood) uses an adaptive
random effects branch-site model framework to test whether each branch
has evolved under positive selection, using a procedure which infers an
optimal number of rate categories per branch. v2.2 adds support for
multiple-hit models. v2.3 adds support for SRV. v2.5 adds support for
ancestral state reconstruction, identification of sites contributing to
selection signal, and some diagnostics. v2.6 adds tree reports and ASCII
art

- __Requirements__: in-frame codon alignment and a phylogenetic tree

- __Citation__:  Less Is More: An Adaptive Branch-Site Random Effects Model for
Efficient Detection of Episodic Diversifying Selection (2015). Mol Biol
Evol 32 (5): 1342-1353. 

- __Written by__: Sergei L Kosakovsky Pond, Ben Murrell, Steven Weaver and Temple iGEM /
UCSD viral evolution group

- __Contact Information__: spond@temple.edu

- __Analysis Version__: 2.6

[Advanced option] Bag of little bootstrap alignment resampling rate (permissible range = [0.01,1], default value = 1): blb: 1

>code => Universal
>Loaded a multiple sequence alignment with **23** sequences, **500** codons, and **1** partitions from `/Users/alex/Documents/selection-tutorial/data/21-empirical/ENCenv.nex`

>branches => All

>multiple-hits => None

>srv => No


### * Selected 43 branches for testing: `K94P05, THCMAR6793, Node6, P19BR, UNKNOWN37, Node9, Node5, M859, Node4, 2372, Node3, WTP_70_22, JKT5441, Node16, JKT1749, Node15, B1065, Node14, Node2, JKT9092, JKT7003, Node22, JKT6468, Node21, Node1, K82P01, P3_MRP, HK8256, TC, Node32, CC94, Node31, Node29, CH2195, R53567, Node37, B2524, 7812474, Node40, Node36, Node28, P20778, Node27`


### Obtaining branch lengths and nucleotide substitution biases under the nucleotide GTR model

>kill-zero-lengths => Yes
* Log(L) = -7656.27, AIC-c = 15414.69 (51 estimated parameters)
* 1 partition. Total tree length by partition (subs/site)  0.763

### Fitting the baseline model with a single dN/dS class per branch, and no site-to-site variation. 
* Log(L) = -6783.09, AIC-c = 13767.95 (100 estimated parameters)
* Branch-level non-synonymous/synonymous rate ratio distribution has median  0.07, and 95% of the weight in  0.00 - 10000000000.00

### Determining the optimal number of rate classes per branch using a step up procedure

|              Branch               |  Length  |  Rates   |     Max. dN/dS     |    Log(L)     |     AIC-c     |Best AIC-c so far|
|-----------------------------------|----------|----------|--------------------|---------------|---------------|-----------------|
|              Node22               |   0.10   |    2     |    1.14 ( 4.54%)   |   -6782.71    |   13771.26    |    13767.95     |
|              JKT7003              |   0.07   |    2     |   0.06 (100.00%)   |   -6783.09    |   13772.02    |    13767.95     |
|               Node3               |   0.05   |    2     |    0.75 ( 1.99%)   |   -6783.10    |   13772.04    |    13767.95     |
|              Node21               |   0.04   |    2     |    0.26 ( 0.00%)   |   -6783.09    |   13772.02    |    13767.95     |
|               Node4               |   0.04   |    2     |    0.26 ( 0.00%)   |   -6783.09    |   13772.02    |    13767.95     |
|              Node16               |   0.04   |    2     |    0.09 (30.97%)   |   -6783.09    |   13772.03    |    13767.95     |
|              R53567               |   0.03   |    2     |    0.23 (53.88%)   |   -6783.14    |   13772.12    |    13767.95     |
|              K82P01               |   0.03   |    2     |    0.13 (25.97%)   |   -6783.09    |   13772.02    |    13767.95     |
|             UNKNOWN37             |   0.03   |    2     |    0.28 ( 0.00%)   |   -6783.09    |   13772.02    |    13767.95     |
|              JKT5441              |   0.03   |    2     |   0.09 (100.00%)   |   -6783.09    |   13772.02    |    13767.95     |
|               B1065               |   0.03   |    2     |    0.10 (66.89%)   |   -6783.09    |   13772.02    |    13767.95     |
|              CH2195               |   0.03   |    2     |   19.53 ( 0.53%)   |   -6782.65    |   13771.13    |    13767.95     |
|              P20778               |   0.02   |    2     |    0.26 ( 0.00%)   |   -6783.09    |   13772.02    |    13767.95     |
|               Node6               |   0.02   |    2     |   12.37 ( 0.56%)   |   -6781.53    |   13768.90    |    13767.95     |
|               Node2               |   0.02   |    2     |    1.04 ( 2.01%)   |   -6783.10    |   13772.04    |    13767.95     |
|              JKT1749              |   0.02   |    2     |   0.12 (100.00%)   |   -6783.09    |   13772.02    |    13767.95     |
|               2372                |   0.02   |    2     |    0.10 (99.67%)   |   -6783.09    |   13772.02    |    13767.95     |
|              P3_MRP               |   0.02   |    2     |    0.24 (89.93%)   |   -6783.09    |   13772.02    |    13767.95     |
|             WTP_70_22             |   0.02   |    2     |    0.76 (10.22%)   |   -6783.12    |   13772.08    |    13767.95     |
|                TC                 |   0.01   |    2     |    0.18 (26.09%)   |   -6783.09    |   13772.03    |    13767.95     |
|              Node27               |   0.01   |    2     |    0.24 ( 0.00%)   |   -6783.09    |   13772.02    |    13767.95     |
|              Node15               |   0.01   |    2     |    0.25 ( 0.00%)   |   -6783.09    |   13772.02    |    13767.95     |
|               B2524               |   0.01   |    2     |    0.07 (80.64%)   |   -6783.09    |   13772.02    |    13767.95     |
|               Node5               |   0.01   |    2     |    0.25 (24.37%)   |   -6783.09    |   13772.03    |    13767.95     |
|              JKT6468              |   0.01   |    2     |    0.25 (50.61%)   |   -6783.10    |   13772.04    |    13767.95     |
|            THCMAR6793             |   0.01   |    2     |    0.26 (10.37%)   |   -6783.09    |   13772.03    |    13767.95     |
|               Node1               |   0.01   |    2     |    1.00 ( 9.67%)   |   -6783.11    |   13772.07    |    13767.95     |
|              Node14               |   0.01   |    2     |    0.26 ( 0.00%)   |   -6783.09    |   13772.02    |    13767.95     |
|               Node9               |   0.01   |    2     |    0.27 (11.47%)   |   -6783.10    |   13772.04    |    13767.95     |
|              K94P05               |   0.01   |    2     |    0.24 (48.42%)   |   -6783.09    |   13772.02    |    13767.95     |
|               M859                |   0.01   |    2     |    0.25 (49.89%)   |   -6783.09    |   13772.03    |    13767.95     |
|               P19BR               |   0.01   |    2     |    0.43 (10.48%)   |   -6783.09    |   13772.03    |    13767.95     |
|              Node40               |   0.01   |    2     |    0.76 (10.14%)   |   -6783.10    |   13772.04    |    13767.95     |
|              HK8256               |   0.01   |    2     |    0.35 (41.34%)   |   -6783.09    |   13772.02    |    13767.95     |
|              JKT9092              |   0.00   |    2     |    0.18 (31.40%)   |   -6805.57    |   13816.98    |    13767.95     |
|              Node31               |   0.00   |    2     |    0.25 ( 0.00%)   |   -6783.09    |   13772.02    |    13767.95     |
|              Node37               |   0.00   |    2     |    0.26 ( 0.00%)   |   -6783.09    |   13772.02    |    13767.95     |
|              Node32               |   0.00   |    2     |    0.25 ( 0.00%)   |   -6783.09    |   13772.02    |    13767.95     |
|              Node28               |   0.00   |    2     |    0.26 ( 0.00%)   |   -6783.09    |   13772.02    |    13767.95     |
|              Node29               |   0.00   |    2     |    0.25 ( 0.00%)   |   -6783.09    |   13772.02    |    13767.95     |
|              Node36               |   0.00   |    2     |    0.25 ( 0.00%)   |   -6783.09    |   13772.02    |    13767.95     |
|              7812474              |   0.00   |    2     |    0.26 ( 0.00%)   |   -6783.09    |   13772.02    |    13767.95     |
|               CC94                |   0.00   |    2     |    0.25 ( 2.00%)   |   -6783.09    |   13772.02    |    13767.95     |

### Rate class analyses summary
*  43 branches with **1** rate classes

### Annotated Tree
(((((((K94P05{1},THCMAR6793{1})Node6{1},(P19BR{1},UNKNOWN37{1})Node9{1})Node5{1},M859{1})Node4{1},2372{1})Node3{1},(((WTP_70_22{1},JKT5441{1})Node16{1},JKT1749{1})Node15{1},B1065{1})Node14{1})Node2{1},((JKT9092{1},JKT7003{1})Node22{1},JKT6468{1})Node21{1})Node1{1},K82P01{1},(((P3_MRP{1},((HK8256{1},TC{1})Node32{1},CC94{1})Node31{1})Node29{1},((CH2195{1},R53567{1})Node37{1},(B2524{1},7812474{1})Node40{1})Node36{1})Node28{1},P20778{1})Node27{1})

----

```
                     |-K94P05 (1)
                  |--+Node6 (1)
                  |  |-THCMAR6793 (1)
                |-+Node5 (1)
                | | |-P19BR (1)
                | |-+Node9 (1)
                |   |---UNKNOWN37 (1)
           |----+Node4 (1)
           |    |-M859 (1)
     |-----+Node3 (1)
     |     |--2372 (1)
  |--+Node2 (1)
  |  |        |--WTP_70_22 (1)
  |  |   |----+Node16 (1)
  |  |   |    |---JKT5441 (1)
  |  | |-+Node15 (1)
  |  | | |--JKT1749 (1)
  |  |-+Node14 (1)
  |    |--B1065 (1)
|-+Node1 (1)
| |              |JKT9092 (1)
| |    |---------+Node22 (1)
| |    |         |-------JKT7003 (1)
| |----+Node21 (1)
|      |-JKT6468 (1)
|---K82P01 (1)
|   |--P3_MRP (1)
|  |+Node29 (1)
|  || |-HK8256 (1)
|  |||+Node32 (1)
|  ||||-TC (1)
|  ||+Node31 (1)
|  | |CC94 (1)
| |+Node28 (1)
| || |--CH2195 (1)
| |||+Node37 (1)
| ||||---R53567 (1)
| ||+Node36 (1)
| | | |-B2524 (1)
| | |-+Node40 (1)
| |   |7812474 (1)
|-+Node27 (1)
  |--P20778 (1)
```


### Improving parameter estimates of the adaptive rate class model
* Log(L) = -6760.61, AIC-c = 13722.98 (100 estimated parameters)

### Testing selected branches for selection

|              Branch               |  Rates   |     Max. dN/dS     | Sites @ EBF>=100 |      Test LRT      |Uncorrected p-value |
|-----------------------------------|----------|--------------------|------------------|--------------------|--------------------|
|              Node22               |     1    |   0.03 (100.00%)   |       N/A        |        0.00        |       1.00000      |
|              JKT7003              |     1    |   0.06 (100.00%)   |       N/A        |        0.00        |       1.00000      |
|               Node3               |     1    |   0.01 (100.00%)   |       N/A        |        0.00        |       1.00000      |
|              Node21               |     1    |   0.00 (100.00%)   |       N/A        |        0.00        |       1.00000      |
|               Node4               |     1    |   0.00 (100.00%)   |       N/A        |        0.00        |       1.00000      |
|              Node16               |     1    |   0.03 (100.00%)   |       N/A        |        0.00        |       1.00000      |
|              R53567               |     1    |   0.12 (100.00%)   |       N/A        |        0.00        |       1.00000      |
|              K82P01               |     1    |   0.08 (100.00%)   |       N/A        |        0.00        |       1.00000      |
|             UNKNOWN37             |     1    |   0.16 (100.00%)   |       N/A        |        0.00        |       1.00000      |
|              JKT5441              |     1    |   0.08 (100.00%)   |       N/A        |        0.00        |       1.00000      |
|               B1065               |     1    |   0.07 (100.00%)   |       N/A        |        0.00        |       1.00000      |
|              CH2195               |     1    |   0.03 (100.00%)   |       N/A        |        0.00        |       1.00000      |
|              P20778               |     1    |   0.00 (100.00%)   |       N/A        |        0.00        |       1.00000      |
|               Node6               |     1    |   0.03 (100.00%)   |       N/A        |        0.00        |       1.00000      |
|               Node2               |     1    |   0.02 (100.00%)   |       N/A        |        0.00        |       1.00000      |
|              JKT1749              |     1    |   0.11 (100.00%)   |       N/A        |        0.00        |       1.00000      |
|               2372                |     1    |   0.09 (100.00%)   |       N/A        |        0.00        |       1.00000      |
|              P3_MRP               |     1    |   0.22 (100.00%)   |       N/A        |        0.00        |       1.00000      |
|             WTP_70_22             |     1    |   0.07 (100.00%)   |       N/A        |        0.00        |       1.00000      |
|                TC                 |     1    |   0.05 (100.00%)   |       N/A        |        0.00        |       1.00000      |
|              Node27               |     1    |   0.00 (100.00%)   |       N/A        |        0.00        |       1.00000      |
|              Node15               |     1    |   0.00 (100.00%)   |       N/A        |        0.00        |       1.00000      |
|               B2524               |     1    |   0.05 (100.00%)   |       N/A        |        0.00        |       1.00000      |
|               Node5               |     1    |   0.05 (100.00%)   |       N/A        |        0.00        |       1.00000      |
|              JKT6468              |     1    |   0.12 (100.00%)   |       N/A        |        0.00        |       1.00000      |
|            THCMAR6793             |     1    |   0.02 (100.00%)   |       N/A        |        0.00        |       1.00000      |
|               Node1               |     1    |   0.08 (100.00%)   |       N/A        |        0.00        |       1.00000      |
|              Node14               |     1    |   0.00 (100.00%)   |       N/A        |        0.00        |       1.00000      |
|               Node9               |     1    |   0.03 (100.00%)   |       N/A        |        0.00        |       1.00000      |
|              K94P05               |     1    |   0.11 (100.00%)   |       N/A        |        0.00        |       1.00000      |
|               M859                |     1    |   0.11 (100.00%)   |       N/A        |        0.00        |       1.00000      |
|               P19BR               |     1    |   0.04 (100.00%)   |       N/A        |        0.00        |       1.00000      |
|              Node40               |     1    |   0.07 (100.00%)   |       N/A        |        0.00        |       1.00000      |
|              HK8256               |     1    |   0.26 (100.00%)   |       N/A        |        0.00        |       1.00000      |
|              JKT9092              |     1    |  >1000 (100.00%)   |       N/A        |        0.31        |       0.37185      |
|              Node31               |     1    |   0.00 (100.00%)   |       N/A        |        0.00        |       1.00000      |
|              Node37               |     1    |   0.00 (100.00%)   |       N/A        |        0.00        |       1.00000      |
|              Node32               |     1    |   0.00 (100.00%)   |       N/A        |        0.00        |       1.00000      |
|              Node28               |     1    |   0.00 (100.00%)   |       N/A        |        0.00        |       1.00000      |
|              Node29               |     1    |   0.00 (100.00%)   |       N/A        |        0.00        |       1.00000      |
|              Node36               |     1    |   0.00 (100.00%)   |       N/A        |        0.00        |       1.00000      |
|              7812474              |     1    |   0.00 (100.00%)   |       N/A        |        0.00        |       1.00000      |
|               CC94                |     1    |   1.00 (100.00%)   |       N/A        |        0.00        |       1.00000      |
----
### Adaptive branch site random effects likelihood test 
Likelihood ratio test for episodic diversifying positive selection at Holm-Bonferroni corrected _p =   0.0500_ found **0** branches under selection among **43** tested.


### Annotated Tree
(((((((K94P05,THCMAR6793)Node6,(P19BR,UNKNOWN37)Node9)Node5,M859)Node4,2372)Node3,(((WTP_70_22,JKT5441)Node16,JKT1749)Node15,B1065)Node14)Node2,((JKT9092,JKT7003)Node22,JKT6468)Node21)Node1,K82P01,(((P3_MRP,((HK8256,TC)Node32,CC94)Node31)Node29,((CH2195,R53567)Node37,(B2524,7812474)Node40)Node36)Node28,P20778)Node27)

----

```
                     |-K94P05 (N.S)
                  |--+Node6 (N.S)
                  |  |-THCMAR6793 (N.S)
                |-+Node5 (N.S)
                | | |-P19BR (N.S)
                | |-+Node9 (N.S)
                |   |---UNKNOWN37 (N.S)
           |----+Node4 (N.S)
           |    |-M859 (N.S)
     |-----+Node3 (N.S)
     |     |--2372 (N.S)
  |--+Node2 (N.S)
  |  |        |--WTP_70_22 (N.S)
  |  |   |----+Node16 (N.S)
  |  |   |    |---JKT5441 (N.S)
  |  | |-+Node15 (N.S)
  |  | | |--JKT1749 (N.S)
  |  |-+Node14 (N.S)
  |    |--B1065 (N.S)
|-+Node1 (N.S)
| |              |JKT9092 (N.S)
| |    |---------+Node22 (N.S)
| |    |         |-------JKT7003 (N.S)
| |----+Node21 (N.S)
|      |-JKT6468 (N.S)
|---K82P01 (N.S)
|   |--P3_MRP (N.S)
|  |+Node29 (N.S)
|  || |-HK8256 (N.S)
|  |||+Node32 (N.S)
|  ||||-TC (N.S)
|  ||+Node31 (N.S)
|  | |CC94 (N.S)
| |+Node28 (N.S)
| || |--CH2195 (N.S)
| |||+Node37 (N.S)
| ||||---R53567 (N.S)
| ||+Node36 (N.S)
| | | |-B2524 (N.S)
| | |-+Node40 (N.S)
| |   |7812474 (N.S)
|-+Node27 (N.S)
  |--P20778 (N.S)
```

