
Analysis Description
--------------------
SLAC (Single Likelihood Ancestor Counting) uses a maximum likelihood
ancestral state reconstruction and minimum path substitution counting to
estimate site - level dS and dN, and applies a simple binomial - based
test to test if dS differs drom dN. The estimates aggregate information
over all branches, so the signal is derived from pervasive
diversification or conservation. A subset of branches can be selected
for testing as well. Multiple partitions within a NEXUS file are also
supported for recombination - aware analysis. 

- __Requirements__: in-frame codon alignment and a phylogenetic tree

- __Citation__: Not So Different After All: A Comparison of Methods for Detecting Amino
Acid Sites Under Selection (2005). _Mol Biol Evol_ 22 (5): 1208-1222

- __Written by__: Sergei L Kosakovsky Pond and Simon DW Frost

- __Contact Information__: spond@temple.edu

- __Analysis Version__: 2.00


>code => Universal
>Loaded a multiple sequence alignment with **23** sequences, **500** codons, and **1** partitions from `/Users/alex/Documents/selection-tutorial/data/21-empirical/ENCenv.nex`

>branches => All

>Select the number of samples used to assess ancestral reconstruction uncertainty [select 0 to skip] (permissible range = [0,100000], default value = 100, integer): 
>samples => 100

>Select the p-value threshold to use when testing for selection (permissible range = [0,1], default value = 0.1): 
>pvalue => 0.1


### Branches to include in the SLAC analysis
Selected 43 branches to include in SLAC calculations: `K94P05, THCMAR6793, Node6, P19BR, UNKNOWN37, Node9, Node5, M859, Node4, 2372, Node3, WTP_70_22, JKT5441, Node16, JKT1749, Node15, B1065, Node14, Node2, JKT9092, JKT7003, Node22, JKT6468, Node21, Node1, K82P01, P3_MRP, HK8256, TC, Node32, CC94, Node31, Node29, CH2195, R53567, Node37, B2524, 7812474, Node40, Node36, Node28, P20778, Node27`


### Obtaining branch lengths and nucleotide substitution biases under the nucleotide GTR model

>kill-zero-lengths => Yes
* Log(L) = -7656.27, AIC-c = 15414.69 (51 estimated parameters)
* 1 partition. Total tree length by partition (subs/site)  0.763

### Obtaining the global omega estimate based on relative GTR branch lengths and nucleotide substitution biases
* Log(L) = -6836.00, AIC-c = 13788.59 (58 estimated parameters)
* 1 partition. Total tree length by partition (subs/site)  0.841
* non-synonymous/synonymous rate ratio for *test* =   0.0575

### Performing joint maximum likelihood ancestral state reconstruction

### For partition 1 these sites are significant at p <=0.1

|     Codon      |   Partition    |       S        |       N        |       dS       |       dN       |Selection detected?|
|:--------------:|:--------------:|:--------------:|:--------------:|:--------------:|:--------------:|:-----------------:|
|       1        |       1        |     5.000      |     0.000      |     5.545      |     0.000      |  Neg. p = 0.002   |
|       2        |       1        |     4.000      |     0.000      |     4.446      |     0.000      |  Neg. p = 0.008   |
|       3        |       1        |     4.000      |     0.000      |     4.435      |     0.000      |  Neg. p = 0.009   |
|       8        |       1        |     3.000      |     0.000      |     3.318      |     0.000      |  Neg. p = 0.027   |
|       9        |       1        |     5.000      |     0.000      |     4.888      |     0.000      |  Neg. p = 0.007   |
|       10       |       1        |     3.000      |     0.000      |     3.340      |     0.000      |  Neg. p = 0.027   |
|       12       |       1        |     3.000      |     0.000      |     9.544      |     0.000      |  Neg. p = 0.001   |
|       19       |       1        |     5.000      |     0.000      |     5.000      |     0.000      |  Neg. p = 0.004   |
|       28       |       1        |     5.000      |     1.000      |     5.520      |     0.478      |  Neg. p = 0.011   |
|       29       |       1        |     2.000      |     0.000      |     2.241      |     0.000      |  Neg. p = 0.089   |
|       30       |       1        |     5.000      |     0.000      |     5.584      |     0.000      |  Neg. p = 0.003   |
|       41       |       1        |     5.000      |     0.000      |     2.775      |     0.000      |  Neg. p = 0.084   |
|       42       |       1        |     3.000      |     0.000      |     3.351      |     0.000      |  Neg. p = 0.027   |
|       50       |       1        |     6.000      |     0.000      |     6.000      |     0.000      |  Neg. p = 0.001   |
|       51       |       1        |     3.000      |     0.000      |     3.369      |     0.000      |  Neg. p = 0.026   |
|       55       |       1        |     4.000      |     0.000      |     4.784      |     0.000      |  Neg. p = 0.007   |
|       56       |       1        |     3.000      |     0.000      |     3.000      |     0.000      |  Neg. p = 0.037   |
|       58       |       1        |     3.000      |     0.000      |     3.337      |     0.000      |  Neg. p = 0.027   |
|       59       |       1        |     4.000      |     0.000      |     4.486      |     0.000      |  Neg. p = 0.009   |
|       60       |       1        |     4.000      |     0.000      |     4.498      |     0.000      |  Neg. p = 0.009   |
|       62       |       1        |     3.000      |     1.000      |     3.333      |     0.477      |  Neg. p = 0.084   |
|       67       |       1        |     2.000      |     0.000      |     2.244      |     0.000      |  Neg. p = 0.088   |
|       73       |       1        |     3.000      |     0.000      |     2.817      |     0.000      |  Neg. p = 0.064   |
|       79       |       1        |     2.000      |     0.000      |     2.488      |     0.000      |  Neg. p = 0.075   |
|       80       |       1        |     5.000      |     0.000      |     5.000      |     0.000      |  Neg. p = 0.004   |
|       83       |       1        |     2.000      |     0.000      |     2.316      |     0.000      |  Neg. p = 0.086   |
|       84       |       1        |     5.000      |     0.000      |     5.936      |     0.000      |  Neg. p = 0.002   |
|       85       |       1        |     6.000      |     1.000      |     5.757      |     0.700      |  Neg. p = 0.025   |
|       87       |       1        |     2.000      |     0.000      |     2.211      |     0.000      |  Neg. p = 0.091   |
|       88       |       1        |     3.000      |     0.000      |     3.326      |     0.000      |  Neg. p = 0.027   |
|       96       |       1        |     2.000      |     0.000      |     2.246      |     0.000      |  Neg. p = 0.088   |
|       98       |       1        |     2.000      |     0.000      |     2.213      |     0.000      |  Neg. p = 0.091   |
|      102       |       1        |     5.000      |     0.000      |     5.000      |     0.000      |  Neg. p = 0.004   |
|      103       |       1        |     3.000      |     0.000      |     3.357      |     0.000      |  Neg. p = 0.026   |
|      110       |       1        |     4.000      |     0.000      |     4.683      |     0.000      |  Neg. p = 0.007   |
|      118       |       1        |     2.000      |     0.000      |     2.511      |     0.000      |  Neg. p = 0.075   |
|      119       |       1        |     2.000      |     0.000      |     2.242      |     0.000      |  Neg. p = 0.088   |
|      121       |       1        |     2.000      |     0.000      |     2.240      |     0.000      |  Neg. p = 0.093   |
|      122       |       1        |     3.000      |     0.000      |     3.000      |     0.000      |  Neg. p = 0.037   |
|      123       |       1        |     4.000      |     1.000      |     4.471      |     0.475      |  Neg. p = 0.030   |
|      124       |       1        |     4.000      |     0.000      |     4.892      |     0.000      |  Neg. p = 0.006   |
|      125       |       1        |     4.000      |     0.000      |     4.000      |     0.000      |  Neg. p = 0.012   |
|      133       |       1        |     2.000      |     0.000      |     2.461      |     0.000      |  Neg. p = 0.076   |
|      136       |       1        |     3.000      |     0.000      |     3.676      |     0.000      |  Neg. p = 0.022   |
|      137       |       1        |     3.000      |     0.000      |     3.363      |     0.000      |  Neg. p = 0.029   |
|      140       |       1        |     4.000      |     0.000      |     4.000      |     0.000      |  Neg. p = 0.012   |
|      141       |       1        |     3.000      |     1.000      |     3.792      |     0.453      |  Neg. p = 0.059   |
|      142       |       1        |     2.000      |     0.000      |     2.212      |     0.000      |  Neg. p = 0.091   |
|      144       |       1        |     2.000      |     0.000      |     2.211      |     0.000      |  Neg. p = 0.091   |
|      147       |       1        |     3.000      |     0.000      |     3.000      |     0.000      |  Neg. p = 0.037   |
|      148       |       1        |     4.000      |     0.000      |     4.000      |     0.000      |  Neg. p = 0.012   |
|      149       |       1        |     3.000      |     0.000      |     3.000      |     0.000      |  Neg. p = 0.040   |
|      154       |       1        |     2.000      |     0.000      |     2.206      |     0.000      |  Neg. p = 0.091   |
|      155       |       1        |     3.000      |     0.000      |     3.325      |     0.000      |  Neg. p = 0.030   |
|      158       |       1        |     3.000      |     0.000      |     3.707      |     0.000      |  Neg. p = 0.056   |
|      159       |       1        |     4.000      |     1.000      |     4.006      |     0.500      |  Neg. p = 0.045   |
|      167       |       1        |     4.000      |     1.000      |     4.453      |     0.476      |  Neg. p = 0.031   |
|      168       |       1        |     3.000      |     0.000      |     3.000      |     0.000      |  Neg. p = 0.037   |
|      170       |       1        |     3.000      |     0.000      |     3.000      |     0.000      |  Neg. p = 0.037   |
|      172       |       1        |     4.000      |     0.000      |     4.424      |     0.000      |  Neg. p = 0.008   |
|      175       |       1        |     3.000      |     0.000      |     3.000      |     0.000      |  Neg. p = 0.040   |
|      179       |       1        |     2.000      |     0.000      |     2.471      |     0.000      |  Neg. p = 0.077   |
|      183       |       1        |     2.000      |     0.000      |     2.243      |     0.000      |  Neg. p = 0.095   |
|      189       |       1        |     4.000      |     0.000      |     4.474      |     0.000      |  Neg. p = 0.008   |
|      191       |       1        |     5.000      |     0.000      |     5.839      |     0.000      |  Neg. p = 0.002   |
|      201       |       1        |     3.000      |     0.000      |     3.333      |     0.000      |  Neg. p = 0.027   |
|      202       |       1        |     3.000      |     0.000      |     3.358      |     0.000      |  Neg. p = 0.029   |
|      207       |       1        |     3.000      |     0.000      |     3.000      |     0.000      |  Neg. p = 0.037   |
|      208       |       1        |     3.000      |     0.000      |     3.000      |     0.000      |  Neg. p = 0.041   |
|      211       |       1        |     4.000      |     0.000      |     4.446      |     0.000      |  Neg. p = 0.008   |
|      212       |       1        |     9.000      |     0.000      |     4.910      |     0.000      |  Neg. p = 0.013   |
|      214       |       1        |     5.000      |     0.000      |     5.534      |     0.000      |  Neg. p = 0.002   |
|      215       |       1        |     3.000      |     0.000      |     3.012      |     0.000      |  Neg. p = 0.038   |
|      218       |       1        |     3.000      |     0.000      |     3.329      |     0.000      |  Neg. p = 0.027   |
|      220       |       1        |     3.000      |     0.000      |     3.367      |     0.000      |  Neg. p = 0.026   |
|      228       |       1        |     4.000      |     1.000      |     4.000      |     0.500      |  Neg. p = 0.045   |
|      229       |       1        |     5.000      |     0.000      |     5.000      |     0.000      |  Neg. p = 0.005   |
|      235       |       1        |     4.000      |     0.000      |     4.483      |     0.000      |  Neg. p = 0.008   |
|      238       |       1        |     3.000      |     0.000      |     2.954      |     0.000      |  Neg. p = 0.039   |
|      239       |       1        |     3.000      |     0.000      |     3.000      |     0.000      |  Neg. p = 0.037   |
|      241       |       1        |     3.000      |     0.000      |     3.702      |     0.000      |  Neg. p = 0.021   |
|      245       |       1        |     3.000      |     0.000      |     3.000      |     0.000      |  Neg. p = 0.037   |
|      246       |       1        |     3.000      |     0.000      |     3.332      |     0.000      |  Neg. p = 0.027   |
|      249       |       1        |     2.000      |     0.000      |     2.483      |     0.000      |  Neg. p = 0.077   |
|      251       |       1        |     3.000      |     0.000      |     3.000      |     0.000      |  Neg. p = 0.037   |
|      254       |       1        |     4.000      |     0.000      |     4.000      |     0.000      |  Neg. p = 0.012   |
|      256       |       1        |     3.000      |     0.000      |     3.000      |     0.000      |  Neg. p = 0.037   |
|      259       |       1        |     2.000      |     0.000      |     2.458      |     0.000      |  Neg. p = 0.077   |
|      268       |       1        |     4.000      |     0.000      |     4.000      |     0.000      |  Neg. p = 0.013   |
|      273       |       1        |     2.000      |     0.000      |     2.355      |     0.000      |  Neg. p = 0.083   |
|      275       |       1        |     3.000      |     0.000      |     3.000      |     0.000      |  Neg. p = 0.041   |
|      276       |       1        |     2.000      |     0.000      |     2.251      |     0.000      |  Neg. p = 0.088   |
|      280       |       1        |     7.000      |     0.000      |     3.927      |     0.000      |  Neg. p = 0.030   |
|      283       |       1        |     3.000      |     0.000      |     3.000      |     0.000      |  Neg. p = 0.037   |
|      287       |       1        |     3.000      |     0.000      |     3.366      |     0.000      |  Neg. p = 0.028   |
|      290       |       1        |     3.000      |     0.000      |     3.691      |     0.000      |  Neg. p = 0.022   |
|      293       |       1        |     3.000      |     0.000      |     3.691      |     0.000      |  Neg. p = 0.022   |
|      297       |       1        |     5.000      |     0.000      |     5.858      |     0.000      |  Neg. p = 0.002   |
|      299       |       1        |     3.000      |     0.000      |     3.000      |     0.000      |  Neg. p = 0.037   |
|      304       |       1        |     3.000      |     0.000      |     3.365      |     0.000      |  Neg. p = 0.028   |
|      312       |       1        |     2.000      |     0.000      |     2.484      |     0.000      |  Neg. p = 0.076   |
|      313       |       1        |     2.000      |     0.000      |     2.205      |     0.000      |  Neg. p = 0.091   |
|      318       |       1        |     3.000      |     0.000      |     3.000      |     0.000      |  Neg. p = 0.037   |
|      319       |       1        |     3.000      |     0.000      |     3.321      |     0.000      |  Neg. p = 0.027   |
|      324       |       1        |     5.000      |     0.000      |     5.183      |     0.000      |  Neg. p = 0.003   |
|      325       |       1        |     2.000      |     0.000      |     2.384      |     0.000      |  Neg. p = 0.081   |
|      328       |       1        |     6.000      |     0.000      |     6.731      |     0.000      |  Neg. p = 0.001   |
|      330       |       1        |     3.000      |     0.000      |     3.000      |     0.000      |  Neg. p = 0.038   |
|      331       |       1        |     2.000      |     0.000      |     2.205      |     0.000      |  Neg. p = 0.091   |
|      332       |       1        |     2.000      |     0.000      |     2.211      |     0.000      |  Neg. p = 0.091   |
|      333       |       1        |     4.000      |     1.000      |     4.006      |     0.500      |  Neg. p = 0.045   |
|      335       |       1        |     4.000      |     0.000      |     4.467      |     0.000      |  Neg. p = 0.009   |
|      337       |       1        |     3.000      |     0.000      |     3.110      |     0.000      |  Neg. p = 0.033   |
|      342       |       1        |     5.000      |     0.000      |     5.000      |     0.000      |  Neg. p = 0.004   |
|      344       |       1        |     3.000      |     0.000      |     3.317      |     0.000      |  Neg. p = 0.027   |
|      345       |       1        |     9.000      |     1.000      |     5.536      |     0.740      |  Neg. p = 0.022   |
|      346       |       1        |     5.000      |     1.000      |     5.545      |     0.477      |  Neg. p = 0.011   |
|      350       |       1        |     3.000      |     0.000      |     3.000      |     0.000      |  Neg. p = 0.037   |
|      351       |       1        |     6.000      |     1.000      |     6.000      |     0.500      |  Neg. p = 0.007   |
|      352       |       1        |     3.000      |     0.000      |     3.000      |     0.000      |  Neg. p = 0.038   |
|      360       |       1        |     3.000      |     0.000      |     3.370      |     0.000      |  Neg. p = 0.026   |
|      365       |       1        |     3.000      |     0.000      |     3.362      |     0.000      |  Neg. p = 0.026   |
|      372       |       1        |     3.000      |     0.000      |     3.000      |     0.000      |  Neg. p = 0.037   |
|      373       |       1        |     2.000      |     0.000      |     2.305      |     0.000      |  Neg. p = 0.087   |
|      377       |       1        |     5.000      |     0.000      |     5.000      |     0.000      |  Neg. p = 0.004   |
|      378       |       1        |     2.000      |     0.000      |     2.245      |     0.000      |  Neg. p = 0.088   |
|      380       |       1        |     2.000      |     0.000      |     2.250      |     0.000      |  Neg. p = 0.088   |
|      382       |       1        |     2.000      |     0.000      |     2.239      |     0.000      |  Neg. p = 0.095   |
|      383       |       1        |     3.000      |     0.000      |     3.113      |     0.000      |  Neg. p = 0.033   |
|      385       |       1        |     3.000      |     0.000      |     3.000      |     0.000      |  Neg. p = 0.037   |
|      386       |       1        |     5.000      |     0.000      |     5.000      |     0.000      |  Neg. p = 0.005   |
|      387       |       1        |     5.000      |     1.000      |     5.416      |     0.496      |  Neg. p = 0.014   |
|      389       |       1        |     3.000      |     1.000      |     3.383      |     0.474      |  Neg. p = 0.081   |
|      394       |       1        |     2.000      |     0.000      |     2.230      |     0.000      |  Neg. p = 0.089   |
|      395       |       1        |     2.000      |     0.000      |     2.238      |     0.000      |  Neg. p = 0.089   |
|      397       |       1        |     4.000      |     1.000      |     4.499      |     0.474      |  Neg. p = 0.029   |
|      404       |       1        |     5.000      |     0.000      |     5.000      |     0.000      |  Neg. p = 0.004   |
|      405       |       1        |     2.000      |     0.000      |     2.471      |     0.000      |  Neg. p = 0.077   |
|      407       |       1        |     3.000      |     0.000      |     3.350      |     0.000      |  Neg. p = 0.027   |
|      412       |       1        |     2.000      |     0.000      |     2.391      |     0.000      |  Neg. p = 0.083   |
|      413       |       1        |     4.000      |     0.000      |     4.000      |     0.000      |  Neg. p = 0.013   |
|      415       |       1        |     5.000      |     0.000      |     6.239      |     0.000      |  Neg. p = 0.008   |
|      416       |       1        |     3.000      |     0.000      |     3.277      |     0.000      |  Neg. p = 0.031   |
|      417       |       1        |     5.000      |     0.000      |     2.684      |     0.000      |  Neg. p = 0.094   |
|      418       |       1        |     3.000      |     0.000      |     3.000      |     0.000      |  Neg. p = 0.037   |
|      421       |       1        |     6.000      |     0.000      |     6.000      |     0.000      |  Neg. p = 0.001   |
|      424       |       1        |     4.000      |     0.000      |     4.000      |     0.000      |  Neg. p = 0.012   |
|      433       |       1        |     6.000      |     0.000      |     6.000      |     0.000      |  Neg. p = 0.001   |
|      438       |       1        |     3.000      |     0.000      |     3.000      |     0.000      |  Neg. p = 0.038   |
|      439       |       1        |     2.000      |     0.000      |     2.464      |     0.000      |  Neg. p = 0.078   |
|      441       |       1        |     3.000      |     0.000      |     3.000      |     0.000      |  Neg. p = 0.037   |
|      444       |       1        |     3.000      |     0.000      |     3.000      |     0.000      |  Neg. p = 0.037   |
|      449       |       1        |     2.000      |     0.000      |     2.242      |     0.000      |  Neg. p = 0.088   |
|      451       |       1        |     3.000      |     0.000      |     3.000      |     0.000      |  Neg. p = 0.037   |
|      453       |       1        |     5.000      |     0.000      |     5.519      |     0.000      |  Neg. p = 0.003   |
|      460       |       1        |     3.000      |     0.000      |     3.000      |     0.000      |  Neg. p = 0.037   |
|      462       |       1        |     4.000      |     0.000      |     4.000      |     0.000      |  Neg. p = 0.013   |
|      463       |       1        |     5.000      |     0.000      |     2.656      |     0.000      |  Neg. p = 0.098   |
|      465       |       1        |     4.000      |     0.000      |     4.000      |     0.000      |  Neg. p = 0.013   |
|      467       |       1        |     7.000      |     0.000      |     3.771      |     0.000      |  Neg. p = 0.036   |
|      469       |       1        |     5.000      |     0.000      |     5.000      |     0.000      |  Neg. p = 0.004   |
|      472       |       1        |     3.000      |     0.000      |     3.000      |     0.000      |  Neg. p = 0.038   |
|      473       |       1        |     4.000      |     1.000      |     4.433      |     0.477      |  Neg. p = 0.031   |
|      474       |       1        |     4.000      |     0.000      |     4.498      |     0.000      |  Neg. p = 0.008   |
|      477       |       1        |     4.000      |     1.000      |     4.477      |     0.475      |  Neg. p = 0.030   |
|      478       |       1        |     3.000      |     0.000      |     2.791      |     0.000      |  Neg. p = 0.093   |
|      480       |       1        |     3.000      |     0.000      |     3.113      |     0.000      |  Neg. p = 0.033   |
|      481       |       1        |     3.000      |     0.000      |     3.000      |     0.000      |  Neg. p = 0.037   |
|      493       |       1        |     2.000      |     0.000      |     2.217      |     0.000      |  Neg. p = 0.090   |
|      494       |       1        |     6.000      |     0.000      |     3.504      |     0.000      |  Neg. p = 0.041   |
|      496       |       1        |     3.000      |     0.000      |     3.000      |     0.000      |  Neg. p = 0.037   |
|      497       |       1        |     3.000      |     1.000      |     3.310      |     0.478      |  Neg. p = 0.085   |
|      499       |       1        |     2.000      |     0.000      |     2.219      |     0.000      |  Neg. p = 0.090   |

### Ancestor sampling analysis

>Generating 100 ancestral sequence samples to obtain confidence intervals

Resampling results for partition 1

|     Codon      |   Partition    |    S [median, IQR]    |    N [median, IQR]    |    dS [median, IQR]    |    dN [median, IQR]    |  p-value [median, IQR]  |
|:--------------:|:--------------:|:---------------------:|:---------------------:|:----------------------:|:----------------------:|:-----------------------:|
|       1        |       1        |   5.00 [5.00-8.00]    |   0.00 [0.00-0.00]    |    5.55 [5.55-8.90]    |    0.00 [0.00-0.00]    |    0.00 [0.00-0.00]     |
|       2        |       1        |   4.50 [4.00-6.00]    |   0.00 [0.00-0.00]    |    5.00 [4.45-6.70]    |    0.00 [0.00-0.00]    |    0.01 [0.00-0.01]     |
|       3        |       1        |   4.00 [4.00-6.00]    |   0.00 [0.00-0.00]    |    4.43 [4.43-6.63]    |    0.00 [0.00-0.00]    |    0.01 [0.00-0.01]     |
|       8        |       1        |   3.00 [3.00-4.16]    |   0.00 [0.00-0.00]    |    3.32 [3.32-4.61]    |    0.00 [0.00-0.00]    |    0.03 [0.01-0.03]     |
|       9        |       1        |   5.00 [5.00-7.00]    |   0.00 [0.00-0.00]    |    4.89 [4.87-6.84]    |    0.00 [0.00-0.00]    |    0.01 [0.00-0.01]     |
|       10       |       1        |   3.00 [3.00-4.00]    |   0.00 [0.00-0.00]    |    3.34 [3.33-4.46]    |    0.00 [0.00-0.00]    |    0.03 [0.01-0.03]     |
|       12       |       1        |   3.00 [3.00-4.00]    |   0.00 [0.00-0.00]    |   9.54 [9.54-14.16]    |    0.00 [0.00-0.00]    |    0.00 [0.00-0.00]     |
|       19       |       1        |   5.00 [5.00-6.00]    |   0.00 [0.00-0.00]    |    5.00 [5.00-6.00]    |    0.00 [0.00-0.00]    |    0.00 [0.00-0.00]     |
|       28       |       1        |   5.00 [5.00-7.00]    |   1.00 [1.00-1.00]    |    5.52 [5.52-7.75]    |    0.48 [0.48-0.48]    |    0.01 [0.00-0.01]     |
|       29       |       1        |   2.00 [2.00-5.00]    |   0.00 [0.00-0.00]    |    2.24 [2.24-5.59]    |    0.00 [0.00-0.00]    |    0.09 [0.00-0.09]     |
|       30       |       1        |   5.00 [4.00-6.16]    |   0.00 [0.00-0.00]    |    5.58 [4.47-6.88]    |    0.00 [0.00-0.00]    |    0.00 [0.00-0.01]     |
|       41       |       1        |   4.00 [4.00-6.00]    |   0.00 [0.00-0.00]    |    2.23 [2.23-3.35]    |    0.00 [0.00-0.00]    |    0.14 [0.05-0.14]     |
|       42       |       1        |   3.00 [3.00-4.00]    |   0.00 [0.00-0.00]    |    3.35 [3.34-4.47]    |    0.00 [0.00-0.00]    |    0.03 [0.01-0.03]     |
|       50       |       1        |   6.00 [5.00-8.00]    |   0.00 [0.00-0.00]    |    6.00 [5.00-8.00]    |    0.00 [0.00-0.00]    |    0.00 [0.00-0.00]     |
|       51       |       1        |   3.00 [3.00-4.00]    |   0.00 [0.00-0.00]    |    3.37 [3.37-4.50]    |    0.00 [0.00-0.00]    |    0.03 [0.01-0.03]     |
|       55       |       1        |   4.00 [4.00-5.00]    |   0.00 [0.00-0.00]    |    4.78 [4.78-5.96]    |    0.00 [0.00-0.00]    |    0.01 [0.00-0.01]     |
|       56       |       1        |   3.00 [3.00-5.00]    |   0.00 [0.00-0.00]    |    3.00 [3.00-5.00]    |    0.00 [0.00-0.00]    |    0.04 [0.00-0.04]     |
|       58       |       1        |   3.00 [3.00-5.16]    |   0.00 [0.00-0.00]    |    3.34 [3.34-5.76]    |    0.00 [0.00-0.00]    |    0.03 [0.00-0.03]     |
|       59       |       1        |   4.00 [4.00-6.00]    |   0.00 [0.00-0.00]    |    4.49 [4.49-6.72]    |    0.00 [0.00-0.00]    |    0.01 [0.00-0.01]     |
|       60       |       1        |   5.00 [4.00-6.16]    |   0.00 [0.00-0.00]    |    5.61 [4.50-6.91]    |    0.00 [0.00-0.00]    |    0.00 [0.00-0.01]     |
|       62       |       1        |   3.00 [3.00-4.00]    |   1.00 [1.00-1.00]    |    3.33 [3.33-4.45]    |    0.48 [0.48-0.48]    |    0.08 [0.03-0.08]     |
|       67       |       1        |   2.00 [2.00-3.16]    |   0.00 [0.00-0.00]    |    2.24 [2.24-3.54]    |    0.00 [0.00-0.00]    |    0.09 [0.02-0.09]     |
|       73       |       1        |   3.00 [3.00-4.00]    |   0.00 [0.00-0.00]    |    2.82 [2.82-3.76]    |    0.00 [0.00-0.00]    |    0.06 [0.02-0.07]     |
|       79       |       1        |   2.00 [2.00-2.16]    |   0.00 [0.00-0.00]    |    2.49 [2.49-2.68]    |    0.00 [0.00-0.00]    |    0.07 [0.07-0.07]     |
|       80       |       1        |   5.00 [5.00-7.00]    |   0.00 [0.00-0.00]    |    5.00 [5.00-7.00]    |    0.00 [0.00-0.00]    |    0.00 [0.00-0.00]     |
|       83       |       1        |   2.00 [2.00-3.00]    |   0.00 [0.00-0.00]    |    2.32 [2.32-3.49]    |    0.00 [0.00-0.00]    |    0.09 [0.03-0.09]     |
|       84       |       1        |   5.00 [5.00-7.00]    |   0.00 [0.00-0.00]    |    5.94 [5.94-8.26]    |    0.00 [0.00-0.00]    |    0.00 [0.00-0.00]     |
|       85       |       1        |   6.00 [6.00-8.00]    |   1.00 [1.00-1.00]    |    5.76 [5.73-7.64]    |    0.70 [0.69-0.73]    |    0.03 [0.01-0.03]     |
|       87       |       1        |   2.00 [2.00-3.00]    |   0.00 [0.00-0.00]    |    2.21 [2.21-3.32]    |    0.00 [0.00-0.00]    |    0.09 [0.03-0.09]     |
|       88       |       1        |   3.00 [3.00-4.16]    |   0.00 [0.00-0.00]    |    3.33 [3.33-4.62]    |    0.00 [0.00-0.00]    |    0.03 [0.01-0.03]     |
|       96       |       1        |   2.00 [2.00-5.00]    |   0.00 [0.00-0.00]    |    2.25 [2.25-5.60]    |    0.00 [0.00-0.00]    |    0.09 [0.00-0.09]     |
|       98       |       1        |   2.00 [2.00-4.00]    |   0.00 [0.00-0.00]    |    2.21 [2.21-4.42]    |    0.00 [0.00-0.00]    |    0.09 [0.01-0.09]     |
|      102       |       1        |   5.00 [5.00-6.16]    |   0.00 [0.00-0.00]    |    5.00 [5.00-6.16]    |    0.00 [0.00-0.00]    |    0.00 [0.00-0.00]     |
|      103       |       1        |   3.00 [3.00-5.00]    |   0.00 [0.00-0.00]    |    3.36 [3.36-5.58]    |    0.00 [0.00-0.00]    |    0.03 [0.00-0.03]     |
|      110       |       1        |   4.00 [4.00-5.00]    |   0.00 [0.00-0.00]    |    4.68 [4.68-5.88]    |    0.00 [0.00-0.00]    |    0.01 [0.00-0.01]     |
|      118       |       1        |   2.00 [2.00-3.00]    |   0.00 [0.00-0.00]    |    2.51 [2.51-3.73]    |    0.00 [0.00-0.00]    |    0.07 [0.02-0.07]     |
|      119       |       1        |   2.00 [2.00-4.00]    |   0.00 [0.00-0.00]    |    2.24 [2.24-4.48]    |    0.00 [0.00-0.00]    |    0.09 [0.01-0.09]     |
|      121       |       1        |   2.00 [2.00-4.00]    |   0.00 [0.00-0.00]    |    2.24 [2.24-4.46]    |    0.00 [0.00-0.00]    |    0.09 [0.01-0.09]     |
|      122       |       1        |   3.00 [3.00-5.16]    |   0.00 [0.00-0.00]    |    3.00 [3.00-5.16]    |    0.00 [0.00-0.00]    |    0.04 [0.00-0.04]     |
|      123       |       1        |   5.00 [4.00-7.00]    |   1.00 [1.00-1.00]    |    5.58 [4.47-7.82]    |    0.48 [0.47-0.48]    |    0.01 [0.00-0.03]     |
|      124       |       1        |   4.00 [4.00-5.00]    |   0.00 [0.00-0.00]    |    4.89 [4.89-6.15]    |    0.00 [0.00-0.00]    |    0.01 [0.00-0.01]     |
|      125       |       1        |   4.00 [4.00-4.16]    |   0.00 [0.00-0.00]    |    4.00 [4.00-4.16]    |    0.00 [0.00-0.00]    |    0.01 [0.01-0.01]     |
|      133       |       1        |   2.00 [2.00-3.00]    |   0.00 [0.00-0.00]    |    2.46 [2.46-3.68]    |    0.00 [0.00-0.00]    |    0.08 [0.02-0.08]     |
|      136       |       1        |   3.00 [3.00-4.00]    |   0.00 [0.00-0.00]    |    3.68 [3.68-4.87]    |    0.00 [0.00-0.00]    |    0.02 [0.01-0.02]     |
|      137       |       1        |   3.00 [3.00-4.00]    |   0.00 [0.00-0.00]    |    3.36 [3.36-4.49]    |    0.00 [0.00-0.00]    |    0.03 [0.01-0.03]     |
|      140       |       1        |   4.00 [4.00-5.00]    |   0.00 [0.00-0.00]    |    4.00 [4.00-5.00]    |    0.00 [0.00-0.00]    |    0.01 [0.00-0.01]     |
|      141       |       1        |   3.00 [3.00-5.00]    |   1.00 [1.00-1.00]    |    3.79 [3.79-6.32]    |    0.45 [0.45-0.45]    |    0.06 [0.01-0.06]     |
|      142       |       1        |   2.00 [2.00-4.00]    |   0.00 [0.00-0.00]    |    2.21 [2.21-4.43]    |    0.00 [0.00-0.00]    |    0.09 [0.01-0.09]     |
|      144       |       1        |   2.00 [2.00-3.16]    |   0.00 [0.00-0.00]    |    2.21 [2.21-3.50]    |    0.00 [0.00-0.00]    |    0.09 [0.02-0.09]     |
|      147       |       1        |   3.00 [3.00-5.00]    |   0.00 [0.00-0.00]    |    3.00 [3.00-5.00]    |    0.00 [0.00-0.00]    |    0.04 [0.00-0.04]     |
|      148       |       1        |   4.00 [4.00-5.00]    |   0.00 [0.00-0.00]    |    4.00 [4.00-5.00]    |    0.00 [0.00-0.00]    |    0.01 [0.00-0.01]     |
|      149       |       1        |   3.00 [3.00-3.00]    |   0.00 [0.00-0.00]    |    3.00 [3.00-3.00]    |    0.00 [0.00-0.00]    |    0.04 [0.04-0.04]     |
|      154       |       1        |   2.00 [2.00-3.00]    |   0.00 [0.00-0.00]    |    2.21 [2.21-3.32]    |    0.00 [0.00-0.00]    |    0.09 [0.03-0.09]     |
|      155       |       1        |   3.00 [3.00-5.00]    |   0.00 [0.00-0.00]    |    3.32 [3.32-5.53]    |    0.00 [0.00-0.00]    |    0.03 [0.00-0.03]     |
|      158       |       1        |   3.00 [3.00-4.00]    |   0.00 [0.00-0.00]    |    3.71 [3.71-4.99]    |    0.00 [0.00-0.00]    |    0.06 [0.02-0.06]     |
|      159       |       1        |   4.00 [4.00-5.16]    |   1.00 [1.00-1.00]    |    4.01 [4.01-5.17]    |    0.50 [0.50-0.50]    |    0.05 [0.02-0.05]     |
|      167       |       1        |   4.00 [4.00-6.00]    |   1.00 [1.00-1.00]    |    4.45 [4.45-6.67]    |    0.48 [0.48-0.48]    |    0.03 [0.00-0.03]     |
|      168       |       1        |   3.00 [3.00-4.16]    |   0.00 [0.00-0.00]    |    3.00 [3.00-4.16]    |    0.00 [0.00-0.00]    |    0.04 [0.01-0.04]     |
|      170       |       1        |   3.00 [3.00-4.00]    |   0.00 [0.00-0.00]    |    3.00 [3.00-4.00]    |    0.00 [0.00-0.00]    |    0.04 [0.01-0.04]     |
|      172       |       1        |   4.00 [4.00-6.00]    |   0.00 [0.00-0.00]    |    4.43 [4.42-6.64]    |    0.00 [0.00-0.00]    |    0.01 [0.00-0.01]     |
|      175       |       1        |   3.00 [3.00-4.00]    |   0.00 [0.00-0.00]    |    3.00 [3.00-4.00]    |    0.00 [0.00-0.00]    |    0.04 [0.01-0.04]     |
|      179       |       1        |   2.00 [2.00-3.00]    |   0.00 [0.00-0.00]    |    2.47 [2.47-3.68]    |    0.00 [0.00-0.00]    |    0.08 [0.02-0.08]     |
|      183       |       1        |   2.00 [2.00-3.00]    |   0.00 [0.00-0.00]    |    2.24 [2.24-3.36]    |    0.00 [0.00-0.00]    |    0.10 [0.03-0.10]     |
|      189       |       1        |   4.00 [4.00-6.00]    |   0.00 [0.00-0.00]    |    4.47 [4.47-6.69]    |    0.00 [0.00-0.00]    |    0.01 [0.00-0.01]     |
|      191       |       1        |   5.00 [5.00-7.00]    |   0.00 [0.00-0.00]    |    5.84 [5.84-8.10]    |    0.00 [0.00-0.00]    |    0.00 [0.00-0.00]     |
|      201       |       1        |   3.00 [3.00-5.00]    |   0.00 [0.00-0.00]    |    3.33 [3.33-5.57]    |    0.00 [0.00-0.00]    |    0.03 [0.00-0.03]     |
|      202       |       1        |   3.00 [3.00-4.32]    |   0.00 [0.00-0.00]    |    3.36 [3.36-4.83]    |    0.00 [0.00-0.00]    |    0.03 [0.01-0.03]     |
|      207       |       1        |   3.00 [3.00-3.00]    |   0.00 [0.00-0.00]    |    3.00 [3.00-3.00]    |    0.00 [0.00-0.00]    |    0.04 [0.04-0.04]     |
|      208       |       1        |   3.00 [3.00-4.00]    |   0.00 [0.00-0.00]    |    3.00 [3.00-4.00]    |    0.00 [0.00-0.00]    |    0.04 [0.01-0.04]     |
|      211       |       1        |   4.00 [4.00-6.16]    |   0.00 [0.00-0.00]    |    4.45 [4.45-6.86]    |    0.00 [0.00-0.00]    |    0.01 [0.00-0.01]     |
|      212       |       1        |   9.00 [9.00-11.00]   |   0.00 [0.00-0.00]    |    4.91 [4.85-5.99]    |    0.00 [0.00-0.00]    |    0.01 [0.00-0.01]     |
|      214       |       1        |   5.00 [4.00-6.00]    |   0.00 [0.00-0.00]    |    5.53 [4.42-6.65]    |    0.00 [0.00-0.00]    |    0.00 [0.00-0.01]     |
|      215       |       1        |   3.00 [3.00-4.00]    |   0.00 [0.00-0.00]    |    3.01 [3.01-4.03]    |    0.00 [0.00-0.00]    |    0.04 [0.01-0.04]     |
|      218       |       1        |   3.00 [3.00-5.16]    |   0.00 [0.00-0.00]    |    3.33 [3.33-5.74]    |    0.00 [0.00-0.00]    |    0.03 [0.00-0.03]     |
|      220       |       1        |   3.00 [3.00-4.16]    |   0.00 [0.00-0.00]    |    3.37 [3.37-4.67]    |    0.00 [0.00-0.00]    |    0.03 [0.01-0.03]     |
|      228       |       1        |   4.00 [4.00-5.16]    |   1.00 [1.00-1.00]    |    4.00 [4.00-5.16]    |    0.50 [0.50-0.50]    |    0.05 [0.02-0.05]     |
|      229       |       1        |   5.00 [5.00-6.00]    |   0.00 [0.00-0.00]    |    5.00 [5.00-6.00]    |    0.00 [0.00-0.00]    |    0.00 [0.00-0.00]     |
|      235       |       1        |   4.00 [4.00-6.00]    |   0.00 [0.00-0.00]    |    4.48 [4.48-6.70]    |    0.00 [0.00-0.00]    |    0.01 [0.00-0.01]     |
|      238       |       1        |   3.00 [3.00-4.00]    |   0.00 [0.00-0.00]    |    2.95 [2.93-3.94]    |    0.00 [0.00-0.00]    |    0.04 [0.01-0.04]     |
|      239       |       1        |   3.00 [3.00-4.00]    |   0.00 [0.00-0.00]    |    3.00 [3.00-4.00]    |    0.00 [0.00-0.00]    |    0.04 [0.01-0.04]     |
|      241       |       1        |   3.00 [3.00-5.00]    |   0.00 [0.00-0.00]    |    3.70 [3.70-6.10]    |    0.00 [0.00-0.00]    |    0.02 [0.00-0.02]     |
|      245       |       1        |   3.00 [3.00-5.00]    |   0.00 [0.00-0.00]    |    3.00 [3.00-5.00]    |    0.00 [0.00-0.00]    |    0.04 [0.00-0.04]     |
|      246       |       1        |   3.00 [3.00-5.00]    |   0.00 [0.00-0.00]    |    3.33 [3.32-5.57]    |    0.00 [0.00-0.00]    |    0.03 [0.00-0.03]     |
|      249       |       1        |   2.00 [2.00-3.00]    |   0.00 [0.00-0.00]    |    2.48 [2.48-3.70]    |    0.00 [0.00-0.00]    |    0.08 [0.02-0.08]     |
|      251       |       1        |   3.00 [3.00-4.00]    |   0.00 [0.00-0.00]    |    3.00 [3.00-4.00]    |    0.00 [0.00-0.00]    |    0.04 [0.01-0.04]     |
|      254       |       1        |   4.00 [4.00-6.16]    |   0.00 [0.00-0.00]    |    4.00 [4.00-6.16]    |    0.00 [0.00-0.00]    |    0.01 [0.00-0.01]     |
|      256       |       1        |   3.00 [3.00-4.00]    |   0.00 [0.00-0.00]    |    3.00 [3.00-4.00]    |    0.00 [0.00-0.00]    |    0.04 [0.01-0.04]     |
|      259       |       1        |   2.00 [2.00-3.00]    |   0.00 [0.00-0.00]    |    2.46 [2.46-3.68]    |    0.00 [0.00-0.00]    |    0.08 [0.02-0.08]     |
|      268       |       1        |   4.00 [4.00-5.16]    |   0.00 [0.00-0.00]    |    4.00 [4.00-5.16]    |    0.00 [0.00-0.00]    |    0.01 [0.00-0.01]     |
|      273       |       1        |   2.00 [2.00-3.00]    |   0.00 [0.00-0.00]    |    2.36 [2.36-3.59]    |    0.00 [0.00-0.00]    |    0.08 [0.02-0.08]     |
|      275       |       1        |   3.00 [3.00-4.00]    |   0.00 [0.00-0.00]    |    3.00 [3.00-4.00]    |    0.00 [0.00-0.00]    |    0.04 [0.01-0.04]     |
|      276       |       1        |   2.00 [2.00-4.00]    |   0.00 [0.00-0.00]    |    2.25 [2.25-4.49]    |    0.00 [0.00-0.00]    |    0.09 [0.01-0.09]     |
|      280       |       1        |   7.00 [7.00-9.00]    |   0.00 [0.00-0.00]    |    3.93 [3.93-5.05]    |    0.00 [0.00-0.00]    |    0.03 [0.01-0.03]     |
|      283       |       1        |   3.00 [3.00-5.00]    |   0.00 [0.00-0.00]    |    3.00 [3.00-5.00]    |    0.00 [0.00-0.00]    |    0.04 [0.00-0.04]     |
|      287       |       1        |   4.00 [3.00-6.00]    |   0.00 [0.00-0.00]    |    4.48 [3.37-6.71]    |    0.00 [0.00-0.00]    |    0.01 [0.00-0.03]     |
|      290       |       1        |   3.00 [3.00-4.00]    |   0.00 [0.00-0.00]    |    3.69 [3.69-4.92]    |    0.00 [0.00-0.00]    |    0.02 [0.01-0.02]     |
|      293       |       1        |   3.00 [3.00-4.00]    |   0.00 [0.00-0.00]    |    3.69 [3.69-4.96]    |    0.00 [0.00-0.00]    |    0.02 [0.01-0.02]     |
|      297       |       1        |   5.00 [5.00-7.00]    |   0.00 [0.00-0.00]    |    5.96 [5.86-8.43]    |    0.00 [0.00-0.00]    |    0.00 [0.00-0.00]     |
|      299       |       1        |   3.00 [3.00-4.00]    |   0.00 [0.00-0.00]    |    3.00 [3.00-4.00]    |    0.00 [0.00-0.00]    |    0.04 [0.01-0.04]     |
|      304       |       1        |   3.00 [3.00-5.16]    |   0.00 [0.00-0.00]    |    3.37 [3.37-5.79]    |    0.00 [0.00-0.00]    |    0.03 [0.00-0.03]     |
|      312       |       1        |   2.00 [2.00-3.00]    |   0.00 [0.00-0.00]    |    2.48 [2.48-3.70]    |    0.00 [0.00-0.00]    |    0.08 [0.02-0.08]     |
|      313       |       1        |   2.00 [2.00-2.00]    |   0.00 [0.00-0.00]    |    2.20 [2.20-2.20]    |    0.00 [0.00-0.00]    |    0.09 [0.09-0.09]     |
|      318       |       1        |   3.00 [3.00-5.00]    |   0.00 [0.00-0.00]    |    3.00 [3.00-5.00]    |    0.00 [0.00-0.00]    |    0.04 [0.00-0.04]     |
|      319       |       1        |   4.00 [3.00-6.00]    |   0.00 [0.00-0.00]    |    4.44 [3.32-6.67]    |    0.00 [0.00-0.00]    |    0.01 [0.00-0.03]     |
|      324       |       1        |   5.00 [4.00-6.00]    |   0.00 [0.00-0.00]    |    5.18 [4.15-6.22]    |    0.00 [0.00-0.00]    |    0.00 [0.00-0.01]     |
|      325       |       1        |   2.00 [2.00-3.00]    |   0.00 [0.00-0.00]    |    2.38 [2.38-3.62]    |    0.00 [0.00-0.00]    |    0.08 [0.02-0.08]     |
|      328       |       1        |   6.00 [6.00-8.16]    |   0.00 [0.00-0.00]    |    6.73 [6.72-9.14]    |    0.00 [0.00-0.00]    |    0.00 [0.00-0.00]     |
|      330       |       1        |   3.00 [3.00-4.16]    |   0.00 [0.00-0.00]    |    3.00 [3.00-4.16]    |    0.00 [0.00-0.00]    |    0.04 [0.01-0.04]     |
|      331       |       1        |   2.00 [2.00-3.32]    |   0.00 [0.00-0.00]    |    2.20 [2.20-3.66]    |    0.00 [0.00-0.00]    |    0.09 [0.02-0.09]     |
|      332       |       1        |   2.00 [2.00-3.00]    |   0.00 [0.00-0.00]    |    2.21 [2.21-3.32]    |    0.00 [0.00-0.00]    |    0.09 [0.03-0.09]     |
|      333       |       1        |   4.00 [4.00-6.00]    |   1.00 [1.00-1.00]    |    4.01 [4.01-6.01]    |    0.50 [0.50-0.50]    |    0.05 [0.01-0.05]     |
|      335       |       1        |   4.00 [4.00-6.00]    |   0.00 [0.00-0.00]    |    4.47 [4.45-6.70]    |    0.00 [0.00-0.00]    |    0.01 [0.00-0.01]     |
|      337       |       1        |   3.00 [3.00-4.00]    |   0.00 [0.00-0.00]    |    3.11 [3.11-4.15]    |    0.00 [0.00-0.00]    |    0.03 [0.01-0.03]     |
|      342       |       1        |   5.00 [5.00-6.16]    |   0.00 [0.00-0.00]    |    5.00 [5.00-6.16]    |    0.00 [0.00-0.00]    |    0.00 [0.00-0.00]     |
|      344       |       1        |   3.00 [3.00-5.16]    |   0.00 [0.00-0.00]    |    3.32 [3.32-5.71]    |    0.00 [0.00-0.00]    |    0.03 [0.00-0.03]     |
|      345       |       1        |  10.00 [9.00-12.00]   |   1.00 [0.00-2.00]    |    6.13 [5.54-7.57]    |    0.74 [0.00-1.42]    |    0.02 [0.00-0.03]     |
|      346       |       1        |   5.00 [4.00-7.00]    |   1.00 [1.00-1.00]    |    5.57 [4.46-7.78]    |    0.48 [0.48-0.48]    |    0.01 [0.00-0.03]     |
|      350       |       1        |   3.00 [3.00-5.00]    |   0.00 [0.00-0.00]    |    3.00 [3.00-5.00]    |    0.00 [0.00-0.00]    |    0.04 [0.00-0.04]     |
|      351       |       1        |   7.00 [6.00-9.00]    |   1.00 [1.00-1.00]    |    7.00 [6.00-9.00]    |    0.50 [0.50-0.50]    |    0.00 [0.00-0.01]     |
|      352       |       1        |   3.00 [3.00-5.00]    |   0.00 [0.00-0.00]    |    3.00 [3.00-5.00]    |    0.00 [0.00-0.00]    |    0.04 [0.00-0.04]     |
|      360       |       1        |   3.00 [3.00-5.00]    |   0.00 [0.00-0.00]    |    3.37 [3.36-5.60]    |    0.00 [0.00-0.00]    |    0.03 [0.00-0.03]     |
|      365       |       1        |   4.00 [3.00-5.00]    |   0.00 [0.00-0.00]    |    4.46 [3.35-5.59]    |    0.00 [0.00-0.00]    |    0.01 [0.00-0.03]     |
|      372       |       1        |   3.00 [3.00-6.16]    |   0.00 [0.00-0.00]    |    3.00 [3.00-6.16]    |    0.00 [0.00-0.00]    |    0.04 [0.00-0.04]     |
|      373       |       1        |   2.00 [2.00-3.00]    |   0.00 [0.00-0.00]    |    2.30 [2.30-3.47]    |    0.00 [0.00-0.00]    |    0.09 [0.03-0.09]     |
|      377       |       1        |   6.00 [5.00-8.00]    |   0.00 [0.00-0.00]    |    6.00 [5.00-8.00]    |    0.00 [0.00-0.00]    |    0.00 [0.00-0.00]     |
|      378       |       1        |   2.00 [2.00-3.00]    |   0.00 [0.00-0.00]    |    2.24 [2.24-3.37]    |    0.00 [0.00-0.00]    |    0.09 [0.03-0.09]     |
|      380       |       1        |   2.00 [2.00-3.00]    |   0.00 [0.00-0.00]    |    2.25 [2.25-3.37]    |    0.00 [0.00-0.00]    |    0.09 [0.03-0.09]     |
|      382       |       1        |   2.00 [2.00-5.00]    |   0.00 [0.00-0.00]    |    2.24 [2.24-5.59]    |    0.00 [0.00-0.00]    |    0.10 [0.00-0.10]     |
|      383       |       1        |   3.00 [3.00-4.00]    |   0.00 [0.00-0.00]    |    3.11 [3.11-4.15]    |    0.00 [0.00-0.00]    |    0.03 [0.01-0.03]     |
|      385       |       1        |   3.00 [3.00-5.00]    |   0.00 [0.00-0.00]    |    3.00 [3.00-5.00]    |    0.00 [0.00-0.00]    |    0.04 [0.00-0.04]     |
|      386       |       1        |   5.00 [5.00-7.00]    |   0.00 [0.00-0.00]    |    5.00 [5.00-7.00]    |    0.00 [0.00-0.00]    |    0.00 [0.00-0.00]     |
|      387       |       1        |   5.00 [5.00-7.16]    |   1.00 [1.00-1.00]    |    5.46 [5.42-7.64]    |    0.50 [0.50-0.50]    |    0.01 [0.00-0.01]     |
|      389       |       1        |   3.00 [3.00-4.16]    |   1.00 [1.00-1.00]    |    3.38 [3.38-4.69]    |    0.47 [0.47-0.47]    |    0.08 [0.03-0.08]     |
|      394       |       1        |   2.00 [2.00-4.00]    |   0.00 [0.00-0.00]    |    2.23 [2.23-4.48]    |    0.00 [0.00-0.00]    |    0.09 [0.01-0.09]     |
|      395       |       1        |   2.00 [2.00-4.00]    |   0.00 [0.00-0.00]    |    2.24 [2.24-4.48]    |    0.00 [0.00-0.00]    |    0.09 [0.01-0.09]     |
|      397       |       1        |   4.00 [4.00-5.00]    |   1.00 [1.00-1.00]    |    4.50 [4.50-5.62]    |    0.47 [0.47-0.47]    |    0.03 [0.01-0.03]     |
|      404       |       1        |   5.00 [5.00-8.00]    |   0.00 [0.00-0.00]    |    5.00 [5.00-8.00]    |    0.00 [0.00-0.00]    |    0.00 [0.00-0.00]     |
|      405       |       1        |   2.00 [2.00-3.00]    |   0.00 [0.00-0.00]    |    2.47 [2.47-3.73]    |    0.00 [0.00-0.00]    |    0.08 [0.02-0.08]     |
|      407       |       1        |   4.00 [3.00-6.00]    |   0.00 [0.00-0.00]    |    4.46 [3.35-6.68]    |    0.00 [0.00-0.00]    |    0.01 [0.00-0.03]     |
|      412       |       1        |   2.00 [2.00-3.00]    |   0.00 [0.00-0.00]    |    2.39 [2.39-3.58]    |    0.00 [0.00-0.00]    |    0.08 [0.02-0.08]     |
|      413       |       1        |   4.00 [4.00-6.16]    |   0.00 [0.00-0.00]    |    4.00 [4.00-6.16]    |    0.00 [0.00-0.00]    |    0.01 [0.00-0.01]     |
|      415       |       1        |   5.00 [5.00-7.00]    |   0.00 [0.00-0.00]    |    6.24 [6.24-8.68]    |    0.00 [0.00-0.00]    |    0.01 [0.00-0.01]     |
|      416       |       1        |   3.00 [3.00-4.00]    |   0.00 [0.00-0.00]    |    3.28 [3.28-4.35]    |    0.00 [0.00-0.00]    |    0.03 [0.01-0.03]     |
|      417       |       1        |   5.00 [5.00-7.00]    |   0.00 [0.00-0.00]    |    2.68 [2.68-3.74]    |    0.00 [0.00-0.00]    |    0.09 [0.04-0.09]     |
|      418       |       1        |   3.00 [3.00-4.00]    |   0.00 [0.00-0.00]    |    3.00 [3.00-4.00]    |    0.00 [0.00-0.00]    |    0.04 [0.01-0.04]     |
|      421       |       1        |   6.00 [6.00-8.00]    |   0.00 [0.00-0.00]    |    6.00 [6.00-8.00]    |    0.00 [0.00-0.00]    |    0.00 [0.00-0.00]     |
|      424       |       1        |   4.00 [4.00-5.16]    |   0.00 [0.00-0.00]    |    4.00 [4.00-5.16]    |    0.00 [0.00-0.00]    |    0.01 [0.00-0.01]     |
|      433       |       1        |   6.00 [6.00-8.00]    |   0.00 [0.00-0.00]    |    6.00 [6.00-8.00]    |    0.00 [0.00-0.00]    |    0.00 [0.00-0.00]     |
|      438       |       1        |   3.00 [3.00-4.00]    |   0.00 [0.00-0.00]    |    3.00 [3.00-4.00]    |    0.00 [0.00-0.00]    |    0.04 [0.01-0.04]     |
|      439       |       1        |   2.00 [2.00-4.00]    |   0.00 [0.00-0.00]    |    2.46 [2.46-4.94]    |    0.00 [0.00-0.00]    |    0.08 [0.01-0.08]     |
|      441       |       1        |   3.00 [2.00-3.00]    |   0.00 [0.00-0.00]    |    3.00 [2.00-3.00]    |    0.00 [0.00-0.00]    |    0.04 [0.04-0.11]     |
|      444       |       1        |   3.00 [3.00-4.00]    |   0.00 [0.00-0.00]    |    3.00 [3.00-4.00]    |    0.00 [0.00-0.00]    |    0.04 [0.01-0.04]     |
|      449       |       1        |   2.00 [2.00-3.16]    |   0.00 [0.00-0.00]    |    2.24 [2.24-3.54]    |    0.00 [0.00-0.00]    |    0.09 [0.02-0.09]     |
|      451       |       1        |   3.00 [3.00-4.00]    |   0.00 [0.00-0.00]    |    3.00 [3.00-4.00]    |    0.00 [0.00-0.00]    |    0.04 [0.01-0.04]     |
|      453       |       1        |   5.00 [5.00-6.16]    |   0.00 [0.00-0.00]    |    5.54 [5.52-6.82]    |    0.00 [0.00-0.00]    |    0.00 [0.00-0.00]     |
|      460       |       1        |   3.00 [3.00-4.00]    |   0.00 [0.00-0.00]    |    3.00 [3.00-4.00]    |    0.00 [0.00-0.00]    |    0.04 [0.01-0.04]     |
|      462       |       1        |   4.00 [4.00-6.00]    |   0.00 [0.00-0.00]    |    4.00 [4.00-6.00]    |    0.00 [0.00-0.00]    |    0.01 [0.00-0.01]     |
|      463       |       1        |   5.00 [5.00-6.00]    |   0.00 [0.00-0.00]    |    2.66 [2.66-3.20]    |    0.00 [0.00-0.00]    |    0.10 [0.06-0.10]     |
|      465       |       1        |   4.00 [4.00-5.00]    |   0.00 [0.00-0.00]    |    4.00 [4.00-5.00]    |    0.00 [0.00-0.00]    |    0.01 [0.00-0.01]     |
|      467       |       1        |   7.00 [7.00-9.00]    |   0.00 [0.00-0.00]    |    3.77 [3.77-4.87]    |    0.00 [0.00-0.00]    |    0.04 [0.01-0.04]     |
|      469       |       1        |   6.00 [5.00-7.16]    |   0.00 [0.00-0.00]    |    6.00 [5.00-7.16]    |    0.00 [0.00-0.00]    |    0.00 [0.00-0.00]     |
|      472       |       1        |   3.00 [3.00-5.16]    |   0.00 [0.00-0.00]    |    3.00 [3.00-5.16]    |    0.00 [0.00-0.00]    |    0.04 [0.00-0.04]     |
|      473       |       1        |   4.00 [4.00-6.00]    |   1.00 [1.00-1.00]    |    4.43 [4.43-6.66]    |    0.48 [0.48-0.48]    |    0.03 [0.00-0.03]     |
|      474       |       1        |   4.00 [4.00-5.16]    |   0.00 [0.00-0.00]    |    4.50 [4.50-5.79]    |    0.00 [0.00-0.00]    |    0.01 [0.00-0.01]     |
|      477       |       1        |   4.00 [4.00-6.16]    |   1.00 [1.00-1.00]    |    4.48 [4.46-6.91]    |    0.47 [0.47-0.48]    |    0.03 [0.00-0.03]     |
|      478       |       1        |   3.00 [3.00-4.00]    |   0.00 [0.00-0.00]    |    2.79 [2.79-3.72]    |    0.00 [0.00-0.00]    |    0.08 [0.03-0.09]     |
|      480       |       1        |   3.00 [3.00-4.32]    |   0.00 [0.00-0.00]    |    3.11 [3.11-4.48]    |    0.00 [0.00-0.00]    |    0.03 [0.01-0.03]     |
|      481       |       1        |   3.00 [3.00-5.00]    |   0.00 [0.00-0.00]    |    3.00 [3.00-5.00]    |    0.00 [0.00-0.00]    |    0.04 [0.00-0.04]     |
|      493       |       1        |   2.00 [2.00-4.16]    |   0.00 [0.00-0.00]    |    2.22 [2.22-4.62]    |    0.00 [0.00-0.00]    |    0.09 [0.01-0.09]     |
|      494       |       1        |   6.00 [6.00-8.16]    |   0.00 [0.00-0.00]    |    3.50 [3.50-4.72]    |    0.00 [0.00-0.00]    |    0.04 [0.01-0.04]     |
|      496       |       1        |   3.00 [3.00-6.00]    |   0.00 [0.00-0.00]    |    3.00 [3.00-6.00]    |    0.00 [0.00-0.00]    |    0.04 [0.00-0.04]     |
|      497       |       1        |   3.00 [3.00-4.00]    |   1.00 [1.00-1.00]    |    3.31 [3.31-4.42]    |    0.48 [0.48-0.48]    |    0.09 [0.03-0.09]     |
|      499       |       1        |   2.00 [2.00-4.00]    |   0.00 [0.00-0.00]    |    2.22 [2.22-4.45]    |    0.00 [0.00-0.00]    |    0.09 [0.01-0.09]     |
