
Analysis Description
--------------------
Examine whether or not a codon alignment is better fit by models which
permit multiple instantaneous substitutions. v0.2 adds a separate rate
for codon-island triple-hit rates

- __Requirements__: in-frame codon alignment and a phylogenetic tree

- __Citation__: Submitted; preprint at hyphy.org/resources/fmm.pdf

- __Written by__: Sergei L Kosakovsky Pond, Sadie Wisotsky and Alexander Lucaci

- __Contact Information__: spond@temple.edu

- __Analysis Version__: 1.0


>code => Universal
>Loaded a multiple sequence alignment with **23** sequences, **500** codons, and **1** partitions from `/Users/alex/Documents/selection-tutorial/data/21-empirical/ENCenv.nex`
The number of omega rate classes to include in the model (permissible range = [1,10], default value = 3, integer): 
>rates => 3

>triple-islands => No


### Obtaining branch lengths and nucleotide substitution biases under the nucleotide GTR model

>kill-zero-lengths => Yes
* Log(L) = -7656.27, AIC-c = 15414.69 (51 estimated parameters)
* 1 partition. Total tree length by partition (subs/site)  0.763

### Obtaining the global omega estimate based on relative GTR branch lengths and nucleotide substitution biases
* Log(L) = -6836.00, AIC-c = 13788.59 (58 estimated parameters)
* 1 partition. Total tree length by partition (subs/site)  0.841
* non-synonymous/synonymous rate ratio for *test* =   0.0575

### Fitting Standard MG94
* Log(L) = -6768.78, AIC-c = 13664.26 (63 estimated parameters)
* non-synonymous/synonymous rate ratio =   0.0545
* The following relative rate distribution (mean 1) for site-to-site **non-synonymous** rate variation was inferred

|               Rate                | Proportion, % |               Notes               |
|-----------------------------------|---------------|-----------------------------------|
|               0.048               |     0.000     |       Not supported by data       |
|               0.452               |    93.357     |                                   |
|               8.699               |     6.643     |                                   |


### Fitting MG94 with double instantaneous substitutions
* Log(L) = -6767.92, AIC-c = 13664.56 (64 estimated parameters)
* non-synonymous/synonymous rate ratio =   0.0526
* rate at which 2 nucleotides are changed instantly within a single codon =   0.0751
* The following relative rate distribution (mean 1) for site-to-site **non-synonymous** rate variation was inferred

|               Rate                | Proportion, % |               Notes               |
|-----------------------------------|---------------|-----------------------------------|
|               0.005               |     0.000     |       Not supported by data       |
|               0.452               |    93.342     |                                   |
|               8.686               |     6.658     |                                   |


### Fitting MG94 with double and triple instantaneous substitutions
* Log(L) = -6767.92, AIC-c = 13666.59 (65 estimated parameters)
* non-synonymous/synonymous rate ratio =   0.0526
* rate at which 2 nucleotides are changed instantly within a single codon =   0.0752
* rate at which 3 nucleotides are changed instantly within a single codon =   0.0000
* rate at which 3 nucleotides are changed instantly within a single codon between synonymous codon islands =   0.0000
* The following relative rate distribution (mean 1) for site-to-site **non-synonymous** rate variation was inferred

|               Rate                | Proportion, % |               Notes               |
|-----------------------------------|---------------|-----------------------------------|
|               0.048               |     0.000     |       Not supported by data       |
|               0.452               |    93.350     |                                   |
|               8.692               |     6.650     |                                   |


### Summary of rate estimates and significance testing
|                Model                 |   Log-L    |   omega    | 2-hit rate |              p-value               | 3-hit rate |              p-value               |
|:------------------------------------:|:----------:|:----------:|:----------:|:----------------------------------:|:----------:|:----------------------------------:|
|            Standard MG94             |  -6768.78  |    0.0545  |    N/A     |                N/A                 |    N/A     |                N/A                 |
|        Standard MG94 + 2 hits        |  -6767.92  |    0.0526  |    0.0751  |       0.1898 (2-hit rate = 0)      |    N/A     |                N/A                 |
|     Standard MG94 + 2 or 3 hits      |  -6767.92  |    0.0526  |    0.0752  |      0.4241 (2&3-hit rates = 0)    |    0.0000  |      1.0000 (3-hit rate(s) = 0)    |

### No individual sites showed sufficiently strong preference for multiple-hit models

### Writing detailed analysis report to `/Users/alex/Documents/selection-tutorial/results/session1_gene_wide/ENCenv_fitmultimodelmh.json'
