
Analysis Description
--------------------
MEME (Mixed Effects Model of Evolution) estimates a site-wise synonymous
(&alpha;) and a two-category mixture of non-synonymous (&beta;-, with
proportion p-, and &beta;+ with proportion [1-p-]) rates, and uses a
likelihood ratio test to determine if &beta;+ > &alpha; at a site. The
estimates aggregate information over a proportion of branches at a site,
so the signal is derived from episodic diversification, which is a
combination of strength of selection [effect size] and the proportion of
the tree affected. A subset of branches can be selected for testing as
well, in which case an additional (nuisance) parameter will be inferred
-- the non-synonymous rate on branches NOT selected for testing.
Multiple partitions within a NEXUS file are also supported for
recombination - aware analysis. Version 3.0 adds a different format for
ancestral state reconstruction, branch-site posterior storage, and
site-level heterogeneity testing. Version 4 adds support for multiple
hits and more than 2 rate classes on omega, as well as site-level
imputation option. Version 4.1 fixes bugs with EBF computation for > 2
more rates and MH reporting. 

- __Requirements__: in-frame codon alignment and a phylogenetic tree

- __Citation__: Detecting Individual Sites Subject to Episodic Diversifying Selection.
_PLoS Genet_ 8(7): e1002764.

- __Written by__: Sergei L. Kosakovsky Pond, Steven Weaver

- __Contact Information__: spond@temple.edu

- __Analysis Version__: 4.1


>code => Universal
>Loaded a multiple sequence alignment with **23** sequences, **500** codons, and **1** partitions from `/Users/alex/Documents/selection-tutorial/data/21-empirical/ENCenv.nex`

>branches => All

>Select the p-value threshold to use when testing for selection (permissible range = [0,1], default value = 0.1): 
>pvalue => 0.1

>[Advanced setting, will result in MUCH SLOWER run time] Perform parametric bootstrap resampling to derive site-level null LRT distributions up to this many replicates per site. Recommended use for small to medium (<30 sequences) datasets (permissible range = [0,1000], default value = 50, integer): 
>resample => 0
The number omega rate classes to include in the model [2 is the strongly recommended default] (permissible range = [2,4], default value = 2, integer): 
>rates => 2

>multiple-hits => None

>impute-states => No

>precision => standard


### Branches to include in the MEME analysis
Selected 43 branches to include in the MEME analysis: `K94P05, THCMAR6793, Node6, P19BR, UNKNOWN37, Node9, Node5, M859, Node4, 2372, Node3, WTP_70_22, JKT5441, Node16, JKT1749, Node15, B1065, Node14, Node2, JKT9092, JKT7003, Node22, JKT6468, Node21, Node1, K82P01, P3_MRP, HK8256, TC, Node32, CC94, Node31, Node29, CH2195, R53567, Node37, B2524, 7812474, Node40, Node36, Node28, P20778, Node27`


### Obtaining branch lengths and nucleotide substitution biases under the nucleotide GTR model

>kill-zero-lengths => Yes
* Log(L) = -7656.27, AIC-c = 15414.69 (51 estimated parameters)
* 1 partition. Total tree length by partition (subs/site)  0.763

### Obtaining the global omega estimate based on relative GTR branch lengths and nucleotide substitution biases
* Log(L) = -6836.00, AIC-c = 13788.59 (58 estimated parameters)
* 1 partition. Total tree length by partition (subs/site)  0.841
* non-synonymous/synonymous rate ratio for *test* =   0.0575

>full-model => Yes
Only analyze sites whose 1-based indices match the following list (null to skip) : 
>limit-to-sites => null
For sites whose 1-based indices match the following list, write out likelihood function snapshots (null string to skip) : 
>save-lf-for-sites => null

### Improving branch lengths, nucleotide substitution biases, and global dN/dS ratios under a full codon model
* Log(L) = -6810.37
* Log(L) = -6810.37, AIC-c = 13737.34 (58 estimated parameters)
* 1 partition. Total tree length by partition (subs/site)  0.834
* non-synonymous/synonymous rate ratio for *test* =   0.0532

### For partition 1 these sites are significant at p <=0.1

|   Codon    | Partition  |   alpha    |non-syn rate (beta) distribution, rates : weights|    LRT     |Episodic selection detected?| # branches |         List of most common codon substitutions at this site          |
|:----------:|:----------:|:----------:|:-----------------------------------------------:|:----------:|:--------------------------:|:----------:|:---------------------------------------------------------------------:|
|     33     |     1      |   20.549   |             0.00/543.24 : 0.83/0.17             |    4.381   |      Yes, p =  0.0519      |     2      |             [4]atC>atT,Atc>Ctc|[1]atT>atC,Att>Ctt,Ctc>Atc             |
|    146     |     1      |    0.000   |              0.00/6.46 : 0.01/0.99              |    3.451   |      Yes, p =  0.0843      |     0      |                         [3]Gcc>Acc|[1]Acc>Gcc                         |
|    242     |     1      |    0.000   |              0.00/8.55 : 0.01/0.99              |    5.001   |      Yes, p =  0.0377      |     1      |                         [5]tTt>tCt|[1]tCt>tTt                         |

### ** Found _3_ sites under episodic diversifying positive selection at p <= 0.1**
