
Analysis Description
--------------------
SLAC (Single Likelihood Ancestor Counting) uses a maximum likelihood
ancestral state reconstruction and minimum path substitution counting to
estimate site - level dS and dN, and applies a simple binomial - based
test to test if dS differs drom dN. The estimates aggregate information
over all branches, so the signal is derived from pervasive
diversification or conservation. A subset of branches can be selected
for testing as well. Multiple partitions within a NEXUS file are also
supported for recombination - aware analysis. 

- __Requirements__: in-frame codon alignment and a phylogenetic tree

- __Citation__: Not So Different After All: A Comparison of Methods for Detecting Amino
Acid Sites Under Selection (2005). _Mol Biol Evol_ 22 (5): 1208-1222

- __Written by__: Sergei L Kosakovsky Pond and Simon DW Frost

- __Contact Information__: spond@temple.edu

- __Analysis Version__: 2.00


>code => Universal
>Loaded a multiple sequence alignment with **18** sequences, **342** codons, and **1** partitions from `/Users/alex/Documents/selection-tutorial/data/21-empirical/flavNS5.nex`

>branches => All

>Select the number of samples used to assess ancestral reconstruction uncertainty [select 0 to skip] (permissible range = [0,100000], default value = 100, integer): 
>samples => 100

>Select the p-value threshold to use when testing for selection (permissible range = [0,1], default value = 0.1): 
>pvalue => 0.1


### Branches to include in the SLAC analysis
Selected 33 branches to include in SLAC calculations: `KYASANURFD, LI, NEGISHI, Node6, WTBE, Node5, RSSE, SOLFJIN, Node12, TBE, Node11, VASILCHENK, Node10, Node4, OMSK, Node3, Node1, LANGAT, KARSHI, ROYALFARM, Node21, GADGETGULL, KADAM, MEABAN, SAUMAREZRE, TYULENIY, Node30, Node28, Node26, Node24, Node20, POWASAN, Node19`


### Obtaining branch lengths and nucleotide substitution biases under the nucleotide GTR model

>kill-zero-lengths => Yes
* Log(L) = -11349.07, AIC-c = 22780.32 (41 estimated parameters)
* 1 partition. Total tree length by partition (subs/site)  2.714

### Obtaining the global omega estimate based on relative GTR branch lengths and nucleotide substitution biases
* Log(L) = -9584.49, AIC-c = 19265.75 (48 estimated parameters)
* 1 partition. Total tree length by partition (subs/site)  4.431
* non-synonymous/synonymous rate ratio for *test* =   0.0593

### Performing joint maximum likelihood ancestral state reconstruction

### For partition 1 these sites are significant at p <=0.1

|     Codon      |   Partition    |       S        |       N        |       dS       |       dN       |Selection detected?|
|:--------------:|:--------------:|:--------------:|:--------------:|:--------------:|:--------------:|:-----------------:|
|       1        |       1        |     4.000      |     0.000      |     7.230      |     0.000      |  Neg. p = 0.001   |
|       3        |       1        |     7.000      |     0.000      |     7.000      |     0.000      |  Neg. p = 0.001   |
|       4        |       1        |     3.000      |     0.000      |     5.128      |     0.000      |  Neg. p = 0.009   |
|       5        |       1        |     5.000      |     0.000      |     8.115      |     0.000      |  Neg. p = 0.000   |
|       6        |       1        |     7.000      |     0.000      |     7.000      |     0.000      |  Neg. p = 0.000   |
|       8        |       1        |     8.000      |     0.000      |     8.000      |     0.000      |  Neg. p = 0.000   |
|       9        |       1        |     7.000      |     0.000      |     12.193     |     0.000      |  Neg. p = 0.000   |
|       10       |       1        |     7.000      |     0.000      |     7.000      |     0.000      |  Neg. p = 0.001   |
|       11       |       1        |     2.000      |     0.000      |     3.972      |     0.000      |  Neg. p = 0.028   |
|       12       |       1        |     9.000      |     0.000      |     8.846      |     0.000      |  Neg. p = 0.000   |
|       13       |       1        |     4.000      |     0.000      |     4.000      |     0.000      |  Neg. p = 0.012   |
|       14       |       1        |     7.000      |     0.000      |     9.055      |     0.000      |  Neg. p = 0.000   |
|       16       |       1        |     2.000      |     0.000      |     3.985      |     0.000      |  Neg. p = 0.040   |
|       19       |       1        |     7.000      |     0.000      |     4.807      |     0.000      |  Neg. p = 0.007   |
|       20       |       1        |     7.000      |     0.000      |     7.000      |     0.000      |  Neg. p = 0.000   |
|       21       |       1        |     4.000      |     0.000      |     7.787      |     0.000      |  Neg. p = 0.001   |
|       22       |       1        |     9.000      |     0.000      |     7.625      |     0.000      |  Neg. p = 0.000   |
|       23       |       1        |     6.000      |     1.000      |     9.264      |     0.427      |  Neg. p = 0.001   |
|       24       |       1        |     8.000      |     0.000      |     6.029      |     0.000      |  Neg. p = 0.002   |
|       25       |       1        |     2.000      |     0.000      |     3.418      |     0.000      |  Neg. p = 0.042   |
|       26       |       1        |     3.000      |     0.000      |     4.509      |     0.000      |  Neg. p = 0.011   |
|       28       |       1        |     8.000      |     1.000      |     8.000      |     0.500      |  Neg. p = 0.001   |
|       29       |       1        |     9.000      |     2.000      |     8.273      |     1.053      |  Neg. p = 0.003   |
|       30       |       1        |     9.000      |     0.000      |     9.000      |     0.000      |  Neg. p = 0.000   |
|       31       |       1        |     4.000      |     0.000      |     7.743      |     0.000      |  Neg. p = 0.001   |
|       32       |       1        |     10.000     |     2.000      |     8.877      |     1.076      |  Neg. p = 0.002   |
|       33       |       1        |     2.000      |     0.000      |     2.965      |     0.000      |  Neg. p = 0.051   |
|       34       |       1        |     6.000      |     1.000      |     10.636     |     0.438      |  Neg. p = 0.000   |
|       35       |       1        |     4.000      |     1.000      |     7.161      |     0.410      |  Neg. p = 0.005   |
|       36       |       1        |     6.000      |     0.000      |     11.471     |     0.000      |  Neg. p = 0.000   |
|       38       |       1        |     11.000     |     0.000      |     11.000     |     0.000      |  Neg. p = 0.000   |
|       39       |       1        |     8.000      |     1.000      |     8.000      |     0.510      |  Neg. p = 0.001   |
|       40       |       1        |     10.000     |     0.000      |     10.323     |     0.000      |  Neg. p = 0.000   |
|       43       |       1        |     4.000      |     3.000      |     5.626      |     1.331      |  Neg. p = 0.062   |
|       44       |       1        |     6.000      |     3.000      |     5.939      |     1.610      |  Neg. p = 0.055   |
|       45       |       1        |     5.000      |     3.000      |     5.000      |     1.533      |  Neg. p = 0.093   |
|       46       |       1        |     6.000      |     1.000      |     6.029      |     0.532      |  Neg. p = 0.008   |
|       47       |       1        |     5.000      |     0.000      |     5.000      |     0.000      |  Neg. p = 0.004   |
|       48       |       1        |     5.000      |     0.000      |     8.669      |     0.000      |  Neg. p = 0.000   |
|       49       |       1        |     5.000      |     0.000      |     5.000      |     0.000      |  Neg. p = 0.005   |
|       50       |       1        |     5.000      |     3.000      |     5.866      |     1.397      |  Neg. p = 0.047   |
|       51       |       1        |     6.000      |     1.000      |     9.630      |     0.421      |  Neg. p = 0.000   |
|       52       |       1        |     10.000     |     0.000      |     7.609      |     0.000      |  Neg. p = 0.000   |
|       54       |       1        |     3.000      |     0.000      |     4.989      |     0.000      |  Neg. p = 0.012   |
|       55       |       1        |     4.000      |     0.000      |     3.187      |     0.000      |  Neg. p = 0.031   |
|       56       |       1        |     7.000      |     0.000      |     7.000      |     0.000      |  Neg. p = 0.000   |
|       58       |       1        |     7.000      |     4.000      |     7.920      |     1.899      |  Neg. p = 0.020   |
|       59       |       1        |     10.000     |     3.000      |     9.147      |     1.587      |  Neg. p = 0.004   |
|       60       |       1        |     5.500      |     4.500      |     9.759      |     1.953      |  Neg. p = 0.018   |
|       62       |       1        |     9.000      |     0.000      |     6.537      |     0.000      |  Neg. p = 0.001   |
|       65       |       1        |     7.500      |     9.500      |     10.466     |     4.297      |  Neg. p = 0.067   |
|       67       |       1        |     5.000      |     0.000      |     5.000      |     0.000      |  Neg. p = 0.005   |
|       68       |       1        |     8.000      |     0.000      |     8.000      |     0.000      |  Neg. p = 0.000   |
|       69       |       1        |     6.000      |     5.000      |     7.977      |     2.318      |  Neg. p = 0.040   |
|       70       |       1        |     4.000      |     5.000      |     7.296      |     2.049      |  Neg. p = 0.065   |
|       71       |       1        |     5.000      |     0.000      |     7.623      |     0.000      |  Neg. p = 0.001   |
|       72       |       1        |     8.000      |     0.000      |     8.000      |     0.000      |  Neg. p = 0.000   |
|       73       |       1        |     6.000      |     1.000      |     9.257      |     0.427      |  Neg. p = 0.001   |
|       75       |       1        |     8.000      |     0.000      |     8.000      |     0.000      |  Neg. p = 0.000   |
|       76       |       1        |     6.000      |     0.000      |     6.000      |     0.000      |  Neg. p = 0.001   |
|       77       |       1        |     5.000      |     0.000      |     5.000      |     0.000      |  Neg. p = 0.004   |
|       79       |       1        |     3.000      |     0.000      |     5.815      |     0.000      |  Neg. p = 0.005   |
|       80       |       1        |     10.000     |     0.000      |     10.000     |     0.000      |  Neg. p = 0.000   |
|       81       |       1        |     8.000      |     4.000      |     9.658      |     1.957      |  Neg. p = 0.007   |
|       83       |       1        |     3.000      |     0.000      |     3.000      |     0.000      |  Neg. p = 0.037   |
|       84       |       1        |     5.000      |     0.000      |     7.699      |     0.000      |  Neg. p = 0.000   |
|       86       |       1        |     6.000      |     0.000      |     11.442     |     0.000      |  Neg. p = 0.000   |
|       87       |       1        |     9.000      |     1.000      |     6.304      |     0.642      |  Neg. p = 0.007   |
|       88       |       1        |     4.000      |     1.000      |     6.852      |     0.441      |  Neg. p = 0.007   |
|       90       |       1        |     8.000      |     0.000      |     15.267     |     0.000      |  Neg. p = 0.000   |
|       91       |       1        |     3.000      |     1.000      |     5.177      |     0.440      |  Neg. p = 0.028   |
|       92       |       1        |     4.000      |     1.000      |     7.066      |     0.497      |  Neg. p = 0.010   |
|       94       |       1        |     12.000     |     1.000      |     8.894      |     0.622      |  Neg. p = 0.001   |
|       95       |       1        |     9.000      |     4.000      |     9.844      |     1.919      |  Neg. p = 0.005   |
|       97       |       1        |     3.000      |     3.000      |     7.444      |     1.155      |  Neg. p = 0.035   |
|       98       |       1        |     4.500      |     6.500      |     7.996      |     2.816      |  Neg. p = 0.100   |
|       99       |       1        |     6.000      |     2.000      |     6.171      |     1.019      |  Neg. p = 0.019   |
|      100       |       1        |     6.000      |     3.000      |     10.211     |     1.320      |  Neg. p = 0.004   |
|      103       |       1        |     7.833      |     11.167     |     12.970     |     5.050      |  Neg. p = 0.044   |
|      104       |       1        |     5.000      |     0.000      |     3.468      |     0.000      |  Neg. p = 0.027   |
|      105       |       1        |     8.000      |     1.000      |     8.000      |     0.500      |  Neg. p = 0.001   |
|      107       |       1        |     8.000      |     2.000      |     8.000      |     1.000      |  Neg. p = 0.003   |
|      108       |       1        |     5.500      |     3.500      |     7.449      |     1.548      |  Neg. p = 0.028   |
|      110       |       1        |     5.500      |     7.500      |     10.302     |     3.495      |  Neg. p = 0.064   |
|      111       |       1        |     5.000      |     3.000      |     6.370      |     1.420      |  Neg. p = 0.038   |
|      112       |       1        |     6.000      |     0.000      |     6.000      |     0.000      |  Neg. p = 0.001   |
|      113       |       1        |     3.000      |     0.000      |     5.884      |     0.000      |  Neg. p = 0.008   |
|      114       |       1        |     4.000      |     0.000      |     6.171      |     0.000      |  Neg. p = 0.002   |
|      115       |       1        |     5.500      |     2.500      |     5.585      |     1.246      |  Neg. p = 0.051   |
|      116       |       1        |     6.000      |     0.000      |     10.549     |     0.000      |  Neg. p = 0.000   |
|      117       |       1        |     5.000      |     0.000      |     5.000      |     0.000      |  Neg. p = 0.004   |
|      118       |       1        |     6.000      |     1.000      |     6.000      |     0.500      |  Neg. p = 0.007   |
|      119       |       1        |     6.000      |     4.000      |     9.615      |     1.772      |  Neg. p = 0.010   |
|      120       |       1        |     6.000      |     0.000      |     6.000      |     0.000      |  Neg. p = 0.001   |
|      121       |       1        |     8.000      |     0.000      |     8.000      |     0.000      |  Neg. p = 0.000   |
|      122       |       1        |     10.000     |     1.000      |     9.420      |     0.524      |  Neg. p = 0.000   |
|      123       |       1        |     5.000      |     0.000      |     5.000      |     0.000      |  Neg. p = 0.004   |
|      124       |       1        |     7.000      |     4.000      |     7.184      |     1.994      |  Neg. p = 0.035   |
|      125       |       1        |     9.000      |     6.000      |     9.580      |     2.960      |  Neg. p = 0.022   |
|      127       |       1        |     4.000      |     0.000      |     4.000      |     0.000      |  Neg. p = 0.013   |
|      128       |       1        |     4.000      |     0.000      |     4.000      |     0.000      |  Neg. p = 0.014   |
|      129       |       1        |     4.000      |     2.000      |     5.591      |     0.942      |  Neg. p = 0.039   |
|      130       |       1        |     4.000      |     1.000      |     4.182      |     0.489      |  Neg. p = 0.038   |
|      132       |       1        |     2.000      |     0.000      |     3.752      |     0.000      |  Neg. p = 0.032   |
|      134       |       1        |     6.000      |     0.000      |     7.818      |     0.000      |  Neg. p = 0.000   |
|      135       |       1        |     8.000      |     1.000      |     8.946      |     0.475      |  Neg. p = 0.000   |
|      136       |       1        |     11.000     |     1.000      |     11.361     |     0.536      |  Neg. p = 0.000   |
|      137       |       1        |     7.000      |     2.000      |     7.769      |     1.015      |  Neg. p = 0.006   |
|      138       |       1        |     2.000      |     0.000      |     3.978      |     0.000      |  Neg. p = 0.028   |
|      139       |       1        |     6.000      |     0.000      |     10.969     |     0.000      |  Neg. p = 0.000   |
|      140       |       1        |     7.000      |     3.000      |     7.831      |     1.518      |  Neg. p = 0.013   |
|      141       |       1        |     10.000     |     0.000      |     10.000     |     0.000      |  Neg. p = 0.000   |
|      142       |       1        |     7.000      |     0.000      |     7.000      |     0.000      |  Neg. p = 0.001   |
|      143       |       1        |     7.000      |     0.000      |     7.000      |     0.000      |  Neg. p = 0.001   |
|      145       |       1        |     7.000      |     0.000      |     7.000      |     0.000      |  Neg. p = 0.000   |
|      146       |       1        |     6.000      |     0.000      |     6.000      |     0.000      |  Neg. p = 0.001   |
|      147       |       1        |     7.000      |     0.000      |     7.000      |     0.000      |  Neg. p = 0.000   |
|      148       |       1        |     5.000      |     0.000      |     7.642      |     0.000      |  Neg. p = 0.001   |
|      149       |       1        |     6.000      |     0.000      |     6.000      |     0.000      |  Neg. p = 0.001   |
|      150       |       1        |     9.000      |     2.000      |     7.994      |     1.074      |  Neg. p = 0.004   |
|      151       |       1        |     5.000      |     0.000      |     9.747      |     0.000      |  Neg. p = 0.000   |
|      152       |       1        |     6.000      |     0.000      |     6.000      |     0.000      |  Neg. p = 0.001   |
|      154       |       1        |     9.000      |     0.000      |     9.000      |     0.000      |  Neg. p = 0.000   |
|      156       |       1        |     3.500      |     2.500      |     5.031      |     1.085      |  Neg. p = 0.085   |
|      157       |       1        |     3.000      |     0.000      |     5.154      |     0.000      |  Neg. p = 0.008   |
|      158       |       1        |     7.000      |     0.000      |     7.000      |     0.000      |  Neg. p = 0.000   |
|      159       |       1        |     4.000      |     0.000      |     6.913      |     0.000      |  Neg. p = 0.003   |
|      160       |       1        |     10.000     |     2.000      |     8.891      |     1.091      |  Neg. p = 0.002   |
|      162       |       1        |     10.000     |     1.000      |     9.918      |     0.556      |  Neg. p = 0.000   |
|      165       |       1        |     5.000      |     0.000      |     9.050      |     0.000      |  Neg. p = 0.000   |
|      166       |       1        |     5.000      |     1.000      |     5.057      |     0.521      |  Neg. p = 0.020   |
|      167       |       1        |     3.000      |     0.000      |     5.196      |     0.000      |  Neg. p = 0.008   |
|      168       |       1        |     8.000      |     0.000      |     8.000      |     0.000      |  Neg. p = 0.000   |
|      169       |       1        |     5.000      |     0.000      |     5.000      |     0.000      |  Neg. p = 0.004   |
|      170       |       1        |     9.000      |     0.000      |     12.173     |     0.000      |  Neg. p = 0.000   |
|      172       |       1        |     7.000      |     5.000      |     6.971      |     2.505      |  Neg. p = 0.068   |
|      174       |       1        |     3.000      |     0.000      |     5.881      |     0.000      |  Neg. p = 0.005   |
|      178       |       1        |     8.000      |     0.000      |     8.000      |     0.000      |  Neg. p = 0.000   |
|      179       |       1        |     8.000      |     2.000      |     8.769      |     1.028      |  Neg. p = 0.002   |
|      180       |       1        |     8.000      |     4.000      |     7.018      |     2.155      |  Neg. p = 0.043   |
|      181       |       1        |     8.500      |     6.500      |     8.031      |     3.437      |  Neg. p = 0.089   |
|      182       |       1        |     10.000     |     0.000      |     8.161      |     0.000      |  Neg. p = 0.001   |
|      183       |       1        |     5.000      |     1.000      |     5.024      |     0.499      |  Neg. p = 0.017   |
|      184       |       1        |     5.000      |     0.000      |     9.620      |     0.000      |  Neg. p = 0.000   |
|      187       |       1        |     7.000      |     1.000      |     5.106      |     0.636      |  Neg. p = 0.023   |
|      190       |       1        |     6.000      |     2.000      |     9.762      |     0.843      |  Neg. p = 0.001   |
|      191       |       1        |     4.000      |     0.000      |     4.000      |     0.000      |  Neg. p = 0.015   |
|      192       |       1        |     6.500      |     2.500      |     10.949     |     1.103      |  Neg. p = 0.002   |
|      193       |       1        |     6.000      |     0.000      |     11.498     |     0.000      |  Neg. p = 0.000   |
|      194       |       1        |     9.000      |     1.000      |     9.679      |     0.506      |  Neg. p = 0.000   |
|      195       |       1        |     6.000      |     0.000      |     4.424      |     0.000      |  Neg. p = 0.009   |
|      197       |       1        |     8.000      |     3.000      |     8.582      |     1.559      |  Neg. p = 0.008   |
|      198       |       1        |     3.000      |     2.000      |     8.010      |     0.763      |  Neg. p = 0.016   |
|      199       |       1        |     9.000      |     0.000      |     6.590      |     0.000      |  Neg. p = 0.001   |
|      200       |       1        |     6.000      |     1.000      |     6.021      |     0.499      |  Neg. p = 0.007   |
|      201       |       1        |     4.000      |     0.000      |     6.082      |     0.000      |  Neg. p = 0.002   |
|      202       |       1        |     7.000      |     0.000      |     7.000      |     0.000      |  Neg. p = 0.000   |
|      203       |       1        |     7.000      |     0.000      |     11.349     |     0.000      |  Neg. p = 0.000   |
|      204       |       1        |     7.000      |     0.000      |     13.222     |     0.000      |  Neg. p = 0.000   |
|      205       |       1        |     5.000      |     0.000      |     7.679      |     0.000      |  Neg. p = 0.001   |
|      206       |       1        |     4.000      |     0.000      |     4.000      |     0.000      |  Neg. p = 0.012   |
|      207       |       1        |     5.000      |     0.000      |     5.000      |     0.000      |  Neg. p = 0.004   |
|      208       |       1        |     5.000      |     3.000      |     6.977      |     1.383      |  Neg. p = 0.027   |
|      209       |       1        |     9.000      |     0.000      |     9.000      |     0.000      |  Neg. p = 0.000   |
|      210       |       1        |     9.500      |     8.500      |     15.201     |     3.582      |  Neg. p = 0.003   |
|      212       |       1        |     2.000      |     0.000      |     3.977      |     0.000      |  Neg. p = 0.028   |
|      213       |       1        |     7.000      |     2.000      |     7.298      |     0.989      |  Neg. p = 0.007   |
|      214       |       1        |     5.000      |     0.000      |     9.114      |     0.000      |  Neg. p = 0.000   |
|      215       |       1        |     10.000     |     5.000      |     10.259     |     2.477      |  Neg. p = 0.007   |
|      217       |       1        |     8.000      |     3.000      |     8.000      |     1.500      |  Neg. p = 0.009   |
|      218       |       1        |     9.000      |     2.000      |     7.440      |     1.121      |  Neg. p = 0.006   |
|      219       |       1        |     3.000      |     2.000      |     5.829      |     0.937      |  Neg. p = 0.054   |
|      220       |       1        |     5.000      |     0.000      |     9.266      |     0.000      |  Neg. p = 0.000   |
|      221       |       1        |     8.500      |     1.500      |     6.139      |     0.937      |  Neg. p = 0.020   |
|      222       |       1        |     2.000      |     0.000      |     2.989      |     0.000      |  Neg. p = 0.050   |
|      223       |       1        |     2.000      |     0.000      |     3.972      |     0.000      |  Neg. p = 0.028   |
|      225       |       1        |     7.000      |     1.000      |     7.000      |     0.504      |  Neg. p = 0.003   |
|      226       |       1        |     3.000      |     0.000      |     5.147      |     0.000      |  Neg. p = 0.008   |
|      228       |       1        |     9.000      |     1.000      |     9.556      |     0.518      |  Neg. p = 0.000   |
|      229       |       1        |     4.000      |     0.000      |     6.903      |     0.000      |  Neg. p = 0.002   |
|      230       |       1        |     4.000      |     0.000      |     7.796      |     0.000      |  Neg. p = 0.001   |
|      231       |       1        |     7.500      |     5.500      |     9.223      |     2.515      |  Neg. p = 0.023   |
|      232       |       1        |     8.000      |     2.000      |     8.005      |     1.005      |  Neg. p = 0.003   |
|      233       |       1        |     7.000      |     0.000      |     13.322     |     0.000      |  Neg. p = 0.000   |
|      237       |       1        |     5.000      |     0.000      |     5.000      |     0.000      |  Neg. p = 0.007   |
|      239       |       1        |     7.000      |     0.000      |     7.000      |     0.000      |  Neg. p = 0.000   |
|      240       |       1        |     4.000      |     2.000      |     7.119      |     0.860      |  Neg. p = 0.015   |
|      244       |       1        |     7.000      |     0.000      |     12.180     |     0.000      |  Neg. p = 0.000   |
|      246       |       1        |     7.000      |     0.000      |     7.000      |     0.000      |  Neg. p = 0.000   |
|      247       |       1        |     7.000      |     0.000      |     7.000      |     0.000      |  Neg. p = 0.000   |
|      248       |       1        |     6.000      |     0.000      |     11.231     |     0.000      |  Neg. p = 0.000   |
|      249       |       1        |     6.000      |     0.000      |     11.196     |     0.000      |  Neg. p = 0.000   |
|      250       |       1        |     7.000      |     0.000      |     7.000      |     0.000      |  Neg. p = 0.001   |
|      251       |       1        |     2.000      |     0.000      |     3.937      |     0.000      |  Neg. p = 0.029   |
|      252       |       1        |     3.000      |     0.000      |     5.405      |     0.000      |  Neg. p = 0.006   |
|      253       |       1        |     4.000      |     0.000      |     7.716      |     0.000      |  Neg. p = 0.001   |
|      254       |       1        |     8.000      |     0.000      |     12.799     |     0.000      |  Neg. p = 0.000   |
|      255       |       1        |     5.000      |     4.000      |     7.374      |     1.811      |  Neg. p = 0.038   |
|      256       |       1        |     11.000     |     1.000      |     9.100      |     0.562      |  Neg. p = 0.000   |
|      259       |       1        |     2.000      |     0.000      |     3.440      |     0.000      |  Neg. p = 0.041   |
|      260       |       1        |     6.000      |     0.000      |     9.234      |     0.000      |  Neg. p = 0.000   |
|      261       |       1        |     4.000      |     0.000      |     4.000      |     0.000      |  Neg. p = 0.015   |
|      262       |       1        |     5.000      |     3.000      |     5.247      |     1.502      |  Neg. p = 0.078   |
|      264       |       1        |     10.000     |     2.000      |     9.148      |     1.050      |  Neg. p = 0.001   |
|      265       |       1        |     7.500      |     5.500      |     11.638     |     2.335      |  Neg. p = 0.006   |
|      266       |       1        |     4.000      |     0.000      |     4.000      |     0.000      |  Neg. p = 0.012   |
|      267       |       1        |     4.000      |     0.000      |     4.000      |     0.000      |  Neg. p = 0.012   |
|      269       |       1        |     13.000     |     0.000      |     11.307     |     0.000      |  Neg. p = 0.000   |
|      270       |       1        |     5.000      |     1.000      |     9.426      |     0.408      |  Neg. p = 0.001   |
|      271       |       1        |     6.000      |     0.000      |     10.414     |     0.000      |  Neg. p = 0.000   |
|      272       |       1        |     6.000      |     0.000      |     9.185      |     0.000      |  Neg. p = 0.000   |
|      273       |       1        |     4.000      |     0.000      |     7.026      |     0.000      |  Neg. p = 0.002   |
|      274       |       1        |     7.000      |     0.000      |     4.944      |     0.000      |  Neg. p = 0.005   |
|      275       |       1        |     4.500      |     1.500      |     4.560      |     0.745      |  Neg. p = 0.056   |
|      276       |       1        |     7.000      |     0.000      |     7.000      |     0.000      |  Neg. p = 0.000   |
|      277       |       1        |     6.000      |     0.000      |     6.270      |     0.000      |  Neg. p = 0.001   |
|      278       |       1        |     7.000      |     0.000      |     7.000      |     0.000      |  Neg. p = 0.000   |
|      279       |       1        |     7.000      |     0.000      |     7.429      |     0.000      |  Neg. p = 0.000   |
|      281       |       1        |     4.750      |     2.250      |     5.549      |     1.234      |  Neg. p = 0.067   |
|      282       |       1        |     9.000      |     0.000      |     9.000      |     0.000      |  Neg. p = 0.000   |
|      283       |       1        |     7.000      |     0.000      |     7.000      |     0.000      |  Neg. p = 0.001   |
|      284       |       1        |     5.000      |     0.000      |     7.951      |     0.000      |  Neg. p = 0.001   |
|      285       |       1        |     8.000      |     0.000      |     8.000      |     0.000      |  Neg. p = 0.000   |
|      287       |       1        |     7.000      |     1.000      |     9.815      |     0.437      |  Neg. p = 0.000   |
|      288       |       1        |     7.000      |     3.000      |     7.152      |     1.484      |  Neg. p = 0.017   |
|      289       |       1        |     11.000     |     1.000      |     10.971     |     0.544      |  Neg. p = 0.000   |
|      290       |       1        |     5.000      |     0.000      |     8.666      |     0.000      |  Neg. p = 0.000   |
|      291       |       1        |     6.000      |     0.000      |     6.000      |     0.000      |  Neg. p = 0.001   |
|      292       |       1        |     9.000      |     0.000      |     9.000      |     0.000      |  Neg. p = 0.000   |
|      293       |       1        |     7.000      |     1.000      |     9.882      |     0.470      |  Neg. p = 0.000   |
|      294       |       1        |     11.000     |     1.000      |     10.196     |     0.521      |  Neg. p = 0.000   |
|      295       |       1        |     6.000      |     0.000      |     6.000      |     0.000      |  Neg. p = 0.003   |
|      297       |       1        |     7.000      |     0.000      |     7.000      |     0.000      |  Neg. p = 0.000   |
|      298       |       1        |     4.000      |     0.000      |     6.611      |     0.000      |  Neg. p = 0.003   |
|      299       |       1        |     9.000      |     2.000      |     9.000      |     1.007      |  Neg. p = 0.001   |
|      300       |       1        |     5.000      |     0.000      |     8.603      |     0.000      |  Neg. p = 0.001   |
|      304       |       1        |     8.000      |     0.000      |     5.578      |     0.000      |  Neg. p = 0.003   |
|      305       |       1        |     5.500      |     6.500      |     9.980      |     2.657      |  Neg. p = 0.033   |
|      306       |       1        |     5.000      |     0.000      |     9.791      |     0.000      |  Neg. p = 0.000   |
|      307       |       1        |     3.000      |     0.000      |     5.841      |     0.000      |  Neg. p = 0.005   |
|      308       |       1        |     4.000      |     0.000      |     7.748      |     0.000      |  Neg. p = 0.001   |
|      309       |       1        |     7.000      |     1.000      |     6.911      |     0.520      |  Neg. p = 0.003   |
|      310       |       1        |     10.000     |     1.000      |     9.401      |     0.572      |  Neg. p = 0.000   |
|      311       |       1        |     2.000      |     0.000      |     3.935      |     0.000      |  Neg. p = 0.029   |
|      312       |       1        |     8.000      |     0.000      |     6.216      |     0.000      |  Neg. p = 0.001   |
|      313       |       1        |     7.000      |     2.000      |     7.329      |     1.003      |  Neg. p = 0.007   |
|      314       |       1        |     8.000      |     2.000      |     7.873      |     1.008      |  Neg. p = 0.004   |
|      315       |       1        |     5.000      |     1.000      |     5.397      |     0.482      |  Neg. p = 0.013   |
|      316       |       1        |     7.000      |     2.000      |     7.000      |     1.040      |  Neg. p = 0.010   |
|      317       |       1        |     8.000      |     7.000      |     9.273      |     3.314      |  Neg. p = 0.041   |
|      318       |       1        |     6.000      |     2.000      |     6.000      |     1.000      |  Neg. p = 0.020   |
|      319       |       1        |     8.000      |     1.000      |     12.475     |     0.424      |  Neg. p = 0.000   |
|      320       |       1        |     7.000      |     3.000      |     12.775     |     1.371      |  Neg. p = 0.001   |
|      321       |       1        |     8.000      |     1.000      |     8.000      |     0.593      |  Neg. p = 0.002   |
|      322       |       1        |     6.000      |     3.000      |     6.044      |     1.501      |  Neg. p = 0.041   |
|      323       |       1        |     5.000      |     1.000      |     5.067      |     0.497      |  Neg. p = 0.017   |
|      324       |       1        |     8.000      |     0.000      |     8.000      |     0.000      |  Neg. p = 0.000   |
|      325       |       1        |     7.500      |     5.500      |     7.708      |     2.717      |  Neg. p = 0.060   |
|      326       |       1        |     6.000      |     2.000      |     11.283     |     0.810      |  Neg. p = 0.001   |
|      328       |       1        |     8.000      |     0.000      |     8.000      |     0.000      |  Neg. p = 0.000   |
|      329       |       1        |     6.000      |     0.000      |     6.000      |     0.000      |  Neg. p = 0.001   |
|      330       |       1        |     8.000      |     6.000      |     8.517      |     2.947      |  Neg. p = 0.042   |
|      331       |       1        |     5.000      |     0.000      |     5.000      |     0.000      |  Neg. p = 0.005   |
|      332       |       1        |     10.000     |     2.000      |     10.173     |     1.067      |  Neg. p = 0.001   |
|      333       |       1        |     7.000      |     0.000      |     7.000      |     0.000      |  Neg. p = 0.000   |
|      334       |       1        |     8.000      |     0.000      |     8.000      |     0.000      |  Neg. p = 0.000   |
|      337       |       1        |     7.000      |     1.000      |     8.512      |     0.459      |  Neg. p = 0.001   |
|      338       |       1        |     6.000      |     0.000      |     11.092     |     0.000      |  Neg. p = 0.000   |
|      339       |       1        |     8.000      |     2.000      |     8.000      |     1.021      |  Neg. p = 0.004   |
|      341       |       1        |     5.000      |     0.000      |     5.000      |     0.000      |  Neg. p = 0.005   |
|      342       |       1        |     6.500      |     4.500      |     7.673      |     2.104      |  Neg. p = 0.038   |

### Ancestor sampling analysis

>Generating 100 ancestral sequence samples to obtain confidence intervals

Resampling results for partition 1

|     Codon      |   Partition    |    S [median, IQR]    |    N [median, IQR]    |    dS [median, IQR]    |    dN [median, IQR]    |  p-value [median, IQR]  |
|:--------------:|:--------------:|:---------------------:|:---------------------:|:----------------------:|:----------------------:|:-----------------------:|
|       1        |       1        |   6.00 [4.00-9.00]    |   0.00 [0.00-0.00]    |   10.66 [7.23-16.71]   |    0.00 [0.00-0.00]    |    0.00 [0.00-0.00]     |
|       3        |       1        |  10.00 [7.00-13.00]   |   0.00 [0.00-0.00]    |   10.00 [7.00-13.00]   |    0.00 [0.00-0.00]    |    0.00 [0.00-0.00]     |
|       4        |       1        |   3.00 [3.00-7.00]    |   0.00 [0.00-0.00]    |   5.13 [5.13-12.25]    |    0.00 [0.00-0.00]    |    0.01 [0.00-0.01]     |
|       5        |       1        |   8.00 [5.00-12.00]   |   0.00 [0.00-0.00]    |   12.46 [8.12-19.34]   |    0.00 [0.00-0.00]    |    0.00 [0.00-0.00]     |
|       6        |       1        |   9.00 [6.84-13.00]   |   0.00 [0.00-0.00]    |   9.00 [6.84-13.00]    |    0.00 [0.00-0.00]    |    0.00 [0.00-0.00]     |
|       8        |       1        |  11.50 [8.00-15.16]   |   0.00 [0.00-0.00]    |   11.50 [8.00-15.16]   |    0.00 [0.00-0.00]    |    0.00 [0.00-0.00]     |
|       9        |       1        |   8.00 [7.00-10.00]   |   0.00 [0.00-0.00]    |  14.28 [12.19-18.62]   |    0.00 [0.00-0.00]    |    0.00 [0.00-0.00]     |
|       10       |       1        |   8.00 [7.00-13.00]   |   0.00 [0.00-0.00]    |   8.00 [7.00-13.00]    |    0.00 [0.00-0.00]    |    0.00 [0.00-0.00]     |
|       11       |       1        |   3.00 [2.00-9.00]    |   0.00 [0.00-0.00]    |   5.90 [3.97-16.34]    |    0.00 [0.00-0.00]    |    0.00 [0.00-0.03]     |
|       12       |       1        |  11.00 [9.00-16.00]   |   0.00 [0.00-1.00]    |   10.97 [8.85-15.57]   |    0.00 [0.00-0.54]    |    0.00 [0.00-0.00]     |
|       13       |       1        |   7.00 [4.00-12.00]   |   0.00 [0.00-0.00]    |   7.00 [4.00-12.00]    |    0.00 [0.00-0.00]    |    0.00 [0.00-0.01]     |
|       14       |       1        |   9.00 [7.00-14.00]   |   0.00 [0.00-0.00]    |   11.60 [9.01-17.93]   |    0.00 [0.00-0.00]    |    0.00 [0.00-0.00]     |
|       16       |       1        |   3.00 [2.00-10.00]   |   0.00 [0.00-0.00]    |   5.93 [3.98-17.48]    |    0.00 [0.00-0.00]    |    0.01 [0.00-0.04]     |
|       19       |       1        |   8.00 [6.00-14.00]   |   0.00 [0.00-1.00]    |   5.61 [4.17-10.03]    |    0.00 [0.00-0.65]    |    0.00 [0.00-0.01]     |
|       20       |       1        |   8.00 [6.00-12.32]   |   0.00 [0.00-0.00]    |   8.00 [6.00-12.32]    |    0.00 [0.00-0.00]    |    0.00 [0.00-0.00]     |
|       21       |       1        |   5.50 [4.00-11.16]   |   0.00 [0.00-0.00]    |   10.20 [7.47-20.03]   |    0.00 [0.00-0.00]    |    0.00 [0.00-0.00]     |
|       22       |       1        |  10.00 [7.84-15.32]   |   0.00 [0.00-1.00]    |   8.87 [6.72-13.61]    |    0.00 [0.00-0.58]    |    0.00 [0.00-0.00]     |
|       23       |       1        |   7.00 [6.00-10.16]   |   1.00 [1.00-1.00]    |   12.00 [9.26-17.29]   |    0.42 [0.41-0.43]    |    0.00 [0.00-0.00]     |
|       24       |       1        |   8.00 [6.00-13.00]   |   0.00 [0.00-2.00]    |   6.08 [4.38-10.20]    |    0.00 [0.00-1.13]    |    0.00 [0.00-0.01]     |
|       25       |       1        |   2.00 [2.00-6.00]    |   0.00 [0.00-0.00]    |   3.42 [3.42-10.38]    |    0.00 [0.00-0.00]    |    0.04 [0.00-0.04]     |
|       26       |       1        |   3.00 [3.00-9.16]    |   0.00 [0.00-0.00]    |   4.51 [4.51-15.32]    |    0.00 [0.00-0.00]    |    0.01 [0.00-0.01]     |
|       28       |       1        |  10.00 [8.00-15.00]   |   1.00 [1.00-1.00]    |   10.00 [8.00-15.00]   |    0.50 [0.50-0.50]    |    0.00 [0.00-0.00]     |
|       29       |       1        |  13.00 [10.68-18.00]  |   1.00 [0.00-3.00]    |   11.53 [9.09-15.11]   |    0.56 [0.00-1.66]    |    0.00 [0.00-0.00]     |
|       30       |       1        |  12.00 [9.00-16.00]   |   0.00 [0.00-0.00]    |   12.00 [9.00-16.00]   |    0.00 [0.00-0.00]    |    0.00 [0.00-0.00]     |
|       31       |       1        |   5.00 [4.00-10.16]   |   0.00 [0.00-0.00]    |   9.60 [7.74-18.61]    |    0.00 [0.00-0.00]    |    0.00 [0.00-0.00]     |
|       32       |       1        |  14.00 [10.00-19.00]  |   2.00 [0.00-3.00]    |   12.06 [8.88-15.47]   |    1.07 [0.00-1.62]    |    0.00 [0.00-0.00]     |
|       33       |       1        |   3.00 [2.00-9.00]    |   0.00 [0.00-0.00]    |   4.51 [2.96-14.01]    |    0.00 [0.00-0.00]    |    0.01 [0.00-0.05]     |
|       34       |       1        |   8.00 [6.00-10.00]   |   1.00 [1.00-1.00]    |  14.36 [10.64-18.19]   |    0.44 [0.43-0.44]    |    0.00 [0.00-0.00]     |
|       35       |       1        |   5.00 [4.00-10.16]   |   1.00 [1.00-1.00]    |   9.51 [7.16-18.52]    |    0.41 [0.40-0.42]    |    0.00 [0.00-0.01]     |
|       36       |       1        |   8.00 [6.00-13.32]   |   0.00 [0.00-0.00]    |  14.11 [11.35-23.58]   |    0.00 [0.00-0.00]    |    0.00 [0.00-0.00]     |
|       38       |       1        |  11.00 [9.00-15.16]   |   0.00 [0.00-0.00]    |   11.00 [9.00-15.16]   |    0.00 [0.00-0.00]    |    0.00 [0.00-0.00]     |
|       39       |       1        |  11.00 [8.00-15.00]   |   1.00 [1.00-1.00]    |   11.00 [8.00-15.00]   |    0.52 [0.51-0.57]    |    0.00 [0.00-0.00]     |
|       40       |       1        |  11.00 [8.84-16.00]   |   0.00 [0.00-2.00]    |   11.19 [8.97-15.51]   |    0.00 [0.00-1.02]    |    0.00 [0.00-0.00]     |
|       43       |       1        |   4.00 [3.00-9.16]    |   3.00 [3.00-4.00]    |   5.63 [4.27-14.40]    |    1.33 [1.30-1.77]    |    0.06 [0.00-0.15]     |
|       44       |       1        |   7.00 [5.00-11.00]   |   3.00 [3.00-3.50]    |   6.93 [4.94-10.89]    |    1.59 [1.56-1.85]    |    0.03 [0.00-0.10]     |
|       45       |       1        |   8.00 [5.00-13.16]   |   3.00 [3.00-3.16]    |   8.00 [5.00-13.16]    |    1.53 [1.51-1.61]    |    0.01 [0.00-0.09]     |
|       46       |       1        |   8.00 [6.00-12.00]   |   1.00 [1.00-1.00]    |   8.04 [6.03-12.06]    |    0.52 [0.51-0.53]    |    0.00 [0.00-0.01]     |
|       47       |       1        |   7.00 [5.00-14.00]   |   0.00 [0.00-0.00]    |   7.00 [5.00-14.00]    |    0.00 [0.00-0.00]    |    0.00 [0.00-0.00]     |
|       48       |       1        |   6.00 [5.00-9.16]    |   0.00 [0.00-0.00]    |   10.43 [8.60-16.71]   |    0.00 [0.00-0.00]    |    0.00 [0.00-0.00]     |
|       49       |       1        |   6.00 [5.00-11.00]   |   0.00 [0.00-0.00]    |   6.00 [5.00-11.00]    |    0.00 [0.00-0.00]    |    0.00 [0.00-0.01]     |
|       50       |       1        |   7.75 [5.00-12.08]   |   3.00 [3.00-4.00]    |   9.20 [5.87-14.51]    |    1.40 [1.37-1.86]    |    0.00 [0.00-0.05]     |
|       51       |       1        |   7.00 [5.00-10.00]   |   1.00 [1.00-2.00]    |   10.24 [7.61-15.60]   |    0.42 [0.42-0.86]    |    0.00 [0.00-0.00]     |
|       52       |       1        |  12.00 [10.00-17.16]  |   0.00 [0.00-2.00]    |   9.63 [7.59-13.55]    |    0.00 [0.00-1.25]    |    0.00 [0.00-0.00]     |
|       54       |       1        |   5.00 [3.00-8.32]    |   0.00 [0.00-0.00]    |   9.18 [4.99-14.86]    |    0.00 [0.00-0.00]    |    0.00 [0.00-0.01]     |
|       55       |       1        |   5.00 [4.00-11.16]   |   0.00 [0.00-0.00]    |    4.06 [3.00-8.95]    |    0.00 [0.00-0.00]    |    0.01 [0.00-0.04]     |
|       56       |       1        |  10.00 [7.00-15.00]   |   0.00 [0.00-0.00]    |   10.00 [7.00-15.00]   |    0.00 [0.00-0.00]    |    0.00 [0.00-0.00]     |
|       58       |       1        |   9.00 [6.00-14.16]   |   4.00 [3.00-5.08]    |   10.25 [6.80-16.19]   |    1.90 [1.44-2.46]    |    0.00 [0.00-0.04]     |
|       59       |       1        |  11.00 [8.00-16.00]   |   3.00 [3.00-4.50]    |   9.72 [7.14-14.26]    |    1.64 [1.57-2.35]    |    0.00 [0.00-0.04]     |
|       60       |       1        |   6.00 [4.50-9.08]    |   4.50 [4.00-5.50]    |   10.04 [7.87-15.24]   |    1.96 [1.76-2.41]    |    0.01 [0.00-0.05]     |
|       62       |       1        |  11.00 [8.00-16.00]   |   1.00 [0.00-2.16]    |   8.45 [6.22-12.34]    |    0.60 [0.00-1.31]    |    0.00 [0.00-0.01]     |
|       65       |       1        |  11.25 [7.33-15.33]   |   8.67 [7.17-10.19]   |   11.28 [9.45-15.19]   |    4.30 [3.86-5.19]    |    0.03 [0.00-0.12]     |
|       67       |       1        |   8.00 [4.84-12.16]   |   0.00 [0.00-0.00]    |   8.00 [4.84-12.16]    |    0.00 [0.00-0.00]    |    0.00 [0.00-0.01]     |
|       68       |       1        |  11.00 [8.00-15.00]   |   0.00 [0.00-0.00]    |   11.00 [8.00-15.00]   |    0.00 [0.00-0.00]    |    0.00 [0.00-0.00]     |
|       69       |       1        |   6.33 [4.92-10.08]   |   5.00 [5.00-6.50]    |   8.61 [6.63-13.39]    |    2.32 [2.30-2.98]    |    0.04 [0.00-0.11]     |
|       70       |       1        |   5.00 [3.84-9.16]    |   5.00 [5.00-7.00]    |   9.00 [6.53-15.10]    |    2.06 [2.05-2.92]    |    0.02 [0.00-0.13]     |
|       71       |       1        |   6.00 [5.00-12.00]   |   0.00 [0.00-0.00]    |   9.22 [7.56-19.95]    |    0.00 [0.00-0.00]    |    0.00 [0.00-0.00]     |
|       72       |       1        |  10.00 [7.00-14.16]   |   0.00 [0.00-0.00]    |   10.00 [7.00-14.16]   |    0.00 [0.00-0.00]    |    0.00 [0.00-0.00]     |
|       73       |       1        |   6.00 [4.00-10.00]   |   1.00 [1.00-1.00]    |   10.03 [6.49-16.48]   |    0.42 [0.41-0.43]    |    0.00 [0.00-0.01]     |
|       75       |       1        |  10.00 [8.00-15.00]   |   0.00 [0.00-0.00]    |   10.00 [8.00-15.00]   |    0.00 [0.00-0.00]    |    0.00 [0.00-0.00]     |
|       76       |       1        |   8.00 [6.00-14.00]   |   0.00 [0.00-0.00]    |   8.00 [6.00-14.00]    |    0.00 [0.00-0.00]    |    0.00 [0.00-0.00]     |
|       77       |       1        |   7.00 [5.00-12.16]   |   0.00 [0.00-0.00]    |   7.00 [5.00-12.16]    |    0.00 [0.00-0.00]    |    0.00 [0.00-0.00]     |
|       79       |       1        |   5.00 [3.00-11.00]   |   0.00 [0.00-0.00]    |   9.50 [5.82-19.82]    |    0.00 [0.00-0.00]    |    0.00 [0.00-0.01]     |
|       80       |       1        |  11.00 [9.00-15.16]   |   0.00 [0.00-0.00]    |   11.00 [9.00-15.16]   |    0.00 [0.00-0.00]    |    0.00 [0.00-0.00]     |
|       81       |       1        |   9.00 [7.00-13.58]   |   4.00 [2.50-4.08]    |   10.74 [8.27-15.08]   |    1.95 [1.34-2.11]    |    0.00 [0.00-0.02]     |
|       83       |       1        |   6.00 [3.00-12.32]   |   0.00 [0.00-0.00]    |   6.00 [3.00-12.32]    |    0.00 [0.00-0.00]    |    0.00 [0.00-0.04]     |
|       84       |       1        |   5.00 [3.00-10.00]   |   0.00 [0.00-0.00]    |   7.70 [4.95-16.48]    |    0.00 [0.00-0.00]    |    0.00 [0.00-0.01]     |
|       86       |       1        |   7.50 [6.00-11.00]   |   0.00 [0.00-0.00]    |  13.01 [10.28-18.67]   |    0.00 [0.00-0.00]    |    0.00 [0.00-0.00]     |
|       87       |       1        |  12.00 [9.00-17.00]   |   1.00 [1.00-3.00]    |   8.84 [6.30-12.34]    |    0.63 [0.59-1.71]    |    0.00 [0.00-0.01]     |
|       88       |       1        |   5.00 [4.00-9.00]    |   1.00 [1.00-1.00]    |   8.75 [6.85-15.86]    |    0.44 [0.43-0.44]    |    0.00 [0.00-0.01]     |
|       90       |       1        |   9.00 [8.00-12.00]   |   0.00 [0.00-0.00]    |  16.72 [15.14-21.96]   |    0.00 [0.00-0.00]    |    0.00 [0.00-0.00]     |
|       91       |       1        |   3.00 [3.00-7.32]    |   1.00 [1.00-1.00]    |   5.18 [5.18-12.86]    |    0.44 [0.44-0.44]    |    0.03 [0.00-0.03]     |
|       92       |       1        |   5.00 [3.00-8.00]    |   1.00 [1.00-2.00]    |   8.77 [5.35-14.33]    |    0.50 [0.49-0.99]    |    0.00 [0.00-0.03]     |
|       94       |       1        |  15.00 [12.00-21.16]  |   1.00 [1.00-3.08]    |   11.31 [8.86-16.43]   |    0.62 [0.60-1.88]    |    0.00 [0.00-0.00]     |
|       95       |       1        |  12.00 [9.00-16.16]   |   4.00 [2.00-5.16]    |   12.87 [9.75-17.65]   |    1.92 [0.99-2.50]    |    0.00 [0.00-0.01]     |
|       97       |       1        |   3.00 [2.00-4.58]    |   3.50 [3.00-4.50]    |   7.44 [5.94-12.22]    |    1.33 [1.16-1.69]    |    0.04 [0.01-0.14]     |
|       98       |       1        |   5.50 [3.92-9.50]    |   6.50 [6.50-7.50]    |   9.80 [6.20-16.37]    |    2.82 [2.77-3.23]    |    0.04 [0.00-0.21]     |
|       99       |       1        |   8.00 [6.00-12.58]   |   2.00 [2.00-2.50]    |   8.23 [6.17-12.95]    |    1.02 [1.00-1.28]    |    0.00 [0.00-0.02]     |
|      100       |       1        |   6.00 [5.00-9.16]    |   3.00 [3.00-3.00]    |   10.66 [8.71-16.69]   |    1.31 [1.30-1.32]    |    0.00 [0.00-0.01]     |
|      103       |       1        |   7.92 [6.50-10.13]   |  11.17 [11.00-12.08]  |  12.97 [10.45-16.55]   |    5.07 [4.97-5.52]    |    0.04 [0.01-0.13]     |
|      104       |       1        |   7.00 [5.00-13.00]   |   0.00 [0.00-1.00]    |    5.00 [3.47-9.07]    |    0.00 [0.00-0.65]    |    0.01 [0.00-0.03]     |
|      105       |       1        |  10.50 [8.00-14.00]   |   1.00 [1.00-1.00]    |   10.50 [8.00-14.00]   |    0.50 [0.50-0.50]    |    0.00 [0.00-0.00]     |
|      107       |       1        |   8.00 [6.00-12.47]   |   2.00 [2.00-3.00]    |   8.00 [6.00-12.47]    |    1.00 [1.00-1.50]    |    0.00 [0.00-0.02]     |
|      108       |       1        |   7.50 [5.50-11.50]   |   3.50 [3.50-4.50]    |   10.19 [7.45-15.87]   |    1.53 [1.48-2.00]    |    0.00 [0.00-0.03]     |
|      110       |       1        |   5.50 [4.50-7.66]    |   7.50 [7.50-8.58]    |   10.13 [8.02-14.10]   |    3.50 [3.49-4.00]    |    0.07 [0.01-0.16]     |
|      111       |       1        |   5.00 [3.00-9.05]    |   3.00 [3.00-4.00]    |   7.62 [5.13-12.21]    |    1.42 [1.40-1.80]    |    0.02 [0.00-0.11]     |
|      112       |       1        |   9.00 [6.00-12.16]   |   0.00 [0.00-0.00]    |   9.00 [6.00-12.16]    |    0.00 [0.00-0.00]    |    0.00 [0.00-0.00]     |
|      113       |       1        |   4.00 [3.00-11.00]   |   0.00 [0.00-0.00]    |   7.64 [5.88-19.28]    |    0.00 [0.00-0.00]    |    0.00 [0.00-0.01]     |
|      114       |       1        |   6.00 [4.00-10.00]   |   0.00 [0.00-0.00]    |   9.37 [6.17-16.23]    |    0.00 [0.00-0.00]    |    0.00 [0.00-0.00]     |
|      115       |       1        |   8.75 [5.50-15.32]   |   2.00 [2.00-2.50]    |   8.88 [5.59-15.55]    |    1.00 [1.00-1.25]    |    0.00 [0.00-0.05]     |
|      116       |       1        |   7.00 [6.00-9.16]    |   0.00 [0.00-0.00]    |  12.43 [10.48-17.10]   |    0.00 [0.00-0.00]    |    0.00 [0.00-0.00]     |
|      117       |       1        |   5.50 [5.00-11.16]   |   0.00 [0.00-0.00]    |   5.50 [5.00-11.16]    |    0.00 [0.00-0.00]    |    0.00 [0.00-0.00]     |
|      118       |       1        |   8.00 [6.00-13.16]   |   1.00 [1.00-1.00]    |   8.00 [6.00-13.16]    |    0.50 [0.50-0.50]    |    0.00 [0.00-0.01]     |
|      119       |       1        |   7.00 [6.00-10.00]   |   4.00 [4.00-5.00]    |   11.03 [8.73-15.90]   |    1.78 [1.77-2.30]    |    0.00 [0.00-0.03]     |
|      120       |       1        |   9.00 [6.84-14.00]   |   0.00 [0.00-0.00]    |   9.00 [6.84-14.00]    |    0.00 [0.00-0.00]    |    0.00 [0.00-0.00]     |
|      121       |       1        |  11.00 [8.00-15.16]   |   0.00 [0.00-0.00]    |   11.00 [8.00-15.16]   |    0.00 [0.00-0.00]    |    0.00 [0.00-0.00]     |
|      122       |       1        |  12.00 [10.00-18.00]  |   1.00 [0.00-2.16]    |   11.54 [9.42-17.03]   |    0.53 [0.00-1.12]    |    0.00 [0.00-0.00]     |
|      123       |       1        |   8.00 [5.00-13.00]   |   0.00 [0.00-0.00]    |   8.00 [5.00-13.00]    |    0.00 [0.00-0.00]    |    0.00 [0.00-0.00]     |
|      124       |       1        |   8.50 [5.50-14.08]   |   4.50 [4.00-4.75]    |   8.72 [5.64-14.45]    |    2.25 [1.99-2.48]    |    0.02 [0.00-0.14]     |
|      125       |       1        |  10.00 [8.00-14.16]   |   6.00 [6.00-7.00]    |   10.25 [8.52-15.25]   |    2.95 [2.93-3.53]    |    0.02 [0.00-0.04]     |
|      127       |       1        |   5.00 [4.00-8.00]    |   0.00 [0.00-0.00]    |    5.00 [4.00-8.00]    |    0.00 [0.00-0.00]    |    0.00 [0.00-0.01]     |
|      128       |       1        |   6.50 [4.00-11.00]   |   0.00 [0.00-0.00]    |   6.50 [4.00-11.00]    |    0.00 [0.00-0.00]    |    0.00 [0.00-0.01]     |
|      129       |       1        |   7.00 [4.00-10.16]   |   2.00 [2.00-3.00]    |   9.58 [5.59-14.63]    |    0.94 [0.94-1.41]    |    0.00 [0.00-0.04]     |
|      130       |       1        |   6.50 [4.00-12.00]   |   1.00 [1.00-2.00]    |   6.80 [4.18-12.53]    |    0.49 [0.49-0.97]    |    0.01 [0.00-0.04]     |
|      132       |       1        |   4.00 [2.00-9.00]    |   0.00 [0.00-0.00]    |   7.22 [3.75-15.69]    |    0.00 [0.00-0.00]    |    0.00 [0.00-0.03]     |
|      134       |       1        |   8.00 [6.00-12.16]   |   0.00 [0.00-0.00]    |   11.67 [7.82-17.81]   |    0.00 [0.00-0.00]    |    0.00 [0.00-0.00]     |
|      135       |       1        |  10.00 [7.92-13.00]   |   1.00 [1.00-1.50]    |   11.18 [8.85-14.53]   |    0.47 [0.47-0.71]    |    0.00 [0.00-0.00]     |
|      136       |       1        |  11.00 [8.00-15.00]   |   1.00 [0.00-4.00]    |   10.85 [8.59-13.71]   |    0.55 [0.00-2.04]    |    0.00 [0.00-0.01]     |
|      137       |       1        |   7.00 [6.00-12.16]   |   2.00 [0.00-2.00]    |   7.77 [6.62-12.67]    |    1.01 [0.00-1.03]    |    0.01 [0.00-0.01]     |
|      138       |       1        |   2.50 [2.00-10.00]   |   0.00 [0.00-0.00]    |   4.91 [3.98-17.38]    |    0.00 [0.00-0.00]    |    0.02 [0.00-0.03]     |
|      139       |       1        |   7.00 [5.00-9.16]    |   0.00 [0.00-0.00]    |   12.53 [9.00-17.25]   |    0.00 [0.00-0.00]    |    0.00 [0.00-0.00]     |
|      140       |       1        |   9.00 [7.00-13.32]   |   2.00 [1.00-3.16]    |   9.73 [7.79-13.58]    |    1.06 [0.53-1.62]    |    0.00 [0.00-0.01]     |
|      141       |       1        |  13.00 [11.00-16.00]  |   0.00 [0.00-0.00]    |  13.00 [11.00-16.00]   |    0.00 [0.00-0.00]    |    0.00 [0.00-0.00]     |
|      142       |       1        |   9.00 [6.00-13.16]   |   0.00 [0.00-0.00]    |   9.00 [6.00-13.16]    |    0.00 [0.00-0.00]    |    0.00 [0.00-0.00]     |
|      143       |       1        |  10.00 [7.00-15.16]   |   0.00 [0.00-0.00]    |   10.00 [7.00-15.16]   |    0.00 [0.00-0.00]    |    0.00 [0.00-0.00]     |
|      145       |       1        |   9.00 [7.00-14.00]   |   0.00 [0.00-0.00]    |   9.00 [7.00-14.00]    |    0.00 [0.00-0.00]    |    0.00 [0.00-0.00]     |
|      146       |       1        |   6.00 [4.00-12.00]   |   0.00 [0.00-0.00]    |   6.00 [4.00-12.00]    |    0.00 [0.00-0.00]    |    0.00 [0.00-0.01]     |
|      147       |       1        |  10.00 [7.00-15.00]   |   0.00 [0.00-0.00]    |   10.00 [7.00-15.00]   |    0.00 [0.00-0.00]    |    0.00 [0.00-0.00]     |
|      148       |       1        |   6.00 [5.00-11.00]   |   0.00 [0.00-0.00]    |   9.56 [7.64-18.39]    |    0.00 [0.00-0.00]    |    0.00 [0.00-0.00]     |
|      149       |       1        |   9.00 [6.00-14.00]   |   0.00 [0.00-0.00]    |   9.00 [6.00-14.00]    |    0.00 [0.00-0.00]    |    0.00 [0.00-0.00]     |
|      150       |       1        |  12.00 [9.00-17.00]   |   2.00 [0.84-3.00]    |   10.01 [7.56-13.96]   |    1.07 [0.46-1.75]    |    0.00 [0.00-0.01]     |
|      151       |       1        |   7.00 [5.00-12.16]   |   0.00 [0.00-0.00]    |   13.18 [9.75-21.69]   |    0.00 [0.00-0.00]    |    0.00 [0.00-0.00]     |
|      152       |       1        |   8.00 [6.00-15.00]   |   0.00 [0.00-0.00]    |   8.00 [6.00-15.00]    |    0.00 [0.00-0.00]    |    0.00 [0.00-0.00]     |
|      154       |       1        |  11.00 [8.00-14.00]   |   0.00 [0.00-0.00]    |   11.00 [8.00-14.00]   |    0.00 [0.00-0.00]    |    0.00 [0.00-0.00]     |
|      156       |       1        |   6.50 [3.50-9.50]    |   2.50 [2.50-2.58]    |   10.54 [5.03-15.02]   |    1.07 [1.03-1.13]    |    0.00 [0.00-0.09]     |
|      157       |       1        |   3.00 [3.00-7.00]    |   0.00 [0.00-0.00]    |   5.15 [5.15-12.23]    |    0.00 [0.00-0.00]    |    0.01 [0.00-0.01]     |
|      158       |       1        |   9.00 [7.00-13.00]   |   0.00 [0.00-0.00]    |   9.00 [7.00-13.00]    |    0.00 [0.00-0.00]    |    0.00 [0.00-0.00]     |
|      159       |       1        |   5.00 [4.00-9.32]    |   0.00 [0.00-0.00]    |   8.73 [6.91-17.07]    |    0.00 [0.00-0.00]    |    0.00 [0.00-0.00]     |
|      160       |       1        |  13.00 [10.00-18.00]  |   2.00 [1.00-3.16]    |   10.85 [8.71-15.56]   |    1.11 [0.56-1.80]    |    0.00 [0.00-0.00]     |
|      162       |       1        |  11.00 [9.00-15.16]   |   1.00 [0.00-2.00]    |   10.60 [8.87-14.40]   |    0.53 [0.00-1.09]    |    0.00 [0.00-0.00]     |
|      165       |       1        |   6.00 [5.00-10.16]   |   0.00 [0.00-0.00]    |   10.83 [8.94-18.85]   |    0.00 [0.00-0.00]    |    0.00 [0.00-0.00]     |
|      166       |       1        |   9.00 [5.00-13.08]   |   1.00 [1.00-1.50]    |   9.10 [5.06-13.25]    |    0.52 [0.50-0.78]    |    0.00 [0.00-0.03]     |
|      167       |       1        |   3.00 [3.00-7.00]    |   0.00 [0.00-0.00]    |   5.20 [5.16-12.39]    |    0.00 [0.00-0.00]    |    0.01 [0.00-0.01]     |
|      168       |       1        |  10.00 [8.00-15.00]   |   0.00 [0.00-0.00]    |   10.00 [8.00-15.00]   |    0.00 [0.00-0.00]    |    0.00 [0.00-0.00]     |
|      169       |       1        |   7.50 [5.00-13.00]   |   0.00 [0.00-0.00]    |   7.50 [5.00-13.00]    |    0.00 [0.00-0.00]    |    0.00 [0.00-0.00]     |
|      170       |       1        |  10.00 [8.00-14.00]   |   0.00 [0.00-0.00]    |  14.04 [10.78-19.43]   |    0.00 [0.00-0.00]    |    0.00 [0.00-0.00]     |
|      172       |       1        |   9.00 [7.00-15.00]   |   5.00 [5.00-5.00]    |   8.99 [6.97-14.95]    |    2.51 [2.50-2.51]    |    0.02 [0.00-0.07]     |
|      174       |       1        |   5.00 [3.00-11.00]   |   0.00 [0.00-0.00]    |   9.12 [5.88-18.91]    |    0.00 [0.00-0.00]    |    0.00 [0.00-0.00]     |
|      178       |       1        |  10.00 [8.00-14.16]   |   0.00 [0.00-0.00]    |   10.00 [8.00-14.16]   |    0.00 [0.00-0.00]    |    0.00 [0.00-0.00]     |
|      179       |       1        |   9.00 [7.00-15.16]   |   2.00 [0.00-2.00]    |   9.32 [7.62-14.48]    |    1.02 [0.00-1.06]    |    0.00 [0.00-0.01]     |
|      180       |       1        |  10.75 [7.00-14.16]   |   4.00 [3.00-5.08]    |   8.76 [5.84-11.96]    |    2.15 [1.67-2.80]    |    0.01 [0.00-0.10]     |
|      181       |       1        |   9.50 [7.00-14.36]   |   6.58 [6.50-8.50]    |   9.12 [6.58-14.25]    |    3.45 [3.32-4.37]    |    0.05 [0.00-0.21]     |
|      182       |       1        |  12.00 [10.00-15.16]  |   0.00 [0.00-2.16]    |   9.97 [8.16-13.21]    |    0.00 [0.00-1.38]    |    0.00 [0.00-0.00]     |
|      183       |       1        |   7.00 [4.50-10.00]   |   1.00 [1.00-1.50]    |   7.04 [4.56-10.05]    |    0.50 [0.50-0.75]    |    0.00 [0.00-0.06]     |
|      184       |       1        |   5.00 [5.00-9.00]    |   0.00 [0.00-0.00]    |   9.62 [9.45-17.03]    |    0.00 [0.00-0.00]    |    0.00 [0.00-0.00]     |
|      187       |       1        |   8.00 [4.50-12.74]   |   2.00 [1.00-3.50]    |    5.78 [3.43-9.59]    |    1.24 [0.63-2.19]    |    0.02 [0.00-0.39]     |
|      190       |       1        |   8.00 [6.00-11.00]   |   2.00 [2.00-2.16]    |   12.50 [9.76-18.11]   |    0.84 [0.82-0.92]    |    0.00 [0.00-0.00]     |
|      191       |       1        |   4.00 [4.00-9.00]    |   0.00 [0.00-0.00]    |    4.00 [4.00-9.00]    |    0.00 [0.00-0.00]    |    0.01 [0.00-0.01]     |
|      192       |       1        |   8.50 [6.50-11.50]   |   2.50 [2.50-2.50]    |  14.73 [10.95-20.09]   |    1.09 [1.09-1.10]    |    0.00 [0.00-0.00]     |
|      193       |       1        |   6.00 [5.00-10.16]   |   0.00 [0.00-0.00]    |   11.50 [9.34-18.99]   |    0.00 [0.00-0.00]    |    0.00 [0.00-0.00]     |
|      194       |       1        |  11.00 [8.00-16.00]   |   0.00 [0.00-2.00]    |   11.55 [8.55-16.53]   |    0.00 [0.00-1.01]    |    0.00 [0.00-0.00]     |
|      195       |       1        |   8.00 [5.00-15.00]   |   0.00 [0.00-1.00]    |   6.00 [3.73-11.58]    |    0.00 [0.00-0.61]    |    0.00 [0.00-0.02]     |
|      197       |       1        |  10.00 [8.00-16.00]   |   2.50 [0.00-4.00]    |   10.52 [8.38-14.68]   |    1.32 [0.00-2.01]    |    0.00 [0.00-0.01]     |
|      198       |       1        |   3.00 [1.84-5.00]    |   2.00 [2.00-4.00]    |   8.01 [6.05-15.09]    |    0.76 [0.76-1.52]    |    0.02 [0.00-0.15]     |
|      199       |       1        |  11.00 [8.00-18.00]   |   0.00 [0.00-1.00]    |   8.30 [5.93-13.98]    |    0.00 [0.00-0.62]    |    0.00 [0.00-0.00]     |
|      200       |       1        |   8.00 [6.00-13.00]   |   1.00 [1.00-1.08]    |   8.03 [6.02-13.05]    |    0.50 [0.50-0.54]    |    0.00 [0.00-0.01]     |
|      201       |       1        |   5.00 [4.00-10.16]   |   0.00 [0.00-0.00]    |   8.01 [6.08-17.55]    |    0.00 [0.00-0.00]    |    0.00 [0.00-0.00]     |
|      202       |       1        |   9.00 [6.00-14.16]   |   0.00 [0.00-0.00]    |   9.00 [6.00-14.16]    |    0.00 [0.00-0.00]    |    0.00 [0.00-0.00]     |
|      203       |       1        |   9.00 [7.00-12.00]   |   0.00 [0.00-0.00]    |  15.56 [11.35-21.31]   |    0.00 [0.00-0.00]    |    0.00 [0.00-0.00]     |
|      204       |       1        |   8.00 [6.84-11.16]   |   0.00 [0.00-0.00]    |  13.54 [10.89-19.33]   |    0.00 [0.00-0.00]    |    0.00 [0.00-0.00]     |
|      205       |       1        |   6.00 [5.00-9.00]    |   0.00 [0.00-0.00]    |   9.50 [7.68-15.06]    |    0.00 [0.00-0.00]    |    0.00 [0.00-0.00]     |
|      206       |       1        |   4.00 [4.00-10.00]   |   0.00 [0.00-0.00]    |   4.00 [4.00-10.00]    |    0.00 [0.00-0.00]    |    0.01 [0.00-0.01]     |
|      207       |       1        |   7.00 [4.00-13.00]   |   0.00 [0.00-0.00]    |   7.00 [4.00-13.00]    |    0.00 [0.00-0.00]    |    0.00 [0.00-0.01]     |
|      208       |       1        |   6.00 [5.00-10.16]   |   3.00 [3.00-4.00]    |   8.60 [6.98-14.78]    |    1.38 [1.37-1.90]    |    0.01 [0.00-0.03]     |
|      209       |       1        |  10.00 [7.00-15.00]   |   0.00 [0.00-0.00]    |   10.00 [7.00-15.00]   |    0.00 [0.00-0.00]    |    0.00 [0.00-0.00]     |
|      210       |       1        |   9.50 [8.42-13.50]   |   8.50 [8.00-9.58]    |  13.34 [11.06-19.44]   |    3.77 [3.51-4.22]    |    0.01 [0.00-0.03]     |
|      212       |       1        |   4.00 [2.00-9.16]    |   0.00 [0.00-0.00]    |   7.70 [3.98-16.62]    |    0.00 [0.00-0.00]    |    0.00 [0.00-0.03]     |
|      213       |       1        |   8.00 [6.00-14.00]   |   2.00 [1.00-2.00]    |   7.94 [6.09-13.51]    |    1.00 [0.50-1.03]    |    0.00 [0.00-0.02]     |
|      214       |       1        |   7.00 [5.00-11.00]   |   0.00 [0.00-0.00]    |   12.29 [9.11-18.22]   |    0.00 [0.00-0.00]    |    0.00 [0.00-0.00]     |
|      215       |       1        |  12.00 [10.00-16.08]  |   5.00 [5.00-6.00]    |  12.31 [10.26-16.49]   |    2.48 [2.48-3.04]    |    0.00 [0.00-0.01]     |
|      217       |       1        |  10.00 [7.00-14.00]   |   3.00 [3.00-3.00]    |   10.00 [7.00-14.00]   |    1.50 [1.50-1.51]    |    0.00 [0.00-0.02]     |
|      218       |       1        |  11.00 [8.42-14.58]   |   3.00 [2.00-4.50]    |   10.11 [7.21-12.86]   |    1.55 [1.08-2.28]    |    0.00 [0.00-0.02]     |
|      219       |       1        |   4.00 [3.00-8.00]    |   2.00 [2.00-3.00]    |   7.33 [5.59-14.64]    |    0.94 [0.94-1.47]    |    0.03 [0.00-0.10]     |
|      220       |       1        |   7.00 [5.00-10.16]   |   0.00 [0.00-0.00]    |   12.16 [9.27-17.70]   |    0.00 [0.00-0.00]    |    0.00 [0.00-0.00]     |
|      221       |       1        |  10.50 [7.00-16.00]   |   2.00 [1.00-4.00]    |   8.06 [5.83-12.28]    |    1.23 [0.58-2.35]    |    0.01 [0.00-0.06]     |
|      222       |       1        |   3.00 [2.00-8.00]    |   0.00 [0.00-0.00]    |   4.54 [2.99-12.38]    |    0.00 [0.00-0.00]    |    0.01 [0.00-0.05]     |
|      223       |       1        |   3.00 [2.00-9.16]    |   0.00 [0.00-0.00]    |   5.81 [3.97-16.73]    |    0.00 [0.00-0.00]    |    0.01 [0.00-0.03]     |
|      225       |       1        |   9.00 [6.00-12.00]   |   1.00 [1.00-1.00]    |   9.00 [6.00-12.00]    |    0.50 [0.50-0.50]    |    0.00 [0.00-0.01]     |
|      226       |       1        |   3.00 [3.00-7.16]    |   0.00 [0.00-0.00]    |   5.15 [5.15-12.76]    |    0.00 [0.00-0.00]    |    0.01 [0.00-0.01]     |
|      228       |       1        |  10.00 [8.00-14.16]   |   1.00 [0.00-1.00]    |   10.20 [8.22-13.59]   |    0.52 [0.00-0.56]    |    0.00 [0.00-0.00]     |
|      229       |       1        |   4.00 [4.00-8.16]    |   0.00 [0.00-0.00]    |   6.90 [6.90-14.81]    |    0.00 [0.00-0.00]    |    0.00 [0.00-0.00]     |
|      230       |       1        |   5.00 [4.00-10.00]   |   0.00 [0.00-0.00]    |   9.15 [7.47-18.16]    |    0.00 [0.00-0.00]    |    0.00 [0.00-0.00]     |
|      231       |       1        |   9.50 [7.34-13.66]   |   5.50 [5.50-6.50]    |   11.51 [8.79-17.41]   |    2.53 [2.46-2.97]    |    0.01 [0.00-0.04]     |
|      232       |       1        |   9.83 [7.83-13.13]   |   2.00 [2.00-2.17]    |   9.87 [7.86-13.15]    |    1.03 [1.00-1.11]    |    0.00 [0.00-0.01]     |
|      233       |       1        |   7.00 [6.00-10.00]   |   0.00 [0.00-0.00]    |  13.32 [10.85-18.32]   |    0.00 [0.00-0.00]    |    0.00 [0.00-0.00]     |
|      237       |       1        |   7.00 [5.00-13.16]   |   0.00 [0.00-0.00]    |   7.00 [5.00-13.16]    |    0.00 [0.00-0.00]    |    0.00 [0.00-0.01]     |
|      239       |       1        |   9.00 [7.00-14.00]   |   0.00 [0.00-0.00]    |   9.00 [7.00-14.00]    |    0.00 [0.00-0.00]    |    0.00 [0.00-0.00]     |
|      240       |       1        |   7.00 [4.00-11.00]   |   2.00 [2.00-2.00]    |   11.72 [7.12-19.42]   |    0.87 [0.86-0.89]    |    0.00 [0.00-0.02]     |
|      244       |       1        |   8.00 [6.00-10.16]   |   0.00 [0.00-0.00]    |  14.28 [10.54-18.89]   |    0.00 [0.00-0.00]    |    0.00 [0.00-0.00]     |
|      246       |       1        |  10.00 [7.00-15.16]   |   0.00 [0.00-0.00]    |   10.00 [7.00-15.16]   |    0.00 [0.00-0.00]    |    0.00 [0.00-0.00]     |
|      247       |       1        |  10.00 [7.00-14.00]   |   0.00 [0.00-0.00]    |   10.00 [7.00-14.00]   |    0.00 [0.00-0.00]    |    0.00 [0.00-0.00]     |
|      248       |       1        |   8.00 [6.00-11.16]   |   0.00 [0.00-0.00]    |  13.37 [10.69-19.57]   |    0.00 [0.00-0.00]    |    0.00 [0.00-0.00]     |
|      249       |       1        |   8.00 [6.00-12.00]   |   0.00 [0.00-0.00]    |  14.58 [10.57-20.20]   |    0.00 [0.00-0.00]    |    0.00 [0.00-0.00]     |
|      250       |       1        |   9.00 [7.00-13.00]   |   0.00 [0.00-0.00]    |   9.00 [7.00-13.00]    |    0.00 [0.00-0.00]    |    0.00 [0.00-0.00]     |
|      251       |       1        |   3.00 [2.00-9.32]    |   0.00 [0.00-0.00]    |   5.78 [3.94-16.71]    |    0.00 [0.00-0.00]    |    0.01 [0.00-0.03]     |
|      252       |       1        |   5.00 [3.00-12.16]   |   0.00 [0.00-0.00]    |   9.10 [5.40-21.24]    |    0.00 [0.00-0.00]    |    0.00 [0.00-0.01]     |
|      253       |       1        |   6.00 [4.00-10.00]   |   0.00 [0.00-0.00]    |   10.34 [7.72-17.90]   |    0.00 [0.00-0.00]    |    0.00 [0.00-0.00]     |
|      254       |       1        |   8.00 [6.00-13.00]   |   0.00 [0.00-0.00]    |  13.23 [10.28-22.04]   |    0.00 [0.00-0.00]    |    0.00 [0.00-0.00]     |
|      255       |       1        |   6.00 [4.50-8.00]    |   4.00 [4.00-5.55]    |   9.09 [7.28-11.98]    |    1.81 [1.80-2.51]    |    0.01 [0.00-0.10]     |
|      256       |       1        |  15.00 [11.00-20.00]  |   1.00 [0.00-2.16]    |   11.20 [8.47-15.38]   |    0.56 [0.00-1.34]    |    0.00 [0.00-0.00]     |
|      259       |       1        |   3.00 [2.00-7.00]    |   0.00 [0.00-0.00]    |   5.14 [3.44-12.38]    |    0.00 [0.00-0.00]    |    0.01 [0.00-0.04]     |
|      260       |       1        |   7.00 [5.00-11.00]   |   0.00 [0.00-0.00]    |   11.36 [7.85-17.92]   |    0.00 [0.00-0.00]    |    0.00 [0.00-0.00]     |
|      261       |       1        |   5.00 [4.00-10.47]   |   0.00 [0.00-0.00]    |   5.00 [4.00-10.47]    |    0.00 [0.00-0.00]    |    0.01 [0.00-0.01]     |
|      262       |       1        |   9.00 [5.00-14.16]   |   2.00 [0.00-4.00]    |   9.24 [5.25-13.92]    |    1.03 [0.00-2.01]    |    0.00 [0.00-0.08]     |
|      264       |       1        |  12.00 [9.00-16.00]   |   2.00 [2.00-3.08]    |   10.48 [7.76-14.74]   |    1.08 [1.03-1.72]    |    0.00 [0.00-0.01]     |
|      265       |       1        |   8.50 [6.42-11.58]   |   5.00 [4.50-6.00]    |   12.24 [9.18-15.95]   |    2.23 [1.95-2.63]    |    0.00 [0.00-0.03]     |
|      266       |       1        |   7.00 [4.00-11.32]   |   0.00 [0.00-0.00]    |   7.00 [4.00-11.32]    |    0.00 [0.00-0.00]    |    0.00 [0.00-0.01]     |
|      267       |       1        |   5.00 [4.00-12.16]   |   0.00 [0.00-0.00]    |   5.00 [4.00-12.16]    |    0.00 [0.00-0.00]    |    0.00 [0.00-0.01]     |
|      269       |       1        |  14.00 [10.00-18.16]  |   0.50 [0.00-4.00]    |  12.15 [10.02-15.87]   |    0.28 [0.00-2.19]    |    0.00 [0.00-0.00]     |
|      270       |       1        |   7.00 [5.00-11.00]   |   1.00 [1.00-2.00]    |   12.59 [9.21-18.98]   |    0.41 [0.41-0.82]    |    0.00 [0.00-0.00]     |
|      271       |       1        |   7.00 [6.00-10.16]   |   0.00 [0.00-0.00]    |  12.53 [10.41-18.82]   |    0.00 [0.00-0.00]    |    0.00 [0.00-0.00]     |
|      272       |       1        |   7.00 [5.84-11.00]   |   0.00 [0.00-0.00]    |   11.29 [9.04-18.65]   |    0.00 [0.00-0.00]    |    0.00 [0.00-0.00]     |
|      273       |       1        |   5.00 [4.00-9.00]    |   0.00 [0.00-0.00]    |   8.84 [7.03-16.48]    |    0.00 [0.00-0.00]    |    0.00 [0.00-0.00]     |
|      274       |       1        |   9.00 [7.00-15.00]   |   0.00 [0.00-1.16]    |   6.52 [4.94-11.47]    |    0.00 [0.00-0.74]    |    0.00 [0.00-0.02]     |
|      275       |       1        |   7.00 [4.50-14.16]   |   1.00 [1.00-1.50]    |   7.04 [4.56-14.27]    |    0.50 [0.50-0.75]    |    0.00 [0.00-0.06]     |
|      276       |       1        |   9.00 [7.00-13.16]   |   0.00 [0.00-0.00]    |   9.00 [7.00-13.16]    |    0.00 [0.00-0.00]    |    0.00 [0.00-0.00]     |
|      277       |       1        |   6.00 [6.00-10.00]   |   0.00 [0.00-0.00]    |   6.27 [6.27-10.62]    |    0.00 [0.00-0.00]    |    0.00 [0.00-0.00]     |
|      278       |       1        |  10.00 [7.00-14.00]   |   0.00 [0.00-0.00]    |   10.00 [7.00-14.00]   |    0.00 [0.00-0.00]    |    0.00 [0.00-0.00]     |
|      279       |       1        |   8.00 [5.00-14.16]   |   0.00 [0.00-2.00]    |   8.60 [5.53-14.38]    |    0.00 [0.00-1.00]    |    0.00 [0.00-0.03]     |
|      281       |       1        |   5.00 [4.50-9.79]    |   2.00 [2.00-2.50]    |   5.86 [5.27-11.20]    |    1.09 [1.04-1.37]    |    0.03 [0.00-0.09]     |
|      282       |       1        |   9.50 [7.00-14.16]   |   0.00 [0.00-0.00]    |   9.50 [7.00-14.16]    |    0.00 [0.00-0.00]    |    0.00 [0.00-0.00]     |
|      283       |       1        |   9.00 [7.00-14.00]   |   0.00 [0.00-0.00]    |   9.00 [7.00-14.00]    |    0.00 [0.00-0.00]    |    0.00 [0.00-0.00]     |
|      284       |       1        |   7.00 [5.00-10.16]   |   0.00 [0.00-0.00]    |   12.75 [7.95-18.35]   |    0.00 [0.00-0.00]    |    0.00 [0.00-0.00]     |
|      285       |       1        |  11.00 [7.00-16.00]   |   0.00 [0.00-0.00]    |   11.00 [7.00-16.00]   |    0.00 [0.00-0.00]    |    0.00 [0.00-0.00]     |
|      287       |       1        |   9.25 [7.00-12.50]   |   1.00 [1.00-1.50]    |   13.55 [9.82-19.07]   |    0.44 [0.42-0.65]    |    0.00 [0.00-0.00]     |
|      288       |       1        |   9.00 [6.42-14.08]   |   3.00 [3.00-4.00]    |   9.19 [6.63-14.50]    |    1.48 [1.48-1.96]    |    0.00 [0.00-0.05]     |
|      289       |       1        |  12.00 [9.00-15.58]   |   1.00 [1.00-3.00]    |   11.40 [8.70-15.24]   |    0.55 [0.52-1.59]    |    0.00 [0.00-0.00]     |
|      290       |       1        |   5.00 [4.00-9.00]    |   0.00 [0.00-0.00]    |   8.79 [7.00-16.18]    |    0.00 [0.00-0.00]    |    0.00 [0.00-0.00]     |
|      291       |       1        |   8.00 [6.00-13.00]   |   0.00 [0.00-0.00]    |   8.00 [6.00-13.00]    |    0.00 [0.00-0.00]    |    0.00 [0.00-0.00]     |
|      292       |       1        |  11.00 [9.00-14.00]   |   0.00 [0.00-0.00]    |   11.00 [9.00-14.00]   |    0.00 [0.00-0.00]    |    0.00 [0.00-0.00]     |
|      293       |       1        |   8.00 [7.00-13.16]   |   1.00 [1.00-2.00]    |   11.77 [9.88-19.58]   |    0.47 [0.47-0.94]    |    0.00 [0.00-0.00]     |
|      294       |       1        |  13.00 [10.00-16.16]  |   1.00 [0.00-1.00]    |   11.13 [8.11-14.09]   |    0.52 [0.00-0.58]    |    0.00 [0.00-0.00]     |
|      295       |       1        |   7.00 [6.00-13.00]   |   0.00 [0.00-0.00]    |   7.00 [6.00-13.00]    |    0.00 [0.00-0.00]    |    0.00 [0.00-0.00]     |
|      297       |       1        |  10.00 [7.00-13.00]   |   0.00 [0.00-0.00]    |   10.00 [7.00-13.00]   |    0.00 [0.00-0.00]    |    0.00 [0.00-0.00]     |
|      298       |       1        |   7.00 [4.00-11.16]   |   0.00 [0.00-0.00]    |   11.32 [6.61-19.44]   |    0.00 [0.00-0.00]    |    0.00 [0.00-0.00]     |
|      299       |       1        |  10.00 [8.00-13.00]   |   2.00 [2.00-2.00]    |   10.00 [8.00-13.00]   |    1.02 [1.01-1.03]    |    0.00 [0.00-0.00]     |
|      300       |       1        |   6.00 [5.00-10.00]   |   0.00 [0.00-0.00]    |   10.58 [8.60-18.26]   |    0.00 [0.00-0.00]    |    0.00 [0.00-0.00]     |
|      304       |       1        |   9.00 [6.00-14.00]   |   1.00 [0.00-2.16]    |   6.28 [4.31-10.11]    |    0.63 [0.00-1.37]    |    0.00 [0.00-0.05]     |
|      305       |       1        |   7.50 [5.50-12.50]   |   6.50 [6.50-6.58]    |   13.18 [9.98-19.86]   |    2.67 [2.65-2.77]    |    0.01 [0.00-0.03]     |
|      306       |       1        |   6.00 [5.00-13.16]   |   0.00 [0.00-0.00]    |   11.65 [9.60-21.98]   |    0.00 [0.00-0.00]    |    0.00 [0.00-0.00]     |
|      307       |       1        |   4.00 [3.00-10.16]   |   0.00 [0.00-0.00]    |   7.71 [5.84-18.04]    |    0.00 [0.00-0.00]    |    0.00 [0.00-0.01]     |
|      308       |       1        |   6.00 [4.00-12.00]   |   0.00 [0.00-0.00]    |   10.71 [7.75-20.38]   |    0.00 [0.00-0.00]    |    0.00 [0.00-0.00]     |
|      309       |       1        |   8.00 [7.00-12.16]   |   1.00 [0.00-1.00]    |   7.93 [6.91-11.84]    |    0.52 [0.00-0.56]    |    0.00 [0.00-0.00]     |
|      310       |       1        |  14.00 [10.84-19.16]  |   1.00 [0.00-3.00]    |  13.66 [10.20-17.69]   |    0.56 [0.00-1.56]    |    0.00 [0.00-0.00]     |
|      311       |       1        |   3.00 [2.00-9.00]    |   0.00 [0.00-0.00]    |   5.75 [3.94-15.23]    |    0.00 [0.00-0.00]    |    0.01 [0.00-0.03]     |
|      312       |       1        |  12.00 [8.00-17.00]   |   0.00 [0.00-2.00]    |   9.57 [6.30-13.61]    |    0.00 [0.00-1.11]    |    0.00 [0.00-0.00]     |
|      313       |       1        |   8.00 [7.00-13.58]   |   2.00 [1.00-2.50]    |   8.36 [7.33-13.37]    |    1.00 [0.51-1.32]    |    0.00 [0.00-0.01]     |
|      314       |       1        |  10.67 [8.00-14.00]   |   2.00 [2.00-3.24]    |   10.44 [7.87-13.78]   |    1.01 [1.01-1.65]    |    0.00 [0.00-0.00]     |
|      315       |       1        |   7.00 [5.00-10.08]   |   1.00 [1.00-2.00]    |   7.82 [5.40-12.31]    |    0.47 [0.45-0.91]    |    0.00 [0.00-0.01]     |
|      316       |       1        |  10.00 [7.00-15.00]   |   2.00 [2.00-2.00]    |   10.00 [7.00-15.00]   |    1.02 [1.01-1.05]    |    0.00 [0.00-0.01]     |
|      317       |       1        |  11.00 [8.00-16.00]   |   7.00 [6.00-8.00]    |   12.62 [9.27-16.92]   |    3.24 [2.86-4.07]    |    0.00 [0.00-0.04]     |
|      318       |       1        |   8.00 [6.00-12.32]   |   2.00 [2.00-2.00]    |   8.00 [6.00-12.32]    |    1.00 [1.00-1.00]    |    0.00 [0.00-0.02]     |
|      319       |       1        |   9.00 [7.00-13.00]   |   1.00 [1.00-1.00]    |  12.72 [10.11-17.95]   |    0.43 [0.42-0.45]    |    0.00 [0.00-0.00]     |
|      320       |       1        |   8.00 [6.00-11.16]   |   3.00 [3.00-3.00]    |   14.25 [9.62-19.10]   |    1.38 [1.37-1.38]    |    0.00 [0.00-0.01]     |
|      321       |       1        |   9.00 [8.00-12.00]   |   1.00 [1.00-2.00]    |   9.00 [8.00-12.00]    |    0.60 [0.57-1.18]    |    0.00 [0.00-0.00]     |
|      322       |       1        |  10.00 [6.00-14.00]   |   3.00 [3.00-3.33]    |   10.07 [6.04-14.11]   |    1.50 [1.50-1.67]    |    0.00 [0.00-0.04]     |
|      323       |       1        |   8.00 [5.00-12.00]   |   1.00 [1.00-1.50]    |   8.11 [5.07-12.16]    |    0.50 [0.50-0.75]    |    0.00 [0.00-0.02]     |
|      324       |       1        |  10.00 [8.00-14.00]   |   0.00 [0.00-0.00]    |   10.00 [8.00-14.00]   |    0.00 [0.00-0.00]    |    0.00 [0.00-0.00]     |
|      325       |       1        |   9.50 [7.50-15.05]   |   5.50 [5.00-6.17]    |   9.76 [7.71-15.33]    |    2.72 [2.48-3.05]    |    0.02 [0.00-0.06]     |
|      326       |       1        |   7.00 [5.00-11.32]   |   2.00 [2.00-2.00]    |   12.64 [9.17-20.19]   |    0.82 [0.81-0.84]    |    0.00 [0.00-0.00]     |
|      328       |       1        |  11.00 [9.00-15.00]   |   0.00 [0.00-0.00]    |   11.00 [9.00-15.00]   |    0.00 [0.00-0.00]    |    0.00 [0.00-0.00]     |
|      329       |       1        |   9.00 [6.00-14.00]   |   0.00 [0.00-0.00]    |   9.00 [6.00-14.00]    |    0.00 [0.00-0.00]    |    0.00 [0.00-0.00]     |
|      330       |       1        |  10.00 [8.00-14.58]   |   6.50 [6.00-7.50]    |   10.65 [8.51-15.45]   |    3.19 [2.95-3.68]    |    0.01 [0.00-0.07]     |
|      331       |       1        |   7.00 [5.00-12.16]   |   0.00 [0.00-0.00]    |   7.00 [5.00-12.16]    |    0.00 [0.00-0.00]    |    0.00 [0.00-0.00]     |
|      332       |       1        |  12.00 [10.00-16.00]  |   1.00 [1.00-2.00]    |   11.14 [9.92-14.77]   |    0.58 [0.53-1.10]    |    0.00 [0.00-0.00]     |
|      333       |       1        |   9.00 [7.00-13.16]   |   0.00 [0.00-0.00]    |   9.00 [7.00-13.16]    |    0.00 [0.00-0.00]    |    0.00 [0.00-0.00]     |
|      334       |       1        |  11.00 [8.00-15.00]   |   0.00 [0.00-0.00]    |   11.00 [8.00-15.00]   |    0.00 [0.00-0.00]    |    0.00 [0.00-0.00]     |
|      337       |       1        |   9.00 [6.84-13.32]   |   1.00 [1.00-1.00]    |   11.14 [8.34-16.76]   |    0.46 [0.45-0.46]    |    0.00 [0.00-0.00]     |
|      338       |       1        |   7.00 [5.00-12.16]   |   0.00 [0.00-0.00]    |   13.03 [9.03-20.29]   |    0.00 [0.00-0.00]    |    0.00 [0.00-0.00]     |
|      339       |       1        |  10.00 [8.00-13.16]   |   2.00 [2.00-2.00]    |   10.00 [8.00-13.16]   |    1.02 [1.00-1.02]    |    0.00 [0.00-0.00]     |
|      341       |       1        |   9.00 [5.00-14.00]   |   0.00 [0.00-0.00]    |   9.00 [5.00-14.00]    |    0.00 [0.00-0.00]    |    0.00 [0.00-0.00]     |
|      342       |       1        |   8.50 [5.42-12.08]   |   4.50 [4.00-5.50]    |   9.86 [6.24-14.10]    |    2.13 [1.88-2.54]    |    0.01 [0.00-0.12]     |
