
Analysis Description
--------------------
FEL (Fixed Effects Likelihood) estimates site-wise synonymous (&alpha;)
and non-synonymous (&beta;) rates, and uses a likelihood ratio test to
determine if beta &neq; alpha at a site. The estimates aggregate
information over all branches, so the signal is derived from pervasive
diversification or conservation. A subset of branches can be selected
for testing as well, in which case an additional (nuisance) parameter
will be inferred -- the non-synonymous rate on branches NOT selected for
testing. Multiple partitions within a NEXUS file are also supported for
recombination - aware analysis. Version 2.5 adds MH support. Version 2.6
adds substitution mapping. 

- __Requirements__: in-frame codon alignment and a phylogenetic tree

- __Citation__: Not So Different After All: A Comparison of Methods for Detecting Amino
Acid Sites Under Selection (2005). _Mol Biol Evol_ 22 (5): 1208-1222

- __Written by__: Sergei L Kosakovsky Pond and Simon DW Frost

- __Contact Information__: spond@temple.edu

- __Analysis Version__: 2.6


>code => Universal

-------
>[WARNING]
'/Users/alex/Documents/selection-tutorial/data/21-empirical/HIV_RT.nex'
contains 1 duplicate sequence. Identical sequences do not contribute any
information to the analysis and only slow down computation. Please
consider removing duplicate or 'nearly' duplicate sequences, e.g. using
https://github.com/veg/hyphy-analyses/tree/master/remove-duplicates
prior to running selection analyses
-------
>Loaded a multiple sequence alignment with **476** sequences, **335** codons, and **1** partitions from `/Users/alex/Documents/selection-tutorial/data/21-empirical/HIV_RT.nex`

>branches => All

>srv => Yes

>multiple-hits => None

>Select the p-value threshold to use when testing for selection (permissible range = [0,1], default value = 0.1): 
>pvalue => 0.1

>ci => No
Only analyze sites whose 1-based indices match the following list (null to skip) : 
>limit-to-sites => null
For sites whose 1-based indices match the following list, write out likelihood function snapshots (null string to skip) : 
>save-lf-for-sites => null

>[Advanced setting, will result in MUCH SLOWER run time] Perform parametric bootstrap resampling to derive site-level null LRT distributions up to this many replicates per site. Recommended use for small to medium (<30 sequences) datasets (permissible range = [0,1000], default value = 50, integer): 
>resample => 0


### Branches to include in the FEL analysis
Selected 949 branches to include in FEL calculations: `T27199905, N27199901, Node16, T20720000, N20719991, Node25, T72200011, N72199903, Node28, Node24, T13820000, N13819981, Node32, T90200101, N90199902, Node35, Node31, Node23, T17520011, N17519990, Node39, T14220000, N14219990, Node43, T14019990, N14019990, Node46, Node42, Node38, Node22, T15820000, N15819990, Node50, T17020000, N17019990, Node54, T23020000, N23019990, Node58, T22619990, N22619990, Node61, Node57, Node53, Node49, Node21, T11620001, N11619991, Node66, T21219991, N21219990, Node69, Node65, T12920010, N12919991, Node73, T11520000, N11519991, Node76, Node72, Node64, Node20, T84200002, N84199903, Node85, T15220010, N15219990, Node88, Node84, T19620000, N19619990, Node91, Node83, N28199901, T17319991, N17319990, Node100, T70200202, N70199812, Node104, T69200009, N69199906, Node107, Node103, Node99, T19720020, N19719990, Node111, T11120010, N11119990, Node114, Node110, Node98, Node96, T45200208, N45200201, Node117, Node95, T24020080, N24020071, Node122, T15120020, N15119991, Node125, Node121, T36199905, N36199901, Node128, Node120, Node94, Node82, T22320001, N22319990, Node135, T14120000, N14119990, Node138, Node134, T16019991, N16019991, Node141, Node133, T23620000, N23619991, Node147, T19520010, N19519990, Node150, Node146, T13200309, N13200010, Node153, Node145, T22520011, N22519990, Node157, T14200204, N14200012, Node160, Node156, Node144, Node132, T22220000, N22219991, Node166, T23720060, N23720041, Node171, T16720001, N16719991, Node174, Node170, T21120000, N21119990, Node178, T12519990, N12519981, Node182, T64199905, N64199904, Node185, Node181, Node177, Node169, Node165, T93200203, N93199906, Node192, T31200003, Node191, T18819991, N18819990, Node197, T88200112, N88199901, Node201, T8200310, N8199907, Node204, Node200, Node196, Node190, T21519991, N21519990, Node208, T23120000, N23119990, Node211, Node207, Node189, T22720000, N22719990, Node221, T66200012, N66199812, Node224, Node220, T32200007, N32199901, Node227, Node219, T23320011, N23319990, Node231, T15719991, N15719990, Node234, Node230, Node218, T10920010, N10919990, Node240, T97200204, N97199901, Node243, Node239, T24200309, N24200206, Node246, Node238, T16519991, N16519990, Node249, Node237, Node217, T17920000, N17919990, Node256, T74200204, T7199811, N7199611, Node261, Node259, Node255, T10020000, N10019990, Node265, T94200105, N94199910, Node268, Node264, Node254, T20620010, N20619990, Node272, T25200305, N25200207, Node275, Node271, Node253, N74199812, Node252, Node216, T13019990, N13019981, Node282, T16420011, N16419990, Node286, T17620000, N17619981, Node290, T29200003, N29199901, Node293, Node289, Node285, Node281, T18319990, N18319990, Node297, T24220020, N24220000, Node302, T85199908, N85199811, Node306, T22199809, Node305, Node301, T17199703, Node300, Node296, Node280, T10720000, N10719990, Node314, T1199908, Node313, T20200108, N20200107, Node318, Node312, T62200201, N62200101, Node322, N2199809, Node321, Node311, Node279, Node215, T14920010, N14919990, Node329, T11819990, N11819990, Node332, Node328, T23520000, N23519990, Node338, T10219990, N10219981, Node341, Node337, T14819991, N14819990, Node345, T6200007, N6199906, Node348, Node344, Node336, T13519991, N13519990, Node352, T67199909, N67199906, Node355, Node351, Node335, Node327, T21920000, N21919990, Node360, T18520000, N18519990, Node363, Node359, T14620001, N14619991, Node366, Node358, Node326, Node214, Node188, Node164, T16219990, N16219990, Node370, T16620000, N16619990, Node373, Node369, Node163, Node131, Node81, T82200102, N82199909, Node382, T12719990, N12719990, Node386, T76200005, N76199904, Node389, Node385, Node381, T22020000, N22019990, Node393, T11920000, N11919991, Node397, T11420000, N11419990, Node400, Node396, Node392, Node380, T23420001, N23419990, Node404, T13720000, N13719991, Node407, Node403, Node379, T78199912, N78199911, Node413, T75200101, N75199811, Node416, Node412, T13620010, N13619991, Node421, T16200304, N16200103, Node424, Node420, T18200309, N18200108, Node427, Node419, Node411, T26200211, N26200207, Node431, T21420000, N21419990, Node435, T13219990, N13219990, Node440, N31199901, Node439, T89199904, N89199902, Node445, T44200204, N44200201, Node448, Node444, Node438, Node434, Node430, Node410, Node378, T22820001, N22819990, Node459, T11200103, N11199911, Node462, Node458, T10320000, N10319990, Node465, Node457, T87200011, N87199903, Node469, T22420000, N22419990, Node472, Node468, Node456, T15319991, N15319990, Node475, Node455, T16119990, N16119990, Node479, T15520000, N15519981, Node483, T20520000, N20519990, Node487, T20419990, N20419990, Node491, T15019990, N15019990, Node494, Node490, Node486, Node482, Node478, Node454, T19219990, N19219990, Node498, T12020020, N12019991, Node501, Node497, Node453, T63200201, N63200101, Node506, T15920000, N15919990, Node510, T19120010, N19119990, Node513, Node509, Node505, T17420020, N17419990, Node516, Node504, Node452, T10420000, N10419990, Node522, T14720001, N14719991, Node525, Node521, T81200002, N81199910, Node529, T12200101, N12200008, Node532, Node528, Node520, T21019991, N21019990, Node535, Node519, Node451, Node377, T19020020, N19019990, Node541, T18720000, N18719990, Node545, T14320001, N14319990, Node549, T11319991, N11319990, Node552, Node548, Node544, Node540, T99200101, N99199903, Node556, T71200006, N71199901, Node559, Node555, Node539, T19420000, N19419981, Node564, T30199909, N30199901, Node567, Node563, T15419990, N15419981, Node571, T86200009, N86199901, Node574, Node570, Node562, Node538, Node376, Node80, N22199107, T22920001, N22919990, Node582, T11220000, N11219990, Node585, Node581, N19819990, T12619990, N12619990, Node594, Node592, T10200305, N10199911, Node597, Node591, T19920000, N19919991, Node601, T98199910, N98199901, Node604, Node600, Node590, N17199606, T23220001, N23219990, Node618, T15619991, N15619990, Node621, Node617, T17720000, N17719990, Node624, Node616, T21720000, N21719990, Node629, T21620020, N21619990, Node632, Node628, T33200009, N33199901, Node635, Node627, Node615, T18420000, N18419990, Node640, T83200010, N83199909, Node644, T79200004, N79199912, Node647, Node643, Node639, T12120000, N12119990, Node650, Node638, Node614, T17120000, N17119990, Node654, T12320000, N12319990, Node658, T95200001, N95199908, Node661, Node657, Node653, Node613, T37199910, N37199901, Node665, T20920000, N20919990, Node670, T18220000, N18219990, Node673, Node669, T35200006, N35199901, N34199901, Node679, T34199911, Node678, Node676, Node668, Node664, Node612, T18120000, N18119990, Node683, Node611, T13419991, N13419990, Node687, T13119990, N13119990, Node690, Node686, Node610, T20319990, N20319990, Node694, T21199809, N21199201, Node697, Node693, Node609, Node607, Node589, T20120010, N20119991, Node702, N1199101, Node701, T21319991, N21319990, Node707, T28200101, Node706, Node700, Node588, Node580, Node578, T16920011, N16919990, Node715, T20219990, N20219981, Node721, T12219990, N12219990, Node724, Node720, T12419991, N12419991, Node728, T11020000, N11019990, Node731, Node727, Node719, T13920000, N13919981, Node735, T43200209, N43200201, Node738, Node734, Node718, Node714, T17820020, N17819990, Node742, T12819991, N12819990, Node745, Node741, Node713, T18919990, N18919981, Node752, T10120000, N10119990, Node755, Node751, T20020000, N20019991, Node758, Node750, T22120000, N22119990, Node761, Node749, T10620010, N10619990, Node766, T96199911, N96199908, Node769, Node765, T68199912, N68199905, Node773, T15200201, N15200101, Node776, Node772, Node764, Node748, Node712, T16820010, N16819990, Node782, T11720000, N11719991, Node785, Node781, T92200003, N92199904, Node788, Node780, T19320000, N19319990, Node791, Node779, Node711, Node577, Node79, Node19, Node15, T9200006, N9199909, Node795, T23200207, N23200204, Node798, Node794, Node14, T13320000, N13319990, Node804, T5200107, N5199906, Node807, Node803, T16320000, N16319990, Node812, T14520001, N14519991, Node815, Node811, T91199912, N91199903, Node819, T4200608, N4199904, Node822, Node818, Node810, Node802, T18620020, N18619991, Node826, T10819990, N10819981, Node829, Node825, Node801, Node13, T80200007, N80199904, Node832, Node12, T73200108, N73199904, Node836, T65200101, N65199902, Node841, T19820000, T18020000, N18019990, Node847, Node845, T17220001, N17219990, Node850, Node844, Node840, T3200011, N3199901, Node853, Node839, Node835, Node11, T14420000, N14419990, Node856, Node10, T10520000, N10519990, Node859, Node9, T40199905, N40199903, Node864, T39199907, N39199905, Node867, Node863, T38199907, N38199905, Node870, Node862, Node8, T20820000, N20819990, Node873, Node7, T23820090, N23820050, Node877, T77200005, N77199906, Node880, Node876, Node6, T24120081, Node5, T41200107, N41200002, Node885, T56200502, Node884, Node4, T49200502, N49200412, Node889, Node3, T51200502, N51200412, Node892, Node2, T47200502, N47200412, Node900, T59200502, N59200412, Node904, T60200502, N60200412, Node907, Node903, Node899, T54200502, N54200412, Node911, T48200502, N48200412, Node914, Node910, Node898, T23920070, N23920060, Node919, T50200502, N50200412, Node922, Node918, T52200502, N52200412, Node925, Node917, Node897, T55200502, N55200412, Node931, T46200502, N46200412, Node934, Node930, T61200502, N61200412, Node937, Node929, T58200502, N58200412, Node940, Node928, Node896, T57200502, N57200412, Node944, N56200412, Node943, Node895, Node1, T53200502, N53200412`

>precision => standard


### Obtaining branch lengths and nucleotide substitution biases under the nucleotide GTR model

>kill-zero-lengths => Yes

### Deleted 39 zero-length internal branches: `Node13, Node14, Node164, Node19, Node190, Node214, Node216, Node285, Node335, Node392, Node4, Node411, Node451, Node453, Node455, Node482, Node490, Node504, Node538, Node539, Node544, Node577, Node580, Node588, Node609, Node610, Node611, Node612, Node615, Node639, Node679, Node765, Node81, Node825, Node844, Node895, Node899, Node98, Node99`
* Log(L) = -27758.89, AIC-c = 57435.62 (957 estimated parameters)
* 1 partition. Total tree length by partition (subs/site)  5.976

### Obtaining the global omega estimate based on relative GTR branch lengths and nucleotide substitution biases
* Log(L) = -26211.74, AIC-c = 54284.28 (925 estimated parameters)
* 1 partition. Total tree length by partition (subs/site)  6.414
* non-synonymous/synonymous rate ratio for *test* =   0.1960

>full-model => Yes

### Improving branch lengths, nucleotide substitution biases, and global dN/dS ratios under a full codon model
* Log(L) = -26144.62, AIC-c = 54150.05 (925 estimated parameters)
* 1 partition. Total tree length by partition (subs/site)  6.417
* non-synonymous/synonymous rate ratio for *test* =   0.1805

### For partition 1 these sites are significant at p <=0.1

|     Codon      |   Partition    |     alpha      |      beta      |      LRT       |Selection detected?|
|:--------------:|:--------------:|:--------------:|:--------------:|:--------------:|:-----------------:|
|       1        |       1        |        0.728   |        0.000   |       16.472   |  Neg. p = 0.0000  |
|       2        |       1        |        2.191   |        0.000   |       28.175   |  Neg. p = 0.0000  |
|       3        |       1        |        0.363   |        0.000   |        4.387   |  Neg. p = 0.0362  |
|       9        |       1        |        0.335   |        0.000   |        6.271   |  Neg. p = 0.0123  |
|       12       |       1        |        0.968   |        0.000   |       12.740   |  Neg. p = 0.0004  |
|       13       |       1        |        0.854   |        0.065   |       10.572   |  Neg. p = 0.0011  |
|       15       |       1        |        1.170   |        0.000   |       20.671   |  Neg. p = 0.0000  |
|       18       |       1        |        0.355   |        0.000   |        8.744   |  Neg. p = 0.0031  |
|       19       |       1        |        0.331   |        0.000   |        6.271   |  Neg. p = 0.0123  |
|       21       |       1        |        0.500   |        0.112   |        2.730   |  Neg. p = 0.0985  |
|       22       |       1        |        0.906   |        0.000   |       12.103   |  Neg. p = 0.0005  |
|       23       |       1        |        1.653   |        0.078   |       14.467   |  Neg. p = 0.0001  |
|       26       |       1        |        0.615   |        0.000   |       10.191   |  Neg. p = 0.0014  |
|       27       |       1        |        0.155   |        0.000   |        2.866   |  Neg. p = 0.0904  |
|       28       |       1        |        0.905   |        0.000   |       12.485   |  Neg. p = 0.0004  |
|       29       |       1        |        2.139   |        0.000   |       28.549   |  Neg. p = 0.0000  |
|       30       |       1        |        0.219   |        0.000   |        3.011   |  Neg. p = 0.0827  |
|       34       |       1        |        0.830   |        0.000   |       11.309   |  Neg. p = 0.0008  |
|       35       |       1        |        0.285   |        1.591   |        5.249   |  Pos. p = 0.0220  |
|       37       |       1        |        2.416   |        0.046   |       40.507   |  Neg. p = 0.0000  |
|       38       |       1        |        2.676   |        0.000   |       59.295   |  Neg. p = 0.0000  |
|       40       |       1        |        1.308   |        0.192   |       14.413   |  Neg. p = 0.0001  |
|       41       |       1        |        2.875   |        0.092   |        7.422   |  Neg. p = 0.0064  |
|       42       |       1        |        1.232   |        0.000   |       31.229   |  Neg. p = 0.0000  |
|       44       |       1        |        0.719   |        0.095   |        8.050   |  Neg. p = 0.0046  |
|       45       |       1        |        3.042   |        0.024   |      108.381   |  Neg. p = 0.0000  |
|       46       |       1        |        1.390   |        0.000   |       33.400   |  Neg. p = 0.0000  |
|       47       |       1        |        0.815   |        0.030   |       17.721   |  Neg. p = 0.0000  |
|       50       |       1        |        0.975   |        0.061   |       18.113   |  Neg. p = 0.0000  |
|       51       |       1        |        0.291   |        0.000   |       14.112   |  Neg. p = 0.0002  |
|       52       |       1        |        0.174   |        0.000   |        6.384   |  Neg. p = 0.0115  |
|       53       |       1        |        0.986   |        0.064   |       15.928   |  Neg. p = 0.0001  |
|       54       |       1        |        2.413   |        0.000   |       50.776   |  Neg. p = 0.0000  |
|       55       |       1        |        0.431   |        0.000   |       15.668   |  Neg. p = 0.0001  |
|       56       |       1        |        1.983   |        0.000   |       53.362   |  Neg. p = 0.0000  |
|       57       |       1        |        2.063   |        0.030   |       36.487   |  Neg. p = 0.0000  |
|       58       |       1        |        0.444   |        0.000   |       14.817   |  Neg. p = 0.0001  |
|       59       |       1        |        0.257   |        0.000   |        9.347   |  Neg. p = 0.0022  |
|       60       |       1        |        0.970   |        0.460   |        3.559   |  Neg. p = 0.0592  |
|       61       |       1        |        0.711   |        0.000   |       15.901   |  Neg. p = 0.0001  |
|       62       |       1        |        1.247   |        0.096   |       35.666   |  Neg. p = 0.0000  |
|       63       |       1        |        0.584   |        0.000   |       10.093   |  Neg. p = 0.0015  |
|       65       |       1        |        1.178   |        0.278   |        8.269   |  Neg. p = 0.0040  |
|       66       |       1        |        4.612   |        0.000   |      106.163   |  Neg. p = 0.0000  |
|       67       |       1        |        1.235   |        0.226   |       16.500   |  Neg. p = 0.0000  |
|       68       |       1        |        1.913   |        0.158   |       24.425   |  Neg. p = 0.0000  |
|       70       |       1        |        1.302   |        0.207   |       13.282   |  Neg. p = 0.0003  |
|       72       |       1        |        0.828   |        0.080   |       15.908   |  Neg. p = 0.0001  |
|       73       |       1        |        2.091   |        0.000   |       48.931   |  Neg. p = 0.0000  |
|       75       |       1        |        0.838   |        0.272   |        5.340   |  Neg. p = 0.0208  |
|       76       |       1        |        2.302   |        0.000   |       49.134   |  Neg. p = 0.0000  |
|       77       |       1        |        1.681   |        0.050   |       46.174   |  Neg. p = 0.0000  |
|       78       |       1        |        1.385   |        0.053   |       33.228   |  Neg. p = 0.0000  |
|       79       |       1        |        1.747   |        0.095   |       29.942   |  Neg. p = 0.0000  |
|       80       |       1        |        0.407   |        0.000   |       13.978   |  Neg. p = 0.0002  |
|       81       |       1        |        1.645   |        0.000   |       34.903   |  Neg. p = 0.0000  |
|       82       |       1        |        1.228   |        0.000   |       41.377   |  Neg. p = 0.0000  |
|       84       |       1        |        0.800   |        0.000   |       26.673   |  Neg. p = 0.0000  |
|       85       |       1        |        0.546   |        0.042   |        7.842   |  Neg. p = 0.0051  |
|       86       |       1        |        1.429   |        0.000   |       50.108   |  Neg. p = 0.0000  |
|       87       |       1        |        1.984   |        0.025   |       56.034   |  Neg. p = 0.0000  |
|       89       |       1        |        1.231   |        0.032   |       25.048   |  Neg. p = 0.0000  |
|       90       |       1        |        1.714   |        0.179   |       28.186   |  Neg. p = 0.0000  |
|       91       |       1        |        0.365   |        0.041   |        4.065   |  Neg. p = 0.0438  |
|       92       |       1        |        0.612   |        0.000   |       15.572   |  Neg. p = 0.0001  |
|       93       |       1        |        1.239   |        0.000   |       41.779   |  Neg. p = 0.0000  |
|       94       |       1        |        0.882   |        0.000   |       15.096   |  Neg. p = 0.0001  |
|       95       |       1        |        1.120   |        0.000   |       40.914   |  Neg. p = 0.0000  |
|       96       |       1        |        2.235   |        0.000   |       50.538   |  Neg. p = 0.0000  |
|       97       |       1        |        2.651   |        0.001   |      115.291   |  Neg. p = 0.0000  |
|       99       |       1        |        0.775   |        0.023   |       29.506   |  Neg. p = 0.0000  |
|      100       |       1        |        1.537   |        0.386   |       11.724   |  Neg. p = 0.0006  |
|      101       |       1        |        1.013   |        0.279   |        5.969   |  Neg. p = 0.0146  |
|      102       |       1        |        0.000   |        0.276   |        8.830   |  Pos. p = 0.0030  |
|      103       |       1        |        1.445   |        3.459   |        7.502   |  Pos. p = 0.0062  |
|      104       |       1        |        2.013   |        0.206   |       24.781   |  Neg. p = 0.0000  |
|      105       |       1        |        0.166   |        0.000   |        4.897   |  Neg. p = 0.0269  |
|      106       |       1        |        0.801   |        0.299   |        4.108   |  Neg. p = 0.0427  |
|      107       |       1        |        0.420   |        0.000   |       14.389   |  Neg. p = 0.0001  |
|      108       |       1        |        1.107   |        0.089   |       21.334   |  Neg. p = 0.0000  |
|      109       |       1        |        1.290   |        0.000   |       44.319   |  Neg. p = 0.0000  |
|      110       |       1        |        0.357   |        0.027   |        4.474   |  Neg. p = 0.0344  |
|      111       |       1        |        0.323   |        0.063   |        5.077   |  Neg. p = 0.0242  |
|      112       |       1        |        1.034   |        0.000   |       36.730   |  Neg. p = 0.0000  |
|      113       |       1        |        0.178   |        0.000   |        4.006   |  Neg. p = 0.0454  |
|      114       |       1        |        0.510   |        0.000   |       18.017   |  Neg. p = 0.0000  |
|      115       |       1        |        2.077   |        0.075   |       28.532   |  Neg. p = 0.0000  |
|      116       |       1        |        4.309   |        0.084   |       69.031   |  Neg. p = 0.0000  |
|      118       |       1        |        1.087   |        0.244   |       10.726   |  Neg. p = 0.0011  |
|      119       |       1        |        1.860   |        0.000   |       85.976   |  Neg. p = 0.0000  |
|      120       |       1        |        0.498   |        0.000   |       12.627   |  Neg. p = 0.0004  |
|      121       |       1        |        1.104   |        0.392   |        3.692   |  Neg. p = 0.0547  |
|      124       |       1        |        1.752   |        0.000   |       57.890   |  Neg. p = 0.0000  |
|      125       |       1        |        1.203   |        0.000   |       53.272   |  Neg. p = 0.0000  |
|      126       |       1        |        0.697   |        0.000   |       24.998   |  Neg. p = 0.0000  |
|      127       |       1        |        3.274   |        0.000   |       60.469   |  Neg. p = 0.0000  |
|      128       |       1        |        0.730   |        0.000   |       24.044   |  Neg. p = 0.0000  |
|      129       |       1        |        0.260   |        0.024   |        5.007   |  Neg. p = 0.0252  |
|      130       |       1        |        2.107   |        0.000   |       49.475   |  Neg. p = 0.0000  |
|      131       |       1        |        0.833   |        0.000   |       36.685   |  Neg. p = 0.0000  |
|      132       |       1        |        1.209   |        0.000   |       20.249   |  Neg. p = 0.0000  |
|      133       |       1        |        0.980   |        0.000   |       35.210   |  Neg. p = 0.0000  |
|      134       |       1        |        1.080   |        0.000   |       26.383   |  Neg. p = 0.0000  |
|      136       |       1        |        1.221   |        0.000   |       41.853   |  Neg. p = 0.0000  |
|      137       |       1        |        0.172   |        0.000   |        3.855   |  Neg. p = 0.0496  |
|      139       |       1        |        0.688   |        0.080   |       11.897   |  Neg. p = 0.0006  |
|      140       |       1        |        0.170   |        0.000   |        6.238   |  Neg. p = 0.0125  |
|      141       |       1        |        1.010   |        0.000   |       46.830   |  Neg. p = 0.0000  |
|      142       |       1        |        1.320   |        0.694   |        3.243   |  Neg. p = 0.0717  |
|      143       |       1        |        1.657   |        0.000   |       53.025   |  Neg. p = 0.0000  |
|      144       |       1        |        1.810   |        0.000   |       34.858   |  Neg. p = 0.0000  |
|      145       |       1        |        0.804   |        0.041   |       18.339   |  Neg. p = 0.0000  |
|      146       |       1        |        0.734   |        0.000   |       20.806   |  Neg. p = 0.0000  |
|      147       |       1        |        0.722   |        0.000   |       15.508   |  Neg. p = 0.0001  |
|      148       |       1        |        0.604   |        0.000   |       25.056   |  Neg. p = 0.0000  |
|      149       |       1        |        2.440   |        0.000   |       83.362   |  Neg. p = 0.0000  |
|      150       |       1        |        0.686   |        0.000   |       25.133   |  Neg. p = 0.0000  |
|      151       |       1        |        0.929   |        0.346   |        5.861   |  Neg. p = 0.0155  |
|      152       |       1        |        0.692   |        0.000   |       23.618   |  Neg. p = 0.0000  |
|      154       |       1        |        1.382   |        0.000   |       33.207   |  Neg. p = 0.0000  |
|      155       |       1        |        1.228   |        0.000   |       41.687   |  Neg. p = 0.0000  |
|      156       |       1        |        0.359   |        0.000   |        9.954   |  Neg. p = 0.0016  |
|      157       |       1        |        0.508   |        0.023   |       13.578   |  Neg. p = 0.0002  |
|      158       |       1        |        0.336   |        0.073   |        3.933   |  Neg. p = 0.0473  |
|      159       |       1        |        0.894   |        0.000   |       15.177   |  Neg. p = 0.0001  |
|      160       |       1        |        1.152   |        0.000   |       40.618   |  Neg. p = 0.0000  |
|      161       |       1        |        1.499   |        0.000   |       33.345   |  Neg. p = 0.0000  |
|      163       |       1        |        0.814   |        0.041   |       22.093   |  Neg. p = 0.0000  |
|      165       |       1        |        0.082   |        0.445   |        4.279   |  Pos. p = 0.0386  |
|      167       |       1        |        1.197   |        0.030   |       38.333   |  Neg. p = 0.0000  |
|      168       |       1        |        0.716   |        0.000   |       18.244   |  Neg. p = 0.0000  |
|      169       |       1        |        0.876   |        0.414   |        4.022   |  Neg. p = 0.0449  |
|      170       |       1        |        0.730   |        0.000   |       27.485   |  Neg. p = 0.0000  |
|      171       |       1        |        1.817   |        0.142   |       22.237   |  Neg. p = 0.0000  |
|      172       |       1        |        0.826   |        0.026   |       20.904   |  Neg. p = 0.0000  |
|      174       |       1        |        2.449   |        0.621   |       13.847   |  Neg. p = 0.0002  |
|      175       |       1        |        2.118   |        0.029   |       37.028   |  Neg. p = 0.0000  |
|      176       |       1        |        0.348   |        0.042   |        5.796   |  Neg. p = 0.0161  |
|      179       |       1        |        1.941   |        0.428   |       19.572   |  Neg. p = 0.0000  |
|      180       |       1        |        0.758   |        0.000   |       29.379   |  Neg. p = 0.0000  |
|      181       |       1        |        3.286   |        0.574   |       22.122   |  Neg. p = 0.0000  |
|      182       |       1        |        0.998   |        0.000   |       21.604   |  Neg. p = 0.0000  |
|      183       |       1        |        1.186   |        0.000   |       32.923   |  Neg. p = 0.0000  |
|      186       |       1        |        3.053   |        0.000   |       68.119   |  Neg. p = 0.0000  |
|      187       |       1        |        0.764   |        0.000   |       23.232   |  Neg. p = 0.0000  |
|      190       |       1        |        1.648   |        0.423   |       13.582   |  Neg. p = 0.0002  |
|      191       |       1        |        0.720   |        0.000   |       23.594   |  Neg. p = 0.0000  |
|      192       |       1        |        1.429   |        0.000   |       48.697   |  Neg. p = 0.0000  |
|      193       |       1        |        0.772   |        0.000   |       19.677   |  Neg. p = 0.0000  |
|      194       |       1        |        1.108   |        0.000   |       28.239   |  Neg. p = 0.0000  |
|      196       |       1        |        1.313   |        0.540   |        9.620   |  Neg. p = 0.0019  |
|      197       |       1        |        1.109   |        0.299   |       10.333   |  Neg. p = 0.0013  |
|      198       |       1        |        1.872   |        0.000   |       44.981   |  Neg. p = 0.0000  |
|      199       |       1        |        0.439   |        0.000   |       14.627   |  Neg. p = 0.0001  |
|      200       |       1        |        0.260   |        1.976   |       21.444   |  Pos. p = 0.0000  |
|      201       |       1        |        0.720   |        0.000   |       17.900   |  Neg. p = 0.0000  |
|      203       |       1        |        0.897   |        0.097   |       19.097   |  Neg. p = 0.0000  |
|      204       |       1        |        1.445   |        0.158   |       19.786   |  Neg. p = 0.0000  |
|      205       |       1        |        0.871   |        0.000   |       29.903   |  Neg. p = 0.0000  |
|      206       |       1        |        0.919   |        0.000   |       29.846   |  Neg. p = 0.0000  |
|      208       |       1        |        1.292   |        0.026   |       23.285   |  Neg. p = 0.0000  |
|      209       |       1        |        0.392   |        0.000   |       13.605   |  Neg. p = 0.0002  |
|      210       |       1        |        1.150   |        0.153   |       18.366   |  Neg. p = 0.0000  |
|      211       |       1        |        0.712   |        1.890   |       12.337   |  Pos. p = 0.0004  |
|      213       |       1        |        3.458   |        0.031   |      101.909   |  Neg. p = 0.0000  |
|      214       |       1        |        1.545   |        0.665   |        3.859   |  Neg. p = 0.0495  |
|      216       |       1        |        1.239   |        0.000   |       40.611   |  Neg. p = 0.0000  |
|      218       |       1        |        1.865   |        0.049   |       50.477   |  Neg. p = 0.0000  |
|      219       |       1        |        2.409   |        0.141   |       34.021   |  Neg. p = 0.0000  |
|      220       |       1        |        2.603   |        0.000   |       62.645   |  Neg. p = 0.0000  |
|      222       |       1        |        0.348   |        0.000   |       10.621   |  Neg. p = 0.0011  |
|      223       |       1        |        1.540   |        0.000   |       37.619   |  Neg. p = 0.0000  |
|      224       |       1        |        1.152   |        0.065   |       19.008   |  Neg. p = 0.0000  |
|      225       |       1        |        2.756   |        0.068   |       78.200   |  Neg. p = 0.0000  |
|      226       |       1        |        0.965   |        0.000   |       34.642   |  Neg. p = 0.0000  |
|      227       |       1        |        2.916   |        0.000   |       94.153   |  Neg. p = 0.0000  |
|      228       |       1        |        1.595   |        0.206   |       21.477   |  Neg. p = 0.0000  |
|      231       |       1        |        2.777   |        0.024   |       83.002   |  Neg. p = 0.0000  |
|      233       |       1        |        1.421   |        0.033   |       28.190   |  Neg. p = 0.0000  |
|      234       |       1        |        0.409   |        0.000   |       16.126   |  Neg. p = 0.0001  |
|      235       |       1        |        0.740   |        0.000   |       16.733   |  Neg. p = 0.0000  |
|      236       |       1        |        0.934   |        0.000   |       32.257   |  Neg. p = 0.0000  |
|      237       |       1        |        1.520   |        0.028   |       28.631   |  Neg. p = 0.0000  |
|      240       |       1        |        0.345   |        0.000   |       11.520   |  Neg. p = 0.0007  |
|      241       |       1        |        1.430   |        0.000   |       44.460   |  Neg. p = 0.0000  |
|      242       |       1        |        0.448   |        0.000   |       13.577   |  Neg. p = 0.0002  |
|      244       |       1        |        1.530   |        0.025   |       19.837   |  Neg. p = 0.0000  |
|      245       |       1        |        0.375   |        2.903   |       43.060   |  Pos. p = 0.0000  |
|      246       |       1        |        0.681   |        0.000   |       23.058   |  Neg. p = 0.0000  |
|      247       |       1        |        0.184   |        0.000   |        6.253   |  Neg. p = 0.0124  |
|      248       |       1        |        0.120   |        1.065   |        3.653   |  Pos. p = 0.0560  |
|      249       |       1        |        5.374   |        0.140   |       45.256   |  Neg. p = 0.0000  |
|      250       |       1        |        2.079   |        0.050   |       27.657   |  Neg. p = 0.0000  |
|      251       |       1        |        0.957   |        0.048   |       11.102   |  Neg. p = 0.0009  |
|      253       |       1        |        0.645   |        0.062   |        4.934   |  Neg. p = 0.0263  |
|      256       |       1        |        2.093   |        0.000   |       28.069   |  Neg. p = 0.0000  |
|      258       |       1        |        0.348   |        0.000   |        4.534   |  Neg. p = 0.0332  |
|      259       |       1        |        1.002   |        0.000   |       14.506   |  Neg. p = 0.0001  |
|      260       |       1        |        0.684   |        0.000   |        7.048   |  Neg. p = 0.0079  |
|      261       |       1        |        0.414   |        0.075   |        3.117   |  Neg. p = 0.0775  |
|      262       |       1        |        1.096   |        0.000   |       14.862   |  Neg. p = 0.0001  |
|      263       |       1        |        0.934   |        0.000   |        9.028   |  Neg. p = 0.0027  |
|      264       |       1        |        2.914   |        0.000   |       31.978   |  Neg. p = 0.0000  |
|      265       |       1        |        2.926   |        0.000   |       23.722   |  Neg. p = 0.0000  |
|      267       |       1        |        0.406   |        0.000   |        6.009   |  Neg. p = 0.0142  |
|      268       |       1        |        1.384   |        0.000   |       13.303   |  Neg. p = 0.0003  |
|      269       |       1        |        0.611   |        0.000   |        7.711   |  Neg. p = 0.0055  |
|      270       |       1        |        1.572   |        0.000   |       17.942   |  Neg. p = 0.0000  |
|      271       |       1        |       11.256   |        0.000   |       65.798   |  Neg. p = 0.0000  |
|      272       |       1        |        0.216   |        1.382   |        5.850   |  Pos. p = 0.0156  |
|      273       |       1        |        0.743   |        0.000   |       14.413   |  Neg. p = 0.0001  |
|      274       |       1        |        1.304   |        0.000   |       14.897   |  Neg. p = 0.0001  |
|      275       |       1        |        2.562   |        0.173   |       13.576   |  Neg. p = 0.0002  |
|      278       |       1        |        1.717   |        0.343   |        4.683   |  Neg. p = 0.0305  |
|      279       |       1        |        1.746   |        0.000   |       16.403   |  Neg. p = 0.0001  |
|      280       |       1        |        0.992   |        0.000   |        8.502   |  Neg. p = 0.0035  |
|      282       |       1        |        0.356   |        0.000   |        5.833   |  Neg. p = 0.0157  |
|      285       |       1        |        0.944   |        0.000   |       11.839   |  Neg. p = 0.0006  |
|      286       |       1        |        0.367   |        1.713   |        8.487   |  Pos. p = 0.0036  |
|      287       |       1        |        2.492   |        0.095   |       14.521   |  Neg. p = 0.0001  |
|      289       |       1        |        1.652   |        0.000   |       18.704   |  Neg. p = 0.0000  |
|      290       |       1        |        0.239   |        0.000   |        2.869   |  Neg. p = 0.0903  |
|      291       |       1        |        1.782   |        0.257   |        6.713   |  Neg. p = 0.0096  |
|      292       |       1        |        1.555   |        0.355   |        4.424   |  Neg. p = 0.0354  |
|      294       |       1        |        1.666   |        0.469   |        4.570   |  Neg. p = 0.0325  |
|      295       |       1        |        1.151   |        0.000   |       12.636   |  Neg. p = 0.0004  |
|      298       |       1        |        0.790   |        0.000   |        6.320   |  Neg. p = 0.0119  |
|      306       |       1        |        0.673   |        0.000   |        2.819   |  Neg. p = 0.0932  |
|      307       |       1        |        0.723   |        0.000   |        4.060   |  Neg. p = 0.0439  |
|      308       |       1        |        2.603   |        0.000   |        9.357   |  Neg. p = 0.0022  |
|      313       |       1        |        3.768   |        0.000   |       13.315   |  Neg. p = 0.0003  |
|      314       |       1        |        1.558   |        0.000   |        5.572   |  Neg. p = 0.0182  |
|      315       |       1        |        1.600   |        0.000   |        4.201   |  Neg. p = 0.0404  |
|      316       |       1        |        3.527   |        0.000   |       14.321   |  Neg. p = 0.0002  |
|      317       |       1        |        2.774   |        0.000   |       11.339   |  Neg. p = 0.0008  |
|      318       |       1        |        1.615   |        0.000   |        3.534   |  Neg. p = 0.0601  |
|      320       |       1        |        0.658   |        0.000   |        2.893   |  Neg. p = 0.0890  |
|      321       |       1        |        0.853   |        0.000   |        3.397   |  Neg. p = 0.0653  |
|      323       |       1        |        1.244   |        0.000   |        3.223   |  Neg. p = 0.0726  |
|      324       |       1        |        2.293   |        0.000   |        9.071   |  Neg. p = 0.0026  |
|      333       |       1        |        1.827   |        0.000   |        4.703   |  Neg. p = 0.0301  |
|      334       |       1        |        3.557   |        0.000   |        3.025   |  Neg. p = 0.0820  |

### ** Found _10_ sites under pervasive positive diversifying and _232_ sites under negative selection at p <= 0.1**
