
Analysis Description
--------------------
SLAC (Single Likelihood Ancestor Counting) uses a maximum likelihood
ancestral state reconstruction and minimum path substitution counting to
estimate site - level dS and dN, and applies a simple binomial - based
test to test if dS differs drom dN. The estimates aggregate information
over all branches, so the signal is derived from pervasive
diversification or conservation. A subset of branches can be selected
for testing as well. Multiple partitions within a NEXUS file are also
supported for recombination - aware analysis. 

- __Requirements__: in-frame codon alignment and a phylogenetic tree

- __Citation__: Not So Different After All: A Comparison of Methods for Detecting Amino
Acid Sites Under Selection (2005). _Mol Biol Evol_ 22 (5): 1208-1222

- __Written by__: Sergei L Kosakovsky Pond and Simon DW Frost

- __Contact Information__: spond@temple.edu

- __Analysis Version__: 2.00


>code => Universal

-------
>[WARNING]
'/Users/alex/Documents/selection-tutorial/data/21-empirical/HIV_RT.nex'
contains 1 duplicate sequence. Identical sequences do not contribute any
information to the analysis and only slow down computation. Please
consider removing duplicate or 'nearly' duplicate sequences, e.g. using
https://github.com/veg/hyphy-analyses/tree/master/remove-duplicates
prior to running selection analyses
-------
>Loaded a multiple sequence alignment with **476** sequences, **335** codons, and **1** partitions from `/Users/alex/Documents/selection-tutorial/data/21-empirical/HIV_RT.nex`

>branches => All

>Select the number of samples used to assess ancestral reconstruction uncertainty [select 0 to skip] (permissible range = [0,100000], default value = 100, integer): 
>samples => 100

>Select the p-value threshold to use when testing for selection (permissible range = [0,1], default value = 0.1): 
>pvalue => 0.1


### Branches to include in the SLAC analysis
Selected 949 branches to include in SLAC calculations: `T27199905, N27199901, Node16, T20720000, N20719991, Node25, T72200011, N72199903, Node28, Node24, T13820000, N13819981, Node32, T90200101, N90199902, Node35, Node31, Node23, T17520011, N17519990, Node39, T14220000, N14219990, Node43, T14019990, N14019990, Node46, Node42, Node38, Node22, T15820000, N15819990, Node50, T17020000, N17019990, Node54, T23020000, N23019990, Node58, T22619990, N22619990, Node61, Node57, Node53, Node49, Node21, T11620001, N11619991, Node66, T21219991, N21219990, Node69, Node65, T12920010, N12919991, Node73, T11520000, N11519991, Node76, Node72, Node64, Node20, T84200002, N84199903, Node85, T15220010, N15219990, Node88, Node84, T19620000, N19619990, Node91, Node83, N28199901, T17319991, N17319990, Node100, T70200202, N70199812, Node104, T69200009, N69199906, Node107, Node103, Node99, T19720020, N19719990, Node111, T11120010, N11119990, Node114, Node110, Node98, Node96, T45200208, N45200201, Node117, Node95, T24020080, N24020071, Node122, T15120020, N15119991, Node125, Node121, T36199905, N36199901, Node128, Node120, Node94, Node82, T22320001, N22319990, Node135, T14120000, N14119990, Node138, Node134, T16019991, N16019991, Node141, Node133, T23620000, N23619991, Node147, T19520010, N19519990, Node150, Node146, T13200309, N13200010, Node153, Node145, T22520011, N22519990, Node157, T14200204, N14200012, Node160, Node156, Node144, Node132, T22220000, N22219991, Node166, T23720060, N23720041, Node171, T16720001, N16719991, Node174, Node170, T21120000, N21119990, Node178, T12519990, N12519981, Node182, T64199905, N64199904, Node185, Node181, Node177, Node169, Node165, T93200203, N93199906, Node192, T31200003, Node191, T18819991, N18819990, Node197, T88200112, N88199901, Node201, T8200310, N8199907, Node204, Node200, Node196, Node190, T21519991, N21519990, Node208, T23120000, N23119990, Node211, Node207, Node189, T22720000, N22719990, Node221, T66200012, N66199812, Node224, Node220, T32200007, N32199901, Node227, Node219, T23320011, N23319990, Node231, T15719991, N15719990, Node234, Node230, Node218, T10920010, N10919990, Node240, T97200204, N97199901, Node243, Node239, T24200309, N24200206, Node246, Node238, T16519991, N16519990, Node249, Node237, Node217, T17920000, N17919990, Node256, T74200204, T7199811, N7199611, Node261, Node259, Node255, T10020000, N10019990, Node265, T94200105, N94199910, Node268, Node264, Node254, T20620010, N20619990, Node272, T25200305, N25200207, Node275, Node271, Node253, N74199812, Node252, Node216, T13019990, N13019981, Node282, T16420011, N16419990, Node286, T17620000, N17619981, Node290, T29200003, N29199901, Node293, Node289, Node285, Node281, T18319990, N18319990, Node297, T24220020, N24220000, Node302, T85199908, N85199811, Node306, T22199809, Node305, Node301, T17199703, Node300, Node296, Node280, T10720000, N10719990, Node314, T1199908, Node313, T20200108, N20200107, Node318, Node312, T62200201, N62200101, Node322, N2199809, Node321, Node311, Node279, Node215, T14920010, N14919990, Node329, T11819990, N11819990, Node332, Node328, T23520000, N23519990, Node338, T10219990, N10219981, Node341, Node337, T14819991, N14819990, Node345, T6200007, N6199906, Node348, Node344, Node336, T13519991, N13519990, Node352, T67199909, N67199906, Node355, Node351, Node335, Node327, T21920000, N21919990, Node360, T18520000, N18519990, Node363, Node359, T14620001, N14619991, Node366, Node358, Node326, Node214, Node188, Node164, T16219990, N16219990, Node370, T16620000, N16619990, Node373, Node369, Node163, Node131, Node81, T82200102, N82199909, Node382, T12719990, N12719990, Node386, T76200005, N76199904, Node389, Node385, Node381, T22020000, N22019990, Node393, T11920000, N11919991, Node397, T11420000, N11419990, Node400, Node396, Node392, Node380, T23420001, N23419990, Node404, T13720000, N13719991, Node407, Node403, Node379, T78199912, N78199911, Node413, T75200101, N75199811, Node416, Node412, T13620010, N13619991, Node421, T16200304, N16200103, Node424, Node420, T18200309, N18200108, Node427, Node419, Node411, T26200211, N26200207, Node431, T21420000, N21419990, Node435, T13219990, N13219990, Node440, N31199901, Node439, T89199904, N89199902, Node445, T44200204, N44200201, Node448, Node444, Node438, Node434, Node430, Node410, Node378, T22820001, N22819990, Node459, T11200103, N11199911, Node462, Node458, T10320000, N10319990, Node465, Node457, T87200011, N87199903, Node469, T22420000, N22419990, Node472, Node468, Node456, T15319991, N15319990, Node475, Node455, T16119990, N16119990, Node479, T15520000, N15519981, Node483, T20520000, N20519990, Node487, T20419990, N20419990, Node491, T15019990, N15019990, Node494, Node490, Node486, Node482, Node478, Node454, T19219990, N19219990, Node498, T12020020, N12019991, Node501, Node497, Node453, T63200201, N63200101, Node506, T15920000, N15919990, Node510, T19120010, N19119990, Node513, Node509, Node505, T17420020, N17419990, Node516, Node504, Node452, T10420000, N10419990, Node522, T14720001, N14719991, Node525, Node521, T81200002, N81199910, Node529, T12200101, N12200008, Node532, Node528, Node520, T21019991, N21019990, Node535, Node519, Node451, Node377, T19020020, N19019990, Node541, T18720000, N18719990, Node545, T14320001, N14319990, Node549, T11319991, N11319990, Node552, Node548, Node544, Node540, T99200101, N99199903, Node556, T71200006, N71199901, Node559, Node555, Node539, T19420000, N19419981, Node564, T30199909, N30199901, Node567, Node563, T15419990, N15419981, Node571, T86200009, N86199901, Node574, Node570, Node562, Node538, Node376, Node80, N22199107, T22920001, N22919990, Node582, T11220000, N11219990, Node585, Node581, N19819990, T12619990, N12619990, Node594, Node592, T10200305, N10199911, Node597, Node591, T19920000, N19919991, Node601, T98199910, N98199901, Node604, Node600, Node590, N17199606, T23220001, N23219990, Node618, T15619991, N15619990, Node621, Node617, T17720000, N17719990, Node624, Node616, T21720000, N21719990, Node629, T21620020, N21619990, Node632, Node628, T33200009, N33199901, Node635, Node627, Node615, T18420000, N18419990, Node640, T83200010, N83199909, Node644, T79200004, N79199912, Node647, Node643, Node639, T12120000, N12119990, Node650, Node638, Node614, T17120000, N17119990, Node654, T12320000, N12319990, Node658, T95200001, N95199908, Node661, Node657, Node653, Node613, T37199910, N37199901, Node665, T20920000, N20919990, Node670, T18220000, N18219990, Node673, Node669, T35200006, N35199901, N34199901, Node679, T34199911, Node678, Node676, Node668, Node664, Node612, T18120000, N18119990, Node683, Node611, T13419991, N13419990, Node687, T13119990, N13119990, Node690, Node686, Node610, T20319990, N20319990, Node694, T21199809, N21199201, Node697, Node693, Node609, Node607, Node589, T20120010, N20119991, Node702, N1199101, Node701, T21319991, N21319990, Node707, T28200101, Node706, Node700, Node588, Node580, Node578, T16920011, N16919990, Node715, T20219990, N20219981, Node721, T12219990, N12219990, Node724, Node720, T12419991, N12419991, Node728, T11020000, N11019990, Node731, Node727, Node719, T13920000, N13919981, Node735, T43200209, N43200201, Node738, Node734, Node718, Node714, T17820020, N17819990, Node742, T12819991, N12819990, Node745, Node741, Node713, T18919990, N18919981, Node752, T10120000, N10119990, Node755, Node751, T20020000, N20019991, Node758, Node750, T22120000, N22119990, Node761, Node749, T10620010, N10619990, Node766, T96199911, N96199908, Node769, Node765, T68199912, N68199905, Node773, T15200201, N15200101, Node776, Node772, Node764, Node748, Node712, T16820010, N16819990, Node782, T11720000, N11719991, Node785, Node781, T92200003, N92199904, Node788, Node780, T19320000, N19319990, Node791, Node779, Node711, Node577, Node79, Node19, Node15, T9200006, N9199909, Node795, T23200207, N23200204, Node798, Node794, Node14, T13320000, N13319990, Node804, T5200107, N5199906, Node807, Node803, T16320000, N16319990, Node812, T14520001, N14519991, Node815, Node811, T91199912, N91199903, Node819, T4200608, N4199904, Node822, Node818, Node810, Node802, T18620020, N18619991, Node826, T10819990, N10819981, Node829, Node825, Node801, Node13, T80200007, N80199904, Node832, Node12, T73200108, N73199904, Node836, T65200101, N65199902, Node841, T19820000, T18020000, N18019990, Node847, Node845, T17220001, N17219990, Node850, Node844, Node840, T3200011, N3199901, Node853, Node839, Node835, Node11, T14420000, N14419990, Node856, Node10, T10520000, N10519990, Node859, Node9, T40199905, N40199903, Node864, T39199907, N39199905, Node867, Node863, T38199907, N38199905, Node870, Node862, Node8, T20820000, N20819990, Node873, Node7, T23820090, N23820050, Node877, T77200005, N77199906, Node880, Node876, Node6, T24120081, Node5, T41200107, N41200002, Node885, T56200502, Node884, Node4, T49200502, N49200412, Node889, Node3, T51200502, N51200412, Node892, Node2, T47200502, N47200412, Node900, T59200502, N59200412, Node904, T60200502, N60200412, Node907, Node903, Node899, T54200502, N54200412, Node911, T48200502, N48200412, Node914, Node910, Node898, T23920070, N23920060, Node919, T50200502, N50200412, Node922, Node918, T52200502, N52200412, Node925, Node917, Node897, T55200502, N55200412, Node931, T46200502, N46200412, Node934, Node930, T61200502, N61200412, Node937, Node929, T58200502, N58200412, Node940, Node928, Node896, T57200502, N57200412, Node944, N56200412, Node943, Node895, Node1, T53200502, N53200412`


### Obtaining branch lengths and nucleotide substitution biases under the nucleotide GTR model

>kill-zero-lengths => Yes

### Deleted 39 zero-length internal branches: `Node13, Node14, Node164, Node19, Node190, Node214, Node216, Node285, Node335, Node392, Node4, Node411, Node451, Node453, Node455, Node482, Node490, Node504, Node538, Node539, Node544, Node577, Node580, Node588, Node609, Node610, Node611, Node612, Node615, Node639, Node679, Node765, Node81, Node825, Node844, Node895, Node899, Node98, Node99`
* Log(L) = -27758.89, AIC-c = 57435.62 (957 estimated parameters)
* 1 partition. Total tree length by partition (subs/site)  5.976

### Obtaining the global omega estimate based on relative GTR branch lengths and nucleotide substitution biases
* Log(L) = -26211.74, AIC-c = 54284.28 (925 estimated parameters)
* 1 partition. Total tree length by partition (subs/site)  6.414
* non-synonymous/synonymous rate ratio for *test* =   0.1960

### Performing joint maximum likelihood ancestral state reconstruction

### For partition 1 these sites are significant at p <=0.1

|     Codon      |   Partition    |       S        |       N        |       dS       |       dN       |Selection detected?|
|:--------------:|:--------------:|:--------------:|:--------------:|:--------------:|:--------------:|:-----------------:|
|       1        |       1        |     8.000      |     0.000      |     12.693     |     0.000      |  Neg. p = 0.000   |
|       2        |       1        |     10.000     |     0.000      |     18.043     |     0.000      |  Neg. p = 0.000   |
|       9        |       1        |     3.000      |     0.000      |     4.494      |     0.000      |  Neg. p = 0.037   |
|       12       |       1        |     10.000     |     0.000      |     10.322     |     0.000      |  Neg. p = 0.002   |
|       13       |       1        |     9.000      |     1.000      |     15.439     |     0.745      |  Neg. p = 0.000   |
|       15       |       1        |     9.000      |     0.000      |     13.483     |     0.000      |  Neg. p = 0.000   |
|       18       |       1        |     4.000      |     0.000      |     5.965      |     0.000      |  Neg. p = 0.012   |
|       22       |       1        |     4.000      |     0.000      |     7.930      |     0.000      |  Neg. p = 0.004   |
|       23       |       1        |     8.000      |     1.000      |     15.510     |     0.947      |  Neg. p = 0.001   |
|       26       |       1        |     11.000     |     0.000      |     10.127     |     0.000      |  Neg. p = 0.002   |
|       28       |       1        |     4.000      |     0.000      |     7.896      |     0.000      |  Neg. p = 0.004   |
|       29       |       1        |     9.000      |     0.000      |     17.571     |     0.000      |  Neg. p = 0.000   |
|       30       |       1        |     1.000      |     0.000      |     1.979      |     0.000      |  Neg. p = 0.255   |
|       34       |       1        |     8.000      |     0.000      |     8.006      |     0.000      |  Neg. p = 0.007   |
|       35       |       1        |     3.000      |     27.000     |     4.782      |     18.860     |  Pos. p = 0.008   |
|       37       |       1        |     17.000     |     1.000      |     20.575     |     0.511      |  Neg. p = 0.000   |
|       38       |       1        |     16.000     |     0.000      |     22.669     |     0.000      |  Neg. p = 0.000   |
|       39       |       1        |     4.500      |     22.500     |     4.633      |     11.194     |  Pos. p = 0.058   |
|       40       |       1        |     12.000     |     6.000      |     16.064     |     2.752      |  Neg. p = 0.000   |
|       42       |       1        |     13.000     |     0.000      |     17.582     |     0.000      |  Neg. p = 0.000   |
|       43       |       1        |     14.000     |     10.000     |     15.978     |     4.985      |  Neg. p = 0.004   |
|       44       |       1        |     7.000      |     4.000      |     9.492      |     1.824      |  Neg. p = 0.008   |
|       45       |       1        |     53.000     |     1.000      |     53.003     |     0.508      |  Neg. p = -0.000  |
|       46       |       1        |     12.000     |     0.000      |     16.204     |     0.000      |  Neg. p = 0.000   |
|       47       |       1        |     9.000      |     1.000      |     9.974      |     0.477      |  Neg. p = 0.000   |
|       49       |       1        |     10.000     |     13.000     |     13.331     |     6.096      |  Neg. p = 0.052   |
|       50       |       1        |     9.000      |     2.000      |     10.163     |     0.946      |  Neg. p = 0.001   |
|       51       |       1        |     7.000      |     0.000      |     7.000      |     0.000      |  Neg. p = 0.000   |
|       52       |       1        |     2.000      |     0.000      |     2.000      |     0.000      |  Neg. p = 0.111   |
|       53       |       1        |     9.000      |     2.000      |     12.186     |     0.913      |  Neg. p = 0.000   |
|       54       |       1        |     14.000     |     0.000      |     19.799     |     0.000      |  Neg. p = 0.000   |
|       55       |       1        |     6.000      |     0.000      |     6.000      |     0.000      |  Neg. p = 0.001   |
|       56       |       1        |     23.000     |     0.000      |     33.121     |     0.000      |  Neg. p = 0.000   |
|       57       |       1        |     13.000     |     1.000      |     18.383     |     0.436      |  Neg. p = 0.000   |
|       58       |       1        |     5.000      |     0.000      |     5.000      |     0.000      |  Neg. p = 0.004   |
|       59       |       1        |     5.000      |     0.000      |     5.000      |     0.000      |  Neg. p = 0.004   |
|       60       |       1        |     16.000     |     18.000     |     16.898     |     8.767      |  Neg. p = 0.042   |
|       61       |       1        |     6.000      |     0.000      |     8.482      |     0.000      |  Neg. p = 0.000   |
|       62       |       1        |     29.000     |     5.000      |     29.000     |     2.500      |  Neg. p = 0.000   |
|       63       |       1        |     2.000      |     0.000      |     7.503      |     0.000      |  Neg. p = 0.008   |
|       65       |       1        |     9.000      |     8.000      |     12.133     |     3.737      |  Neg. p = 0.015   |
|       66       |       1        |     43.000     |     0.000      |     55.982     |     0.000      |  Neg. p = -0.000  |
|       67       |       1        |     16.000     |     9.000      |     23.042     |     3.904      |  Neg. p = 0.000   |
|       68       |       1        |     13.000     |     7.000      |     18.177     |     3.064      |  Neg. p = 0.000   |
|       70       |       1        |     12.000     |     6.000      |     16.022     |     2.812      |  Neg. p = 0.000   |
|       72       |       1        |     12.000     |     3.000      |     13.399     |     1.501      |  Neg. p = 0.000   |
|       73       |       1        |     17.000     |     0.000      |     22.946     |     0.000      |  Neg. p = 0.000   |
|       74       |       1        |     11.000     |     5.000      |     7.645      |     3.918      |  Neg. p = 0.156   |
|       76       |       1        |     13.000     |     0.000      |     18.382     |     0.000      |  Neg. p = 0.000   |
|       77       |       1        |     20.000     |     2.000      |     28.774     |     0.868      |  Neg. p = 0.000   |
|       78       |       1        |     17.000     |     2.000      |     19.130     |     1.000      |  Neg. p = 0.000   |
|       79       |       1        |     18.000     |     3.000      |     23.983     |     1.377      |  Neg. p = 0.000   |
|       80       |       1        |     5.000      |     0.000      |     4.984      |     0.000      |  Neg. p = 0.004   |
|       81       |       1        |     11.000     |     0.000      |     15.557     |     0.000      |  Neg. p = 0.000   |
|       82       |       1        |     25.000     |     0.000      |     29.347     |     0.000      |  Neg. p = 0.000   |
|       84       |       1        |     13.000     |     0.000      |     13.000     |     0.000      |  Neg. p = 0.000   |
|       85       |       1        |     5.000      |     1.000      |     6.671      |     0.642      |  Neg. p = 0.016   |
|       86       |       1        |     17.000     |     0.000      |     24.506     |     0.000      |  Neg. p = 0.000   |
|       87       |       1        |     23.000     |     1.000      |     32.997     |     0.434      |  Neg. p = 0.000   |
|       89       |       1        |     14.000     |     1.000      |     18.926     |     0.457      |  Neg. p = 0.000   |
|       90       |       1        |     21.000     |     6.000      |     21.019     |     2.999      |  Neg. p = 0.000   |
|       91       |       1        |     4.000      |     1.000      |     5.426      |     0.637      |  Neg. p = 0.039   |
|       92       |       1        |     12.000     |     0.000      |     8.250      |     0.000      |  Neg. p = 0.001   |
|       93       |       1        |     15.000     |     0.000      |     15.000     |     0.000      |  Neg. p = 0.000   |
|       94       |       1        |     3.000      |     0.000      |     11.283     |     0.000      |  Neg. p = 0.001   |
|       95       |       1        |     19.500     |     0.000      |     19.500     |     0.000      |  Neg. p = 0.000   |
|       96       |       1        |     14.000     |     0.000      |     19.805     |     0.000      |  Neg. p = 0.000   |
|       97       |       1        |     50.000     |     0.000      |     50.000     |     0.000      |  Neg. p = -0.000  |
|       98       |       1        |     4.000      |     21.000     |     4.000      |     10.578     |  Pos. p = 0.045   |
|       99       |       1        |     19.000     |     1.000      |     19.043     |     0.501      |  Neg. p = 0.000   |
|      100       |       1        |     32.000     |     8.000      |     22.044     |     6.276      |  Neg. p = 0.000   |
|      101       |       1        |     9.000      |     8.000      |     12.175     |     3.740      |  Neg. p = 0.015   |
|      102       |       1        |     0.000      |     8.000      |     0.000      |     4.010      |  Pos. p = 0.054   |
|      103       |       1        |     12.000     |     90.000     |     16.241     |     41.902     |  Pos. p = 0.000   |
|      104       |       1        |     19.000     |     6.000      |     25.567     |     2.804      |  Neg. p = 0.000   |
|      105       |       1        |     2.000      |     0.000      |     2.000      |     0.000      |  Neg. p = 0.138   |
|      106       |       1        |     9.000      |     11.000     |     9.158      |     5.453      |  Neg. p = 0.176   |
|      107       |       1        |     5.000      |     0.000      |     5.000      |     0.000      |  Neg. p = 0.004   |
|      108       |       1        |     13.000     |     3.000      |     13.051     |     1.497      |  Neg. p = 0.000   |
|      109       |       1        |     50.000     |     0.000      |     29.700     |     0.000      |  Neg. p = 0.000   |
|      110       |       1        |     3.000      |     1.000      |     4.240      |     0.436      |  Neg. p = 0.043   |
|      111       |       1        |     7.500      |     2.500      |     7.531      |     1.248      |  Neg. p = 0.011   |
|      112       |       1        |     12.000     |     0.000      |     12.000     |     0.000      |  Neg. p = 0.000   |
|      114       |       1        |     6.000      |     0.000      |     6.000      |     0.000      |  Neg. p = 0.001   |
|      115       |       1        |     12.000     |     2.000      |     16.970     |     1.000      |  Neg. p = 0.000   |
|      116       |       1        |     24.000     |     3.000      |     33.959     |     1.309      |  Neg. p = 0.000   |
|      118       |       1        |     13.000     |     11.000     |     13.034     |     5.493      |  Neg. p = 0.028   |
|      119       |       1        |     37.000     |     0.000      |     37.000     |     0.000      |  Neg. p = -0.000  |
|      120       |       1        |     9.000      |     0.000      |     6.220      |     0.000      |  Neg. p = 0.004   |
|      121       |       1        |     6.000      |     16.000     |     8.480      |     6.998      |  Neg. p = 0.423   |
|      123       |       1        |     20.000     |     52.000     |     28.099     |     22.859     |  Neg. p = 0.254   |
|      124       |       1        |     23.000     |     0.000      |     33.090     |     0.000      |  Neg. p = 0.000   |
|      125       |       1        |     26.000     |     0.000      |     25.883     |     0.000      |  Neg. p = 0.000   |
|      126       |       1        |     16.000     |     0.000      |     18.334     |     0.000      |  Neg. p = 0.000   |
|      127       |       1        |     17.000     |     0.000      |     24.054     |     0.000      |  Neg. p = 0.000   |
|      128       |       1        |     9.000      |     0.000      |     9.000      |     0.000      |  Neg. p = 0.000   |
|      130       |       1        |     16.000     |     0.000      |     22.687     |     0.000      |  Neg. p = 0.000   |
|      131       |       1        |     21.000     |     0.000      |     21.000     |     0.000      |  Neg. p = 0.000   |
|      132       |       1        |     4.000      |     0.000      |     14.869     |     0.000      |  Neg. p = 0.000   |
|      133       |       1        |     14.000     |     0.000      |     14.000     |     0.000      |  Neg. p = 0.000   |
|      134       |       1        |     6.000      |     0.000      |     8.484      |     0.000      |  Neg. p = 0.000   |
|      136       |       1        |     16.000     |     0.000      |     23.073     |     0.000      |  Neg. p = 0.000   |
|      138       |       1        |     6.000      |     5.000      |     6.845      |     2.435      |  Neg. p = 0.077   |
|      139       |       1        |     8.000      |     3.000      |     8.006      |     1.501      |  Neg. p = 0.009   |
|      140       |       1        |     2.000      |     0.000      |     2.000      |     0.000      |  Neg. p = 0.111   |
|      141       |       1        |     22.000     |     0.000      |     22.000     |     0.000      |  Neg. p = 0.000   |
|      143       |       1        |     22.000     |     0.000      |     24.743     |     0.000      |  Neg. p = 0.000   |
|      144       |       1        |     10.000     |     0.000      |     14.142     |     0.000      |  Neg. p = 0.000   |
|      145       |       1        |     17.000     |     1.000      |     19.497     |     0.696      |  Neg. p = 0.000   |
|      146       |       1        |     11.000     |     0.000      |     15.861     |     0.000      |  Neg. p = 0.000   |
|      147       |       1        |     4.000      |     0.000      |     5.654      |     0.000      |  Neg. p = 0.003   |
|      148       |       1        |     16.000     |     0.000      |     16.000     |     0.000      |  Neg. p = 0.000   |
|      149       |       1        |     38.000     |     0.000      |     34.756     |     0.000      |  Neg. p = 0.000   |
|      150       |       1        |     10.000     |     0.000      |     10.000     |     0.000      |  Neg. p = 0.000   |
|      151       |       1        |     19.000     |     8.000      |     21.934     |     5.530      |  Neg. p = 0.001   |
|      152       |       1        |     9.000      |     0.000      |     9.000      |     0.000      |  Neg. p = 0.000   |
|      154       |       1        |     12.000     |     0.000      |     16.256     |     0.000      |  Neg. p = 0.000   |
|      155       |       1        |     15.000     |     0.000      |     15.000     |     0.000      |  Neg. p = 0.000   |
|      156       |       1        |     6.000      |     0.000      |     6.000      |     0.000      |  Neg. p = 0.003   |
|      157       |       1        |     7.000      |     1.000      |     7.000      |     0.500      |  Neg. p = 0.003   |
|      158       |       1        |     5.000      |     3.000      |     5.000      |     1.502      |  Neg. p = 0.088   |
|      159       |       1        |     3.000      |     0.000      |     11.245     |     0.000      |  Neg. p = 0.001   |
|      160       |       1        |     17.000     |     0.000      |     24.512     |     0.000      |  Neg. p = 0.000   |
|      161       |       1        |     15.000     |     0.000      |     19.908     |     0.000      |  Neg. p = 0.000   |
|      163       |       1        |     11.000     |     2.000      |     15.846     |     0.867      |  Neg. p = 0.000   |
|      165       |       1        |     1.000      |     20.000     |     1.021      |     9.900      |  Pos. p = 0.003   |
|      166       |       1        |     6.000      |     15.000     |     8.091      |     7.004      |  Neg. p = 0.464   |
|      167       |       1        |     26.000     |     1.000      |     28.136     |     0.482      |  Neg. p = 0.000   |
|      168       |       1        |     14.000     |     0.000      |     9.654      |     0.000      |  Neg. p = 0.000   |
|      169       |       1        |     18.000     |     13.000     |     20.807     |     6.289      |  Neg. p = 0.001   |
|      170       |       1        |     9.000      |     0.000      |     9.000      |     0.000      |  Neg. p = 0.000   |
|      171       |       1        |     10.500     |     5.000      |     14.845     |     2.183      |  Neg. p = 0.000   |
|      172       |       1        |     10.000     |     1.000      |     11.281     |     0.500      |  Neg. p = 0.000   |
|      174       |       1        |     18.500     |     17.500     |     24.738     |     10.751     |  Neg. p = 0.011   |
|      175       |       1        |     12.000     |     1.000      |     16.971     |     0.436      |  Neg. p = 0.000   |
|      179       |       1        |     24.000     |     15.000     |     24.154     |     7.476      |  Neg. p = 0.000   |
|      180       |       1        |     15.000     |     0.000      |     16.190     |     0.000      |  Neg. p = 0.000   |
|      181       |       1        |     20.000     |     15.000     |     28.279     |     7.492      |  Neg. p = 0.000   |
|      182       |       1        |     8.000      |     0.000      |     10.807     |     0.000      |  Neg. p = 0.000   |
|      183       |       1        |     15.000     |     0.000      |     21.623     |     0.000      |  Neg. p = 0.000   |
|      186       |       1        |     19.000     |     0.000      |     26.929     |     0.000      |  Neg. p = 0.000   |
|      187       |       1        |     26.000     |     0.000      |     16.439     |     0.000      |  Neg. p = 0.000   |
|      190       |       1        |     18.000     |     18.000     |     18.046     |     9.294      |  Neg. p = 0.034   |
|      191       |       1        |     8.000      |     0.000      |     8.000      |     0.000      |  Neg. p = 0.000   |
|      192       |       1        |     17.000     |     0.000      |     24.471     |     0.000      |  Neg. p = 0.000   |
|      193       |       1        |     15.000     |     0.000      |     10.338     |     0.000      |  Neg. p = 0.000   |
|      194       |       1        |     11.000     |     0.000      |     14.857     |     0.000      |  Neg. p = 0.000   |
|      196       |       1        |     31.000     |     23.000     |     31.307     |     11.513     |  Neg. p = 0.000   |
|      197       |       1        |     26.000     |     8.000      |     29.836     |     5.500      |  Neg. p = 0.000   |
|      198       |       1        |     12.000     |     0.000      |     16.990     |     0.000      |  Neg. p = 0.000   |
|      199       |       1        |     5.000      |     0.000      |     5.652      |     0.000      |  Neg. p = 0.003   |
|      200       |       1        |     3.250      |     80.250     |     3.394      |     39.330     |  Pos. p = 0.000   |
|      201       |       1        |     6.000      |     0.000      |     8.129      |     0.000      |  Neg. p = 0.000   |
|      203       |       1        |     21.000     |     5.000      |     24.213     |     2.424      |  Neg. p = 0.000   |
|      204       |       1        |     14.000     |     6.000      |     18.530     |     2.760      |  Neg. p = 0.000   |
|      205       |       1        |     29.000     |     0.000      |     17.337     |     0.000      |  Neg. p = 0.000   |
|      206       |       1        |     11.000     |     0.000      |     12.379     |     0.000      |  Neg. p = 0.000   |
|      208       |       1        |     7.000      |     1.000      |     10.084     |     0.445      |  Neg. p = 0.000   |
|      209       |       1        |     14.000     |     0.000      |     8.454      |     0.000      |  Neg. p = 0.000   |
|      210       |       1        |     34.000     |     6.000      |     22.589     |     4.967      |  Neg. p = 0.000   |
|      211       |       1        |     15.500     |     84.000     |     16.932     |     42.490     |  Pos. p = 0.000   |
|      213       |       1        |     54.500     |     1.500      |     55.535     |     0.787      |  Neg. p = 0.000   |
|      214       |       1        |     11.000     |     26.000     |     15.006     |     11.798     |  Neg. p = 0.307   |
|      215       |       1        |     10.000     |     13.000     |     10.304     |     6.611      |  Neg. p = 0.198   |
|      216       |       1        |     15.000     |     0.000      |     15.284     |     0.000      |  Neg. p = 0.000   |
|      217       |       1        |     0.000      |     0.000      |     0.000      |     0.000      |  Neg. p = 1.000   |
|      218       |       1        |     25.000     |     2.000      |     36.703     |     0.884      |  Neg. p = 0.000   |
|      219       |       1        |     19.000     |     4.000      |     26.129     |     1.906      |  Neg. p = 0.000   |
|      220       |       1        |     25.000     |     0.000      |     33.545     |     0.000      |  Neg. p = 0.000   |
|      222       |       1        |     8.000      |     0.000      |     9.306      |     0.000      |  Neg. p = 0.000   |
|      223       |       1        |     15.000     |     0.000      |     20.419     |     0.000      |  Neg. p = 0.000   |
|      224       |       1        |     12.000     |     2.000      |     16.525     |     0.931      |  Neg. p = 0.000   |
|      225       |       1        |     40.500     |     3.000      |     41.292     |     1.528      |  Neg. p = 0.000   |
|      226       |       1        |     12.000     |     0.000      |     12.227     |     0.000      |  Neg. p = 0.000   |
|      227       |       1        |     35.000     |     0.000      |     51.346     |     0.000      |  Neg. p = -0.000  |
|      228       |       1        |     17.333     |     8.667      |     17.494     |     4.438      |  Neg. p = 0.001   |
|      231       |       1        |     30.000     |     1.000      |     30.568     |     0.511      |  Neg. p = 0.000   |
|      233       |       1        |     11.000     |     1.000      |     15.113     |     0.466      |  Neg. p = 0.000   |
|      234       |       1        |     8.000      |     1.000      |     8.141      |     0.511      |  Neg. p = 0.001   |
|      235       |       1        |     4.000      |     0.000      |     5.769      |     0.000      |  Neg. p = 0.003   |
|      236       |       1        |     12.000     |     0.000      |     12.242     |     0.000      |  Neg. p = 0.000   |
|      237       |       1        |     10.000     |     1.000      |     14.455     |     0.445      |  Neg. p = 0.000   |
|      238       |       1        |     6.000      |     10.000     |     8.195      |     4.776      |  Neg. p = 0.214   |
|      240       |       1        |     6.000      |     0.000      |     6.121      |     0.000      |  Neg. p = 0.001   |
|      241       |       1        |     19.000     |     0.000      |     19.384     |     0.000      |  Neg. p = 0.000   |
|      242       |       1        |     9.000      |     0.000      |     10.477     |     0.000      |  Neg. p = 0.000   |
|      244       |       1        |     5.000      |     1.000      |     18.702     |     0.374      |  Neg. p = 0.000   |
|      245       |       1        |     9.000      |     89.000     |     10.325     |     43.932     |  Pos. p = 0.000   |
|      246       |       1        |     28.000     |     0.000      |     16.940     |     0.000      |  Neg. p = 0.000   |
|      248       |       1        |     1.000      |     16.000     |     2.191      |     11.611     |  Pos. p = 0.051   |
|      249       |       1        |     21.000     |     2.000      |     43.823     |     1.520      |  Neg. p = 0.000   |
|      250       |       1        |     14.000     |     1.000      |     32.238     |     0.695      |  Neg. p = 0.000   |
|      251       |       1        |     6.000      |     1.000      |     15.555     |     0.781      |  Neg. p = 0.001   |
|      256       |       1        |     9.000      |     0.000      |     23.678     |     0.000      |  Neg. p = 0.000   |
|      258       |       1        |     3.000      |     0.000      |     6.272      |     0.000      |  Neg. p = 0.055   |
|      259       |       1        |     9.000      |     0.000      |     19.545     |     0.000      |  Neg. p = 0.000   |
|      260       |       1        |     5.000      |     0.000      |     6.536      |     0.000      |  Neg. p = 0.043   |
|      261       |       1        |     4.000      |     1.000      |     7.583      |     0.948      |  Neg. p = 0.045   |
|      262       |       1        |     9.000      |     0.000      |     17.061     |     0.000      |  Neg. p = 0.000   |
|      263       |       1        |     4.000      |     0.000      |     10.272     |     0.000      |  Neg. p = 0.004   |
|      264       |       1        |     28.000     |     0.000      |     34.021     |     0.000      |  Neg. p = 0.000   |
|      265       |       1        |     7.000      |     0.000      |     18.780     |     0.000      |  Neg. p = 0.000   |
|      267       |       1        |     2.000      |     0.000      |     3.791      |     0.000      |  Neg. p = 0.111   |
|      268       |       1        |     3.000      |     0.000      |     8.045      |     0.000      |  Neg. p = 0.013   |
|      269       |       1        |     5.000      |     0.000      |     10.916     |     0.000      |  Neg. p = 0.008   |
|      270       |       1        |     6.000      |     0.000      |     12.669     |     0.000      |  Neg. p = 0.001   |
|      271       |       1        |     21.000     |     0.000      |     56.696     |     0.000      |  Neg. p = 0.000   |
|      272       |       1        |     1.000      |     23.000     |     1.897      |     21.828     |  Pos. p = 0.001   |
|      273       |       1        |     7.000      |     0.000      |     13.278     |     0.000      |  Neg. p = 0.000   |
|      274       |       1        |     5.000      |     0.000      |     10.520     |     0.000      |  Neg. p = 0.002   |
|      275       |       1        |     7.000      |     2.000      |     17.881     |     1.788      |  Neg. p = 0.002   |
|      278       |       1        |     5.000      |     3.000      |     13.635     |     3.858      |  Neg. p = 0.075   |
|      279       |       1        |     13.000     |     0.000      |     17.870     |     0.000      |  Neg. p = 0.000   |
|      280       |       1        |     3.000      |     0.000      |     8.561      |     0.000      |  Neg. p = 0.016   |
|      282       |       1        |     3.000      |     0.000      |     6.040      |     0.000      |  Neg. p = 0.037   |
|      285       |       1        |     5.000      |     0.000      |     10.365     |     0.000      |  Neg. p = 0.005   |
|      286       |       1        |     3.000      |     23.500     |     6.225      |     24.379     |  Pos. p = 0.010   |
|      287       |       1        |     6.000      |     1.000      |     16.789     |     0.970      |  Neg. p = 0.002   |
|      289       |       1        |     14.000     |     0.000      |     17.631     |     0.000      |  Neg. p = 0.000   |
|      291       |       1        |     5.000      |     3.000      |     14.581     |     2.897      |  Neg. p = 0.027   |
|      292       |       1        |     5.000      |     4.500      |     12.249     |     4.565      |  Neg. p = 0.113   |
|      293       |       1        |     2.000      |     20.000     |     6.208      |     18.675     |  Pos. p = 0.088   |
|      295       |       1        |     10.000     |     0.000      |     13.008     |     0.000      |  Neg. p = 0.003   |
|      297       |       1        |     3.000      |     23.000     |     8.928      |     23.844     |  Pos. p = 0.067   |
|      298       |       1        |     3.000      |     0.000      |     9.636      |     0.000      |  Neg. p = 0.016   |
|      303       |       1        |     5.000      |     1.000      |     15.667     |     3.901      |  Neg. p = 0.169   |
|      306       |       1        |     1.000      |     0.000      |     10.296     |     0.000      |  Neg. p = 0.231   |
|      307       |       1        |     3.000      |     0.000      |     21.000     |     0.000      |  Neg. p = 0.040   |
|      308       |       1        |     4.000      |     0.000      |     33.663     |     0.000      |  Neg. p = 0.007   |
|      313       |       1        |     4.000      |     0.000      |     28.575     |     0.000      |  Neg. p = 0.012   |
|      316       |       1        |     5.000      |     0.000      |     35.719     |     0.000      |  Neg. p = 0.005   |
|      317       |       1        |     5.000      |     0.000      |     35.719     |     0.000      |  Neg. p = 0.004   |
|      318       |       1        |     2.000      |     0.000      |     20.201     |     0.000      |  Neg. p = 0.068   |
|      320       |       1        |     2.000      |     0.000      |     21.107     |     0.000      |  Neg. p = 0.053   |
|      324       |       1        |     3.000      |     0.000      |     31.630     |     0.000      |  Neg. p = 0.012   |
|      333       |       1        |     2.000      |     0.000      |     27.313     |     0.000      |  Neg. p = 0.112   |

### Ancestor sampling analysis

>Generating 100 ancestral sequence samples to obtain confidence intervals

Resampling results for partition 1

|     Codon      |   Partition    |    S [median, IQR]    |    N [median, IQR]    |    dS [median, IQR]    |    dN [median, IQR]    |  p-value [median, IQR]  |
|:--------------:|:--------------:|:---------------------:|:---------------------:|:----------------------:|:----------------------:|:-----------------------:|
|       1        |       1        |  15.00 [11.00-21.00]  |   3.00 [0.00-6.16]    |  15.00 [11.00-21.00]   |    1.50 [0.00-3.08]    |    0.00 [0.00-0.00]     |
|       2        |       1        |  13.00 [9.00-18.00]   |   2.00 [0.00-5.16]    |  14.70 [10.14-20.25]   |    0.95 [0.00-2.44]    |    0.00 [0.00-0.00]     |
|       9        |       1        |   7.00 [3.92-11.16]   |   2.00 [0.00-6.16]    |   7.00 [3.91-11.15]    |    1.00 [0.00-3.08]    |    0.01 [0.00-0.42]     |
|       12       |       1        |  16.00 [12.00-21.16]  |   1.00 [0.00-3.58]    |   11.04 [8.28-14.60]   |    0.79 [0.00-2.82]    |    0.00 [0.00-0.01]     |
|       13       |       1        |  16.00 [11.00-21.00]  |   2.00 [1.00-5.16]    |  18.31 [12.58-24.11]   |    1.00 [0.50-2.57]    |    0.00 [0.00-0.00]     |
|       15       |       1        |  13.00 [9.84-17.16]   |   2.00 [0.00-6.16]    |   13.01 [9.84-17.16]   |    1.03 [0.00-3.18]    |    0.00 [0.00-0.00]     |
|       18       |       1        |  11.00 [5.84-15.16]   |   2.00 [0.00-6.00]    |   11.01 [5.84-15.18]   |    1.00 [0.00-3.00]    |    0.00 [0.00-0.09]     |
|       22       |       1        |   7.00 [4.00-11.32]   |   2.00 [0.00-6.00]    |   9.46 [5.41-15.29]    |    0.93 [0.00-2.80]    |    0.00 [0.00-0.05]     |
|       23       |       1        |  12.00 [9.00-16.00]   |   2.00 [1.00-5.00]    |  15.93 [11.96-21.09]   |    1.29 [0.64-3.21]    |    0.00 [0.00-0.01]     |
|       26       |       1        |  21.00 [16.52-28.00]  |   1.00 [0.00-3.00]    |  13.29 [10.44-17.70]   |    0.82 [0.00-2.45]    |    0.00 [0.00-0.01]     |
|       28       |       1        |   7.00 [4.00-11.16]   |   2.00 [0.00-5.00]    |   9.46 [5.42-15.09]    |    0.91 [0.00-2.28]    |    0.00 [0.00-0.04]     |
|       29       |       1        |  12.00 [9.84-16.16]   |   2.00 [0.00-5.00]    |  16.06 [13.15-21.58]   |    0.92 [0.00-2.29]    |    0.00 [0.00-0.00]     |
|       30       |       1        |   4.00 [1.00-8.00]    |   2.00 [0.00-6.16]    |   5.42 [1.36-10.84]    |    0.93 [0.00-2.87]    |    0.04 [0.00-0.60]     |
|       34       |       1        |  15.00 [9.00-20.58]   |   1.00 [0.00-4.00]    |   10.31 [6.20-14.11]   |    0.79 [0.00-3.15]    |    0.00 [0.00-0.02]     |
|       35       |       1        |   7.50 [4.00-12.50]   |  28.50 [26.42-32.58]  |   8.18 [4.42-13.52]    |  13.77 [12.65-15.63]   |    0.13 [0.01-0.57]     |
|       37       |       1        |  18.00 [17.00-21.00]  |   3.00 [1.00-10.16]   |  20.18 [19.04-23.58]   |    1.42 [0.47-4.82]    |    0.00 [0.00-0.00]     |
|       38       |       1        |  16.00 [15.00-17.16]  |   0.00 [0.00-1.00]    |  22.63 [21.21-24.27]   |    0.00 [0.00-0.48]    |    0.00 [0.00-0.00]     |
|       39       |       1        |   4.50 [4.50-5.50]    |  22.50 [22.50-23.50]  |    4.62 [4.61-5.65]    |  11.17 [11.16-11.68]   |    0.06 [0.05-0.11]     |
|       40       |       1        |  12.00 [12.00-15.16]  |   6.00 [6.00-7.00]    |  16.07 [16.06-20.28]   |    2.75 [2.75-3.21]    |    0.00 [0.00-0.00]     |
|       42       |       1        |  12.00 [11.00-14.00]  |   0.00 [0.00-0.00]    |  16.24 [14.89-18.91]   |    0.00 [0.00-0.00]    |    0.00 [0.00-0.00]     |
|       43       |       1        |  14.00 [13.00-16.00]  |  10.00 [10.00-11.00]  |  15.98 [14.83-18.28]   |    4.98 [4.98-5.48]    |    0.00 [0.00-0.01]     |
|       44       |       1        |   7.00 [6.00-10.00]   |   4.00 [4.00-5.00]    |   9.49 [8.13-13.56]    |    1.82 [1.82-2.28]    |    0.01 [0.00-0.04]     |
|       45       |       1        |  56.00 [52.84-61.00]  |   1.00 [1.00-1.00]    |  56.00 [52.84-61.00]   |    0.51 [0.51-0.51]    |    0.00 [-0.00-0.00]    |
|       46       |       1        |  12.00 [11.00-16.00]  |   0.00 [0.00-0.00]    |  16.20 [14.86-21.58]   |    0.00 [0.00-0.00]    |    0.00 [0.00-0.00]     |
|       47       |       1        |   9.00 [9.00-12.00]   |   1.00 [1.00-1.00]    |   9.97 [9.97-13.30]    |    0.48 [0.48-0.48]    |    0.00 [0.00-0.00]     |
|       49       |       1        |  10.00 [8.00-13.00]   |  13.00 [13.00-14.16]  |  13.33 [10.67-17.33]   |    6.10 [6.09-6.64]    |    0.05 [0.01-0.15]     |
|       50       |       1        |   9.00 [9.00-10.00]   |   2.00 [2.00-2.47]    |  10.16 [10.16-11.32]   |    0.95 [0.95-1.17]    |    0.00 [0.00-0.00]     |
|       51       |       1        |   7.00 [7.00-8.00]    |   0.00 [0.00-0.00]    |    7.00 [7.00-8.00]    |    0.00 [0.00-0.00]    |    0.00 [0.00-0.00]     |
|       52       |       1        |   2.00 [2.00-3.00]    |   0.00 [0.00-0.00]    |    2.00 [2.00-3.00]    |    0.00 [0.00-0.00]    |    0.11 [0.04-0.11]     |
|       53       |       1        |   9.00 [8.00-12.16]   |   2.00 [2.00-2.00]    |  12.19 [10.84-16.46]   |    0.91 [0.91-0.91]    |    0.00 [0.00-0.00]     |
|       54       |       1        |  14.00 [14.00-15.00]  |   0.00 [0.00-0.00]    |  19.80 [19.80-21.22]   |    0.00 [0.00-0.00]    |    0.00 [0.00-0.00]     |
|       55       |       1        |   6.00 [5.00-7.00]    |   0.00 [0.00-0.00]    |    6.00 [5.00-7.00]    |    0.00 [0.00-0.00]    |    0.00 [0.00-0.00]     |
|       56       |       1        |  23.00 [23.00-25.16]  |   0.00 [0.00-0.00]    |  33.12 [33.12-36.23]   |    0.00 [0.00-0.00]    |    0.00 [0.00-0.00]     |
|       57       |       1        |  13.00 [11.00-15.16]  |   1.00 [1.00-1.00]    |  18.38 [15.55-21.44]   |    0.44 [0.44-0.44]    |    0.00 [0.00-0.00]     |
|       58       |       1        |   5.00 [5.00-8.00]    |   0.00 [0.00-0.00]    |    5.00 [5.00-8.00]    |    0.00 [0.00-0.00]    |    0.00 [0.00-0.00]     |
|       59       |       1        |   5.00 [5.00-6.00]    |   0.00 [0.00-0.00]    |    5.00 [5.00-6.00]    |    0.00 [0.00-0.00]    |    0.00 [0.00-0.00]     |
|       60       |       1        |  15.00 [13.84-17.00]  |  18.00 [17.00-20.16]  |  15.85 [14.55-17.95]   |    8.77 [8.29-9.82]    |    0.07 [0.03-0.15]     |
|       61       |       1        |   6.00 [6.00-6.16]    |   0.00 [0.00-0.00]    |    8.48 [8.48-8.71]    |    0.00 [0.00-0.00]    |    0.00 [0.00-0.00]     |
|       62       |       1        |  29.00 [26.84-32.00]  |   5.00 [4.00-5.00]    |  29.00 [26.84-32.00]   |    2.50 [2.00-2.50]    |    0.00 [0.00-0.00]     |
|       63       |       1        |   2.00 [2.00-2.00]    |   0.00 [0.00-0.00]    |    7.50 [7.50-7.50]    |    0.00 [0.00-0.00]    |    0.01 [0.01-0.01]     |
|       65       |       1        |  10.00 [9.00-12.16]   |   8.00 [8.00-8.16]    |  13.47 [12.13-16.38]   |    3.74 [3.74-3.81]    |    0.01 [0.00-0.02]     |
|       66       |       1        |  45.00 [41.00-51.00]  |   0.00 [0.00-0.00]    |  58.59 [53.53-66.25]   |    0.00 [0.00-0.00]    |    0.00 [-0.00-0.00]    |
|       67       |       1        |  16.00 [15.00-17.00]  |   9.00 [9.00-10.00]   |  23.04 [21.60-24.48]   |    3.90 [3.90-4.34]    |    0.00 [0.00-0.00]     |
|       68       |       1        |  13.00 [12.00-15.16]  |   7.00 [7.00-8.00]    |  18.18 [16.74-21.19]   |    3.06 [3.06-3.50]    |    0.00 [0.00-0.00]     |
|       70       |       1        |  12.00 [12.00-15.00]  |   6.00 [6.00-7.00]    |  16.06 [16.02-20.03]   |    2.81 [2.81-3.28]    |    0.00 [0.00-0.00]     |
|       72       |       1        |  12.00 [12.00-15.16]  |   3.00 [3.00-3.00]    |  13.40 [13.37-16.88]   |    1.50 [1.50-1.50]    |    0.00 [0.00-0.00]     |
|       73       |       1        |  17.00 [17.00-21.00]  |   0.00 [0.00-0.00]    |  22.95 [22.95-28.32]   |    0.00 [0.00-0.00]    |    0.00 [0.00-0.00]     |
|       74       |       1        |  11.00 [9.84-13.00]   |   5.00 [5.00-5.00]    |    7.65 [6.84-9.04]    |    3.92 [3.92-3.92]    |    0.16 [0.08-0.28]     |
|       76       |       1        |  13.00 [13.00-16.16]  |   0.00 [0.00-0.00]    |  18.38 [18.38-22.85]   |    0.00 [0.00-0.00]    |    0.00 [0.00-0.00]     |
|       77       |       1        |  21.00 [20.00-25.00]  |   2.00 [2.00-2.00]    |  30.21 [28.77-35.96]   |    0.87 [0.87-0.87]    |    0.00 [0.00-0.00]     |
|       78       |       1        |  17.00 [16.00-21.16]  |   2.00 [2.00-2.00]    |  19.14 [17.97-23.74]   |    1.00 [1.00-1.00]    |    0.00 [0.00-0.00]     |
|       79       |       1        |  18.00 [16.00-22.00]  |   3.00 [3.00-3.00]    |  23.98 [21.33-29.34]   |    1.38 [1.38-1.38]    |    0.00 [0.00-0.00]     |
|       80       |       1        |   5.00 [5.00-8.00]    |   0.00 [0.00-0.00]    |    4.98 [4.98-7.95]    |    0.00 [0.00-0.00]    |    0.00 [0.00-0.00]     |
|       81       |       1        |  11.00 [10.00-12.16]  |   0.00 [0.00-0.00]    |  15.56 [14.14-17.20]   |    0.00 [0.00-0.00]    |    0.00 [0.00-0.00]     |
|       82       |       1        |  26.00 [25.00-30.00]  |   0.00 [0.00-0.00]    |  30.53 [29.34-35.21]   |    0.00 [0.00-0.00]    |    0.00 [-0.00-0.00]    |
|       84       |       1        |  13.00 [12.00-15.16]  |   0.00 [0.00-0.00]    |  13.00 [12.00-15.16]   |    0.00 [0.00-0.00]    |    0.00 [0.00-0.00]     |
|       85       |       1        |   5.00 [5.00-7.00]    |   1.00 [1.00-1.00]    |    6.67 [6.67-9.32]    |    0.64 [0.64-0.64]    |    0.02 [0.00-0.02]     |
|       86       |       1        |  17.00 [17.00-20.16]  |   0.00 [0.00-0.00]    |  24.51 [24.51-29.06]   |    0.00 [0.00-0.00]    |    0.00 [0.00-0.00]     |
|       87       |       1        |  24.00 [22.00-28.00]  |   1.00 [1.00-1.00]    |  34.43 [31.56-40.18]   |    0.43 [0.43-0.43]    |    0.00 [-0.00-0.00]    |
|       89       |       1        |  13.00 [12.00-16.00]  |   1.00 [1.00-1.00]    |  17.58 [16.23-21.58]   |    0.46 [0.46-0.46]    |    0.00 [0.00-0.00]     |
|       90       |       1        |  21.00 [21.00-24.00]  |   6.00 [6.00-7.16]    |  21.02 [21.02-24.03]   |    3.00 [3.00-3.58]    |    0.00 [0.00-0.00]     |
|       91       |       1        |   4.00 [4.00-5.32]    |   1.00 [1.00-1.00]    |    5.43 [5.43-7.21]    |    0.64 [0.64-0.64]    |    0.04 [0.01-0.04]     |
|       92       |       1        |  12.00 [11.00-15.00]  |   0.00 [0.00-0.00]    |   8.25 [7.56-10.31]    |    0.00 [0.00-0.00]    |    0.00 [0.00-0.00]     |
|       93       |       1        |  15.00 [14.00-17.00]  |   0.00 [0.00-0.00]    |  15.00 [14.00-17.00]   |    0.00 [0.00-0.00]    |    0.00 [0.00-0.00]     |
|       94       |       1        |   3.00 [3.00-3.00]    |   0.00 [0.00-0.00]    |  11.28 [11.28-11.28]   |    0.00 [0.00-0.00]    |    0.00 [0.00-0.00]     |
|       95       |       1        |  19.50 [18.00-22.08]  |   0.00 [0.00-0.00]    |  19.50 [18.00-22.08]   |    0.00 [0.00-0.00]    |    0.00 [0.00-0.00]     |
|       96       |       1        |  15.00 [13.00-19.00]  |   0.00 [0.00-0.00]    |  21.23 [18.39-26.88]   |    0.00 [0.00-0.00]    |    0.00 [0.00-0.00]     |
|       97       |       1        |  52.00 [48.00-57.00]  |   0.00 [0.00-0.00]    |  52.00 [48.00-57.00]   |    0.00 [0.00-0.00]    |   -0.00 [-0.00--0.00]   |
|       98       |       1        |   4.00 [4.00-8.00]    |  21.00 [20.00-21.16]  |    4.00 [4.00-8.00]    |  10.58 [10.07-10.66]   |    0.04 [0.04-0.33]     |
|       99       |       1        |  19.00 [18.00-23.16]  |   1.00 [1.00-1.00]    |  19.04 [18.04-23.21]   |    0.50 [0.50-0.50]    |    0.00 [0.00-0.00]     |
|      100       |       1        |  31.00 [30.00-36.00]  |   8.00 [8.00-8.00]    |  21.36 [20.67-24.78]   |    6.28 [6.27-6.28]    |    0.00 [0.00-0.00]     |
|      101       |       1        |   9.00 [9.00-12.00]   |   8.00 [8.00-9.00]    |  12.17 [12.17-16.23]   |    3.74 [3.74-4.21]    |    0.01 [0.00-0.02]     |
|      102       |       1        |   0.00 [0.00-0.00]    |   8.00 [8.00-9.00]    |    0.00 [0.00-0.00]    |    4.01 [4.01-4.51]    |    0.05 [0.04-0.05]     |
|      103       |       1        |  12.00 [11.00-14.00]  |  90.00 [89.00-91.00]  |  16.24 [14.90-18.95]   |  41.90 [41.43-42.36]   |    0.00 [0.00-0.00]     |
|      104       |       1        |  20.00 [18.00-23.00]  |   6.00 [6.00-7.00]    |  26.91 [24.23-30.89]   |    2.80 [2.80-3.27]    |    0.00 [0.00-0.00]     |
|      105       |       1        |   2.00 [2.00-2.00]    |   0.00 [0.00-0.00]    |    2.00 [2.00-2.00]    |    0.00 [0.00-0.00]    |    0.14 [0.14-0.14]     |
|      106       |       1        |   9.00 [9.00-11.16]   |  11.00 [10.00-14.00]  |   9.16 [9.12-11.35]    |    5.45 [4.97-6.94]    |    0.18 [0.07-0.33]     |
|      107       |       1        |   5.00 [5.00-5.16]    |   0.00 [0.00-0.00]    |    5.00 [5.00-5.16]    |    0.00 [0.00-0.00]    |    0.00 [0.00-0.00]     |
|      108       |       1        |  13.00 [13.00-15.00]  |   3.00 [3.00-3.00]    |  13.05 [13.05-15.06]   |    1.50 [1.50-1.50]    |    0.00 [0.00-0.00]     |
|      109       |       1        |  53.00 [50.00-58.00]  |   0.00 [0.00-0.00]    |  31.47 [29.69-34.44]   |    0.00 [0.00-0.00]    |    0.00 [0.00-0.00]     |
|      110       |       1        |   3.00 [2.00-3.00]    |   1.00 [1.00-2.00]    |    4.24 [2.83-4.24]    |    0.44 [0.44-0.87]    |    0.04 [0.04-0.14]     |
|      111       |       1        |   7.50 [7.50-10.50]   |   2.50 [2.42-2.50]    |   7.53 [7.53-10.54]    |    1.25 [1.21-1.25]    |    0.01 [0.00-0.01]     |
|      112       |       1        |  12.00 [12.00-15.00]  |   0.00 [0.00-0.00]    |  12.00 [12.00-15.00]   |    0.00 [0.00-0.00]    |    0.00 [0.00-0.00]     |
|      114       |       1        |   6.00 [6.00-7.00]    |   0.00 [0.00-0.00]    |    6.00 [6.00-7.00]    |    0.00 [0.00-0.00]    |    0.00 [0.00-0.00]     |
|      115       |       1        |  13.00 [11.00-15.00]  |   2.00 [2.00-2.00]    |  18.38 [15.56-21.21]   |    1.00 [1.00-1.00]    |    0.00 [0.00-0.00]     |
|      116       |       1        |  24.00 [24.00-28.00]  |   3.00 [3.00-3.00]    |  33.96 [33.96-39.62]   |    1.31 [1.31-1.31]    |    0.00 [0.00-0.00]     |
|      118       |       1        |  13.00 [13.00-16.00]  |  11.00 [9.00-12.00]   |  13.03 [13.03-16.04]   |    5.49 [4.50-5.99]    |    0.03 [0.00-0.04]     |
|      119       |       1        |  38.00 [37.00-41.00]  |   0.00 [0.00-0.00]    |  38.00 [37.00-41.00]   |    0.00 [0.00-0.00]    |   -0.00 [-0.00--0.00]   |
|      120       |       1        |   9.00 [9.00-12.00]   |   0.00 [0.00-0.00]    |    6.22 [6.22-8.29]    |    0.00 [0.00-0.00]    |    0.00 [0.00-0.00]     |
|      121       |       1        |   6.00 [6.00-7.00]    |  16.00 [16.00-16.00]  |    8.48 [8.48-9.89]    |    7.00 [7.00-7.00]    |    0.42 [0.29-0.42]     |
|      123       |       1        |  20.00 [19.00-24.16]  |  52.00 [51.00-53.00]  |  28.23 [26.71-34.09]   |  22.83 [22.37-23.30]   |    0.23 [0.06-0.33]     |
|      124       |       1        |  23.00 [21.84-27.00]  |   0.00 [0.00-0.00]    |  33.09 [31.42-38.83]   |    0.00 [0.00-0.00]    |    0.00 [-0.00-0.00]    |
|      125       |       1        |  27.00 [26.00-30.00]  |   0.00 [0.00-0.00]    |  26.86 [25.88-29.80]   |    0.00 [0.00-0.00]    |    0.00 [0.00-0.00]     |
|      126       |       1        |  16.00 [14.00-19.00]  |   0.00 [0.00-0.00]    |  18.33 [16.03-21.78]   |    0.00 [0.00-0.00]    |    0.00 [0.00-0.00]     |
|      127       |       1        |  18.00 [17.00-20.00]  |   0.00 [0.00-0.00]    |  25.47 [24.05-28.30]   |    0.00 [0.00-0.00]    |    0.00 [0.00-0.00]     |
|      128       |       1        |   9.00 [9.00-9.16]    |   0.00 [0.00-0.00]    |    9.00 [9.00-9.16]    |    0.00 [0.00-0.00]    |    0.00 [0.00-0.00]     |
|      130       |       1        |  16.00 [15.00-19.00]  |   0.00 [0.00-0.00]    |  22.69 [21.27-26.94]   |    0.00 [0.00-0.00]    |    0.00 [0.00-0.00]     |
|      131       |       1        |  21.00 [20.00-23.16]  |   0.00 [0.00-0.00]    |  21.00 [20.00-23.16]   |    0.00 [0.00-0.00]    |    0.00 [0.00-0.00]     |
|      132       |       1        |   4.00 [4.00-5.00]    |   0.00 [0.00-0.00]    |  14.87 [14.87-18.28]   |    0.00 [0.00-0.00]    |    0.00 [0.00-0.00]     |
|      133       |       1        |  14.00 [13.00-15.00]  |   0.00 [0.00-0.00]    |  14.00 [13.00-15.00]   |    0.00 [0.00-0.00]    |    0.00 [0.00-0.00]     |
|      134       |       1        |   6.00 [6.00-8.16]    |   0.00 [0.00-0.00]    |   8.48 [8.48-11.53]    |    0.00 [0.00-0.00]    |    0.00 [0.00-0.00]     |
|      136       |       1        |  16.00 [15.00-16.00]  |   0.00 [0.00-0.00]    |  23.07 [21.63-23.07]   |    0.00 [0.00-0.00]    |    0.00 [0.00-0.00]     |
|      138       |       1        |   6.00 [6.00-8.00]    |   5.00 [5.00-5.00]    |    6.85 [6.85-9.15]    |    2.43 [2.43-2.44]    |    0.08 [0.02-0.08]     |
|      139       |       1        |   8.00 [8.00-8.16]    |   3.00 [3.00-3.00]    |    8.01 [8.01-8.16]    |    1.50 [1.50-1.50]    |    0.01 [0.01-0.01]     |
|      140       |       1        |   2.00 [2.00-2.16]    |   0.00 [0.00-0.00]    |    2.00 [2.00-2.16]    |    0.00 [0.00-0.00]    |    0.11 [0.10-0.11]     |
|      141       |       1        |  22.00 [22.00-25.00]  |   0.00 [0.00-0.00]    |  22.00 [22.00-25.00]   |    0.00 [0.00-0.00]    |    0.00 [0.00-0.00]     |
|      143       |       1        |  22.00 [21.00-25.00]  |   0.00 [0.00-0.00]    |  24.74 [23.60-28.11]   |    0.00 [0.00-0.00]    |    0.00 [0.00-0.00]     |
|      144       |       1        |  10.00 [10.00-14.00]  |   0.00 [0.00-0.00]    |  14.14 [14.14-19.80]   |    0.00 [0.00-0.00]    |    0.00 [0.00-0.00]     |
|      145       |       1        |  17.00 [16.00-19.00]  |   1.00 [1.00-1.00]    |  19.50 [18.34-21.84]   |    0.70 [0.70-0.70]    |    0.00 [0.00-0.00]     |
|      146       |       1        |  10.00 [9.00-12.00]   |   0.00 [0.00-0.00]    |  14.42 [12.98-17.31]   |    0.00 [0.00-0.00]    |    0.00 [0.00-0.00]     |
|      147       |       1        |   4.00 [4.00-5.00]    |   0.00 [0.00-0.00]    |    5.65 [5.65-7.07]    |    0.00 [0.00-0.00]    |    0.00 [0.00-0.00]     |
|      148       |       1        |  16.00 [14.00-20.16]  |   0.00 [0.00-0.00]    |  16.00 [14.00-20.16]   |    0.00 [0.00-0.00]    |    0.00 [0.00-0.00]     |
|      149       |       1        |  38.00 [36.00-38.16]  |   0.00 [0.00-0.00]    |  34.48 [32.94-34.99]   |    0.00 [0.00-0.00]    |    0.00 [-0.00-0.00]    |
|      150       |       1        |   9.00 [8.00-11.00]   |   0.00 [0.00-0.00]    |   9.00 [8.00-11.00]    |    0.00 [0.00-0.00]    |    0.00 [0.00-0.00]     |
|      151       |       1        |  19.00 [18.00-23.16]  |   8.00 [8.00-8.00]    |  21.99 [20.77-26.78]   |    5.53 [5.52-5.53]    |    0.00 [0.00-0.00]     |
|      152       |       1        |   9.00 [8.00-12.00]   |   0.00 [0.00-0.00]    |   9.00 [8.00-12.00]    |    0.00 [0.00-0.00]    |    0.00 [0.00-0.00]     |
|      154       |       1        |  12.00 [11.00-13.00]  |   0.00 [0.00-0.00]    |  16.26 [14.91-17.60]   |    0.00 [0.00-0.00]    |    0.00 [0.00-0.00]     |
|      155       |       1        |  15.00 [14.00-19.00]  |   0.00 [0.00-0.00]    |  15.00 [14.00-19.00]   |    0.00 [0.00-0.00]    |    0.00 [0.00-0.00]     |
|      156       |       1        |   6.00 [5.00-7.00]    |   0.00 [0.00-0.00]    |    6.00 [5.00-7.00]    |    0.00 [0.00-0.00]    |    0.00 [0.00-0.01]     |
|      157       |       1        |   7.00 [7.00-10.00]   |   1.00 [1.00-1.00]    |   7.00 [7.00-10.00]    |    0.50 [0.50-0.50]    |    0.00 [0.00-0.00]     |
|      158       |       1        |   5.00 [4.00-8.00]    |   3.00 [3.00-3.00]    |    5.00 [4.00-8.00]    |    1.50 [1.50-1.50]    |    0.09 [0.01-0.17]     |
|      159       |       1        |   3.00 [3.00-3.00]    |   0.00 [0.00-0.00]    |  11.24 [11.24-11.24]   |    0.00 [0.00-0.00]    |    0.00 [0.00-0.00]     |
|      160       |       1        |  17.00 [15.84-20.00]  |   0.00 [0.00-0.00]    |  24.51 [22.84-28.84]   |    0.00 [0.00-0.00]    |    0.00 [0.00-0.00]     |
|      161       |       1        |  15.00 [15.00-17.00]  |   0.00 [0.00-0.00]    |  19.96 [19.91-22.63]   |    0.00 [0.00-0.00]    |    0.00 [0.00-0.00]     |
|      163       |       1        |  11.00 [11.00-12.00]  |   2.00 [2.00-2.00]    |  15.85 [15.85-17.28]   |    0.87 [0.87-0.87]    |    0.00 [0.00-0.00]     |
|      165       |       1        |   1.00 [1.00-1.16]    |  19.50 [19.00-20.00]  |    1.02 [1.02-1.18]    |    9.65 [9.41-9.90]    |    0.00 [0.00-0.00]     |
|      166       |       1        |   6.00 [5.00-9.00]    |  15.00 [15.00-16.00]  |   8.09 [6.74-12.13]    |    7.00 [7.00-7.47]    |    0.46 [0.14-0.62]     |
|      167       |       1        |  26.00 [24.00-28.00]  |   1.00 [1.00-1.00]    |  28.14 [25.95-30.30]   |    0.48 [0.48-0.48]    |    0.00 [0.00-0.00]     |
|      168       |       1        |  14.00 [13.00-16.16]  |   0.00 [0.00-0.00]    |   9.65 [8.97-11.14]    |    0.00 [0.00-0.00]    |    0.00 [0.00-0.00]     |
|      169       |       1        |  19.00 [18.00-22.00]  |  13.00 [13.00-13.00]  |  21.95 [20.81-25.43]   |    6.29 [6.29-6.29]    |    0.00 [0.00-0.00]     |
|      170       |       1        |   9.00 [9.00-11.00]   |   0.00 [0.00-0.00]    |   9.00 [9.00-11.00]    |    0.00 [0.00-0.00]    |    0.00 [0.00-0.00]     |
|      171       |       1        |  10.50 [10.50-11.50]  |   5.00 [5.00-5.00]    |  14.84 [14.84-16.26]   |    2.18 [2.18-2.18]    |    0.00 [0.00-0.00]     |
|      172       |       1        |  11.00 [9.00-14.16]   |   1.00 [1.00-1.00]    |  12.40 [10.16-15.97]   |    0.50 [0.50-0.50]    |    0.00 [0.00-0.00]     |
|      174       |       1        |  18.50 [18.50-21.50]  |  17.50 [15.50-17.50]  |  24.77 [24.71-28.76]   |   10.75 [9.52-10.82]   |    0.01 [0.00-0.01]     |
|      175       |       1        |  12.00 [12.00-15.00]  |   1.00 [1.00-1.00]    |  16.97 [16.97-21.21]   |    0.44 [0.44-0.44]    |    0.00 [0.00-0.00]     |
|      179       |       1        |  24.00 [23.00-27.00]  |  15.00 [15.00-16.00]  |  24.15 [23.15-27.18]   |    7.48 [7.47-7.98]    |    0.00 [0.00-0.00]     |
|      180       |       1        |  15.00 [15.00-19.32]  |   0.00 [0.00-0.00]    |  16.19 [16.19-20.85]   |    0.00 [0.00-0.00]    |    0.00 [0.00-0.00]     |
|      181       |       1        |  20.00 [18.84-21.16]  |  15.00 [15.00-16.00]  |  28.28 [26.64-29.92]   |    7.49 [7.49-7.98]    |    0.00 [0.00-0.00]     |
|      182       |       1        |   9.00 [8.00-11.16]   |   0.00 [0.00-0.00]    |  12.14 [10.81-15.07]   |    0.00 [0.00-0.00]    |    0.00 [0.00-0.00]     |
|      183       |       1        |  15.00 [14.00-18.00]  |   0.00 [0.00-0.00]    |  21.62 [20.18-25.94]   |    0.00 [0.00-0.00]    |    0.00 [0.00-0.00]     |
|      186       |       1        |  19.00 [18.00-22.00]  |   0.00 [0.00-0.00]    |  26.93 [25.51-31.18]   |    0.00 [0.00-0.00]    |    0.00 [0.00-0.00]     |
|      187       |       1        |  26.00 [24.00-29.16]  |   0.00 [0.00-0.00]    |  16.44 [15.17-18.42]   |    0.00 [0.00-0.00]    |    0.00 [0.00-0.00]     |
|      190       |       1        |  18.00 [18.00-22.00]  |  18.00 [17.50-18.00]  |  18.05 [18.05-22.06]   |    9.29 [9.03-9.29]    |    0.03 [0.01-0.03]     |
|      191       |       1        |   8.00 [8.00-8.00]    |   0.00 [0.00-0.00]    |    8.00 [8.00-8.00]    |    0.00 [0.00-0.00]    |    0.00 [0.00-0.00]     |
|      192       |       1        |  17.00 [17.00-21.32]  |   0.00 [0.00-0.00]    |  24.47 [24.46-30.69]   |    0.00 [0.00-0.00]    |    0.00 [0.00-0.00]     |
|      193       |       1        |  15.00 [14.00-18.00]  |   0.00 [0.00-0.00]    |   10.34 [9.65-12.40]   |    0.00 [0.00-0.00]    |    0.00 [0.00-0.00]     |
|      194       |       1        |  11.00 [11.00-13.00]  |   0.00 [0.00-0.00]    |  14.86 [14.86-17.56]   |    0.00 [0.00-0.00]    |    0.00 [0.00-0.00]     |
|      196       |       1        |  32.00 [29.00-36.16]  |  23.00 [22.00-24.00]  |  32.32 [29.29-36.52]   |  11.51 [11.01-12.01]   |    0.00 [0.00-0.00]     |
|      197       |       1        |  26.00 [24.84-29.00]  |   8.00 [8.00-8.00]    |  29.84 [28.46-33.29]   |    5.50 [5.49-5.51]    |    0.00 [0.00-0.00]     |
|      198       |       1        |  12.00 [11.00-14.16]  |   0.00 [0.00-0.00]    |  16.99 [15.57-20.05]   |    0.00 [0.00-0.00]    |    0.00 [0.00-0.00]     |
|      199       |       1        |   5.00 [5.00-7.16]    |   0.00 [0.00-0.00]    |    5.65 [5.65-8.08]    |    0.00 [0.00-0.00]    |    0.00 [0.00-0.00]     |
|      200       |       1        |   3.25 [3.25-3.83]    |  80.25 [78.25-82.25]  |    3.39 [3.39-3.99]    |  39.33 [38.35-40.31]   |    0.00 [0.00-0.00]     |
|      201       |       1        |   6.00 [6.00-7.00]    |   0.00 [0.00-0.00]    |    8.13 [8.13-9.48]    |    0.00 [0.00-0.00]    |    0.00 [0.00-0.00]     |
|      203       |       1        |  21.00 [19.84-24.16]  |   5.00 [4.00-5.00]    |  24.21 [22.83-27.85]   |    2.42 [1.94-2.43]    |    0.00 [0.00-0.00]     |
|      204       |       1        |  14.00 [13.00-18.00]  |   6.00 [6.00-6.00]    |  18.56 [17.21-23.84]   |    2.76 [2.76-2.76]    |    0.00 [0.00-0.00]     |
|      205       |       1        |  31.00 [29.00-35.16]  |   0.00 [0.00-0.00]    |  18.53 [17.34-21.01]   |    0.00 [0.00-0.00]    |    0.00 [0.00-0.00]     |
|      206       |       1        |  11.00 [11.00-14.00]  |   0.00 [0.00-0.00]    |  12.39 [12.38-15.75]   |    0.00 [0.00-0.00]    |    0.00 [0.00-0.00]     |
|      208       |       1        |   7.00 [7.00-10.00]   |   1.00 [1.00-2.00]    |   9.90 [9.90-14.14]    |    0.44 [0.44-0.87]    |    0.00 [0.00-0.00]     |
|      209       |       1        |  14.00 [14.00-18.00]  |   0.00 [0.00-1.00]    |   8.30 [8.30-10.67]    |    0.00 [0.00-0.76]    |    0.00 [0.00-0.00]     |
|      210       |       1        |  35.00 [33.00-39.00]  |   7.00 [5.84-8.00]    |  22.84 [21.51-25.47]   |    5.67 [4.74-6.45]    |    0.00 [0.00-0.00]     |
|      211       |       1        |  16.50 [15.50-19.58]  |  84.00 [82.00-87.00]  |  17.68 [16.58-21.00]   |  41.70 [40.71-43.21]   |    0.00 [0.00-0.00]     |
|      213       |       1        |  53.50 [50.50-58.97]  |   1.50 [1.50-2.50]    |  53.50 [50.51-58.98]   |    0.77 [0.77-1.29]    |   -0.00 [-0.00-0.00]    |
|      214       |       1        |  11.00 [10.00-14.00]  |  26.00 [24.00-28.16]  |  14.73 [13.33-18.66]   |  11.58 [10.68-12.55]   |    0.31 [0.11-0.42]     |
|      215       |       1        |  10.00 [10.00-14.16]  |  13.00 [13.00-14.00]  |  10.11 [10.11-14.32]   |    6.49 [6.49-6.98]    |    0.20 [0.03-0.24]     |
|      216       |       1        |  15.00 [15.00-16.00]  |   0.00 [0.00-1.00]    |  15.00 [15.00-16.00]   |    0.00 [0.00-0.50]    |    0.00 [0.00-0.00]     |
|      217       |       1        |   0.00 [0.00-1.00]    |   0.00 [0.00-1.00]    |    0.00 [0.00-1.00]    |    0.00 [0.00-0.50]    |    1.00 [0.33-1.00]     |
|      218       |       1        |  25.00 [23.84-28.00]  |   2.00 [2.00-3.00]    |  36.02 [34.36-40.34]   |    0.87 [0.87-1.30]    |    0.00 [-0.00-0.00]    |
|      219       |       1        |  19.00 [18.00-22.16]  |   4.00 [4.00-5.00]    |  25.65 [24.30-29.89]   |    1.87 [1.87-2.34]    |    0.00 [0.00-0.00]     |
|      220       |       1        |  25.00 [23.00-30.00]  |   0.00 [0.00-1.00]    |  32.99 [30.35-39.45]   |    0.00 [0.00-0.47]    |    0.00 [-0.00-0.00]    |
|      222       |       1        |   9.00 [7.00-10.00]   |   0.00 [0.00-1.00]    |   10.28 [7.99-11.43]   |    0.00 [0.00-0.70]    |    0.00 [0.00-0.00]     |
|      223       |       1        |  15.00 [14.00-16.16]  |   0.00 [0.00-1.00]    |  20.04 [18.72-21.58]   |    0.00 [0.00-0.47]    |    0.00 [0.00-0.00]     |
|      224       |       1        |  12.00 [10.00-15.16]  |   2.00 [2.00-3.00]    |  16.22 [13.53-20.48]   |    0.91 [0.91-1.37]    |    0.00 [0.00-0.00]     |
|      225       |       1        |  39.50 [37.50-43.82]  |   3.00 [3.00-4.00]    |  39.52 [37.52-43.84]   |    1.50 [1.50-2.00]    |    0.00 [0.00-0.00]     |
|      226       |       1        |  12.00 [12.00-14.16]  |   0.00 [0.00-1.00]    |  12.00 [12.00-14.16]   |    0.00 [0.00-0.50]    |    0.00 [0.00-0.00]     |
|      227       |       1        |  36.00 [34.84-40.00]  |   0.00 [0.00-1.00]    |  51.84 [50.05-57.59]   |    0.00 [0.00-0.43]    |   -0.00 [-0.00-0.00]    |
|      228       |       1        |  17.33 [16.50-20.33]  |   8.67 [8.64-9.72]    |  17.17 [16.40-20.14]   |    4.36 [4.34-4.88]    |    0.00 [0.00-0.00]     |
|      231       |       1        |  31.00 [30.00-34.16]  |   1.00 [1.00-2.00]    |  31.00 [30.00-34.16]   |    0.50 [0.50-1.00]    |    0.00 [0.00-0.00]     |
|      233       |       1        |  11.00 [11.00-14.00]  |   1.00 [1.00-2.00]    |  14.83 [14.83-18.87]   |    0.46 [0.46-0.91]    |    0.00 [0.00-0.00]     |
|      234       |       1        |   8.00 [8.00-9.16]    |   1.00 [1.00-2.00]    |    7.98 [7.98-9.13]    |    0.50 [0.50-1.00]    |    0.00 [0.00-0.00]     |
|      235       |       1        |   4.00 [4.00-5.16]    |   0.00 [0.00-0.16]    |    5.66 [5.66-7.29]    |    0.00 [0.00-0.07]    |    0.00 [0.00-0.00]     |
|      236       |       1        |  12.00 [12.00-13.00]  |   0.00 [0.00-1.00]    |  12.00 [12.00-13.00]   |    0.00 [0.00-0.50]    |    0.00 [0.00-0.00]     |
|      237       |       1        |  10.00 [10.00-12.00]  |   1.00 [1.00-2.00]    |  14.17 [14.16-17.01]   |    0.44 [0.44-0.87]    |    0.00 [0.00-0.00]     |
|      238       |       1        |   6.00 [5.00-8.00]    |  10.00 [9.00-11.00]   |   8.03 [6.69-10.71]    |    4.68 [4.21-5.15]    |    0.21 [0.05-0.35]     |
|      240       |       1        |   6.00 [4.00-8.00]    |   0.00 [0.00-1.00]    |    6.00 [4.00-8.00]    |    0.00 [0.00-0.50]    |    0.00 [0.00-0.02]     |
|      241       |       1        |  19.00 [17.00-22.16]  |   0.00 [0.00-0.16]    |  19.00 [17.00-22.16]   |    0.00 [0.00-0.08]    |    0.00 [0.00-0.00]     |
|      242       |       1        |   9.00 [9.00-10.16]   |   0.00 [0.00-1.00]    |  10.27 [10.27-11.61]   |    0.00 [0.00-0.70]    |    0.00 [0.00-0.00]     |
|      244       |       1        |   5.00 [5.00-6.00]    |   1.00 [1.00-2.00]    |  18.34 [18.01-21.94]   |    0.37 [0.37-0.73]    |    0.00 [0.00-0.00]     |
|      245       |       1        |  10.00 [8.97-12.08]   |  89.00 [87.00-92.00]  |  11.22 [10.09-13.53]   |  43.07 [42.15-44.55]   |    0.00 [0.00-0.00]     |
|      246       |       1        |  29.00 [27.00-32.16]  |   0.00 [0.00-1.00]    |  17.19 [16.00-19.07]   |    0.00 [0.00-0.77]    |    0.00 [0.00-0.00]     |
|      248       |       1        |   4.00 [1.00-9.00]    |  18.00 [16.00-22.16]  |   5.47 [1.36-12.23]    |   8.18 [7.26-10.06]    |    0.37 [0.02-0.88]     |
|      249       |       1        |  27.00 [23.00-31.16]  |   4.00 [2.00-7.00]    |  35.04 [29.92-40.44]   |    1.90 [0.95-3.32]    |    0.00 [0.00-0.00]     |
|      250       |       1        |  18.00 [13.84-24.16]  |   3.00 [1.00-7.00]    |  25.89 [19.87-34.74]   |    1.30 [0.43-3.04]    |    0.00 [0.00-0.00]     |
|      251       |       1        |  11.00 [6.00-15.00]   |   5.00 [1.00-8.00]    |   15.79 [8.64-21.59]   |    2.17 [0.43-3.47]    |    0.00 [0.00-0.04]     |
|      256       |       1        |  14.00 [10.00-18.16]  |   3.00 [0.00-7.16]    |  20.09 [14.36-26.11]   |    1.30 [0.00-3.11]    |    0.00 [0.00-0.00]     |
|      258       |       1        |  12.00 [6.84-18.16]   |   1.00 [0.00-4.16]    |   13.67 [7.80-20.70]   |    0.70 [0.00-2.90]    |    0.00 [0.00-0.03]     |
|      259       |       1        |  18.00 [11.84-26.00]  |   2.00 [0.00-5.00]    |  20.69 [13.68-30.08]   |    0.99 [0.00-2.49]    |    0.00 [0.00-0.00]     |
|      260       |       1        |  12.00 [7.00-19.47]   |   1.00 [0.00-4.00]    |   8.29 [4.84-13.38]    |    0.79 [0.00-3.15]    |    0.00 [0.00-0.13]     |
|      261       |       1        |  14.00 [9.00-20.32]   |   4.00 [1.00-7.00]    |   14.02 [9.02-20.38]   |    1.99 [0.50-3.49]    |    0.00 [0.00-0.02]     |
|      262       |       1        |  13.00 [10.00-18.00]  |   3.00 [0.00-6.08]    |  13.03 [10.00-18.03]   |    1.55 [0.00-3.14]    |    0.00 [0.00-0.00]     |
|      263       |       1        |   7.00 [4.00-13.00]   |   2.00 [0.00-6.16]    |   9.48 [5.42-17.56]    |    0.93 [0.00-2.87]    |    0.00 [0.00-0.06]     |
|      264       |       1        |  41.00 [35.00-50.00]  |   2.00 [0.00-5.16]    |  26.11 [22.31-31.74]   |    1.61 [0.00-4.14]    |    0.00 [0.00-0.00]     |
|      265       |       1        |   9.00 [7.00-13.16]   |   3.00 [0.00-6.00]    |   12.73 [9.89-18.63]   |    1.31 [0.00-2.62]    |    0.00 [0.00-0.00]     |
|      267       |       1        |   7.00 [3.00-12.00]   |   3.00 [0.00-7.16]    |   7.00 [3.00-12.00]    |    1.50 [0.00-3.58]    |    0.02 [0.00-0.43]     |
|      268       |       1        |   5.00 [3.00-8.00]    |   3.00 [0.00-6.16]    |   7.07 [4.23-11.31]    |    1.31 [0.00-2.69]    |    0.01 [0.00-0.23]     |
|      269       |       1        |  14.00 [7.84-19.00]   |   1.00 [0.00-4.00]    |   16.04 [8.97-22.02]   |    0.70 [0.00-2.78]    |    0.00 [0.00-0.01]     |
|      270       |       1        |  10.00 [6.84-15.16]   |   2.75 [0.00-6.16]    |   11.10 [7.59-16.99]   |    1.31 [0.00-2.93]    |    0.00 [0.00-0.02]     |
|      271       |       1        |  24.00 [21.00-28.16]  |   2.00 [0.00-6.00]    |  34.16 [29.89-40.10]   |    1.00 [0.00-2.99]    |    0.00 [0.00-0.00]     |
|      272       |       1        |   6.00 [2.00-11.16]   |  26.00 [23.00-30.16]  |   5.99 [2.00-11.16]    |  13.03 [11.53-15.13]   |    0.04 [0.00-0.40]     |
|      273       |       1        |  17.00 [11.00-23.16]  |   4.00 [0.00-7.16]    |  17.00 [11.00-23.17]   |    2.00 [0.00-3.59]    |    0.00 [0.00-0.00]     |
|      274       |       1        |   9.00 [6.00-14.00]   |   2.00 [0.00-7.16]    |   10.00 [6.65-15.62]   |    0.95 [0.00-3.41]    |    0.00 [0.00-0.05]     |
|      275       |       1        |  11.00 [8.00-16.00]   |   4.00 [2.00-8.00]    |  14.85 [10.73-21.25]   |    1.87 [0.93-3.74]    |    0.00 [0.00-0.01]     |
|      278       |       1        |   8.00 [6.00-14.32]   |   4.50 [3.00-8.00]    |   10.82 [8.10-19.28]   |    2.86 [1.91-5.11]    |    0.01 [0.00-0.15]     |
|      279       |       1        |  22.00 [16.84-29.74]  |   1.00 [0.00-5.00]    |  15.01 [11.47-20.32]   |    0.79 [0.00-3.91]    |    0.00 [0.00-0.00]     |
|      280       |       1        |   5.00 [3.00-9.16]    |   3.00 [0.00-8.32]    |   7.07 [4.24-12.95]    |    1.43 [0.00-3.97]    |    0.03 [0.00-0.30]     |
|      282       |       1        |  11.00 [6.84-17.16]   |   3.00 [0.00-8.00]    |   11.01 [6.81-16.86]   |    1.50 [0.00-4.00]    |    0.00 [0.00-0.08]     |
|      285       |       1        |  10.00 [6.00-15.16]   |   3.00 [0.00-7.16]    |   10.02 [6.00-15.20]   |    1.55 [0.00-3.70]    |    0.00 [0.00-0.14]     |
|      286       |       1        |  11.25 [6.84-18.32]   |  26.00 [23.84-30.00]  |   11.27 [6.84-18.32]   |  13.00 [11.92-15.00]   |    0.40 [0.06-0.91]     |
|      287       |       1        |  10.00 [6.84-14.16]   |   3.00 [1.00-6.16]    |   13.52 [9.25-19.09]   |    1.40 [0.47-2.88]    |    0.00 [0.00-0.02]     |
|      289       |       1        |  26.00 [20.00-33.00]  |   1.00 [0.00-5.00]    |  15.49 [11.89-19.67]   |    0.77 [0.00-3.80]    |    0.00 [0.00-0.00]     |
|      291       |       1        |   9.50 [6.00-13.16]   |   5.00 [3.00-9.16]    |   12.93 [8.15-17.91]   |    2.27 [1.36-4.17]    |    0.00 [0.00-0.05]     |
|      292       |       1        |  10.00 [6.00-15.58]   |   7.50 [4.50-12.50]   |   11.18 [6.60-16.98]   |    3.54 [2.12-6.00]    |    0.01 [0.00-0.27]     |
|      293       |       1        |   6.00 [2.84-10.00]   |  24.00 [20.84-28.00]  |   8.68 [4.14-13.79]    |   10.35 [8.98-12.05]   |    0.45 [0.08-0.87]     |
|      295       |       1        |  22.00 [15.84-30.16]  |   1.00 [0.00-3.74]    |   13.12 [9.41-18.07]   |    0.77 [0.00-2.86]    |    0.00 [0.00-0.00]     |
|      297       |       1        |   8.00 [4.00-12.08]   |  26.00 [23.00-29.16]  |   10.70 [5.36-16.20]   |  11.94 [10.57-13.41]   |    0.46 [0.09-0.86]     |
|      298       |       1        |   7.00 [3.84-12.00]   |   3.00 [0.00-7.16]    |   9.46 [5.18-16.20]    |    1.37 [0.00-3.27]    |    0.00 [0.00-0.17]     |
|      303       |       1        |  27.00 [20.84-36.32]  |   3.00 [1.00-6.08]    |  16.32 [12.49-21.91]   |    2.30 [0.76-4.63]    |    0.00 [0.00-0.00]     |
|      306       |       1        |   9.00 [3.84-14.16]   |   4.00 [0.84-8.16]    |   12.98 [5.52-20.41]   |    1.73 [0.36-3.54]    |    0.00 [0.00-0.17]     |
|      307       |       1        |  17.50 [9.84-24.00]   |   4.00 [1.00-9.16]    |   17.29 [9.74-23.81]   |    2.03 [0.51-4.64]    |    0.00 [0.00-0.02]     |
|      308       |       1        |  17.00 [9.00-26.00]   |   3.00 [0.00-8.00]    |  19.99 [10.45-30.43]   |    1.45 [0.00-3.86]    |    0.00 [0.00-0.01]     |
|      313       |       1        |  11.00 [6.84-16.16]   |   5.00 [1.84-10.08]   |   10.98 [6.71-16.20]   |    2.50 [0.92-5.07]    |    0.00 [0.00-0.17]     |
|      316       |       1        |  13.00 [7.84-18.16]   |   5.00 [0.00-9.58]    |   13.01 [7.85-18.25]   |    2.58 [0.00-4.95]    |    0.00 [0.00-0.14]     |
|      317       |       1        |  19.00 [12.00-28.16]  |   4.00 [1.00-8.24]    |  19.12 [12.13-28.27]   |    1.99 [0.50-4.10]    |    0.00 [0.00-0.00]     |
|      318       |       1        |   5.00 [2.00-10.00]   |   3.00 [0.00-8.16]    |   7.07 [2.83-14.14]    |    1.50 [0.00-4.07]    |    0.02 [0.00-0.58]     |
|      320       |       1        |   9.00 [6.00-15.00]   |   4.00 [1.00-8.32]    |   12.98 [8.63-21.60]   |    1.74 [0.43-3.62]    |    0.00 [0.00-0.03]     |
|      324       |       1        |  11.00 [6.00-18.00]   |   4.00 [1.00-8.00]    |   15.84 [8.63-25.85]   |    1.74 [0.43-3.47]    |    0.00 [0.00-0.04]     |
|      333       |       1        |  17.00 [10.00-26.16]  |   5.50 [2.00-11.16]   |  17.02 [10.00-26.18]   |    2.76 [1.00-5.59]    |    0.00 [0.00-0.02]     |
