
Analysis Description
--------------------
BUSTED (branch-site unrestricted statistical test of episodic
diversification) uses a random effects branch-site model fitted jointly
to all or a subset of tree branches in order to test for alignment-wide
evidence of episodic diversifying selection. Assuming there is evidence
of positive selection (i.e. there is an omega > 1), BUSTED will also
perform a quick evidence-ratio style analysis to explore which
individual sites may have been subject to selection. Version 2.0 adds
support for synonymous rate variation, and relaxes the test statistic to
0.5 (chi^2_0 + chi^2_2). Version 2.1 adds a grid search for the initial
starting point. Version 2.2 changes the grid search to LHC, and adds an
initial search phase to use adaptive Nedler-Mead. Version 3.0 implements
the option for branch-site variation in synonymous substitution rates.
Version 3.1 adds HMM auto-correlation option for SRV, and binds SRV
distributions for multiple branch sets. Version 4.0 adds support for
multiple hits (MH), ancestral state reconstruction saved to JSON, and
profiling of branch-site level support for selection / multiple hits.
Version 4.2 adds calculation of MH-attributable fractions of
substitutions. Version 4.5 adds an 'error absorption' component. Version
4.6 adds support for MSS-type models. Version 4.7 adds user configurable
options for the error class. 

- __Requirements__: in-frame codon alignment and a phylogenetic tree (optionally annotated
with {})

- __Citation__: *Gene-wide identification of episodic selection*, Mol Biol Evol.
32(5):1365-71, *Synonymous Site-to-Site Substitution Rate Variation
Dramatically Inflates False Positive Rates of Selection Analyses: Ignore
at Your Own Peril*, Mol Biol Evol. 37(8):2430-2439

- __Written by__: Sergei L Kosakovsky Pond

- __Contact Information__: spond@temple.edu

- __Analysis Version__: 4.7


>code => Universal
>Loaded a multiple sequence alignment with **29** sequences, **192** codons, and **1** partitions from `/Users/alex/Documents/selection-tutorial/data/21-empirical/HIVvif.nex`

>branches => All

>srv => Yes
The number omega rate classes to include in the model (permissible range = [1,10], default value = 3, integer): 
>rates => 3

>multiple-hits => Double+Triple

>mss => No
The number alpha rate classes to include in the model [1-10, default 3] (permissible range = [1,10], default value = 3, integer): 
>syn-rates => 3

>error-sink => No
The number of points in the initial distributional guess for likelihood fitting (permissible range = [1,10000], default value = 250, integer): 
>grid-size => 250
The number of initial random guesses to 'seed' rate values optimization (permissible range = [1,25], default value = 1, integer): 
>starting-points => 1


### Branches to test for selection in the BUSTED analysis
* Selected 55 branches to test in the BUSTED analysis: `B_LAI, B_P896, Node2, B_MN, B_C18MBC, Node10, B_U39_32, B_U13_2, Node15, B_GMK1, Node14, B_8_18, Node13, Node9, B_IFA10, Node8, B_YU2, B_YU10, Node22, B_3_7, Node21, Node7, B_JRCSF, B_JRFL, Node26, Node6, B_PA_3799, Node5, Node1, B_BCSG3C, B_I2, Node30, B_SF2, B_3202A12, Node36, B_F12, B_OYI, Node39, Node35, B_WEAU160, Node34, B_NL43, B_CAM1, B_D31, B_MANC, Node49, Node47, B_HAN, B_AD8, Node52, Node46, Node44, B_RF, Node43, Node33`


### Obtaining branch lengths and nucleotide substitution biases under the nucleotide GTR model

>kill-zero-lengths => Yes

### Deleted 1 zero-length internal branches: `Node8`
* Log(L) = -3533.80, AIC-c =  7194.08 (63 estimated parameters)
* 1 partition. Total tree length by partition (subs/site)  0.899

### Obtaining the global omega estimate based on relative GTR branch lengths and nucleotide substitution biases
* Log(L) = -3489.16, AIC-c =  7118.07 (69 estimated parameters)
* 1 partition. Total tree length by partition (subs/site)  0.910
* non-synonymous/synonymous rate ratio for *test* =   0.7612

### Improving branch lengths, nucleotide substitution biases, and global dN/dS ratios under a full codon model
* Log(L) = -3488.80, AIC-c =  7117.35 (69 estimated parameters)
* non-synonymous/synonymous rate ratio for *test* =   0.7485

### Performing the full (dN/dS > 1 allowed) branch-site model fit
* Log(L) = -3374.30, AIC-c =  6910.96 (80 estimated parameters)
* For *test* branches, the following rate distribution for branch-site combinations was inferred


### Partition-level rates for multiple-hit substitutions
* rate at which 2 nucleotides are changed instantly within a single codon :   0.0016
* Corresponding fraction of substitutions :  0.060%
* rate at which 3 nucleotides are changed instantly within a single codon :   0.1634
* Corresponding fraction of substitutions :  0.849%

|          Selection mode           |     dN/dS     |Proportion, %|               Notes               |
|-----------------------------------|---------------|-------------|-----------------------------------|
|        Negative selection         |     0.708     |   99.700    |                                   |
|         Neutral evolution         |     1.000     |    0.192    |                                   |
|      Diversifying selection       |     7.421     |    0.108    |                                   |

* The following rate distribution for site-to-site **synonymous** rate variation was inferred

|               Rate                | Proportion, % |               Notes               |
|-----------------------------------|---------------|-----------------------------------|
|               0.294               |    53.468     |                                   |
|               1.133               |    33.121     |                                   |
|               3.487               |    13.411     |                                   |


### Performing the constrained (dN/dS > 1 not allowed) model fit
* Log(L) = -3374.30, AIC-c =  6908.90 (79 estimated parameters)
* For *test* branches under the null (no dN/dS > 1 model), the following rate distribution for branch-site combinations was inferred

### Partition-level rates for multiple-hit substitutions
* rate at which 2 nucleotides are changed instantly within a single codon :   0.0035
* Corresponding fraction of substitutions :  0.132%
* rate at which 3 nucleotides are changed instantly within a single codon :   0.1643
* Corresponding fraction of substitutions :  0.852%

|          Selection mode           |     dN/dS     |Proportion, %|               Notes               |
|-----------------------------------|---------------|-------------|-----------------------------------|
|        Negative selection         |     0.500     |    0.000    |       Not supported by data       |
|        Negative selection         |     0.713     |   100.000   |                                   |
|         Neutral evolution         |     1.000     |    0.000    |       Not supported by data       |

* The following rate distribution for site-to-site **synonymous** rate variation was inferred

|               Rate                | Proportion, % |               Notes               |
|-----------------------------------|---------------|-----------------------------------|
|               0.296               |    53.568     |                                   |
|               1.132               |    32.997     |                                   |
|               3.484               |    13.436     |                                   |

----
## Branch-site unrestricted statistical test of episodic diversification [BUSTED]
Likelihood ratio test for episodic diversifying positive selection, **p =   0.4988**.
