
Analysis Description
--------------------
Fit one of the available codon models to the data, report fit results
and model estimates. Model specific options will differ. You can also
perform Likelihood Ratio Tests (LRT) on any model parameter by passing
--parameter_name value on the command line.

- __Requirements__: in-frame codon alignment and a phylogenetic tree

- __Written by__: Sergei L Kosakovsky Pond

- __Contact Information__: spond@temple.edu

- __Analysis Version__: 0.1


>code => Universal
>Loaded a multiple sequence alignment with **466** sequences, **589** codons, and **1** partitions from `/Users/alex/Documents/selection-tutorial/data/21-empirical/IAV-human-H1N1-HA.nex`
Model to fit : Error:
Could not read all the parameters requested. in call to fscanf(stdin,"String",str_val);

Function call stack
1 :  [namespace = zDPYvz_e] fscanf(stdin,"String",str_val);

	Keyword arguments:
		{
		 "output":"results/session1_gene_wide/IAV_human_H1N1_HA_fitmodel.json"
		}
-------
2 :  fitter.model_name=io.PromptUserForString("Model to fit");

	Keyword arguments:
		{
		 "output":"results/session1_gene_wide/IAV_human_H1N1_HA_fitmodel.json"
		}
-------

Check errors.log for execution error details.
