
Analysis Description
--------------------
SLAC (Single Likelihood Ancestor Counting) uses a maximum likelihood
ancestral state reconstruction and minimum path substitution counting to
estimate site - level dS and dN, and applies a simple binomial - based
test to test if dS differs drom dN. The estimates aggregate information
over all branches, so the signal is derived from pervasive
diversification or conservation. A subset of branches can be selected
for testing as well. Multiple partitions within a NEXUS file are also
supported for recombination - aware analysis. 

- __Requirements__: in-frame codon alignment and a phylogenetic tree

- __Citation__: Not So Different After All: A Comparison of Methods for Detecting Amino
Acid Sites Under Selection (2005). _Mol Biol Evol_ 22 (5): 1208-1222

- __Written by__: Sergei L Kosakovsky Pond and Simon DW Frost

- __Contact Information__: spond@temple.edu

- __Analysis Version__: 2.00


>code => Universal
>Loaded a multiple sequence alignment with **466** sequences, **589** codons, and **1** partitions from `/Users/alex/Documents/selection-tutorial/data/21-empirical/IAV-human-H1N1-HA.nex`

>branches => All

>Select the number of samples used to assess ancestral reconstruction uncertainty [select 0 to skip] (permissible range = [0,100000], default value = 100, integer): 
>samples => 100

>Select the p-value threshold to use when testing for selection (permissible range = [0,1], default value = 0.1): 
>pvalue => 0.1


### Branches to include in the SLAC analysis
Selected 929 branches to include in SLAC calculations: `CY074339, KF765558, Node81, GQ475899, Node80, CY073837, CY147587, Node86, KP458628, Node85, Node79, KC782260, GQ476076, Node91, GQ475724, GQ475990, Node94, Node90, Node78, GQ476114, Node77, CY100820, CY100836, Node98, Node76, CY100828, Node75, GQ896366, Node74, GQ475701, FJ687003, Node103, Node73, GQ475904, FJ549040, Node107, FJ687013, Node106, Node72, CY080721, CY080610, Node114, CY074131, CY080897, Node117, Node113, FJ686977, Node112, GQ475707, Node111, Node71, EU779616, KM403100, Node123, KP457835, Node122, Node70, CY099323, KC782266, Node135, GQ475780, Node134, GU183815, KP457738, Node139, Node133, KC780089, Node132, CY053664, CY053670, Node143, Node131, GQ475852, KP458535, Node148, CY064807, Node147, KP637854, Node146, Node130, GQ475939, GQ476148, Node158, GQ475919, Node157, CY074139, Node156, KP456913, KP459312, Node163, Node155, KP456537, KP458456, Node166, Node154, KP459274, Node153, Node129, KP637518, GU271950, Node170, Node128, GQ475968, Node127, Node69, CY058495, EU567013, Node174, Node68, KP458139, KP456613, Node188, KP456502, Node187, KP458410, FJ532073, Node192, Node186, CY053658, CY087278, Node197, CY053674, Node196, CY053654, Node195, Node185, FJ743454, Node184, KP458754, Node183, CY070088, KP457395, Node205, KP458218, Node204, Node182, KJ909523, Node181, GQ475901, HQ533865, Node215, GQ475879, Node214, GQ475933, KP458060, Node220, FJ686999, Node219, Node213, CY099322, Node212, CY119298, Node211, KP457682, CY099320, Node226, Node210, Node180, CY074387, KC782273, Node234, GQ475956, Node233, FJ687006, Node232, CY100796, Node231, KP457517, Node230, CY074243, CY087143, Node243, KP458198, Node242, KP458906, Node241, Node229, Node179, KX431176, KX431170, Node252, KX431184, KX431183, Node255, Node251, KX431171, Node250, KX431178, Node249, KX431174, Node248, Node178, AB501386, Node177, Node67, FJ966244, KP457432, Node265, FJ743466, Node264, KP457304, KP457227, Node269, Node263, CY172999, Node262, Node66, GQ476151, FJ549068, Node276, CY070136, Node275, CY070096, Node274, KP457337, GQ476145, Node282, EU566970, Node281, Node273, Node65, EU887034, Node64, HQ291894, Node63, CY070152, FJ532095, Node295, FJ798792, Node294, KP458720, Node293, KP458144, Node292, KP456298, Node291, CY104966, Node290, AB501384, AB501387, Node305, KP457648, Node304, KP457855, KP458748, Node309, Node303, Node289, FJ264947, CY121592, Node317, KP457112, Node316, KP456386, Node315, HQ291892, HQ291893, Node324, KP456645, Node323, CY118167, Node322, Node314, CY036692, KP456835, Node329, Node313, KP457204, CY104587, Node332, Node312, Node288, Node62, CY105046, Node61, CY039447, KP458231, Node342, CY040258, Node341, EU716526, Node340, CY073960, Node339, CY073935, CY073927, Node348, Node338, EU779624, EU779625, Node352, EU516237, Node351, Node337, EU516089, Node336, Node60, EU516086, EU566984, Node359, CY073953, Node358, HM176663, KP457765, Node364, CY040114, Node363, Node357, Node59, KP637614, KP457641, Node370, KP457861, Node369, KP459214, Node368, Node58, HM144120, Node57, FJ532089, KP458600, Node382, KP457399, KP456286, Node385, Node381, CY172935, KP456197, Node388, Node380, KP458105, Node379, FJ264945, Node378, KP458914, KP456212, Node393, Node377, EU516247, KP637894, Node396, Node376, Node56, GQ476128, EU516023, Node402, KP637766, Node401, KP458862, EU516253, Node407, FJ532072, Node406, Node400, CY119274, EU566981, Node411, Node399, Node55, JN582055, KP458732, Node414, Node54, EU716538, EU516097, Node425, EU716559, EU779634, Node428, Node424, EU887025, Node423, EU516300, Node422, KX431175, KX431185, Node435, KX431172, Node434, KP458795, EU516299, Node439, Node433, Node421, EU516092, EU887022, Node442, Node420, EU516242, HQ291881, Node447, HM144123, Node446, KP458553, Node445, Node419, EU516017, Node418, EU887027, CY040058, Node454, KP457845, Node453, Node417, Node53, KP459033, KP458513, Node458, Node52, FJ183466, Node51, KP637382, KP456355, Node464, AB501381, Node463, EU716572, Node462, Node50, EU199348, CY028307, Node470, EU199354, Node469, Node49, CY094797, Node48, EU097956, Node47, CY119178, Node46, KP457309, Node45, KP456964, KP456492, Node504, KP458608, Node503, FJ549060, KP457549, Node508, Node502, KP459239, KP458285, Node511, Node501, KP457308, CY054553, Node516, KP456801, Node515, KP457006, Node514, Node500, KP458865, Node499, EU567019, Node498, KP458692, Node497, KP459297, KP456799, Node527, KP458524, Node526, CY118083, Node525, KF533063, KP456208, Node533, EU199355, KP458339, Node536, Node532, Node524, Node496, KP456594, CY053668, Node539, Node495, KP456549, Node494, CY104910, CY104886, Node550, CY105142, CY104571, Node553, Node549, CY104958, Node548, KP458266, KP457570, Node557, Node547, KP456256, Node546, EU779612, Node545, EU716570, EU516059, Node564, EU516094, EU516057, Node567, Node563, KP459256, Node562, Node544, KP456460, Node543, Node493, KP456988, KP456289, Node572, Node492, KP459323, KP456474, Node576, KP456617, Node575, Node491, KP458658, KP457646, Node580, Node490, KF533064, Node489, KP459278, Node488, KP458730, KP456637, Node585, Node487, KP457477, KP457157, Node589, KP458423, Node588, Node486, KP458765, KP457624, Node593, Node485, EU382982, HQ291870, Node596, Node484, KP456634, Node483, KP457512, KP457622, Node600, Node482, EU382986, EU382987, Node603, Node481, HQ291874, Node480, KP458029, Node479, CY125204, Node478, Node44, KP457692, KP458818, Node617, CY100980, Node616, HQ291877, CY104284, Node621, Node615, CY104838, Node614, HQ291880, HQ291878, Node625, Node613, KP456422, HQ291876, Node628, Node612, FJ231784, Node611, CY119170, Node610, CY119162, Node609, Node43, CY117840, Node42, CY125148, Node41, CY104068, CY104694, Node637, CY103996, Node636, Node40, CY006195, CY103988, Node641, Node39, CY030061, CY031571, Node661, CY027219, Node660, CY027067, Node659, CY026731, Node658, EU100703, Node657, CY027963, Node656, EU516109, EU516144, Node670, CY026683, Node669, Node655, CY027779, Node654, KP456878, CY172719, Node675, Node653, HM144110, Node652, EU199350, KP457752, Node684, CY027147, Node683, EU199338, CY025587, Node688, Node682, CY025261, Node681, HM144130, Node680, KP456657, CY021757, Node694, FJ231778, Node693, Node679, Node651, FJ231782, Node650, HM144114, HM144111, Node702, HM144115, Node701, HM144112, Node700, KP456772, KP459041, Node708, KP457643, CY027771, Node711, Node707, Node699, Node649, KP458803, KP457219, Node716, KP459018, CY031140, Node719, Node715, CY026339, Node714, Node648, CY104822, Node647, CY105158, CY119130, Node724, Node646, CY016328, CY016329, Node727, Node645, KP458918, Node644, Node38, DQ397950, Node37, CY125663, Node36, FJ231789, FJ231791, Node737, CY016326, CY002664, Node740, Node736, CY002152, Node735, EU097959, Node734, CY125172, CY122316, Node745, Node733, Node35, CY012296, CY010140, Node748, Node34, KP456555, KP459151, Node751, Node33, CY147318, Node32, JX477158, DQ249260, Node761, KP456418, Node760, CY010412, Node759, KP458850, Node758, KP456770, Node757, KP458690, Node756, KP458210, Node755, Node31, AF386781, Node30, AF386775, Node29, CY125012, Node28, DQ415317, Node27, AF386778, Node26, CY119074, Node25, CY125068, Node24, CY013845, Node23, CY033614, Node22, AY282757, CY019867, Node791, CY010740, Node790, CY019125, Node789, CY021005, CY010484, Node796, Node788, CY036839, Node787, CY117691, Node786, CY012856, CY015532, Node801, Node785, CY011800, CY125060, Node805, CY125052, Node804, Node784, DQ415316, Node783, CY125662, CY017155, Node812, AF386774, Node811, CY010508, Node810, Node782, CY125036, Node781, CY013303, CY125044, Node818, Node780, CY147382, AY289927, Node821, Node779, Node21, CY036823, Node20, D13574, Node19, JX477163, Node18, CY045852, Node17, CY020477, Node16, CY019779, CY019101, Node829, Node15, CY020453, Node14, CY021037, AJ289702, Node835, CY021725, Node834, CY017877, Node833, Node13, CY021029, CY010364, Node840, Node12, CY028724, CY021909, Node844, CY026411, Node843, Node11, CY020173, Node10, CY009292, Node9, K01330, DQ508897, Node851, M38312, Node850, Node8, CY147374, Node7, CY019947, Node6, CY146793, CY125862, Node865, JN540082, Node864, CY147334, Node863, CY077725, Node862, CY077748, Node861, CY077768, Node860, CY022021, CY146785, Node873, Node859, CY009612, U02085, Node876, Node858, CY013271, CY009596, Node879, Node857, Node5, CY147366, CY021709, Node883, CY020285, Node882, Node4, CY009276, Node3, CY147518, CY147534, Node898, CY146857, Node897, CY148243, Node896, Z54287, Node895, CY033577, Node894, LC120391, Node893, CY146833, Node892, V01088, Node891, CY020445, Node890, CY020469, Node889, CY045772, CY009324, Node910, Node888, Node2, AF408859, U08903, Node918, U08904, Node917, CY009604, Node916, CY045756, Node915, CY010788, CY034132, Node925, DQ508905, Node924, Node914, CY147326, Node913, AF117241`


### Obtaining branch lengths and nucleotide substitution biases under the nucleotide GTR model

>kill-zero-lengths => Yes

### Deleted 175 zero-length internal branches: `Node106, Node123, Node128, Node129, Node130, Node132, Node133, Node134, Node139, Node148, Node153, Node156, Node163, Node177, Node179, Node18, Node180, Node182, Node183, Node185, Node186, Node188, Node192, Node197, Node204, Node210, Node213, Node219, Node220, Node229, Node230, Node233, Node234, Node241, Node249, Node250, Node251, Node262, Node27, Node273, Node274, Node28, Node281, Node288, Node289, Node290, Node292, Node294, Node303, Node304, Node312, Node313, Node314, Node315, Node332, Node337, Node338, Node339, Node342, Node35, Node351, Node357, Node364, Node368, Node370, Node378, Node380, Node381, Node385, Node39, Node393, Node399, Node40, Node400, Node401, Node407, Node411, Node414, Node417, Node419, Node420, Node421, Node422, Node424, Node428, Node433, Node442, Node445, Node454, Node462, Node478, Node48, Node481, Node484, Node486, Node487, Node489, Node490, Node492, Node493, Node494, Node498, Node50, Node500, Node501, Node502, Node51, Node511, Node515, Node524, Node525, Node527, Node53, Node532, Node536, Node54, Node547, Node549, Node55, Node553, Node56, Node563, Node58, Node589, Node59, Node60, Node610, Node612, Node615, Node616, Node62, Node63, Node641, Node647, Node65, Node654, Node655, Node657, Node66, Node660, Node661, Node67, Node679, Node68, Node680, Node683, Node684, Node693, Node70, Node702, Node72, Node73, Node736, Node74, Node740, Node758, Node760, Node77, Node78, Node785, Node79, Node790, Node791, Node796, Node80, Node804, Node81, Node85, Node851, Node86, Node862, Node896, Node90, Node91, Node94`
* Log(L) = -25984.18, AIC-c = 53844.49 (937 estimated parameters)
* 1 partition. Total tree length by partition (subs/site)  1.964

### Obtaining the global omega estimate based on relative GTR branch lengths and nucleotide substitution biases
* Log(L) = -25455.50, AIC-c = 52453.32 (769 estimated parameters)
* 1 partition. Total tree length by partition (subs/site)  1.962
* non-synonymous/synonymous rate ratio for *test* =   0.3874

### Performing joint maximum likelihood ancestral state reconstruction

### For partition 1 these sites are significant at p <=0.1

|     Codon      |   Partition    |       S        |       N        |       dS       |       dN       |Selection detected?|
|:--------------:|:--------------:|:--------------:|:--------------:|:--------------:|:--------------:|:-----------------:|
|       3        |       1        |     2.000      |     16.000     |     2.001      |     7.999      |  Pos. p = 0.033   |
|       4        |       1        |     0.000      |     10.000     |     0.000      |     4.709      |  Pos. p = 0.044   |
|       8        |       1        |     10.000     |     0.000      |     5.790      |     0.000      |  Neg. p = 0.004   |
|       9        |       1        |     5.000      |     0.000      |     3.406      |     0.000      |  Neg. p = 0.047   |
|       12       |       1        |     8.500      |     8.500      |     10.928     |     3.826      |  Neg. p = 0.033   |
|       17       |       1        |     6.000      |     0.000      |     6.000      |     0.000      |  Neg. p = 0.001   |
|       19       |       1        |     3.000      |     1.000      |     3.000      |     0.500      |  Neg. p = 0.111   |
|       22       |       1        |     2.000      |     1.000      |     6.479      |     0.372      |  Neg. p = 0.030   |
|       26       |       1        |     5.000      |     0.000      |     5.000      |     0.000      |  Neg. p = 0.004   |
|       28       |       1        |     6.000      |     0.000      |     8.237      |     0.000      |  Neg. p = 0.000   |
|       29       |       1        |     7.000      |     0.000      |     7.000      |     0.000      |  Neg. p = 0.001   |
|       30       |       1        |     4.000      |     0.000      |     4.000      |     0.000      |  Neg. p = 0.012   |
|       31       |       1        |     4.000      |     0.000      |     5.481      |     0.000      |  Neg. p = 0.004   |
|       38       |       1        |     8.000      |     1.000      |     9.929      |     0.476      |  Neg. p = 0.000   |
|       39       |       1        |     3.000      |     1.000      |     3.411      |     0.495      |  Neg. p = 0.086   |
|       40       |       1        |     2.000      |     0.000      |     2.838      |     0.000      |  Neg. p = 0.055   |
|       45       |       1        |     4.000      |     2.000      |     5.479      |     0.881      |  Neg. p = 0.034   |
|       50       |       1        |     3.000      |     1.000      |     3.000      |     0.500      |  Neg. p = 0.111   |
|       51       |       1        |     3.000      |     0.000      |     3.517      |     0.000      |  Neg. p = 0.025   |
|       56       |       1        |     10.000     |     0.000      |     10.000     |     0.000      |  Neg. p = 0.000   |
|       58       |       1        |     10.000     |     0.000      |     5.908      |     0.000      |  Neg. p = 0.004   |
|       59       |       1        |     4.000      |     0.000      |     5.666      |     0.000      |  Neg. p = 0.004   |
|       71       |       1        |     5.000      |     4.000      |     6.893      |     1.780      |  Neg. p = 0.044   |
|       73       |       1        |     6.000      |     4.000      |     8.222      |     1.762      |  Neg. p = 0.017   |
|       76       |       1        |     5.000      |     0.000      |     5.000      |     0.000      |  Neg. p = 0.005   |
|       79       |       1        |     8.000      |     0.000      |     5.397      |     0.000      |  Neg. p = 0.008   |
|       81       |       1        |     9.000      |     0.000      |     12.338     |     0.000      |  Neg. p = 0.000   |
|       84       |       1        |     4.000      |     1.000      |     5.495      |     0.491      |  Neg. p = 0.019   |
|       85       |       1        |     5.000      |     4.000      |     6.555      |     1.858      |  Neg. p = 0.059   |
|       87       |       1        |     9.000      |     0.000      |     5.226      |     0.000      |  Neg. p = 0.007   |
|       94       |       1        |     5.000      |     1.000      |     5.001      |     0.500      |  Neg. p = 0.018   |
|       98       |       1        |     5.000      |     2.000      |     6.538      |     0.935      |  Neg. p = 0.016   |
|      102       |       1        |     5.500      |     2.500      |     5.501      |     1.253      |  Neg. p = 0.054   |
|      103       |       1        |     8.000      |     5.000      |     9.122      |     2.467      |  Neg. p = 0.019   |
|      105       |       1        |     6.000      |     0.000      |     6.000      |     0.000      |  Neg. p = 0.002   |
|      108       |       1        |     5.000      |     0.000      |     6.875      |     0.000      |  Neg. p = 0.001   |
|      110       |       1        |     7.000      |     0.000      |     7.000      |     0.000      |  Neg. p = 0.000   |
|      116       |       1        |     6.000      |     2.000      |     6.848      |     0.986      |  Neg. p = 0.012   |
|      117       |       1        |     11.000     |     0.000      |     14.224     |     0.000      |  Neg. p = 0.000   |
|      118       |       1        |     6.000      |     0.000      |     3.470      |     0.000      |  Neg. p = 0.037   |
|      123       |       1        |     4.000      |     2.000      |     5.639      |     0.873      |  Neg. p = 0.031   |
|      127       |       1        |     4.000      |     1.000      |     4.000      |     0.577      |  Neg. p = 0.063   |
|      128       |       1        |     4.000      |     2.000      |     5.481      |     0.884      |  Neg. p = 0.034   |
|      129       |       1        |     4.000      |     2.000      |     4.641      |     0.979      |  Neg. p = 0.068   |
|      130       |       1        |     6.000      |     1.000      |     6.247      |     0.502      |  Neg. p = 0.006   |
|      131       |       1        |     2.000      |     0.000      |     2.740      |     0.000      |  Neg. p = 0.059   |
|      134       |       1        |     7.000      |     0.000      |     9.634      |     0.000      |  Neg. p = 0.000   |
|      136       |       1        |     4.000      |     1.000      |     5.023      |     0.476      |  Neg. p = 0.022   |
|      150       |       1        |     8.000      |     1.000      |     8.000      |     0.500      |  Neg. p = 0.001   |
|      151       |       1        |     6.000      |     3.000      |     6.000      |     1.633      |  Neg. p = 0.055   |
|      154       |       1        |     3.000      |     0.000      |     4.109      |     0.000      |  Neg. p = 0.018   |
|      156       |       1        |     3.000      |     1.000      |     4.277      |     0.436      |  Neg. p = 0.042   |
|      159       |       1        |     1.000      |     21.000     |     1.303      |     9.835      |  Pos. p = 0.010   |
|      161       |       1        |     5.000      |     2.000      |     7.102      |     0.871      |  Neg. p = 0.010   |
|      162       |       1        |     2.000      |     0.000      |     2.854      |     0.000      |  Neg. p = 0.055   |
|      164       |       1        |     0.000      |     8.000      |     0.000      |     3.930      |  Pos. p = 0.059   |
|      166       |       1        |     5.000      |     0.000      |     3.165      |     0.000      |  Neg. p = 0.054   |
|      171       |       1        |     10.000     |     28.000     |     10.542     |     13.988     |  Pos. p = 0.280   |
|      176       |       1        |     6.000      |     0.000      |     8.232      |     0.000      |  Neg. p = 0.000   |
|      177       |       1        |     4.000      |     0.000      |     4.000      |     0.000      |  Neg. p = 0.012   |
|      179       |       1        |     8.000      |     1.000      |     4.660      |     0.780      |  Neg. p = 0.051   |
|      180       |       1        |     2.000      |     15.000     |     2.725      |     6.629      |  Pos. p = 0.176   |
|      186       |       1        |     6.000      |     7.000      |     8.124      |     3.108      |  Neg. p = 0.076   |
|      187       |       1        |     5.000      |     5.000      |     6.509      |     2.367      |  Neg. p = 0.099   |
|      192       |       1        |     4.000      |     0.000      |     3.999      |     0.000      |  Neg. p = 0.012   |
|      198       |       1        |     2.000      |     0.000      |     2.854      |     0.000      |  Neg. p = 0.055   |
|      199       |       1        |     3.000      |     2.000      |     4.111      |     0.881      |  Neg. p = 0.097   |
|      200       |       1        |     5.000      |     1.000      |     5.000      |     0.500      |  Neg. p = 0.018   |
|      201       |       1        |     9.000      |     5.000      |     9.000      |     2.500      |  Neg. p = 0.017   |
|      202       |       1        |     1.000      |     14.000     |     1.360      |     6.182      |  Pos. p = 0.086   |
|      204       |       1        |     3.000      |     28.000     |     3.207      |     13.701     |  Pos. p = 0.005   |
|      205       |       1        |     5.000      |     70.000     |     6.740      |     31.132     |  Pos. p = 0.000   |
|      207       |       1        |     3.000      |     20.000     |     3.529      |     9.978      |  Pos. p = 0.056   |
|      210       |       1        |     6.000      |     0.000      |     8.548      |     0.000      |  Neg. p = 0.000   |
|      214       |       1        |     3.000      |     2.000      |     4.281      |     0.870      |  Neg. p = 0.087   |
|      217       |       1        |     7.000      |     1.000      |     7.000      |     0.500      |  Neg. p = 0.003   |
|      219       |       1        |     4.000      |     0.000      |     4.000      |     0.000      |  Neg. p = 0.012   |
|      223       |       1        |     3.000      |     2.000      |     4.275      |     0.871      |  Neg. p = 0.087   |
|      224       |       1        |     4.000      |     0.000      |     5.708      |     0.000      |  Neg. p = 0.005   |
|      226       |       1        |     5.000      |     3.000      |     5.350      |     1.504      |  Neg. p = 0.074   |
|      228       |       1        |     2.000      |     0.000      |     2.741      |     0.000      |  Neg. p = 0.059   |
|      235       |       1        |     5.000      |     0.000      |     5.517      |     0.000      |  Neg. p = 0.003   |
|      240       |       1        |     3.000      |     34.000     |     4.040      |     15.063     |  Pos. p = 0.010   |
|      243       |       1        |     4.000      |     0.000      |     4.000      |     0.000      |  Neg. p = 0.013   |
|      244       |       1        |     3.000      |     0.000      |     3.276      |     0.000      |  Neg. p = 0.031   |
|      247       |       1        |     2.000      |     0.000      |     2.764      |     0.000      |  Neg. p = 0.071   |
|      251       |       1        |     8.500      |     1.500      |     5.018      |     1.183      |  Neg. p = 0.079   |
|      252       |       1        |     3.000      |     0.000      |     2.174      |     0.000      |  Neg. p = 0.097   |
|      254       |       1        |     6.000      |     0.000      |     6.000      |     0.000      |  Neg. p = 0.001   |
|      264       |       1        |     5.000      |     1.000      |     5.001      |     0.523      |  Neg. p = 0.020   |
|      268       |       1        |     11.000     |     0.000      |     11.000     |     0.000      |  Neg. p = 0.000   |
|      271       |       1        |     4.000      |     3.000      |     5.699      |     1.481      |  Neg. p = 0.078   |
|      273       |       1        |     4.000      |     0.000      |     5.479      |     0.000      |  Neg. p = 0.004   |
|      275       |       1        |     10.000     |     2.000      |     5.802      |     1.569      |  Neg. p = 0.060   |
|      277       |       1        |     4.000      |     2.000      |     4.444      |     1.000      |  Neg. p = 0.079   |
|      278       |       1        |     5.000      |     3.000      |     5.003      |     1.500      |  Neg. p = 0.088   |
|      279       |       1        |     0.000      |     11.000     |     0.000      |     4.863      |  Pos. p = 0.045   |
|      280       |       1        |     5.000      |     3.000      |     5.005      |     1.553      |  Neg. p = 0.096   |
|      282       |       1        |     8.000      |     1.000      |     7.999      |     0.521      |  Neg. p = 0.001   |
|      286       |       1        |     5.000      |     0.000      |     5.000      |     0.000      |  Neg. p = 0.007   |
|      291       |       1        |     1.000      |     13.000     |     1.369      |     5.729      |  Pos. p = 0.111   |
|      296       |       1        |     12.000     |     2.000      |     13.700     |     0.989      |  Neg. p = 0.000   |
|      297       |       1        |     15.000     |     2.000      |     20.996     |     0.957      |  Neg. p = 0.000   |
|      298       |       1        |     4.000      |     0.000      |     5.254      |     0.000      |  Neg. p = 0.013   |
|      300       |       1        |     4.000      |     0.000      |     4.000      |     0.000      |  Neg. p = 0.012   |
|      306       |       1        |     5.000      |     3.000      |     6.916      |     1.317      |  Neg. p = 0.023   |
|      307       |       1        |     7.000      |     4.000      |     9.982      |     1.740      |  Neg. p = 0.005   |
|      310       |       1        |     4.000      |     1.000      |     5.493      |     0.441      |  Neg. p = 0.014   |
|      312       |       1        |     7.000      |     0.000      |     9.861      |     0.000      |  Neg. p = 0.000   |
|      314       |       1        |     5.000      |     0.000      |     6.853      |     0.000      |  Neg. p = 0.001   |
|      315       |       1        |     3.000      |     0.000      |     3.000      |     0.000      |  Neg. p = 0.037   |
|      320       |       1        |     6.000      |     2.000      |     6.920      |     0.982      |  Neg. p = 0.011   |
|      322       |       1        |     3.000      |     0.000      |     3.000      |     0.000      |  Neg. p = 0.037   |
|      324       |       1        |     4.000      |     1.000      |     5.651      |     0.500      |  Neg. p = 0.018   |
|      337       |       1        |     8.000      |     2.000      |     7.947      |     1.009      |  Neg. p = 0.004   |
|      339       |       1        |     8.000      |     3.000      |     8.347      |     1.469      |  Neg. p = 0.007   |
|      342       |       1        |     6.000      |     4.000      |     6.921      |     1.875      |  Neg. p = 0.040   |
|      345       |       1        |     4.000      |     0.000      |     4.422      |     0.000      |  Neg. p = 0.009   |
|      347       |       1        |     7.000      |     0.000      |     4.330      |     0.000      |  Neg. p = 0.018   |
|      352       |       1        |     5.000      |     0.000      |     5.000      |     0.000      |  Neg. p = 0.004   |
|      356       |       1        |     2.000      |     0.000      |     2.601      |     0.000      |  Neg. p = 0.070   |
|      357       |       1        |     8.000      |     1.000      |     8.000      |     0.501      |  Neg. p = 0.001   |
|      358       |       1        |     5.000      |     0.000      |     5.000      |     0.000      |  Neg. p = 0.004   |
|      364       |       1        |     4.000      |     0.000      |     5.708      |     0.000      |  Neg. p = 0.003   |
|      365       |       1        |     7.000      |     0.000      |     7.000      |     0.000      |  Neg. p = 0.000   |
|      369       |       1        |     2.000      |     0.000      |     2.847      |     0.000      |  Neg. p = 0.068   |
|      370       |       1        |     3.000      |     0.000      |     4.273      |     0.000      |  Neg. p = 0.013   |
|      371       |       1        |     7.000      |     0.000      |     9.944      |     0.000      |  Neg. p = 0.000   |
|      372       |       1        |     7.000      |     1.000      |     7.968      |     0.719      |  Neg. p = 0.007   |
|      373       |       1        |     2.000      |     0.000      |     2.853      |     0.000      |  Neg. p = 0.055   |
|      374       |       1        |     3.000      |     0.000      |     3.584      |     0.000      |  Neg. p = 0.024   |
|      377       |       1        |     4.000      |     0.000      |     4.000      |     0.000      |  Neg. p = 0.013   |
|      381       |       1        |     5.000      |     0.000      |     5.000      |     0.000      |  Neg. p = 0.004   |
|      382       |       1        |     5.000      |     1.000      |     7.117      |     0.435      |  Neg. p = 0.003   |
|      385       |       1        |     4.000      |     0.000      |     5.480      |     0.000      |  Neg. p = 0.004   |
|      387       |       1        |     3.000      |     0.000      |     3.937      |     0.000      |  Neg. p = 0.038   |
|      390       |       1        |     4.000      |     1.000      |     4.619      |     0.469      |  Neg. p = 0.027   |
|      391       |       1        |     5.000      |     3.000      |     6.991      |     1.313      |  Neg. p = 0.022   |
|      398       |       1        |     5.000      |     0.000      |     7.048      |     0.000      |  Neg. p = 0.001   |
|      403       |       1        |     6.000      |     1.000      |     7.755      |     0.471      |  Neg. p = 0.002   |
|      409       |       1        |     4.000      |     0.000      |     4.000      |     0.000      |  Neg. p = 0.012   |
|      410       |       1        |     14.000     |     2.000      |     14.003     |     1.000      |  Neg. p = 0.000   |
|      419       |       1        |     3.000      |     0.000      |     3.926      |     0.000      |  Neg. p = 0.018   |
|      421       |       1        |     7.000      |     2.000      |     6.950      |     1.008      |  Neg. p = 0.009   |
|      424       |       1        |     6.000      |     3.000      |     8.255      |     1.320      |  Neg. p = 0.008   |
|      425       |       1        |     8.000      |     0.000      |     5.334      |     0.000      |  Neg. p = 0.008   |
|      426       |       1        |     4.000      |     1.000      |     5.704      |     0.435      |  Neg. p = 0.012   |
|      427       |       1        |     3.000      |     1.000      |     3.914      |     0.469      |  Neg. p = 0.059   |
|      428       |       1        |     7.000      |     2.000      |     9.147      |     0.937      |  Neg. p = 0.002   |
|      431       |       1        |     4.000      |     0.000      |     5.685      |     0.000      |  Neg. p = 0.003   |
|      432       |       1        |     14.000     |     1.000      |     14.001     |     0.509      |  Neg. p = 0.000   |
|      435       |       1        |     3.000      |     0.000      |     4.116      |     0.000      |  Neg. p = 0.014   |
|      438       |       1        |     5.000      |     0.000      |     5.000      |     0.000      |  Neg. p = 0.004   |
|      439       |       1        |     3.000      |     0.000      |     4.281      |     0.000      |  Neg. p = 0.017   |
|      440       |       1        |     7.000      |     0.000      |     9.969      |     0.000      |  Neg. p = 0.000   |
|      441       |       1        |     4.000      |     0.000      |     4.000      |     0.000      |  Neg. p = 0.012   |
|      442       |       1        |     2.000      |     0.000      |     2.621      |     0.000      |  Neg. p = 0.069   |
|      443       |       1        |     6.000      |     0.000      |     3.649      |     0.000      |  Neg. p = 0.033   |
|      444       |       1        |     4.000      |     0.000      |     2.554      |     0.000      |  Neg. p = 0.095   |
|      448       |       1        |     2.000      |     0.000      |     2.627      |     0.000      |  Neg. p = 0.069   |
|      451       |       1        |     8.000      |     0.000      |     7.907      |     0.000      |  Neg. p = 0.000   |
|      452       |       1        |     3.000      |     0.000      |     3.000      |     0.000      |  Neg. p = 0.037   |
|      453       |       1        |     7.000      |     0.000      |     4.382      |     0.000      |  Neg. p = 0.017   |
|      455       |       1        |     5.000      |     4.000      |     6.884      |     1.759      |  Neg. p = 0.043   |
|      462       |       1        |     6.000      |     3.000      |     8.547      |     1.305      |  Neg. p = 0.007   |
|      464       |       1        |     3.000      |     1.000      |     4.276      |     0.500      |  Neg. p = 0.056   |
|      466       |       1        |     3.000      |     1.000      |     3.940      |     0.468      |  Neg. p = 0.058   |
|      467       |       1        |     5.000      |     0.000      |     5.000      |     0.000      |  Neg. p = 0.004   |
|      469       |       1        |     0.000      |     23.000     |     0.000      |     10.160     |  Pos. p = 0.002   |
|      470       |       1        |     4.000      |     0.000      |     5.002      |     0.000      |  Neg. p = 0.015   |
|      471       |       1        |     4.000      |     0.000      |     2.721      |     0.000      |  Neg. p = 0.087   |
|      475       |       1        |     6.000      |     0.000      |     6.000      |     0.000      |  Neg. p = 0.001   |
|      478       |       1        |     3.000      |     5.000      |     7.780      |     1.913      |  Neg. p = 0.072   |
|      480       |       1        |     10.000     |     3.000      |     14.034     |     1.312      |  Neg. p = 0.000   |
|      481       |       1        |     11.000     |     2.000      |     11.000     |     1.003      |  Neg. p = 0.000   |
|      482       |       1        |     2.000      |     0.000      |     2.854      |     0.000      |  Neg. p = 0.061   |
|      484       |       1        |     2.000      |     0.000      |     2.540      |     0.000      |  Neg. p = 0.074   |
|      485       |       1        |     5.000      |     1.000      |     6.868      |     0.440      |  Neg. p = 0.004   |
|      486       |       1        |     5.000      |     1.000      |     7.048      |     0.500      |  Neg. p = 0.006   |
|      488       |       1        |     4.000      |     0.000      |     4.550      |     0.000      |  Neg. p = 0.008   |
|      489       |       1        |     4.000      |     0.000      |     5.708      |     0.000      |  Neg. p = 0.004   |
|      490       |       1        |     5.000      |     4.000      |     6.850      |     1.762      |  Neg. p = 0.044   |
|      495       |       1        |     3.000      |     1.000      |     3.614      |     0.482      |  Neg. p = 0.073   |
|      497       |       1        |     7.000      |     0.000      |     7.000      |     0.000      |  Neg. p = 0.000   |
|      498       |       1        |     7.000      |     2.000      |     8.600      |     0.959      |  Neg. p = 0.003   |
|      500       |       1        |     6.000      |     1.000      |     6.001      |     0.522      |  Neg. p = 0.008   |
|      503       |       1        |     4.000      |     2.000      |     5.535      |     0.878      |  Neg. p = 0.033   |
|      504       |       1        |     4.000      |     0.000      |     5.689      |     0.000      |  Neg. p = 0.005   |
|      505       |       1        |     6.000      |     1.000      |     6.000      |     0.500      |  Neg. p = 0.007   |
|      506       |       1        |     3.000      |     1.000      |     3.935      |     0.468      |  Neg. p = 0.058   |
|      508       |       1        |     9.000      |     0.000      |     9.000      |     0.000      |  Neg. p = 0.000   |
|      511       |       1        |     4.000      |     1.000      |     4.000      |     0.577      |  Neg. p = 0.063   |
|      512       |       1        |     11.000     |     6.000      |     12.564     |     2.966      |  Neg. p = 0.003   |
|      515       |       1        |     5.000      |     3.000      |     4.927      |     1.513      |  Neg. p = 0.093   |
|      517       |       1        |     4.000      |     3.000      |     5.154      |     1.413      |  Neg. p = 0.088   |
|      519       |       1        |     3.000      |     2.000      |     4.280      |     0.870      |  Neg. p = 0.087   |
|      521       |       1        |     5.000      |     1.000      |     5.000      |     0.500      |  Neg. p = 0.018   |
|      527       |       1        |     5.000      |     2.000      |     5.002      |     1.038      |  Neg. p = 0.050   |
|      532       |       1        |     10.000     |     0.000      |     5.795      |     0.000      |  Neg. p = 0.004   |
|      534       |       1        |     4.000      |     0.000      |     4.162      |     0.000      |  Neg. p = 0.011   |
|      535       |       1        |     4.000      |     0.000      |     5.479      |     0.000      |  Neg. p = 0.005   |
|      537       |       1        |     5.000      |     0.000      |     5.000      |     0.000      |  Neg. p = 0.004   |
|      539       |       1        |     3.000      |     0.000      |     3.000      |     0.000      |  Neg. p = 0.037   |
|      541       |       1        |     6.000      |     1.000      |     6.001      |     0.527      |  Neg. p = 0.008   |
|      543       |       1        |     3.000      |     0.000      |     3.000      |     0.000      |  Neg. p = 0.037   |
|      546       |       1        |     0.000      |     6.000      |     0.000      |     3.000      |  Pos. p = 0.088   |
|      552       |       1        |     8.000      |     4.000      |     10.991     |     1.760      |  Neg. p = 0.002   |
|      556       |       1        |     2.000      |     0.000      |     2.854      |     0.000      |  Neg. p = 0.061   |
|      559       |       1        |     4.000      |     0.000      |     4.000      |     0.000      |  Neg. p = 0.012   |
|      562       |       1        |     8.000      |     0.000      |     9.126      |     0.000      |  Neg. p = 0.000   |
|      579       |       1        |     3.000      |     0.000      |     3.121      |     0.000      |  Neg. p = 0.033   |

### Ancestor sampling analysis

>Generating 100 ancestral sequence samples to obtain confidence intervals

Resampling results for partition 1

|     Codon      |   Partition    |    S [median, IQR]    |    N [median, IQR]    |    dS [median, IQR]    |    dN [median, IQR]    |  p-value [median, IQR]  |
|:--------------:|:--------------:|:---------------------:|:---------------------:|:----------------------:|:----------------------:|:-----------------------:|
|       3        |       1        |   2.00 [2.00-2.00]    |  16.00 [16.00-16.00]  |    2.00 [2.00-2.00]    |    8.00 [8.00-8.00]    |    0.03 [0.03-0.03]     |
|       4        |       1        |   0.00 [0.00-0.00]    |  10.00 [10.00-10.00]  |    0.00 [0.00-0.00]    |    4.71 [4.71-4.71]    |    0.04 [0.04-0.04]     |
|       8        |       1        |  10.00 [10.00-11.00]  |   0.00 [0.00-0.00]    |    5.79 [5.79-6.37]    |    0.00 [0.00-0.00]    |    0.00 [0.00-0.00]     |
|       9        |       1        |   5.00 [5.00-5.16]    |   0.00 [0.00-0.00]    |    3.41 [3.41-3.51]    |    0.00 [0.00-0.00]    |    0.05 [0.04-0.05]     |
|       12       |       1        |   8.50 [8.50-9.50]    |   8.50 [8.50-8.50]    |  10.93 [10.93-12.21]   |    3.83 [3.83-3.83]    |    0.03 [0.02-0.03]     |
|       17       |       1        |   6.00 [6.00-6.00]    |   0.00 [0.00-0.00]    |    6.00 [6.00-6.00]    |    0.00 [0.00-0.00]    |    0.00 [0.00-0.00]     |
|       19       |       1        |   3.00 [3.00-3.00]    |   1.00 [1.00-1.00]    |    3.00 [3.00-3.00]    |    0.50 [0.50-0.50]    |    0.11 [0.11-0.11]     |
|       22       |       1        |   2.00 [2.00-2.00]    |   1.00 [1.00-1.00]    |    6.48 [6.48-6.48]    |    0.37 [0.37-0.37]    |    0.03 [0.03-0.03]     |
|       26       |       1        |   5.00 [5.00-5.00]    |   0.00 [0.00-0.00]    |    5.00 [5.00-5.00]    |    0.00 [0.00-0.00]    |    0.00 [0.00-0.00]     |
|       28       |       1        |   6.00 [6.00-7.00]    |   0.00 [0.00-0.00]    |    8.24 [8.24-9.61]    |    0.00 [0.00-0.00]    |    0.00 [0.00-0.00]     |
|       29       |       1        |   7.00 [7.00-7.00]    |   0.00 [0.00-0.00]    |    7.00 [7.00-7.00]    |    0.00 [0.00-0.00]    |    0.00 [0.00-0.00]     |
|       30       |       1        |   4.00 [4.00-5.00]    |   0.00 [0.00-0.00]    |    4.00 [4.00-5.00]    |    0.00 [0.00-0.00]    |    0.01 [0.00-0.01]     |
|       31       |       1        |   4.00 [4.00-4.16]    |   0.00 [0.00-0.00]    |    5.48 [5.48-5.70]    |    0.00 [0.00-0.00]    |    0.00 [0.00-0.00]     |
|       38       |       1        |   8.00 [8.00-9.00]    |   1.00 [1.00-1.00]    |   9.93 [9.93-11.16]    |    0.48 [0.48-0.48]    |    0.00 [0.00-0.00]     |
|       39       |       1        |   3.00 [3.00-3.00]    |   1.00 [1.00-1.00]    |    3.41 [3.41-3.41]    |    0.50 [0.50-0.50]    |    0.09 [0.09-0.09]     |
|       40       |       1        |   2.00 [2.00-2.16]    |   0.00 [0.00-0.00]    |    2.84 [2.84-3.06]    |    0.00 [0.00-0.00]    |    0.06 [0.05-0.06]     |
|       45       |       1        |   4.00 [4.00-5.00]    |   2.00 [2.00-2.00]    |    5.48 [5.48-6.85]    |    0.88 [0.88-0.88]    |    0.03 [0.01-0.03]     |
|       50       |       1        |   3.00 [3.00-3.00]    |   1.00 [1.00-1.00]    |    3.00 [3.00-3.00]    |    0.50 [0.50-0.50]    |    0.11 [0.11-0.11]     |
|       51       |       1        |   3.00 [3.00-3.16]    |   0.00 [0.00-0.00]    |    3.52 [3.52-3.70]    |    0.00 [0.00-0.00]    |    0.03 [0.02-0.03]     |
|       56       |       1        |  10.00 [10.00-11.00]  |   0.00 [0.00-0.00]    |  10.00 [10.00-11.00]   |    0.00 [0.00-0.00]    |    0.00 [0.00-0.00]     |
|       58       |       1        |  10.00 [10.00-10.00]  |   0.00 [0.00-0.00]    |    5.91 [5.91-5.91]    |    0.00 [0.00-0.00]    |    0.00 [0.00-0.00]     |
|       59       |       1        |   4.00 [4.00-4.16]    |   0.00 [0.00-0.00]    |    5.67 [5.67-5.89]    |    0.00 [0.00-0.00]    |    0.00 [0.00-0.00]     |
|       71       |       1        |   5.00 [5.00-5.00]    |   4.00 [4.00-4.00]    |    6.89 [6.89-6.89]    |    1.78 [1.78-1.78]    |    0.04 [0.04-0.04]     |
|       73       |       1        |   6.00 [6.00-6.00]    |   4.00 [4.00-4.00]    |    8.22 [8.22-8.22]    |    1.76 [1.76-1.76]    |    0.02 [0.02-0.02]     |
|       76       |       1        |   5.00 [5.00-5.00]    |   0.00 [0.00-0.00]    |    5.00 [5.00-5.00]    |    0.00 [0.00-0.00]    |    0.00 [0.00-0.00]     |
|       79       |       1        |   8.00 [8.00-8.00]    |   0.00 [0.00-0.00]    |    5.40 [5.40-5.40]    |    0.00 [0.00-0.00]    |    0.01 [0.01-0.01]     |
|       81       |       1        |   9.00 [9.00-9.00]    |   0.00 [0.00-0.00]    |  12.34 [12.34-12.34]   |    0.00 [0.00-0.00]    |    0.00 [0.00-0.00]     |
|       84       |       1        |   4.00 [4.00-4.00]    |   1.00 [1.00-1.00]    |    5.50 [5.50-5.50]    |    0.49 [0.49-0.49]    |    0.02 [0.02-0.02]     |
|       85       |       1        |   5.00 [5.00-5.00]    |   4.00 [4.00-4.00]    |    6.55 [6.55-6.55]    |    1.86 [1.86-1.86]    |    0.06 [0.06-0.06]     |
|       87       |       1        |   9.00 [9.00-10.00]   |   0.00 [0.00-0.00]    |    5.23 [5.23-5.81]    |    0.00 [0.00-0.00]    |    0.01 [0.00-0.01]     |
|       94       |       1        |   5.00 [5.00-5.00]    |   1.00 [1.00-1.00]    |    5.00 [5.00-5.00]    |    0.50 [0.50-0.50]    |    0.02 [0.02-0.02]     |
|       98       |       1        |   5.00 [5.00-5.00]    |   2.00 [2.00-2.00]    |    6.54 [6.54-6.54]    |    0.93 [0.93-0.93]    |    0.02 [0.02-0.02]     |
|      102       |       1        |   5.50 [5.50-5.66]    |   2.50 [2.50-2.50]    |    5.50 [5.50-5.66]    |    1.25 [1.25-1.25]    |    0.05 [0.05-0.05]     |
|      103       |       1        |   8.00 [8.00-8.00]    |   5.00 [5.00-5.00]    |    9.12 [9.12-9.12]    |    2.47 [2.47-2.47]    |    0.02 [0.02-0.02]     |
|      105       |       1        |   6.00 [6.00-7.00]    |   0.00 [0.00-0.00]    |    6.00 [6.00-7.00]    |    0.00 [0.00-0.00]    |    0.00 [0.00-0.00]     |
|      108       |       1        |   5.00 [5.00-5.00]    |   0.00 [0.00-0.00]    |    6.88 [6.87-6.88]    |    0.00 [0.00-0.00]    |    0.00 [0.00-0.00]     |
|      110       |       1        |   7.00 [7.00-7.00]    |   0.00 [0.00-0.00]    |    7.00 [7.00-7.00]    |    0.00 [0.00-0.00]    |    0.00 [0.00-0.00]     |
|      116       |       1        |   6.00 [6.00-6.00]    |   2.00 [2.00-2.00]    |    6.85 [6.85-6.85]    |    0.99 [0.99-0.99]    |    0.01 [0.01-0.01]     |
|      117       |       1        |  11.00 [11.00-11.00]  |   0.00 [0.00-0.00]    |  14.22 [14.22-14.22]   |    0.00 [0.00-0.00]    |    0.00 [0.00-0.00]     |
|      118       |       1        |   6.00 [6.00-7.00]    |   0.00 [0.00-0.00]    |    3.47 [3.47-4.05]    |    0.00 [0.00-0.00]    |    0.04 [0.02-0.04]     |
|      123       |       1        |   4.00 [4.00-4.16]    |   2.00 [2.00-2.00]    |    5.64 [5.64-5.86]    |    0.87 [0.87-0.87]    |    0.03 [0.03-0.03]     |
|      127       |       1        |   4.00 [4.00-4.00]    |   1.00 [1.00-1.00]    |    4.00 [4.00-4.00]    |    0.58 [0.58-0.58]    |    0.06 [0.06-0.06]     |
|      128       |       1        |   4.00 [3.00-4.00]    |   2.00 [2.00-3.00]    |    5.48 [4.02-5.49]    |    0.88 [0.88-1.34]    |    0.03 [0.03-0.17]     |
|      129       |       1        |   4.00 [4.00-4.16]    |   2.00 [2.00-2.00]    |    4.64 [4.64-4.83]    |    0.98 [0.98-0.98]    |    0.07 [0.06-0.07]     |
|      130       |       1        |   6.00 [6.00-6.16]    |   1.00 [1.00-1.00]    |    6.25 [6.25-6.41]    |    0.50 [0.50-0.50]    |    0.01 [0.01-0.01]     |
|      131       |       1        |   2.00 [2.00-2.00]    |   0.00 [0.00-0.00]    |    2.74 [2.74-2.74]    |    0.00 [0.00-0.00]    |    0.06 [0.06-0.06]     |
|      134       |       1        |   7.00 [7.00-7.16]    |   0.00 [0.00-0.00]    |    9.63 [9.63-9.85]    |    0.00 [0.00-0.00]    |    0.00 [0.00-0.00]     |
|      136       |       1        |   4.00 [4.00-5.00]    |   1.00 [1.00-1.00]    |    5.02 [5.02-6.27]    |    0.48 [0.48-0.48]    |    0.02 [0.01-0.02]     |
|      150       |       1        |   8.00 [8.00-9.00]    |   1.00 [1.00-1.00]    |    8.00 [8.00-9.00]    |    0.50 [0.50-0.50]    |    0.00 [0.00-0.00]     |
|      151       |       1        |   6.00 [6.00-6.16]    |   3.00 [3.00-3.00]    |    6.00 [6.00-6.16]    |    1.63 [1.63-1.63]    |    0.06 [0.05-0.06]     |
|      154       |       1        |   3.00 [3.00-3.00]    |   0.00 [0.00-0.00]    |    4.11 [4.11-4.11]    |    0.00 [0.00-0.00]    |    0.02 [0.02-0.02]     |
|      156       |       1        |   3.00 [3.00-3.00]    |   1.00 [1.00-1.00]    |    4.28 [4.28-4.28]    |    0.44 [0.44-0.44]    |    0.04 [0.04-0.04]     |
|      159       |       1        |   1.00 [1.00-1.00]    |  21.00 [21.00-22.00]  |    1.30 [1.30-1.30]    |   9.84 [9.84-10.30]    |    0.01 [0.01-0.01]     |
|      161       |       1        |   5.00 [5.00-5.00]    |   2.00 [2.00-2.00]    |    7.10 [7.10-7.10]    |    0.87 [0.87-0.87]    |    0.01 [0.01-0.01]     |
|      162       |       1        |   2.00 [2.00-2.00]    |   0.00 [0.00-0.00]    |    2.85 [2.85-2.85]    |    0.00 [0.00-0.00]    |    0.05 [0.05-0.05]     |
|      164       |       1        |   0.00 [0.00-0.00]    |   8.00 [8.00-9.00]    |    0.00 [0.00-0.00]    |    3.93 [3.93-4.42]    |    0.06 [0.04-0.06]     |
|      166       |       1        |   5.00 [5.00-6.00]    |   0.00 [0.00-0.00]    |    3.17 [3.17-3.80]    |    0.00 [0.00-0.00]    |    0.05 [0.03-0.05]     |
|      171       |       1        |  10.00 [10.00-10.00]  |  28.00 [28.00-28.00]  |  10.54 [10.54-10.54]   |  13.99 [13.99-13.99]   |    0.28 [0.28-0.28]     |
|      176       |       1        |   6.00 [6.00-6.00]    |   0.00 [0.00-0.00]    |    8.23 [8.23-8.23]    |    0.00 [0.00-0.00]    |    0.00 [0.00-0.00]     |
|      177       |       1        |   4.00 [4.00-4.00]    |   0.00 [0.00-0.00]    |    4.00 [4.00-4.00]    |    0.00 [0.00-0.00]    |    0.01 [0.01-0.01]     |
|      179       |       1        |   8.00 [8.00-8.00]    |   1.00 [1.00-1.00]    |    4.66 [4.66-4.66]    |    0.78 [0.78-0.78]    |    0.05 [0.05-0.05]     |
|      180       |       1        |   2.00 [2.00-2.00]    |  15.00 [15.00-15.16]  |    2.73 [2.73-2.73]    |    6.63 [6.63-6.70]    |    0.18 [0.17-0.18]     |
|      186       |       1        |   6.00 [6.00-7.00]    |   7.00 [7.00-7.00]    |    8.12 [8.09-9.45]    |    3.11 [3.11-3.11]    |    0.08 [0.04-0.08]     |
|      187       |       1        |   5.00 [5.00-6.00]    |   5.00 [5.00-5.00]    |    6.51 [6.51-7.81]    |    2.37 [2.37-2.37]    |    0.10 [0.05-0.10]     |
|      192       |       1        |   4.00 [4.00-4.00]    |   0.00 [0.00-0.00]    |    4.00 [4.00-4.00]    |    0.00 [0.00-0.00]    |    0.01 [0.01-0.01]     |
|      198       |       1        |   2.00 [2.00-2.00]    |   0.00 [0.00-0.00]    |    2.85 [2.85-2.85]    |    0.00 [0.00-0.00]    |    0.05 [0.05-0.05]     |
|      199       |       1        |   3.00 [3.00-3.00]    |   2.00 [2.00-2.00]    |    4.11 [4.11-4.11]    |    0.88 [0.88-0.88]    |    0.10 [0.10-0.10]     |
|      200       |       1        |   5.00 [5.00-5.00]    |   1.00 [1.00-1.00]    |    5.00 [5.00-5.00]    |    0.50 [0.50-0.50]    |    0.02 [0.02-0.02]     |
|      201       |       1        |   9.00 [9.00-10.00]   |   5.00 [5.00-5.00]    |   9.00 [9.00-10.00]    |    2.50 [2.50-2.50]    |    0.02 [0.01-0.02]     |
|      202       |       1        |   1.00 [1.00-1.00]    |  14.00 [14.00-14.16]  |    1.36 [1.36-1.36]    |    6.18 [6.18-6.27]    |    0.09 [0.08-0.09]     |
|      204       |       1        |   3.00 [3.00-3.00]    |  28.00 [28.00-29.00]  |    3.21 [3.21-3.21]    |  13.70 [13.70-14.19]   |    0.00 [0.00-0.00]     |
|      205       |       1        |   5.00 [5.00-5.16]    |  71.00 [70.00-74.00]  |    6.74 [6.74-7.01]    |  31.58 [31.11-32.91]   |    0.00 [0.00-0.00]     |
|      207       |       1        |   3.00 [3.00-3.00]    |  20.00 [20.00-21.00]  |    3.53 [3.53-3.53]    |   9.98 [9.98-10.48]    |    0.06 [0.04-0.06]     |
|      210       |       1        |   6.00 [6.00-6.00]    |   0.00 [0.00-0.00]    |    8.55 [8.55-8.55]    |    0.00 [0.00-0.00]    |    0.00 [0.00-0.00]     |
|      214       |       1        |   3.00 [3.00-3.00]    |   2.00 [2.00-2.00]    |    4.28 [4.28-4.28]    |    0.87 [0.87-0.87]    |    0.09 [0.09-0.09]     |
|      217       |       1        |   7.00 [7.00-7.16]    |   1.00 [1.00-1.00]    |    7.00 [7.00-7.16]    |    0.50 [0.50-0.50]    |    0.00 [0.00-0.00]     |
|      219       |       1        |   4.00 [4.00-4.00]    |   0.00 [0.00-0.00]    |    4.00 [4.00-4.00]    |    0.00 [0.00-0.00]    |    0.01 [0.01-0.01]     |
|      223       |       1        |   3.00 [3.00-4.00]    |   2.00 [2.00-2.00]    |    4.28 [4.27-5.70]    |    0.87 [0.87-0.87]    |    0.09 [0.03-0.09]     |
|      224       |       1        |   4.00 [4.00-4.00]    |   0.00 [0.00-0.00]    |    5.71 [5.71-5.71]    |    0.00 [0.00-0.00]    |    0.00 [0.00-0.00]     |
|      226       |       1        |   5.00 [5.00-5.16]    |   3.00 [3.00-3.00]    |    5.35 [5.35-5.52]    |    1.50 [1.50-1.50]    |    0.07 [0.07-0.07]     |
|      228       |       1        |   2.00 [2.00-2.00]    |   0.00 [0.00-0.00]    |    2.74 [2.74-2.74]    |    0.00 [0.00-0.00]    |    0.06 [0.06-0.06]     |
|      235       |       1        |   5.00 [5.00-6.00]    |   0.00 [0.00-0.00]    |    5.52 [5.52-6.61]    |    0.00 [0.00-0.00]    |    0.00 [0.00-0.00]     |
|      240       |       1        |   3.00 [3.00-3.00]    |  34.00 [34.00-35.00]  |    4.04 [4.04-4.07]    |  15.06 [15.03-15.51]   |    0.01 [0.01-0.01]     |
|      243       |       1        |   4.00 [4.00-4.16]    |   0.00 [0.00-0.00]    |    4.00 [4.00-4.16]    |    0.00 [0.00-0.00]    |    0.01 [0.01-0.01]     |
|      244       |       1        |   3.00 [3.00-3.00]    |   0.00 [0.00-0.00]    |    3.28 [3.28-3.28]    |    0.00 [0.00-0.00]    |    0.03 [0.03-0.03]     |
|      247       |       1        |   2.00 [2.00-2.00]    |   0.00 [0.00-0.00]    |    2.76 [2.76-2.76]    |    0.00 [0.00-0.00]    |    0.07 [0.07-0.07]     |
|      251       |       1        |   8.50 [8.50-9.50]    |   1.50 [1.50-1.50]    |    5.02 [5.02-5.60]    |    1.18 [1.18-1.18]    |    0.08 [0.05-0.08]     |
|      252       |       1        |   3.00 [3.00-3.16]    |   0.00 [0.00-0.00]    |    2.17 [2.17-2.29]    |    0.00 [0.00-0.00]    |    0.10 [0.09-0.10]     |
|      254       |       1        |   6.00 [6.00-6.00]    |   0.00 [0.00-0.00]    |    6.00 [6.00-6.00]    |    0.00 [0.00-0.00]    |    0.00 [0.00-0.00]     |
|      264       |       1        |   5.00 [5.00-6.00]    |   1.00 [1.00-1.00]    |    5.00 [5.00-6.00]    |    0.52 [0.52-0.52]    |    0.02 [0.01-0.02]     |
|      268       |       1        |  11.00 [11.00-12.00]  |   0.00 [0.00-0.00]    |  11.00 [11.00-12.00]   |    0.00 [0.00-0.00]    |    0.00 [0.00-0.00]     |
|      271       |       1        |   4.00 [4.00-4.00]    |   3.00 [3.00-3.00]    |    5.70 [5.70-5.70]    |    1.48 [1.48-1.48]    |    0.08 [0.08-0.08]     |
|      273       |       1        |   4.00 [4.00-4.00]    |   0.00 [0.00-0.00]    |    5.48 [5.48-5.48]    |    0.00 [0.00-0.00]    |    0.00 [0.00-0.00]     |
|      275       |       1        |  10.00 [10.00-11.00]  |   2.00 [2.00-2.00]    |    5.80 [5.80-6.38]    |    1.57 [1.57-1.57]    |    0.06 [0.04-0.06]     |
|      277       |       1        |   4.00 [4.00-4.16]    |   2.00 [2.00-2.00]    |    4.44 [4.44-4.62]    |    1.00 [1.00-1.00]    |    0.08 [0.07-0.08]     |
|      278       |       1        |   5.00 [5.00-5.00]    |   3.00 [3.00-3.00]    |    5.00 [5.00-5.00]    |    1.50 [1.50-1.50]    |    0.09 [0.09-0.09]     |
|      279       |       1        |   0.00 [0.00-0.00]    |  11.00 [11.00-12.00]  |    0.00 [0.00-0.00]    |    4.86 [4.86-5.31]    |    0.05 [0.03-0.05]     |
|      280       |       1        |   5.00 [5.00-6.00]    |   3.00 [3.00-3.00]    |    5.00 [5.00-6.01]    |    1.55 [1.55-1.55]    |    0.10 [0.05-0.10]     |
|      282       |       1        |   8.00 [8.00-8.16]    |   1.00 [1.00-1.00]    |    8.00 [8.00-8.16]    |    0.52 [0.52-0.52]    |    0.00 [0.00-0.00]     |
|      286       |       1        |   5.00 [5.00-5.00]    |   0.00 [0.00-0.00]    |    5.00 [5.00-5.00]    |    0.00 [0.00-0.00]    |    0.01 [0.01-0.01]     |
|      291       |       1        |   1.00 [1.00-1.00]    |  13.00 [13.00-13.16]  |    1.37 [1.37-1.37]    |    5.73 [5.73-5.80]    |    0.11 [0.11-0.11]     |
|      296       |       1        |  12.00 [12.00-12.00]  |   2.00 [2.00-2.00]    |  13.70 [13.70-13.70]   |    0.99 [0.99-0.99]    |    0.00 [0.00-0.00]     |
|      297       |       1        |  15.00 [15.00-15.00]  |   2.00 [2.00-2.00]    |  21.00 [21.00-21.00]   |    0.96 [0.96-0.96]    |    0.00 [0.00-0.00]     |
|      298       |       1        |   4.00 [4.00-4.00]    |   0.00 [0.00-0.00]    |    5.25 [5.25-5.25]    |    0.00 [0.00-0.00]    |    0.01 [0.01-0.01]     |
|      300       |       1        |   4.00 [4.00-4.00]    |   0.00 [0.00-0.00]    |    4.00 [4.00-4.00]    |    0.00 [0.00-0.00]    |    0.01 [0.01-0.01]     |
|      306       |       1        |   5.00 [5.00-6.00]    |   3.00 [3.00-4.00]    |    6.92 [6.92-8.30]    |    1.32 [1.32-1.76]    |    0.02 [0.01-0.03]     |
|      307       |       1        |   7.00 [7.00-8.00]    |   4.00 [4.00-4.00]    |   9.98 [9.98-11.41]    |    1.74 [1.74-1.74]    |    0.01 [0.00-0.01]     |
|      310       |       1        |   4.00 [4.00-4.00]    |   1.00 [1.00-1.00]    |    5.49 [5.49-5.49]    |    0.44 [0.44-0.44]    |    0.01 [0.01-0.01]     |
|      312       |       1        |   7.00 [7.00-8.00]    |   0.00 [0.00-0.00]    |   9.86 [9.86-11.27]    |    0.00 [0.00-0.00]    |    0.00 [0.00-0.00]     |
|      314       |       1        |   5.00 [5.00-5.00]    |   0.00 [0.00-0.00]    |    6.85 [6.85-6.85]    |    0.00 [0.00-0.00]    |    0.00 [0.00-0.00]     |
|      315       |       1        |   3.00 [3.00-3.00]    |   0.00 [0.00-0.00]    |    3.00 [3.00-3.00]    |    0.00 [0.00-0.00]    |    0.04 [0.04-0.04]     |
|      320       |       1        |   6.00 [6.00-6.00]    |   2.00 [2.00-2.00]    |    6.92 [6.92-6.92]    |    0.98 [0.98-0.98]    |    0.01 [0.01-0.01]     |
|      322       |       1        |   3.00 [3.00-3.00]    |   0.00 [0.00-0.00]    |    3.00 [3.00-3.00]    |    0.00 [0.00-0.00]    |    0.04 [0.04-0.04]     |
|      324       |       1        |   4.00 [4.00-5.00]    |   1.00 [1.00-1.00]    |    5.65 [5.65-7.07]    |    0.50 [0.50-0.50]    |    0.02 [0.01-0.02]     |
|      337       |       1        |   8.00 [8.00-9.00]    |   2.00 [2.00-2.00]    |    7.96 [7.95-8.92]    |    1.01 [1.01-1.01]    |    0.00 [0.00-0.00]     |
|      339       |       1        |   8.00 [8.00-8.00]    |   3.00 [3.00-3.00]    |    8.35 [8.35-8.35]    |    1.47 [1.47-1.47]    |    0.01 [0.01-0.01]     |
|      342       |       1        |   6.00 [6.00-6.00]    |   4.00 [4.00-4.00]    |    6.92 [6.92-6.93]    |    1.88 [1.87-1.88]    |    0.04 [0.04-0.04]     |
|      345       |       1        |   4.00 [4.00-5.00]    |   0.00 [0.00-0.00]    |    4.42 [4.42-5.53]    |    0.00 [0.00-0.00]    |    0.01 [0.00-0.01]     |
|      347       |       1        |   7.00 [7.00-7.00]    |   0.00 [0.00-0.00]    |    4.33 [4.33-4.33]    |    0.00 [0.00-0.00]    |    0.02 [0.02-0.02]     |
|      352       |       1        |   5.00 [5.00-6.00]    |   0.00 [0.00-0.00]    |    5.00 [5.00-6.00]    |    0.00 [0.00-0.00]    |    0.00 [0.00-0.00]     |
|      356       |       1        |   2.00 [2.00-3.00]    |   0.00 [0.00-0.00]    |    2.60 [2.60-3.92]    |    0.00 [0.00-0.00]    |    0.07 [0.02-0.07]     |
|      357       |       1        |   8.00 [8.00-9.00]    |   1.00 [1.00-1.00]    |    8.00 [8.00-9.00]    |    0.50 [0.50-0.50]    |    0.00 [0.00-0.00]     |
|      358       |       1        |   5.00 [5.00-5.16]    |   0.00 [0.00-0.00]    |    5.00 [5.00-5.16]    |    0.00 [0.00-0.00]    |    0.00 [0.00-0.00]     |
|      364       |       1        |   4.00 [4.00-4.00]    |   0.00 [0.00-0.00]    |    5.71 [5.71-5.71]    |    0.00 [0.00-0.00]    |    0.00 [0.00-0.00]     |
|      365       |       1        |   7.00 [7.00-7.00]    |   0.00 [0.00-0.00]    |    7.00 [7.00-7.00]    |    0.00 [0.00-0.00]    |    0.00 [0.00-0.00]     |
|      369       |       1        |   2.00 [2.00-3.00]    |   0.00 [0.00-0.00]    |    2.85 [2.85-4.27]    |    0.00 [0.00-0.00]    |    0.07 [0.02-0.07]     |
|      370       |       1        |   3.00 [3.00-3.00]    |   0.00 [0.00-0.00]    |    4.27 [4.27-4.27]    |    0.00 [0.00-0.00]    |    0.01 [0.01-0.01]     |
|      371       |       1        |   7.00 [7.00-7.00]    |   0.00 [0.00-0.00]    |    9.94 [9.94-9.94]    |    0.00 [0.00-0.00]    |    0.00 [0.00-0.00]     |
|      372       |       1        |   7.00 [7.00-8.00]    |   1.00 [1.00-1.00]    |    7.97 [7.97-9.11]    |    0.72 [0.72-0.72]    |    0.01 [0.00-0.01]     |
|      373       |       1        |   2.00 [2.00-2.00]    |   0.00 [0.00-0.00]    |    2.85 [2.85-2.85]    |    0.00 [0.00-0.00]    |    0.05 [0.05-0.05]     |
|      374       |       1        |   3.00 [3.00-3.00]    |   0.00 [0.00-0.00]    |    3.58 [3.58-3.58]    |    0.00 [0.00-0.00]    |    0.02 [0.02-0.02]     |
|      377       |       1        |   4.00 [4.00-4.00]    |   0.00 [0.00-0.00]    |    4.00 [4.00-4.00]    |    0.00 [0.00-0.00]    |    0.01 [0.01-0.01]     |
|      381       |       1        |   5.00 [5.00-6.00]    |   0.00 [0.00-0.00]    |    5.00 [5.00-6.00]    |    0.00 [0.00-0.00]    |    0.00 [0.00-0.00]     |
|      382       |       1        |   5.00 [5.00-6.00]    |   1.00 [1.00-1.00]    |    7.12 [7.12-8.54]    |    0.44 [0.44-0.44]    |    0.00 [0.00-0.00]     |
|      385       |       1        |   4.00 [4.00-4.00]    |   0.00 [0.00-0.00]    |    5.48 [5.48-5.48]    |    0.00 [0.00-0.00]    |    0.00 [0.00-0.00]     |
|      387       |       1        |   3.00 [3.00-3.00]    |   0.00 [0.00-0.00]    |    3.94 [3.94-3.94]    |    0.00 [0.00-0.00]    |    0.04 [0.04-0.04]     |
|      390       |       1        |   4.00 [4.00-4.00]    |   1.00 [1.00-1.00]    |    4.62 [4.62-4.62]    |    0.47 [0.47-0.47]    |    0.03 [0.03-0.03]     |
|      391       |       1        |   5.00 [5.00-5.00]    |   3.00 [3.00-3.00]    |    6.99 [6.99-6.99]    |    1.31 [1.31-1.31]    |    0.02 [0.02-0.02]     |
|      398       |       1        |   5.00 [5.00-6.00]    |   0.00 [0.00-0.00]    |    7.05 [7.05-8.46]    |    0.00 [0.00-0.00]    |    0.00 [0.00-0.00]     |
|      403       |       1        |   6.00 [6.00-6.00]    |   1.00 [1.00-1.00]    |    7.75 [7.75-7.75]    |    0.47 [0.47-0.47]    |    0.00 [0.00-0.00]     |
|      409       |       1        |   4.00 [4.00-5.00]    |   0.00 [0.00-0.00]    |    4.00 [4.00-5.00]    |    0.00 [0.00-0.00]    |    0.01 [0.00-0.01]     |
|      410       |       1        |  14.00 [14.00-14.00]  |   2.00 [2.00-2.00]    |  14.00 [14.00-14.00]   |    1.00 [1.00-1.00]    |    0.00 [0.00-0.00]     |
|      419       |       1        |   3.00 [3.00-3.00]    |   0.00 [0.00-0.00]    |    3.93 [3.93-3.93]    |    0.00 [0.00-0.00]    |    0.02 [0.02-0.02]     |
|      421       |       1        |   7.00 [7.00-8.00]    |   2.00 [2.00-2.00]    |    6.95 [6.95-7.95]    |    1.01 [1.01-1.01]    |    0.01 [0.00-0.01]     |
|      424       |       1        |   6.00 [6.00-6.00]    |   3.00 [3.00-3.00]    |    8.26 [8.26-8.26]    |    1.32 [1.32-1.32]    |    0.01 [0.01-0.01]     |
|      425       |       1        |   8.00 [8.00-8.16]    |   0.00 [0.00-0.00]    |    5.33 [5.33-5.44]    |    0.00 [0.00-0.00]    |    0.01 [0.01-0.01]     |
|      426       |       1        |   4.00 [4.00-5.00]    |   1.00 [1.00-1.00]    |    5.70 [5.70-7.13]    |    0.44 [0.44-0.44]    |    0.01 [0.00-0.01]     |
|      427       |       1        |   3.00 [3.00-3.00]    |   1.00 [1.00-1.00]    |    3.91 [3.91-3.91]    |    0.47 [0.47-0.47]    |    0.06 [0.06-0.06]     |
|      428       |       1        |   7.00 [7.00-8.00]    |   2.00 [2.00-2.00]    |   9.15 [9.15-10.46]    |    0.94 [0.94-0.94]    |    0.00 [0.00-0.00]     |
|      431       |       1        |   4.00 [4.00-4.00]    |   0.00 [0.00-0.00]    |    5.68 [5.68-5.68]    |    0.00 [0.00-0.00]    |    0.00 [0.00-0.00]     |
|      432       |       1        |  14.00 [14.00-14.16]  |   1.00 [1.00-1.00]    |  14.00 [14.00-14.16]   |    0.51 [0.51-0.51]    |    0.00 [0.00-0.00]     |
|      435       |       1        |   3.00 [3.00-3.00]    |   0.00 [0.00-0.00]    |    4.12 [4.12-4.12]    |    0.00 [0.00-0.00]    |    0.01 [0.01-0.01]     |
|      438       |       1        |   5.00 [5.00-5.00]    |   0.00 [0.00-0.00]    |    5.00 [5.00-5.00]    |    0.00 [0.00-0.00]    |    0.00 [0.00-0.00]     |
|      439       |       1        |   3.00 [3.00-3.00]    |   0.00 [0.00-0.00]    |    4.28 [4.28-4.28]    |    0.00 [0.00-0.00]    |    0.02 [0.02-0.02]     |
|      440       |       1        |   7.00 [7.00-7.00]    |   0.00 [0.00-0.00]    |    9.97 [9.97-9.97]    |    0.00 [0.00-0.00]    |    0.00 [0.00-0.00]     |
|      441       |       1        |   4.00 [4.00-4.00]    |   0.00 [0.00-0.00]    |    4.00 [4.00-4.00]    |    0.00 [0.00-0.00]    |    0.01 [0.01-0.01]     |
|      442       |       1        |   2.00 [2.00-3.00]    |   0.00 [0.00-0.00]    |    2.62 [2.62-3.93]    |    0.00 [0.00-0.00]    |    0.07 [0.02-0.07]     |
|      443       |       1        |   6.00 [6.00-6.16]    |   0.00 [0.00-0.00]    |    3.65 [3.65-3.75]    |    0.00 [0.00-0.00]    |    0.03 [0.03-0.03]     |
|      444       |       1        |   4.00 [4.00-4.00]    |   0.00 [0.00-0.00]    |    2.55 [2.55-2.55]    |    0.00 [0.00-0.00]    |    0.10 [0.10-0.10]     |
|      448       |       1        |   2.00 [2.00-2.16]    |   0.00 [0.00-0.00]    |    2.63 [2.63-2.83]    |    0.00 [0.00-0.00]    |    0.07 [0.06-0.07]     |
|      451       |       1        |   8.00 [8.00-8.00]    |   0.00 [0.00-0.00]    |    7.91 [7.91-7.91]    |    0.00 [0.00-0.00]    |    0.00 [0.00-0.00]     |
|      452       |       1        |   3.00 [3.00-3.00]    |   0.00 [0.00-0.00]    |    3.00 [3.00-3.00]    |    0.00 [0.00-0.00]    |    0.04 [0.04-0.04]     |
|      453       |       1        |   7.00 [7.00-7.16]    |   0.00 [0.00-0.00]    |    4.38 [4.38-4.48]    |    0.00 [0.00-0.00]    |    0.02 [0.02-0.02]     |
|      455       |       1        |   5.00 [5.00-6.00]    |   4.00 [4.00-4.00]    |    6.88 [6.88-8.26]    |    1.76 [1.76-1.76]    |    0.04 [0.02-0.04]     |
|      462       |       1        |   6.00 [6.00-6.00]    |   3.00 [3.00-3.00]    |    8.55 [8.55-8.55]    |    1.31 [1.31-1.31]    |    0.01 [0.01-0.01]     |
|      464       |       1        |   3.00 [3.00-3.00]    |   1.00 [1.00-1.00]    |    4.28 [4.28-4.28]    |    0.50 [0.50-0.50]    |    0.06 [0.06-0.06]     |
|      466       |       1        |   3.00 [3.00-3.00]    |   1.00 [1.00-1.00]    |    3.94 [3.94-3.94]    |    0.47 [0.47-0.47]    |    0.06 [0.06-0.06]     |
|      467       |       1        |   5.00 [5.00-5.16]    |   0.00 [0.00-0.00]    |    5.00 [5.00-5.16]    |    0.00 [0.00-0.00]    |    0.00 [0.00-0.00]     |
|      469       |       1        |   0.00 [0.00-0.00]    |  23.00 [23.00-23.16]  |    0.00 [0.00-0.00]    |  10.16 [10.16-10.23]   |    0.00 [0.00-0.00]     |
|      470       |       1        |   4.00 [4.00-4.00]    |   0.00 [0.00-0.00]    |    5.00 [5.00-5.00]    |    0.00 [0.00-0.00]    |    0.02 [0.02-0.02]     |
|      471       |       1        |   4.00 [4.00-5.16]    |   0.00 [0.00-0.00]    |    2.72 [2.72-3.51]    |    0.00 [0.00-0.00]    |    0.09 [0.04-0.09]     |
|      475       |       1        |   6.00 [6.00-6.00]    |   0.00 [0.00-0.00]    |    6.00 [6.00-6.00]    |    0.00 [0.00-0.00]    |    0.00 [0.00-0.00]     |
|      478       |       1        |   3.00 [3.00-3.00]    |   5.00 [5.00-5.00]    |    7.78 [7.78-7.78]    |    1.91 [1.91-1.91]    |    0.07 [0.07-0.07]     |
|      480       |       1        |  10.00 [10.00-10.00]  |   3.00 [3.00-3.00]    |  14.03 [14.03-14.03]   |    1.31 [1.31-1.31]    |    0.00 [0.00-0.00]     |
|      481       |       1        |  11.00 [11.00-12.00]  |   2.00 [2.00-2.00]    |  11.00 [11.00-12.00]   |    1.00 [1.00-1.00]    |    0.00 [0.00-0.00]     |
|      482       |       1        |   2.00 [2.00-2.00]    |   0.00 [0.00-0.00]    |    2.85 [2.85-2.85]    |    0.00 [0.00-0.00]    |    0.06 [0.06-0.06]     |
|      484       |       1        |   2.00 [2.00-3.00]    |   0.00 [0.00-0.00]    |    2.54 [2.54-3.82]    |    0.00 [0.00-0.00]    |    0.07 [0.02-0.07]     |
|      485       |       1        |   5.00 [5.00-5.00]    |   1.00 [1.00-1.00]    |    6.87 [6.87-6.87]    |    0.44 [0.44-0.44]    |    0.00 [0.00-0.00]     |
|      486       |       1        |   5.00 [5.00-5.16]    |   1.00 [1.00-1.00]    |    7.05 [7.05-7.27]    |    0.50 [0.50-0.50]    |    0.01 [0.01-0.01]     |
|      488       |       1        |   4.00 [4.00-4.16]    |   0.00 [0.00-0.00]    |    4.55 [4.55-4.73]    |    0.00 [0.00-0.00]    |    0.01 [0.01-0.01]     |
|      489       |       1        |   4.00 [4.00-5.00]    |   0.00 [0.00-0.00]    |    5.71 [5.71-7.13]    |    0.00 [0.00-0.00]    |    0.00 [0.00-0.00]     |
|      490       |       1        |   5.00 [4.00-5.16]    |   4.00 [4.00-5.00]    |    6.85 [5.48-7.07]    |    1.76 [1.76-2.20]    |    0.04 [0.04-0.11]     |
|      495       |       1        |   3.00 [3.00-3.16]    |   1.00 [1.00-1.00]    |    3.61 [3.61-3.80]    |    0.48 [0.48-0.48]    |    0.07 [0.07-0.07]     |
|      497       |       1        |   7.00 [7.00-7.00]    |   0.00 [0.00-0.00]    |    7.00 [7.00-7.00]    |    0.00 [0.00-0.00]    |    0.00 [0.00-0.00]     |
|      498       |       1        |   7.00 [7.00-7.16]    |   2.00 [2.00-2.00]    |    8.60 [8.60-8.79]    |    0.96 [0.96-0.96]    |    0.00 [0.00-0.00]     |
|      500       |       1        |   6.00 [6.00-7.00]    |   1.00 [1.00-1.00]    |    6.00 [6.00-7.00]    |    0.52 [0.52-0.52]    |    0.01 [0.00-0.01]     |
|      503       |       1        |   4.00 [4.00-4.00]    |   2.00 [2.00-2.00]    |    5.53 [5.53-5.53]    |    0.88 [0.88-0.88]    |    0.03 [0.03-0.03]     |
|      504       |       1        |   4.00 [4.00-5.00]    |   0.00 [0.00-0.00]    |    5.69 [5.69-7.11]    |    0.00 [0.00-0.00]    |    0.00 [0.00-0.00]     |
|      505       |       1        |   6.00 [6.00-6.00]    |   1.00 [1.00-1.00]    |    6.00 [6.00-6.00]    |    0.50 [0.50-0.50]    |    0.01 [0.01-0.01]     |
|      506       |       1        |   3.00 [3.00-3.16]    |   1.00 [1.00-1.00]    |    3.93 [3.93-4.14]    |    0.47 [0.47-0.47]    |    0.06 [0.05-0.06]     |
|      508       |       1        |   9.00 [9.00-9.00]    |   0.00 [0.00-0.00]    |    9.00 [9.00-9.00]    |    0.00 [0.00-0.00]    |    0.00 [0.00-0.00]     |
|      511       |       1        |   4.00 [4.00-4.00]    |   1.00 [1.00-1.00]    |    4.00 [4.00-4.00]    |    0.58 [0.58-0.58]    |    0.06 [0.06-0.06]     |
|      512       |       1        |  11.00 [11.00-12.00]  |   6.00 [6.00-6.00]    |  12.56 [12.56-13.70]   |    2.97 [2.97-2.97]    |    0.00 [0.00-0.00]     |
|      515       |       1        |   5.00 [5.00-5.00]    |   3.00 [3.00-3.00]    |    4.93 [4.93-4.93]    |    1.51 [1.51-1.51]    |    0.09 [0.09-0.09]     |
|      517       |       1        |   4.00 [4.00-4.16]    |   3.00 [3.00-3.00]    |    5.15 [5.15-5.36]    |    1.41 [1.41-1.41]    |    0.09 [0.08-0.09]     |
|      519       |       1        |   3.00 [3.00-3.00]    |   2.00 [2.00-2.00]    |    4.28 [4.28-4.28]    |    0.87 [0.87-0.87]    |    0.09 [0.09-0.09]     |
|      521       |       1        |   5.00 [5.00-5.00]    |   1.00 [1.00-1.00]    |    5.00 [5.00-5.00]    |    0.50 [0.50-0.50]    |    0.02 [0.02-0.02]     |
|      527       |       1        |   5.00 [5.00-6.00]    |   2.00 [2.00-2.00]    |    5.00 [5.00-6.00]    |    1.04 [1.04-1.04]    |    0.05 [0.02-0.05]     |
|      532       |       1        |  10.00 [10.00-11.00]  |   0.00 [0.00-0.00]    |    5.80 [5.80-6.37]    |    0.00 [0.00-0.00]    |    0.00 [0.00-0.00]     |
|      534       |       1        |   4.00 [4.00-4.16]    |   0.00 [0.00-0.00]    |    4.16 [4.16-4.33]    |    0.00 [0.00-0.00]    |    0.01 [0.01-0.01]     |
|      535       |       1        |   4.00 [4.00-4.00]    |   0.00 [0.00-0.00]    |    5.48 [5.48-5.48]    |    0.00 [0.00-0.00]    |    0.01 [0.01-0.01]     |
|      537       |       1        |   5.00 [5.00-5.00]    |   0.00 [0.00-0.00]    |    5.00 [5.00-5.00]    |    0.00 [0.00-0.00]    |    0.00 [0.00-0.00]     |
|      539       |       1        |   3.00 [3.00-3.00]    |   0.00 [0.00-0.00]    |    3.00 [3.00-3.00]    |    0.00 [0.00-0.00]    |    0.04 [0.04-0.04]     |
|      541       |       1        |   6.00 [6.00-6.00]    |   1.00 [1.00-1.00]    |    6.00 [6.00-6.00]    |    0.53 [0.53-0.53]    |    0.01 [0.01-0.01]     |
|      543       |       1        |   3.00 [3.00-3.00]    |   0.00 [0.00-0.00]    |    3.00 [3.00-3.00]    |    0.00 [0.00-0.00]    |    0.04 [0.04-0.04]     |
|      546       |       1        |   0.00 [0.00-0.00]    |   6.00 [6.00-6.00]    |    0.00 [0.00-0.00]    |    3.00 [3.00-3.00]    |    0.09 [0.09-0.09]     |
|      552       |       1        |   8.00 [8.00-9.00]    |   4.00 [4.00-4.00]    |  10.99 [10.99-12.37]   |    1.76 [1.76-1.76]    |    0.00 [0.00-0.00]     |
|      556       |       1        |   2.00 [2.00-3.00]    |   0.00 [0.00-0.00]    |    2.85 [2.85-4.28]    |    0.00 [0.00-0.00]    |    0.06 [0.02-0.06]     |
|      559       |       1        |   4.00 [4.00-5.00]    |   0.00 [0.00-0.00]    |    4.00 [4.00-5.00]    |    0.00 [0.00-0.00]    |    0.01 [0.00-0.01]     |
|      562       |       1        |   8.00 [8.00-8.00]    |   0.00 [0.00-0.00]    |    9.13 [9.13-9.14]    |    0.00 [0.00-0.00]    |    0.00 [0.00-0.00]     |
|      579       |       1        |   3.00 [3.00-3.00]    |   0.00 [0.00-0.00]    |    3.12 [3.12-3.12]    |    0.00 [0.00-0.00]    |    0.03 [0.03-0.03]     |
