
Analysis Description
--------------------
SLAC (Single Likelihood Ancestor Counting) uses a maximum likelihood
ancestral state reconstruction and minimum path substitution counting to
estimate site - level dS and dN, and applies a simple binomial - based
test to test if dS differs drom dN. The estimates aggregate information
over all branches, so the signal is derived from pervasive
diversification or conservation. A subset of branches can be selected
for testing as well. Multiple partitions within a NEXUS file are also
supported for recombination - aware analysis. 

- __Requirements__: in-frame codon alignment and a phylogenetic tree

- __Citation__: Not So Different After All: A Comparison of Methods for Detecting Amino
Acid Sites Under Selection (2005). _Mol Biol Evol_ 22 (5): 1208-1222

- __Written by__: Sergei L Kosakovsky Pond and Simon DW Frost

- __Contact Information__: spond@temple.edu

- __Analysis Version__: 2.00


>code => Universal
>Loaded a multiple sequence alignment with **349** sequences, **329** codons, and **1** partitions from `/Users/alex/Documents/selection-tutorial/data/21-empirical/InfluenzaA.nex`

>branches => All

>Select the number of samples used to assess ancestral reconstruction uncertainty [select 0 to skip] (permissible range = [0,100000], default value = 100, integer): 
>samples => 100

>Select the p-value threshold to use when testing for selection (permissible range = [0,1], default value = 0.1): 
>pvalue => 0.1


### Branches to include in the SLAC analysis
Selected 695 branches to include in SLAC calculations: `WE397, CN10679_997, SYD697, HI1_997, AUC5_697, Node19, Node17, Node15, SYD597, Node14, Node12, HK391_797, PR1_797, SAUS54_797, CANBERRA5_897, Node28, Node26, Node24, HK387_797, Node23, Node11, SYD497, Node10, UR41_197, Node9, SAITAMA8096_97, Node8, BE17_197, BE62_297, Node35, Node7, KO671_297, KO572_297, JA416_297, Node42, Node40, CL170_1096, Node39, SHZH157_796, Node38, Node6, CO_1187, SHA_887, Node82, LA_1287, Node81, GZ187, QL_987, Node86, Node80, VIC87, Node79, TX_12764_483, TX_24753_185, TX_25784_385, Node98, MS85, Node97, Node95, TX_18088_184, TX_18733_184, TX_17988_184, Node109, Node107, CM_885, GZ3_187, TX_12835_583, Node114, Node112, Node106, OITA83, Node105, MI_185, NJ_185, Node120, TX_24752_185, Node119, CT_385, Node118, Node104, CAEN184, Node103, VAL_491, SH_185, Node129, US85, Node128, TX_25887_285, Node127, AK_1284, Node126, Node102, Node94, TG_885, Node93, CC185, CC485, Node137, UY3_688, Node136, Node92, BK_785, BK25_785, LN_286, ST_185, CZ86, Node150, Node148, GM_1185, Node147, YH_1085, Node146, Node144, YG_585, CC_688, Node155, Node143, Node141, Node91, YN_1185, FO_1185, Node158, Node90, Node78, TY6_1287, TY5_1287, Node164, SYD_1287, Node163, CB_188, Node162, TX_39989_288, Node161, Node77, GC_987, SIC_487, Node170, Node76, KB_288, Node75, DL19_389, Node74, ENG88, BE4_189, Node175, Node73, GZ54_489, SIC89, BE57_189, Node182, Node180, ENG64889, Node179, SHA16_989, SHA1_289, Node186, Node178, Node72, GUA39_689, GUA_389, Node189, Node71, VIC589, Node70, BE353_1289, Node69, SHIGA291, IN3_991, Node200, PR1_1090, Node199, SOFIA15593, MX3255_194, SD1_491, Node209, SEOUL45_1191, WA1591, Node212, Node208, Node206, PA09_1191, Node205, SAS36_592, Node204, Node198, BZ91, Node197, HW1_291, Node196, SH6_490, Node195, VIC68_792, UMEA2_1192, UMEA1_1192, Node230, SN8_492, Node229, DJ3946_1292, RU3193, Node234, Node228, TW114391_192, Node227, VIC29_392, WE66_692, Node240, SAS68_692, Node239, BE47_292, Node238, Node226, SP118_293, Node225, Node223, PS8091, Node222, EN26191, Node221, II236_1193, II237_1193, Node249, KA149_1092, Node248, Node220, Node194, Node68, SN91, SH24_890, Node255, PERTH01_492, PS192SPF, Node259, HK34_490, Node258, Node254, KA206_1191, Node253, Node67, NCH3332_493, NCH12_1193, Node271, NCH58_1293, Node270, HAR1592, Node269, SIC4_593, RU58_393, WUZ4_493, Node280, Node278, NGX10_193, Node277, GD04_393, Node276, Node268, HEBEI1293, HK23_792, Node285, Node267, PS688_193, SHD9_393, YOKOHAMA7392, Node293, Node291, SAP_1292, Node290, NY1393, Node289, NCH3396_593, Node288, Node266, AK9_1192, HI3_1192, QD53_392, Node304, Node302, CA271_1192, Node301, TIANJIN3392, VIC193, DJ3109_1291, BE32_192, Node313, Node311, Node309, KITA93, Node308, Node300, BE46_292, Node299, Node265, FR110994, NY64_1293, Node320, NY63_1293, Node319, UR46967_294, Node318, Node264, Node66, CA5_395, JA8695_1294, Node332, SP378_195, Node331, LA1_195, NJ8_1194, Node338, SP351_195, IL5_195, Node345, TX5_1294, Node344, OH3_195, Node343, NJ10_195, Node342, CN124_295, Node341, Node337, PA15_295, Node336, Node330, NY28_1294, Node329, MA1_195, Node328, HK42_396, MEM196_1195, PARIS8395, Node361, Node359, PARIS36395, Node358, NY17_1294, Node357, AG3779_1094, JOH33_794, Node366, Node356, HK434_1096, HK1_694, HK55_794, Node371, Node369, Node355, Node327, PA7_1294, Node326, GD25_693, WUZ1_794, Node387, UDE44_394, Node386, NY38_193, Node385, NO93, WAIK2093, CC893, Node394, Node392, Node384, GD27_594, Node383, AA393, Node382, TH7594, BK122_694, Node400, SN7_694, Node399, Node381, AG3105_693, Node380, GA3_393, TX57_1293, LA4_893, LA6_993, Node411, NY3_293, Node410, Node408, Node406, NY26_293, AK18_493, Node415, Node405, Node379, CA4_794, SP125_293, WY1_1193, Node421, SP190_393, ST1_193, Node424, Node420, Node418, Node378, ENG22093, Node377, PA993_1294, CA5_1193, WA41_1293, Node432, Node430, AKI194, RO182_194, Node437, VT3_194, SANT7198_894, Node441, RO160_194, Node440, Node436, NY4295_1194, NY16_1194, Node446, NY15_894, Node445, Node435, Node429, NED37293, FR120394, Node450, Node428, Node376, WA2693, Node375, Node325, Node65, HAR3_194, Node64, BZ18_496, BR3_496, BR45_696, Node465, BR87_596, Node464, BZ8_496, Node463, Node461, BR184_696, Node460, BR597_796, Node459, NJ11_1294, CN147_495, SN28_595, Node479, Node477, GE767_495, Node476, JOH295, Node475, SN27_595, HK38_895, Node484, Node474, WA186_1294, VA25_1294, Node487, Node473, HK3_195, Node472, Node458, WV1_395, GE578652_295, Node491, Node457, NE11_395, AK10_295, Node496, KWJ195_1194, Node495, CHW995_1294, Node494, Node456, CN17_196, FL4_1195, LA5_1195, Node506, KO45_296, BZ2_395, Node512, CN61_296, Node511, GE491_396, Node510, UK897_696, MN6_1195, Node517, Node509, Node505, Node503, DE3_1195, NV1_1195, Node525, ID4_1195, Node524, MO6_396, Node523, JOH5396_97, Node522, AK16_995, JOH1795, Node531, Node521, ID3_1195, CN2796_1295, Node534, Node520, Node502, AG4057_795, SHD5_894, BE281_1294, Node539, Node537, Node501, Node455, Node63, GNX42_495, Node62, CNIC22_195, Node61, GZH66_497, Node60, BRIS3596, CAR42297, CAR465_896, Node552, Node550, BK197, Node549, MN1_1196, WE4896, DE4_397, Node562, Node560, YOKOHAMA6896_97, Node559, AUC596, Node558, HI2_796, Node557, TH78_397, TH79_397, Node569, CHR196, Node568, Node556, Node548, AUC10896_97, BRI2296, Node573, Node547, MON318_696, Node546, CNIC35_196, NCH813_895, Node579, FUJIAN47_396, WUH359_995, Node582, Node578, NCH933_995, Node577, Node545, Node59, WA596, Node58, FG39_1096, NY9_196, Node589, TH9496_97, Node588, FR7597, Node587, Node57, SHA9_995, Node56, BR51_897, BR43_697, Node597, BR309_796, Node596, GQ1014_1096, JOH10_697, CA10_797, NY43_1196, Node611, MN1_497, MO10_1196, Node614, Node610, CA13_1296, Node609, JOH9_597, Node608, NY50_1196, Node607, Node605, CN101_197, PA2_297, Node621, MO11_1196, MOS2_197, Node624, Node620, Node604, Node602, WI3_896, NY37_1096, Node629, AK2_796, Node628, TW523_596, Node627, Node601, Node595, Node55, RI7_397, Node54, FUK11496E, FUK11496C, Node635, Node53, JA99_196, Node52, VIC4797, VIC3097, Node640, TAS1_797, Node639, Node51, SHZH43_396, WZH1_596, Node646, GD1_396, Node645, CO11_1196, IN1_1196, Node652, KY2_297, Node651, NJ8_1296, Node650, Node644, Node50, TX1196_97, TD5196, TD5096, Node659, Node657, Node49, HAR3_1296, BE24496_197, Node662, Node48, TIANJING51_297, SH19_896, Node667, FUJIAN133_596, SANTAFE208_896, Node670, Node666, JOH3_397, HK358_796, Node673, Node665, Node47, Node5, CORD3278_796, GNX189_796, TD4796, Node680, Node678, AG207_796, AG601_796, Node683, Node677, AG39_796, Node676, Node4, SP214_197, Node3, HK357_696, Node2, GZH11_496, Node1, CI2115_696, NY55_1296, Node691, GZH8_496, Node690, TIANJING55_896`


### Obtaining branch lengths and nucleotide substitution biases under the nucleotide GTR model

>kill-zero-lengths => Yes

### Deleted 153 zero-length internal branches: `Node1, Node104, Node105, Node106, Node109, Node11, Node120, Node14, Node143, Node144, Node148, Node15, Node162, Node163, Node17, Node178, Node186, Node19, Node195, Node196, Node199, Node2, Node208, Node212, Node221, Node222, Node225, Node226, Node23, Node234, Node238, Node239, Node24, Node253, Node26, Node264, Node265, Node267, Node269, Node28, Node288, Node291, Node293, Node3, Node302, Node304, Node308, Node309, Node311, Node320, Node325, Node329, Node330, Node336, Node337, Node341, Node342, Node343, Node344, Node345, Node355, Node356, Node359, Node361, Node375, Node376, Node377, Node378, Node379, Node381, Node382, Node383, Node384, Node385, Node386, Node392, Node4, Node405, Node406, Node408, Node420, Node424, Node429, Node430, Node440, Node441, Node455, Node458, Node463, Node464, Node465, Node472, Node473, Node474, Node475, Node476, Node477, Node479, Node49, Node496, Node5, Node503, Node505, Node509, Node510, Node511, Node512, Node52, Node521, Node522, Node523, Node524, Node537, Node549, Node55, Node550, Node552, Node557, Node558, Node559, Node56, Node560, Node562, Node57, Node573, Node577, Node582, Node587, Node588, Node589, Node59, Node6, Node604, Node608, Node610, Node611, Node62, Node624, Node627, Node640, Node645, Node665, Node670, Node673, Node676, Node690, Node74, Node77, Node79, Node81, Node82, Node92, Node98`
* Log(L) = -11563.07, AIC-c = 24535.01 (703 estimated parameters)
* 1 partition. Total tree length by partition (subs/site)  1.406

### Obtaining the global omega estimate based on relative GTR branch lengths and nucleotide substitution biases
* Log(L) = -11405.75, AIC-c = 23930.93 (557 estimated parameters)
* 1 partition. Total tree length by partition (subs/site)  1.409
* non-synonymous/synonymous rate ratio for *test* =   0.4894

### Performing joint maximum likelihood ancestral state reconstruction

### For partition 1 these sites are significant at p <=0.1

|     Codon      |   Partition    |       S        |       N        |       dS       |       dN       |Selection detected?|
|:--------------:|:--------------:|:--------------:|:--------------:|:--------------:|:--------------:|:-----------------:|
|       12       |       1        |     7.000      |     0.000      |     7.000      |     0.000      |  Neg. p = 0.000   |
|       15       |       1        |     8.500      |     1.500      |     5.296      |     1.077      |  Neg. p = 0.052   |
|       16       |       1        |     8.000      |     0.000      |     8.000      |     0.000      |  Neg. p = 0.000   |
|       17       |       1        |     10.000     |     1.000      |     16.033     |     0.421      |  Neg. p = 0.000   |
|       32       |       1        |     6.000      |     4.000      |     9.428      |     1.693      |  Neg. p = 0.009   |
|       33       |       1        |     5.000      |     0.000      |     7.203      |     0.000      |  Neg. p = 0.002   |
|       42       |       1        |     5.000      |     0.000      |     3.112      |     0.000      |  Neg. p = 0.044   |
|       43       |       1        |     6.000      |     1.000      |     6.002      |     0.500      |  Neg. p = 0.007   |
|       52       |       1        |     4.000      |     0.000      |     6.573      |     0.000      |  Neg. p = 0.003   |
|       56       |       1        |     3.000      |     0.000      |     4.933      |     0.000      |  Neg. p = 0.008   |
|       61       |       1        |     12.000     |     0.000      |     12.000     |     0.000      |  Neg. p = 0.000   |
|       63       |       1        |     3.000      |     0.000      |     4.928      |     0.000      |  Neg. p = 0.008   |
|       69       |       1        |     3.000      |     0.000      |     3.000      |     0.000      |  Neg. p = 0.037   |
|       72       |       1        |     3.000      |     0.000      |     3.000      |     0.000      |  Neg. p = 0.042   |
|       80       |       1        |     0.000      |     8.000      |     0.000      |     4.590      |  Pos. p = 0.076   |
|       83       |       1        |     3.000      |     1.000      |     4.521      |     0.453      |  Neg. p = 0.041   |
|       85       |       1        |     3.000      |     0.000      |     4.931      |     0.000      |  Neg. p = 0.008   |
|       89       |       1        |     2.000      |     0.000      |     3.015      |     0.000      |  Neg. p = 0.054   |
|       93       |       1        |     3.000      |     0.000      |     3.000      |     0.000      |  Neg. p = 0.037   |
|       97       |       1        |     3.000      |     0.000      |     4.644      |     0.000      |  Neg. p = 0.012   |
|      109       |       1        |     5.000      |     0.000      |     4.747      |     0.000      |  Neg. p = 0.005   |
|      110       |       1        |     3.000      |     0.000      |     3.000      |     0.000      |  Neg. p = 0.056   |
|      114       |       1        |     4.000      |     0.000      |     4.000      |     0.000      |  Neg. p = 0.021   |
|      115       |       1        |     6.000      |     0.000      |     6.000      |     0.000      |  Neg. p = 0.003   |
|      118       |       1        |     8.000      |     0.000      |     4.977      |     0.000      |  Neg. p = 0.007   |
|      119       |       1        |     5.000      |     0.000      |     6.057      |     0.000      |  Neg. p = 0.002   |
|      121       |       1        |     1.000      |     11.000     |     1.067      |     5.332      |  Pos. p = 0.072   |
|      128       |       1        |     0.000      |     8.000      |     0.000      |     3.998      |  Pos. p = 0.039   |
|      130       |       1        |     9.000      |     2.000      |     9.002      |     1.000      |  Neg. p = 0.001   |
|      133       |       1        |     0.000      |     16.000     |     0.000      |     6.801      |  Pos. p = 0.020   |
|      134       |       1        |     3.000      |     0.000      |     3.000      |     0.000      |  Neg. p = 0.038   |
|      135       |       1        |     1.000      |     13.000     |     1.171      |     6.307      |  Pos. p = 0.053   |
|      138       |       1        |     0.000      |     22.000     |     0.000      |     11.000     |  Pos. p = 0.000   |
|      139       |       1        |     2.000      |     0.000      |     3.289      |     0.000      |  Neg. p = 0.052   |
|      141       |       1        |     5.000      |     0.000      |     4.746      |     0.000      |  Neg. p = 0.005   |
|      145       |       1        |     0.000      |     22.000     |     0.000      |     9.453      |  Pos. p = 0.005   |
|      148       |       1        |     4.000      |     0.000      |     6.267      |     0.000      |  Neg. p = 0.002   |
|      152       |       1        |     2.000      |     0.000      |     3.099      |     0.000      |  Neg. p = 0.046   |
|      155       |       1        |     5.000      |     3.000      |     8.217      |     1.283      |  Neg. p = 0.012   |
|      156       |       1        |     2.000      |     27.000     |     2.986      |     12.264     |  Pos. p = 0.021   |
|      157       |       1        |     1.500      |     8.500      |     1.256      |     5.902      |  Pos. p = 0.059   |
|      161       |       1        |     3.000      |     1.000      |     4.646      |     0.500      |  Neg. p = 0.047   |
|      165       |       1        |     6.000      |     3.000      |     9.859      |     1.254      |  Neg. p = 0.003   |
|      176       |       1        |     4.000      |     0.000      |     5.943      |     0.000      |  Neg. p = 0.003   |
|      177       |       1        |     8.000      |     1.000      |     5.417      |     0.739      |  Neg. p = 0.027   |
|      183       |       1        |     4.000      |     3.000      |     6.555      |     1.257      |  Neg. p = 0.035   |
|      185       |       1        |     3.000      |     0.000      |     3.000      |     0.000      |  Neg. p = 0.037   |
|      187       |       1        |     7.000      |     1.000      |     7.006      |     0.500      |  Neg. p = 0.003   |
|      190       |       1        |     0.000      |     13.000     |     0.000      |     5.599      |  Pos. p = 0.044   |
|      191       |       1        |     2.000      |     0.000      |     3.014      |     0.000      |  Neg. p = 0.077   |
|      193       |       1        |     1.000      |     22.000     |     1.619      |     9.246      |  Pos. p = 0.035   |
|      194       |       1        |     2.000      |     13.000     |     1.273      |     9.098      |  Pos. p = 0.002   |
|      195       |       1        |     2.000      |     0.000      |     3.095      |     0.000      |  Neg. p = 0.060   |
|      196       |       1        |     1.000      |     11.000     |     1.010      |     5.473      |  Pos. p = 0.057   |
|      207       |       1        |     3.000      |     1.000      |     4.311      |     0.456      |  Neg. p = 0.046   |
|      210       |       1        |     4.000      |     0.000      |     5.711      |     0.000      |  Neg. p = 0.007   |
|      215       |       1        |     4.000      |     1.000      |     3.999      |     0.500      |  Neg. p = 0.045   |
|      218       |       1        |     6.000      |     1.000      |     6.000      |     0.504      |  Neg. p = 0.007   |
|      221       |       1        |     3.000      |     0.000      |     3.000      |     0.000      |  Neg. p = 0.037   |
|      224       |       1        |     4.000      |     0.000      |     3.811      |     0.000      |  Neg. p = 0.015   |
|      225       |       1        |     7.000      |     1.000      |     7.000      |     0.500      |  Neg. p = 0.003   |
|      226       |       1        |     2.500      |     44.500     |     2.038      |     26.625     |  Pos. p = 0.000   |
|      227       |       1        |     8.000      |     1.000      |     8.009      |     0.500      |  Neg. p = 0.001   |
|      228       |       1        |     5.000      |     1.000      |     7.853      |     0.423      |  Neg. p = 0.002   |
|      231       |       1        |     3.000      |     1.000      |     4.906      |     0.419      |  Neg. p = 0.029   |
|      239       |       1        |     5.000      |     0.000      |     5.000      |     0.000      |  Neg. p = 0.004   |
|      243       |       1        |     3.000      |     0.000      |     2.662      |     0.000      |  Neg. p = 0.053   |
|      244       |       1        |     7.000      |     0.000      |     4.791      |     0.000      |  Neg. p = 0.010   |
|      245       |       1        |     2.000      |     0.000      |     2.422      |     0.000      |  Neg. p = 0.076   |
|      249       |       1        |     5.000      |     0.000      |     5.000      |     0.000      |  Neg. p = 0.004   |
|      250       |       1        |     4.000      |     0.000      |     6.297      |     0.000      |  Neg. p = 0.002   |
|      254       |       1        |     3.000      |     0.000      |     3.000      |     0.000      |  Neg. p = 0.037   |
|      255       |       1        |     5.000      |     0.000      |     3.734      |     0.000      |  Neg. p = 0.018   |
|      263       |       1        |     5.000      |     1.000      |     5.000      |     0.501      |  Neg. p = 0.018   |
|      269       |       1        |     7.000      |     3.000      |     6.689      |     1.539      |  Neg. p = 0.026   |
|      275       |       1        |     0.000      |     9.000      |     0.000      |     4.356      |  Pos. p = 0.035   |
|      276       |       1        |     0.000      |     12.000     |     0.000      |     5.370      |  Pos. p = 0.030   |
|      282       |       1        |     3.000      |     1.000      |     3.156      |     0.488      |  Neg. p = 0.097   |
|      288       |       1        |     4.000      |     0.000      |     4.778      |     0.000      |  Neg. p = 0.006   |
|      293       |       1        |     7.500      |     1.500      |     7.503      |     0.750      |  Neg. p = 0.005   |
|      296       |       1        |     3.000      |     0.000      |     4.652      |     0.000      |  Neg. p = 0.010   |
|      301       |       1        |     3.000      |     0.000      |     3.000      |     0.000      |  Neg. p = 0.037   |
|      305       |       1        |     7.000      |     1.000      |     11.009     |     0.467      |  Neg. p = 0.000   |
|      307       |       1        |     6.000      |     1.000      |     6.569      |     0.502      |  Neg. p = 0.005   |
|      308       |       1        |     2.000      |     0.000      |     3.095      |     0.000      |  Neg. p = 0.060   |
|      314       |       1        |     4.000      |     0.000      |     2.488      |     0.000      |  Neg. p = 0.083   |
|      315       |       1        |     7.000      |     1.000      |     10.129     |     0.455      |  Neg. p = 0.000   |
|      319       |       1        |     4.000      |     0.000      |     4.000      |     0.000      |  Neg. p = 0.012   |
|      321       |       1        |     5.000      |     0.000      |     3.721      |     0.000      |  Neg. p = 0.018   |
|      323       |       1        |     5.000      |     1.000      |     5.048      |     0.498      |  Neg. p = 0.017   |
|      329       |       1        |     3.000      |     0.000      |     3.369      |     0.000      |  Neg. p = 0.029   |

### Ancestor sampling analysis

>Generating 100 ancestral sequence samples to obtain confidence intervals

Resampling results for partition 1

|     Codon      |   Partition    |    S [median, IQR]    |    N [median, IQR]    |    dS [median, IQR]    |    dN [median, IQR]    |  p-value [median, IQR]  |
|:--------------:|:--------------:|:---------------------:|:---------------------:|:----------------------:|:----------------------:|:-----------------------:|
|       12       |       1        |   7.00 [7.00-7.00]    |   0.00 [0.00-0.00]    |    7.00 [7.00-7.00]    |    0.00 [0.00-0.00]    |    0.00 [0.00-0.00]     |
|       15       |       1        |   8.50 [8.50-8.66]    |   1.50 [1.50-1.50]    |    5.30 [5.30-5.39]    |    1.08 [1.08-1.08]    |    0.05 [0.05-0.05]     |
|       16       |       1        |   8.00 [8.00-8.00]    |   0.00 [0.00-0.00]    |    8.00 [8.00-8.00]    |    0.00 [0.00-0.00]    |    0.00 [0.00-0.00]     |
|       17       |       1        |  10.00 [10.00-10.16]  |   1.00 [1.00-1.00]    |  16.03 [16.03-16.29]   |    0.42 [0.42-0.42]    |    0.00 [0.00-0.00]     |
|       32       |       1        |   6.00 [6.00-6.00]    |   4.00 [4.00-4.00]    |    9.43 [9.42-9.43]    |    1.69 [1.69-1.69]    |    0.01 [0.01-0.01]     |
|       33       |       1        |   5.00 [5.00-5.00]    |   0.00 [0.00-0.00]    |    7.20 [7.20-7.20]    |    0.00 [0.00-0.00]    |    0.00 [0.00-0.00]     |
|       42       |       1        |   5.00 [5.00-5.00]    |   0.00 [0.00-0.00]    |    3.11 [3.11-3.11]    |    0.00 [0.00-0.00]    |    0.04 [0.04-0.04]     |
|       43       |       1        |   6.00 [6.00-6.16]    |   1.00 [1.00-1.00]    |    6.00 [6.00-6.16]    |    0.50 [0.50-0.50]    |    0.01 [0.01-0.01]     |
|       52       |       1        |   4.00 [4.00-4.00]    |   0.00 [0.00-0.00]    |    6.57 [6.57-6.57]    |    0.00 [0.00-0.00]    |    0.00 [0.00-0.00]     |
|       56       |       1        |   3.00 [3.00-3.00]    |   0.00 [0.00-0.00]    |    4.93 [4.93-4.93]    |    0.00 [0.00-0.00]    |    0.01 [0.01-0.01]     |
|       61       |       1        |  12.00 [12.00-13.00]  |   0.00 [0.00-0.00]    |  12.00 [12.00-13.00]   |    0.00 [0.00-0.00]    |    0.00 [0.00-0.00]     |
|       63       |       1        |   3.00 [3.00-4.00]    |   0.00 [0.00-0.00]    |    4.93 [4.93-6.57]    |    0.00 [0.00-0.00]    |    0.01 [0.00-0.01]     |
|       69       |       1        |   3.00 [3.00-3.00]    |   0.00 [0.00-0.00]    |    3.00 [3.00-3.00]    |    0.00 [0.00-0.00]    |    0.04 [0.04-0.04]     |
|       72       |       1        |   3.00 [3.00-3.00]    |   0.00 [0.00-0.00]    |    3.00 [3.00-3.00]    |    0.00 [0.00-0.00]    |    0.04 [0.04-0.04]     |
|       80       |       1        |   0.00 [0.00-0.00]    |   8.00 [8.00-8.00]    |    0.00 [0.00-0.00]    |    4.59 [4.59-4.60]    |    0.08 [0.08-0.08]     |
|       83       |       1        |   3.00 [3.00-3.00]    |   1.00 [1.00-1.00]    |    4.52 [4.52-4.52]    |    0.45 [0.45-0.45]    |    0.04 [0.04-0.04]     |
|       85       |       1        |   3.00 [3.00-3.00]    |   0.00 [0.00-0.00]    |    4.93 [4.93-4.93]    |    0.00 [0.00-0.00]    |    0.01 [0.01-0.01]     |
|       89       |       1        |   2.00 [2.00-2.16]    |   0.00 [0.00-0.00]    |    3.02 [3.02-3.25]    |    0.00 [0.00-0.00]    |    0.05 [0.05-0.05]     |
|       93       |       1        |   3.00 [3.00-4.00]    |   0.00 [0.00-0.00]    |    3.00 [3.00-4.00]    |    0.00 [0.00-0.00]    |    0.04 [0.01-0.04]     |
|       97       |       1        |   3.00 [3.00-4.00]    |   0.00 [0.00-0.00]    |    4.64 [4.64-6.19]    |    0.00 [0.00-0.00]    |    0.01 [0.00-0.01]     |
|      109       |       1        |   5.00 [5.00-5.00]    |   0.00 [0.00-0.00]    |    4.75 [4.75-4.75]    |    0.00 [0.00-0.00]    |    0.01 [0.01-0.01]     |
|      110       |       1        |   3.00 [3.00-3.00]    |   0.00 [0.00-0.00]    |    3.00 [3.00-3.00]    |    0.00 [0.00-0.00]    |    0.06 [0.06-0.06]     |
|      114       |       1        |   4.00 [4.00-5.00]    |   0.00 [0.00-0.00]    |    4.00 [4.00-5.00]    |    0.00 [0.00-0.00]    |    0.02 [0.01-0.02]     |
|      115       |       1        |   6.00 [6.00-6.00]    |   0.00 [0.00-0.00]    |    6.00 [6.00-6.00]    |    0.00 [0.00-0.00]    |    0.00 [0.00-0.00]     |
|      118       |       1        |   8.00 [8.00-8.00]    |   0.00 [0.00-0.00]    |    4.98 [4.98-4.98]    |    0.00 [0.00-0.00]    |    0.01 [0.01-0.01]     |
|      119       |       1        |   5.00 [5.00-5.00]    |   0.00 [0.00-0.00]    |    6.06 [6.06-6.06]    |    0.00 [0.00-0.00]    |    0.00 [0.00-0.00]     |
|      121       |       1        |   1.00 [1.00-1.00]    |  11.00 [11.00-11.00]  |    1.07 [1.07-1.07]    |    5.33 [5.33-5.33]    |    0.07 [0.07-0.07]     |
|      128       |       1        |   0.00 [0.00-0.00]    |   8.00 [8.00-8.00]    |    0.00 [0.00-0.00]    |    4.00 [4.00-4.00]    |    0.04 [0.04-0.04]     |
|      130       |       1        |   9.00 [9.00-9.00]    |   2.00 [2.00-2.00]    |    9.00 [9.00-9.00]    |    1.00 [1.00-1.00]    |    0.00 [0.00-0.00]     |
|      133       |       1        |   0.00 [0.00-0.00]    |  16.00 [16.00-16.16]  |    0.00 [0.00-0.00]    |    6.80 [6.80-6.87]    |    0.02 [0.02-0.02]     |
|      134       |       1        |   3.00 [3.00-4.00]    |   0.00 [0.00-0.00]    |    3.00 [3.00-4.00]    |    0.00 [0.00-0.00]    |    0.04 [0.01-0.04]     |
|      135       |       1        |   1.00 [1.00-1.00]    |  13.00 [13.00-14.00]  |    1.17 [1.17-1.17]    |    6.31 [6.31-6.80]    |    0.05 [0.04-0.05]     |
|      138       |       1        |   0.00 [0.00-0.00]    |  22.00 [22.00-22.00]  |    0.00 [0.00-0.00]    |  11.00 [11.00-11.00]   |    0.00 [0.00-0.00]     |
|      139       |       1        |   2.00 [2.00-3.00]    |   0.00 [0.00-0.00]    |    3.29 [3.29-4.93]    |    0.00 [0.00-0.00]    |    0.05 [0.01-0.05]     |
|      141       |       1        |   5.00 [5.00-5.00]    |   0.00 [0.00-0.00]    |    4.75 [4.75-4.75]    |    0.00 [0.00-0.00]    |    0.01 [0.01-0.01]     |
|      145       |       1        |   0.00 [0.00-0.00]    |  22.00 [22.00-22.00]  |    0.00 [0.00-0.00]    |    9.45 [9.45-9.45]    |    0.01 [0.01-0.01]     |
|      148       |       1        |   4.00 [4.00-4.00]    |   0.00 [0.00-0.00]    |    6.27 [6.27-6.27]    |    0.00 [0.00-0.00]    |    0.00 [0.00-0.00]     |
|      152       |       1        |   2.00 [2.00-2.00]    |   0.00 [0.00-0.00]    |    3.10 [3.09-3.10]    |    0.00 [0.00-0.00]    |    0.05 [0.05-0.05]     |
|      155       |       1        |   5.00 [5.00-5.00]    |   3.00 [3.00-3.00]    |    8.22 [8.21-8.22]    |    1.28 [1.28-1.28]    |    0.01 [0.01-0.01]     |
|      156       |       1        |   2.00 [2.00-2.00]    |  27.00 [27.00-28.00]  |    2.99 [2.98-2.99]    |  12.26 [12.26-12.72]   |    0.02 [0.02-0.02]     |
|      157       |       1        |   1.50 [1.50-1.50]    |   8.50 [8.50-8.50]    |    1.26 [1.26-1.26]    |    5.90 [5.90-5.90]    |    0.06 [0.06-0.06]     |
|      161       |       1        |   3.00 [3.00-3.00]    |   1.00 [1.00-1.00]    |    4.65 [4.65-4.65]    |    0.50 [0.50-0.50]    |    0.05 [0.05-0.05]     |
|      165       |       1        |   6.00 [6.00-6.00]    |   3.00 [3.00-3.00]    |    9.86 [9.86-9.86]    |    1.25 [1.25-1.25]    |    0.00 [0.00-0.00]     |
|      176       |       1        |   4.00 [4.00-4.00]    |   0.00 [0.00-0.00]    |    5.94 [5.94-5.94]    |    0.00 [0.00-0.00]    |    0.00 [0.00-0.00]     |
|      177       |       1        |   8.00 [8.00-8.00]    |   1.00 [1.00-1.00]    |    5.42 [5.42-5.42]    |    0.74 [0.74-0.74]    |    0.03 [0.03-0.03]     |
|      183       |       1        |   4.00 [4.00-5.00]    |   3.00 [3.00-3.00]    |    6.56 [6.56-8.19]    |    1.26 [1.26-1.26]    |    0.04 [0.01-0.04]     |
|      185       |       1        |   3.00 [3.00-3.00]    |   0.00 [0.00-0.00]    |    3.00 [3.00-3.00]    |    0.00 [0.00-0.00]    |    0.04 [0.04-0.04]     |
|      187       |       1        |   7.00 [7.00-7.00]    |   1.00 [1.00-1.00]    |    7.01 [7.01-7.01]    |    0.50 [0.50-0.50]    |    0.00 [0.00-0.00]     |
|      190       |       1        |   0.00 [0.00-0.00]    |  13.00 [13.00-13.00]  |    0.00 [0.00-0.00]    |    5.60 [5.60-5.60]    |    0.04 [0.04-0.04]     |
|      191       |       1        |   2.00 [2.00-2.00]    |   0.00 [0.00-0.00]    |    3.01 [3.01-3.01]    |    0.00 [0.00-0.00]    |    0.08 [0.08-0.08]     |
|      193       |       1        |   1.00 [1.00-1.00]    |  22.00 [22.00-22.00]  |    1.62 [1.62-1.62]    |    9.25 [9.25-9.25]    |    0.03 [0.03-0.03]     |
|      194       |       1        |   2.00 [2.00-2.00]    |  13.00 [13.00-13.00]  |    1.27 [1.27-1.27]    |    9.10 [9.10-9.10]    |    0.00 [0.00-0.00]     |
|      195       |       1        |   2.00 [2.00-2.00]    |   0.00 [0.00-0.00]    |    3.09 [3.09-3.09]    |    0.00 [0.00-0.00]    |    0.06 [0.06-0.06]     |
|      196       |       1        |   1.00 [1.00-1.00]    |  11.00 [11.00-12.00]  |    1.01 [1.01-1.01]    |    5.47 [5.47-5.97]    |    0.06 [0.04-0.06]     |
|      207       |       1        |   3.00 [3.00-4.00]    |   1.00 [1.00-1.00]    |    4.31 [4.31-5.74]    |    0.46 [0.46-0.46]    |    0.05 [0.01-0.05]     |
|      210       |       1        |   4.00 [4.00-4.00]    |   0.00 [0.00-0.00]    |    5.71 [5.71-5.71]    |    0.00 [0.00-0.00]    |    0.01 [0.01-0.01]     |
|      215       |       1        |   4.00 [4.00-4.00]    |   1.00 [1.00-1.00]    |    4.00 [4.00-4.00]    |    0.50 [0.50-0.50]    |    0.05 [0.05-0.05]     |
|      218       |       1        |   6.00 [6.00-6.00]    |   1.00 [1.00-1.00]    |    6.00 [6.00-6.00]    |    0.50 [0.50-0.50]    |    0.01 [0.01-0.01]     |
|      221       |       1        |   3.00 [3.00-3.00]    |   0.00 [0.00-0.00]    |    3.00 [3.00-3.00]    |    0.00 [0.00-0.00]    |    0.04 [0.04-0.04]     |
|      224       |       1        |   4.00 [4.00-5.00]    |   0.00 [0.00-0.00]    |    3.81 [3.81-4.76]    |    0.00 [0.00-0.00]    |    0.02 [0.01-0.02]     |
|      225       |       1        |   7.00 [7.00-7.00]    |   1.00 [1.00-1.00]    |    7.00 [7.00-7.00]    |    0.50 [0.50-0.50]    |    0.00 [0.00-0.00]     |
|      226       |       1        |   2.50 [2.50-2.50]    |  44.50 [44.50-45.50]  |    2.04 [2.04-2.04]    |  26.62 [26.62-27.22]   |    0.00 [0.00-0.00]     |
|      227       |       1        |   8.00 [8.00-8.00]    |   1.00 [1.00-1.00]    |    8.01 [8.01-8.01]    |    0.50 [0.50-0.50]    |    0.00 [0.00-0.00]     |
|      228       |       1        |   5.00 [5.00-5.00]    |   1.00 [1.00-1.00]    |    7.85 [7.85-7.85]    |    0.42 [0.42-0.42]    |    0.00 [0.00-0.00]     |
|      231       |       1        |   3.00 [3.00-3.00]    |   1.00 [1.00-1.00]    |    4.91 [4.91-4.91]    |    0.42 [0.42-0.42]    |    0.03 [0.03-0.03]     |
|      239       |       1        |   5.00 [5.00-5.00]    |   0.00 [0.00-0.00]    |    5.00 [5.00-5.00]    |    0.00 [0.00-0.00]    |    0.00 [0.00-0.00]     |
|      243       |       1        |   3.00 [3.00-3.00]    |   0.00 [0.00-0.00]    |    2.66 [2.66-2.66]    |    0.00 [0.00-0.00]    |    0.05 [0.05-0.05]     |
|      244       |       1        |   7.00 [7.00-7.00]    |   0.00 [0.00-0.00]    |    4.79 [4.79-4.79]    |    0.00 [0.00-0.00]    |    0.01 [0.01-0.01]     |
|      245       |       1        |   2.00 [2.00-2.00]    |   0.00 [0.00-0.00]    |    2.42 [2.42-2.42]    |    0.00 [0.00-0.00]    |    0.08 [0.08-0.08]     |
|      249       |       1        |   5.00 [5.00-5.00]    |   0.00 [0.00-0.00]    |    5.00 [5.00-5.00]    |    0.00 [0.00-0.00]    |    0.00 [0.00-0.00]     |
|      250       |       1        |   4.00 [4.00-4.00]    |   0.00 [0.00-0.00]    |    6.30 [6.30-6.30]    |    0.00 [0.00-0.00]    |    0.00 [0.00-0.00]     |
|      254       |       1        |   3.00 [3.00-3.16]    |   0.00 [0.00-0.00]    |    3.00 [3.00-3.16]    |    0.00 [0.00-0.00]    |    0.04 [0.03-0.04]     |
|      255       |       1        |   5.00 [5.00-6.00]    |   0.00 [0.00-0.00]    |    3.73 [3.73-4.48]    |    0.00 [0.00-0.00]    |    0.02 [0.01-0.02]     |
|      263       |       1        |   5.00 [5.00-5.00]    |   1.00 [1.00-1.00]    |    5.00 [5.00-5.00]    |    0.50 [0.50-0.50]    |    0.02 [0.02-0.02]     |
|      269       |       1        |   7.00 [7.00-7.00]    |   3.00 [3.00-3.00]    |    6.69 [6.68-6.69]    |    1.54 [1.54-1.54]    |    0.03 [0.03-0.03]     |
|      275       |       1        |   0.00 [0.00-0.00]    |   9.00 [9.00-9.00]    |    0.00 [0.00-0.00]    |    4.36 [4.36-4.36]    |    0.03 [0.03-0.03]     |
|      276       |       1        |   0.00 [0.00-0.00]    |  12.00 [12.00-12.00]  |    0.00 [0.00-0.00]    |    5.37 [5.37-5.37]    |    0.03 [0.03-0.03]     |
|      282       |       1        |   3.00 [3.00-3.00]    |   1.00 [1.00-1.00]    |    3.16 [3.16-3.16]    |    0.49 [0.49-0.49]    |    0.10 [0.10-0.10]     |
|      288       |       1        |   4.00 [4.00-4.00]    |   0.00 [0.00-0.00]    |    4.78 [4.78-4.78]    |    0.00 [0.00-0.00]    |    0.01 [0.01-0.01]     |
|      293       |       1        |   7.50 [7.50-7.50]    |   1.50 [1.50-1.50]    |    7.50 [7.50-7.50]    |    0.75 [0.75-0.75]    |    0.00 [0.00-0.00]     |
|      296       |       1        |   3.00 [3.00-4.00]    |   0.00 [0.00-0.00]    |    4.65 [4.65-6.20]    |    0.00 [0.00-0.00]    |    0.01 [0.00-0.01]     |
|      301       |       1        |   3.00 [3.00-3.00]    |   0.00 [0.00-0.00]    |    3.00 [3.00-3.00]    |    0.00 [0.00-0.00]    |    0.04 [0.04-0.04]     |
|      305       |       1        |   7.00 [7.00-7.00]    |   1.00 [1.00-1.00]    |  11.01 [11.01-11.01]   |    0.47 [0.47-0.47]    |    0.00 [0.00-0.00]     |
|      307       |       1        |   6.00 [6.00-6.16]    |   1.00 [1.00-1.00]    |    6.57 [6.57-6.74]    |    0.50 [0.50-0.50]    |    0.00 [0.00-0.00]     |
|      308       |       1        |   2.00 [2.00-2.00]    |   0.00 [0.00-0.00]    |    3.09 [3.09-3.09]    |    0.00 [0.00-0.00]    |    0.06 [0.06-0.06]     |
|      314       |       1        |   4.00 [4.00-4.00]    |   0.00 [0.00-0.00]    |    2.49 [2.49-2.49]    |    0.00 [0.00-0.00]    |    0.08 [0.08-0.08]     |
|      315       |       1        |   7.00 [7.00-7.16]    |   1.00 [1.00-1.00]    |  10.13 [10.13-10.36]   |    0.45 [0.45-0.45]    |    0.00 [0.00-0.00]     |
|      319       |       1        |   4.00 [4.00-4.16]    |   0.00 [0.00-0.00]    |    4.00 [4.00-4.16]    |    0.00 [0.00-0.00]    |    0.01 [0.01-0.01]     |
|      321       |       1        |   5.00 [5.00-5.00]    |   0.00 [0.00-0.00]    |    3.72 [3.72-3.72]    |    0.00 [0.00-0.00]    |    0.02 [0.02-0.02]     |
|      323       |       1        |   5.00 [5.00-5.00]    |   1.00 [1.00-1.00]    |    5.05 [5.05-5.05]    |    0.50 [0.50-0.50]    |    0.02 [0.02-0.02]     |
|      329       |       1        |   3.00 [3.00-3.00]    |   0.00 [0.00-0.00]    |    3.37 [3.37-3.37]    |    0.00 [0.00-0.00]    |    0.03 [0.03-0.03]     |
