
Analysis Description
--------------------
Examine whether or not a codon alignment is better fit by models which
permit multiple instantaneous substitutions. v0.2 adds a separate rate
for codon-island triple-hit rates

- __Requirements__: in-frame codon alignment and a phylogenetic tree

- __Citation__: Submitted; preprint at hyphy.org/resources/fmm.pdf

- __Written by__: Sergei L Kosakovsky Pond, Sadie Wisotsky and Alexander Lucaci

- __Contact Information__: spond@temple.edu

- __Analysis Version__: 1.0


>code => Universal
>Loaded a multiple sequence alignment with **349** sequences, **329** codons, and **1** partitions from `/Users/alex/Documents/selection-tutorial/data/21-empirical/InfluenzaA.nex`
The number of omega rate classes to include in the model (permissible range = [1,10], default value = 3, integer): 
>rates => 3

>triple-islands => No


### Obtaining branch lengths and nucleotide substitution biases under the nucleotide GTR model

>kill-zero-lengths => Yes

### Deleted 153 zero-length internal branches: `Node1, Node104, Node105, Node106, Node109, Node11, Node120, Node14, Node143, Node144, Node148, Node15, Node162, Node163, Node17, Node178, Node186, Node19, Node195, Node196, Node199, Node2, Node208, Node212, Node221, Node222, Node225, Node226, Node23, Node234, Node238, Node239, Node24, Node253, Node26, Node264, Node265, Node267, Node269, Node28, Node288, Node291, Node293, Node3, Node302, Node304, Node308, Node309, Node311, Node320, Node325, Node329, Node330, Node336, Node337, Node341, Node342, Node343, Node344, Node345, Node355, Node356, Node359, Node361, Node375, Node376, Node377, Node378, Node379, Node381, Node382, Node383, Node384, Node385, Node386, Node392, Node4, Node405, Node406, Node408, Node420, Node424, Node429, Node430, Node440, Node441, Node455, Node458, Node463, Node464, Node465, Node472, Node473, Node474, Node475, Node476, Node477, Node479, Node49, Node496, Node5, Node503, Node505, Node509, Node510, Node511, Node512, Node52, Node521, Node522, Node523, Node524, Node537, Node549, Node55, Node550, Node552, Node557, Node558, Node559, Node56, Node560, Node562, Node57, Node573, Node577, Node582, Node587, Node588, Node589, Node59, Node6, Node604, Node608, Node610, Node611, Node62, Node624, Node627, Node640, Node645, Node665, Node670, Node673, Node676, Node690, Node74, Node77, Node79, Node81, Node82, Node92, Node98`
* Log(L) = -11563.07, AIC-c = 24535.01 (703 estimated parameters)
* 1 partition. Total tree length by partition (subs/site)  1.406

### Obtaining the global omega estimate based on relative GTR branch lengths and nucleotide substitution biases
* Log(L) = -11405.74, AIC-c = 23930.93 (557 estimated parameters)
* 1 partition. Total tree length by partition (subs/site)  1.409
* non-synonymous/synonymous rate ratio for *test* =   0.4890

### Fitting Standard MG94
* Log(L) = -10909.04, AIC-c = 22947.62 (562 estimated parameters)
* non-synonymous/synonymous rate ratio =   0.4746
* The following relative rate distribution (mean 1) for site-to-site **non-synonymous** rate variation was inferred

|               Rate                | Proportion, % |               Notes               |
|-----------------------------------|---------------|-----------------------------------|
|               0.204               |    72.066     |                                   |
|               1.967               |    22.817     |                                   |
|               7.907               |     5.117     |                                   |


### Fitting MG94 with double instantaneous substitutions
* Log(L) = -10893.07, AIC-c = 22917.70 (563 estimated parameters)
* non-synonymous/synonymous rate ratio =   0.4612
* rate at which 2 nucleotides are changed instantly within a single codon =   0.0601
* The following relative rate distribution (mean 1) for site-to-site **non-synonymous** rate variation was inferred

|               Rate                | Proportion, % |               Notes               |
|-----------------------------------|---------------|-----------------------------------|
|               0.212               |    72.775     |                                   |
|               2.071               |    22.518     |                                   |
|               8.065               |     4.707     |                                   |


### Fitting MG94 with double and triple instantaneous substitutions
* Log(L) = -10893.02, AIC-c = 22919.61 (564 estimated parameters)
* non-synonymous/synonymous rate ratio =   0.4590
* rate at which 2 nucleotides are changed instantly within a single codon =   0.0596
* rate at which 3 nucleotides are changed instantly within a single codon =   0.0093
* rate at which 3 nucleotides are changed instantly within a single codon between synonymous codon islands =   0.0093
* The following relative rate distribution (mean 1) for site-to-site **non-synonymous** rate variation was inferred

|               Rate                | Proportion, % |               Notes               |
|-----------------------------------|---------------|-----------------------------------|
|               0.216               |    73.245     |                                   |
|               2.141               |    22.389     |                                   |
|               8.308               |     4.366     |                                   |


### Summary of rate estimates and significance testing
|                Model                 |   Log-L    |   omega    | 2-hit rate |              p-value               | 3-hit rate |              p-value               |
|:------------------------------------:|:----------:|:----------:|:----------:|:----------------------------------:|:----------:|:----------------------------------:|
|            Standard MG94             |-10909.04...|    0.4746  |    N/A     |                N/A                 |    N/A     |                N/A                 |
|        Standard MG94 + 2 hits        |-10893.07...|    0.4612  |    0.0601  |       0.0000 (2-hit rate = 0)      |    N/A     |                N/A                 |
|     Standard MG94 + 2 or 3 hits      |-10893.02...|    0.4590  |    0.0596  |      0.0000 (2&3-hit rates = 0)    |    0.0093  |      0.7415 (3-hit rate(s) = 0)    |

### No individual sites showed sufficiently strong preference for multiple-hit models

### Writing detailed analysis report to `/Users/alex/Documents/selection-tutorial/results/session1_gene_wide/InfluenzaA_fitmultimodelmh.json'
