
Analysis Description
--------------------
FEL (Fixed Effects Likelihood) estimates site-wise synonymous (&alpha;)
and non-synonymous (&beta;) rates, and uses a likelihood ratio test to
determine if beta &neq; alpha at a site. The estimates aggregate
information over all branches, so the signal is derived from pervasive
diversification or conservation. A subset of branches can be selected
for testing as well, in which case an additional (nuisance) parameter
will be inferred -- the non-synonymous rate on branches NOT selected for
testing. Multiple partitions within a NEXUS file are also supported for
recombination - aware analysis. Version 2.5 adds MH support. Version 2.6
adds substitution mapping. 

- __Requirements__: in-frame codon alignment and a phylogenetic tree

- __Citation__: Not So Different After All: A Comparison of Methods for Detecting Amino
Acid Sites Under Selection (2005). _Mol Biol Evol_ 22 (5): 1208-1222

- __Written by__: Sergei L Kosakovsky Pond and Simon DW Frost

- __Contact Information__: spond@temple.edu

- __Analysis Version__: 2.6


>code => Universal
>Loaded a multiple sequence alignment with **25** sequences, **134** codons, and **1** partitions from `/Users/alex/Documents/selection-tutorial/data/21-empirical/lysin.nex`

>branches => All

>srv => Yes

>multiple-hits => None

>Select the p-value threshold to use when testing for selection (permissible range = [0,1], default value = 0.1): 
>pvalue => 0.1

>ci => No
Only analyze sites whose 1-based indices match the following list (null to skip) : 
>limit-to-sites => null
For sites whose 1-based indices match the following list, write out likelihood function snapshots (null string to skip) : 
>save-lf-for-sites => null

>[Advanced setting, will result in MUCH SLOWER run time] Perform parametric bootstrap resampling to derive site-level null LRT distributions up to this many replicates per site. Recommended use for small to medium (<30 sequences) datasets (permissible range = [0,1000], default value = 50, integer): 
>resample => 0


### Branches to include in the FEL analysis
Selected 47 branches to include in FEL calculations: `FULGENS, KAMTSCHATKANA, RUFESCENS, SORENSENI, WALALLENSIS, NODE9, NODE7, NODE5, SIEBOLDII, DISCUS_HANNAI, GIGANTEA, NODE14, NODE12, NODE4, CORRUGATA, CRACHERODII, NODE17, NODE3, NODE1, IRIS, PUSTULATA, COCCINEA, TUBERCULATA, NODE24, NODE22, AUSTRALIS, MIDAE, ROEI, SCALARIS, LAEVIGATA, NODE35, NODE33, CYCLOBATES, RUBRA, CONICOPORA, NODE40, NODE38, NODE32, NODE30, OVINA, VARIA, NODE44, DIVERSICOLOR, NODE43, NODE29, NODE27, NODE21`

>precision => standard


### Obtaining branch lengths and nucleotide substitution biases under the nucleotide GTR model

>kill-zero-lengths => Yes
* Log(L) = -4592.89, AIC-c =  9296.39 (55 estimated parameters)
* 1 partition. Total tree length by partition (subs/site)  2.507

### Obtaining the global omega estimate based on relative GTR branch lengths and nucleotide substitution biases
* Log(L) = -4542.21, AIC-c =  9210.80 (62 estimated parameters)
* 1 partition. Total tree length by partition (subs/site)  2.546
* non-synonymous/synonymous rate ratio for *test* =   0.9328

>full-model => Yes

### Improving branch lengths, nucleotide substitution biases, and global dN/dS ratios under a full codon model
* Log(L) = -4542.07, AIC-c =  9210.52 (62 estimated parameters)
* 1 partition. Total tree length by partition (subs/site)  2.545
* non-synonymous/synonymous rate ratio for *test* =   0.9338

### For partition 1 these sites are significant at p <=0.1

|     Codon      |   Partition    |     alpha      |      beta      |      LRT       |Selection detected?|
|:--------------:|:--------------:|:--------------:|:--------------:|:--------------:|:-----------------:|
|       3        |       1        |      441.000   |        1.222   |        4.495   |  Neg. p = 0.0340  |
|       4        |       1        |        1.288   |        4.885   |        2.713   |  Pos. p = 0.0995  |
|       12       |       1        |        0.812   |        2.771   |        2.739   |  Pos. p = 0.0979  |
|       28       |       1        |        7.905   |        0.145   |       14.346   |  Neg. p = 0.0002  |
|       31       |       1        |        0.811   |        0.000   |        3.856   |  Neg. p = 0.0496  |
|       36       |       1        |        0.186   |        2.695   |        5.818   |  Pos. p = 0.0159  |
|       39       |       1        |        0.680   |        0.000   |        4.318   |  Neg. p = 0.0377  |
|       40       |       1        |        0.000   |        1.991   |        3.430   |  Pos. p = 0.0640  |
|       41       |       1        |        0.136   |        2.350   |        3.111   |  Pos. p = 0.0778  |
|       42       |       1        |        2.882   |        0.587   |        3.460   |  Neg. p = 0.0629  |
|       43       |       1        |        4.431   |        0.743   |        5.368   |  Neg. p = 0.0205  |
|       44       |       1        |        0.010   |        2.426   |        7.683   |  Pos. p = 0.0056  |
|       45       |       1        |        0.000   |        1.632   |        4.323   |  Pos. p = 0.0376  |
|       47       |       1        |        0.000   |        1.244   |        3.160   |  Pos. p = 0.0755  |
|       52       |       1        |        2.504   |        0.000   |        8.231   |  Neg. p = 0.0041  |
|       54       |       1        |        3.179   |        0.000   |       10.185   |  Neg. p = 0.0014  |
|       55       |       1        |        0.875   |        0.000   |        5.183   |  Neg. p = 0.0228  |
|       56       |       1        |        0.511   |        0.000   |        2.903   |  Neg. p = 0.0884  |
|       57       |       1        |        2.561   |        0.202   |        4.229   |  Neg. p = 0.0397  |
|       59       |       1        |        0.820   |        0.000   |        3.701   |  Neg. p = 0.0544  |
|       60       |       1        |        0.456   |        0.000   |        2.775   |  Neg. p = 0.0958  |
|       64       |       1        |        7.088   |        2.213   |        3.240   |  Neg. p = 0.0718  |
|       75       |       1        |        0.000   |        1.765   |        6.365   |  Pos. p = 0.0116  |
|       77       |       1        |        2.455   |        0.000   |       12.725   |  Neg. p = 0.0004  |
|       78       |       1        |        1.016   |        0.000   |        5.635   |  Neg. p = 0.0176  |
|       84       |       1        |        0.983   |        0.000   |        4.308   |  Neg. p = 0.0379  |
|       87       |       1        |        0.010   |        5.000   |        7.408   |  Pos. p = 0.0065  |
|       92       |       1        |        2.946   |        0.000   |       13.105   |  Neg. p = 0.0003  |
|       95       |       1        |        0.526   |        0.000   |        2.913   |  Neg. p = 0.0879  |
|       99       |       1        |        0.000   |        1.091   |        2.768   |  Pos. p = 0.0962  |
|      102       |       1        |        2.158   |        0.000   |        7.250   |  Neg. p = 0.0071  |
|      106       |       1        |        0.000   |        1.941   |        7.424   |  Pos. p = 0.0064  |
|      112       |       1        |        1.115   |        0.000   |        7.692   |  Neg. p = 0.0055  |
|      113       |       1        |        0.009   |        3.022   |        2.836   |  Pos. p = 0.0921  |
|      117       |       1        |        3.373   |        0.213   |        6.773   |  Neg. p = 0.0093  |
|      123       |       1        |        0.000   |        1.475   |        4.473   |  Pos. p = 0.0344  |
|      126       |       1        |        0.366   |        2.482   |        4.435   |  Pos. p = 0.0352  |
|      127       |       1        |        0.000   |        1.876   |        4.333   |  Pos. p = 0.0374  |
|      131       |       1        |        0.000   |        1.395   |        4.303   |  Pos. p = 0.0380  |

### ** Found _17_ sites under pervasive positive diversifying and _22_ sites under negative selection at p <= 0.1**
