
Analysis Description
--------------------
BUSTED (branch-site unrestricted statistical test of episodic
diversification) uses a random effects branch-site model fitted jointly
to all or a subset of tree branches in order to test for alignment-wide
evidence of episodic diversifying selection. Assuming there is evidence
of positive selection (i.e. there is an omega > 1), BUSTED will also
perform a quick evidence-ratio style analysis to explore which
individual sites may have been subject to selection. Version 2.0 adds
support for synonymous rate variation, and relaxes the test statistic to
0.5 (chi^2_0 + chi^2_2). Version 2.1 adds a grid search for the initial
starting point. Version 2.2 changes the grid search to LHC, and adds an
initial search phase to use adaptive Nedler-Mead. Version 3.0 implements
the option for branch-site variation in synonymous substitution rates.
Version 3.1 adds HMM auto-correlation option for SRV, and binds SRV
distributions for multiple branch sets. Version 4.0 adds support for
multiple hits (MH), ancestral state reconstruction saved to JSON, and
profiling of branch-site level support for selection / multiple hits.
Version 4.2 adds calculation of MH-attributable fractions of
substitutions. Version 4.5 adds an 'error absorption' component. Version
4.6 adds support for MSS-type models. Version 4.7 adds user configurable
options for the error class. 

- __Requirements__: in-frame codon alignment and a phylogenetic tree (optionally annotated
with {})

- __Citation__: *Gene-wide identification of episodic selection*, Mol Biol Evol.
32(5):1365-71, *Synonymous Site-to-Site Substitution Rate Variation
Dramatically Inflates False Positive Rates of Selection Analyses: Ignore
at Your Own Peril*, Mol Biol Evol. 37(8):2430-2439

- __Written by__: Sergei L Kosakovsky Pond

- __Contact Information__: spond@temple.edu

- __Analysis Version__: 4.7


>code => Universal
>Loaded a multiple sequence alignment with **25** sequences, **134** codons, and **1** partitions from `/Users/alex/Documents/selection-tutorial/data/21-empirical/lysin.nex`

>branches => All

>srv => Yes
The number omega rate classes to include in the model (permissible range = [1,10], default value = 3, integer): 
>rates => 3

>multiple-hits => Double+Triple

>mss => No
The number alpha rate classes to include in the model [1-10, default 3] (permissible range = [1,10], default value = 3, integer): 
>syn-rates => 3

>error-sink => No
The number of points in the initial distributional guess for likelihood fitting (permissible range = [1,10000], default value = 250, integer): 
>grid-size => 250
The number of initial random guesses to 'seed' rate values optimization (permissible range = [1,25], default value = 1, integer): 
>starting-points => 1


### Branches to test for selection in the BUSTED analysis
* Selected 47 branches to test in the BUSTED analysis: `FULGENS, KAMTSCHATKANA, RUFESCENS, SORENSENI, WALALLENSIS, NODE9, NODE7, NODE5, SIEBOLDII, DISCUS_HANNAI, GIGANTEA, NODE14, NODE12, NODE4, CORRUGATA, CRACHERODII, NODE17, NODE3, NODE1, IRIS, PUSTULATA, COCCINEA, TUBERCULATA, NODE24, NODE22, AUSTRALIS, MIDAE, ROEI, SCALARIS, LAEVIGATA, NODE35, NODE33, CYCLOBATES, RUBRA, CONICOPORA, NODE40, NODE38, NODE32, NODE30, OVINA, VARIA, NODE44, DIVERSICOLOR, NODE43, NODE29, NODE27, NODE21`


### Obtaining branch lengths and nucleotide substitution biases under the nucleotide GTR model

>kill-zero-lengths => Yes
* Log(L) = -4592.89, AIC-c =  9296.39 (55 estimated parameters)
* 1 partition. Total tree length by partition (subs/site)  2.507

### Obtaining the global omega estimate based on relative GTR branch lengths and nucleotide substitution biases
* Log(L) = -4542.21, AIC-c =  9210.80 (62 estimated parameters)
* 1 partition. Total tree length by partition (subs/site)  2.546
* non-synonymous/synonymous rate ratio for *test* =   0.9328

### Improving branch lengths, nucleotide substitution biases, and global dN/dS ratios under a full codon model
* Log(L) = -4542.07, AIC-c =  9210.52 (62 estimated parameters)
* non-synonymous/synonymous rate ratio for *test* =   0.9296

### Performing the full (dN/dS > 1 allowed) branch-site model fit
* Log(L) = -4309.66, AIC-c =  8768.62 (73 estimated parameters)
* For *test* branches, the following rate distribution for branch-site combinations was inferred


### Partition-level rates for multiple-hit substitutions
* rate at which 2 nucleotides are changed instantly within a single codon :   0.0570
* Corresponding fraction of substitutions :  2.726%
* rate at which 3 nucleotides are changed instantly within a single codon :   0.0000
* Corresponding fraction of substitutions :  0.000%

|          Selection mode           |     dN/dS     |Proportion, %|               Notes               |
|-----------------------------------|---------------|-------------|-----------------------------------|
|        Negative selection         |     0.000     |   41.083    |                                   |
|         Neutral evolution         |     1.000     |   47.977    |                                   |
|      Diversifying selection       |     9.903     |   10.939    |                                   |

* The following rate distribution for site-to-site **synonymous** rate variation was inferred

|               Rate                | Proportion, % |               Notes               |
|-----------------------------------|---------------|-----------------------------------|
|               0.190               |    38.346     |                                   |
|               1.214               |    50.490     |                                   |
|               2.812               |    11.164     |                                   |


### Performing the constrained (dN/dS > 1 not allowed) model fit
* Log(L) = -4321.22, AIC-c =  8789.64 (72 estimated parameters)
* For *test* branches under the null (no dN/dS > 1 model), the following rate distribution for branch-site combinations was inferred

### Partition-level rates for multiple-hit substitutions
* rate at which 2 nucleotides are changed instantly within a single codon :   0.3700
* Corresponding fraction of substitutions : 13.789%
* rate at which 3 nucleotides are changed instantly within a single codon :   0.2251
* Corresponding fraction of substitutions :  1.315%

|          Selection mode           |     dN/dS     |Proportion, %|               Notes               |
|-----------------------------------|---------------|-------------|-----------------------------------|
|        Negative selection         |     0.000     |   24.011    |                                   |
|         Neutral evolution         |     1.000     |   61.980    |                                   |
|         Neutral evolution         |     1.000     |   14.009    |       Collapsed rate class        |

* The following rate distribution for site-to-site **synonymous** rate variation was inferred

|               Rate                | Proportion, % |               Notes               |
|-----------------------------------|---------------|-----------------------------------|
|               0.244               |    38.941     |                                   |
|               1.206               |    48.736     |                                   |
|               2.575               |    12.323     |                                   |

----
## Branch-site unrestricted statistical test of episodic diversification [BUSTED]
Likelihood ratio test for episodic diversifying positive selection, **p =   0.0000**.
