
Analysis Description
--------------------
MEME (Mixed Effects Model of Evolution) estimates a site-wise synonymous
(&alpha;) and a two-category mixture of non-synonymous (&beta;-, with
proportion p-, and &beta;+ with proportion [1-p-]) rates, and uses a
likelihood ratio test to determine if &beta;+ > &alpha; at a site. The
estimates aggregate information over a proportion of branches at a site,
so the signal is derived from episodic diversification, which is a
combination of strength of selection [effect size] and the proportion of
the tree affected. A subset of branches can be selected for testing as
well, in which case an additional (nuisance) parameter will be inferred
-- the non-synonymous rate on branches NOT selected for testing.
Multiple partitions within a NEXUS file are also supported for
recombination - aware analysis. Version 3.0 adds a different format for
ancestral state reconstruction, branch-site posterior storage, and
site-level heterogeneity testing. Version 4 adds support for multiple
hits and more than 2 rate classes on omega, as well as site-level
imputation option. Version 4.1 fixes bugs with EBF computation for > 2
more rates and MH reporting. 

- __Requirements__: in-frame codon alignment and a phylogenetic tree

- __Citation__: Detecting Individual Sites Subject to Episodic Diversifying Selection.
_PLoS Genet_ 8(7): e1002764.

- __Written by__: Sergei L. Kosakovsky Pond, Steven Weaver

- __Contact Information__: spond@temple.edu

- __Analysis Version__: 4.1


>code => Universal
>Loaded a multiple sequence alignment with **19** sequences, **130** codons, and **1** partitions from `/Users/alex/Documents/selection-tutorial/data/21-empirical/lysozyme.nex`

>branches => All

>Select the p-value threshold to use when testing for selection (permissible range = [0,1], default value = 0.1): 
>pvalue => 0.1

>[Advanced setting, will result in MUCH SLOWER run time] Perform parametric bootstrap resampling to derive site-level null LRT distributions up to this many replicates per site. Recommended use for small to medium (<30 sequences) datasets (permissible range = [0,1000], default value = 50, integer): 
>resample => 0
The number omega rate classes to include in the model [2 is the strongly recommended default] (permissible range = [2,4], default value = 2, integer): 
>rates => 2

>multiple-hits => None

>impute-states => No

>precision => standard


### Branches to include in the MEME analysis
Selected 33 branches to include in the MEME analysis: `LANGUR_SEN_SVE, LANGUR_TOB_TFR, DOUC_LANGUR_PNE, Node4, PROBISCIS_NLA, Node3, COLOBUS_CGU_CAN, Node2, BABOON_PCY, MANGABEY_CAT, Node12, RHESUS_MMU, Node11, ALLEN_ANI, TALAPOIN_MTA, PATAS_EPA, VERVET_CAE, Node19, Node17, Node10, Node1, HUMAN, CHIMP_BONOBO_GORILLA, Node24, ORANGUTAN_PPY, Node23, GIBBON_GGO, Node22, SQUIRREL_M, TAMARIN_SOE, MARMOSET_CJA, Node31, Node29`


### Obtaining branch lengths and nucleotide substitution biases under the nucleotide GTR model

>kill-zero-lengths => Yes

### Deleted 3 zero-length internal branches: `Node11, Node12, Node31`
* Log(L) = -1057.87, AIC-c =  2198.20 (41 estimated parameters)
* 1 partition. Total tree length by partition (subs/site)  0.226

### Obtaining the global omega estimate based on relative GTR branch lengths and nucleotide substitution biases
* Log(L) = -1034.35, AIC-c =  2160.41 (45 estimated parameters)
* 1 partition. Total tree length by partition (subs/site)  0.229
* non-synonymous/synonymous rate ratio for *test* =   0.5943

>full-model => Yes
Only analyze sites whose 1-based indices match the following list (null to skip) : 
>limit-to-sites => null
For sites whose 1-based indices match the following list, write out likelihood function snapshots (null string to skip) : 
>save-lf-for-sites => null

### Improving branch lengths, nucleotide substitution biases, and global dN/dS ratios under a full codon model
* Log(L) = -1033.77
* Log(L) = -1033.77, AIC-c =  2159.25 (45 estimated parameters)
* 1 partition. Total tree length by partition (subs/site)  0.230
* non-synonymous/synonymous rate ratio for *test* =   0.5347

### ** Found _0_ sites under episodic diversifying positive selection at p <= 0.1**
