
Analysis Description
--------------------
BUSTED (branch-site unrestricted statistical test of episodic
diversification) uses a random effects branch-site model fitted jointly
to all or a subset of tree branches in order to test for alignment-wide
evidence of episodic diversifying selection. Assuming there is evidence
of positive selection (i.e. there is an omega > 1), BUSTED will also
perform a quick evidence-ratio style analysis to explore which
individual sites may have been subject to selection. Version 2.0 adds
support for synonymous rate variation, and relaxes the test statistic to
0.5 (chi^2_0 + chi^2_2). Version 2.1 adds a grid search for the initial
starting point. Version 2.2 changes the grid search to LHC, and adds an
initial search phase to use adaptive Nedler-Mead. Version 3.0 implements
the option for branch-site variation in synonymous substitution rates.
Version 3.1 adds HMM auto-correlation option for SRV, and binds SRV
distributions for multiple branch sets. Version 4.0 adds support for
multiple hits (MH), ancestral state reconstruction saved to JSON, and
profiling of branch-site level support for selection / multiple hits.
Version 4.2 adds calculation of MH-attributable fractions of
substitutions. Version 4.5 adds an 'error absorption' component. Version
4.6 adds support for MSS-type models. Version 4.7 adds user configurable
options for the error class. 

- __Requirements__: in-frame codon alignment and a phylogenetic tree (optionally annotated
with {})

- __Citation__: *Gene-wide identification of episodic selection*, Mol Biol Evol.
32(5):1365-71, *Synonymous Site-to-Site Substitution Rate Variation
Dramatically Inflates False Positive Rates of Selection Analyses: Ignore
at Your Own Peril*, Mol Biol Evol. 37(8):2430-2439

- __Written by__: Sergei L Kosakovsky Pond

- __Contact Information__: spond@temple.edu

- __Analysis Version__: 4.7


>code => Vertebrate-mtDNA
>Loaded a multiple sequence alignment with **20** sequences, **3331** codons, and **1** partitions from `/Users/alex/Documents/selection-tutorial/data/21-empirical/mammalian_mtDNA.mtnex`

>branches => All

>srv => Yes
The number omega rate classes to include in the model (permissible range = [1,10], default value = 3, integer): 
>rates => 3

>multiple-hits => Double+Triple

>mss => No
The number alpha rate classes to include in the model [1-10, default 3] (permissible range = [1,10], default value = 3, integer): 
>syn-rates => 3

>error-sink => No
The number of points in the initial distributional guess for likelihood fitting (permissible range = [1,10000], default value = 250, integer): 
>grid-size => 250
The number of initial random guesses to 'seed' rate values optimization (permissible range = [1,25], default value = 1, integer): 
>starting-points => 1


### Branches to test for selection in the BUSTED analysis
* Selected 37 branches to test in the BUSTED analysis: `H_SAPIENS, CHIMPANZEE, BONOBO, Node8, Node6, GORILLA, Node5, BORNEAN_ORANGUTAN, SUMATRAN_ORANGUTAN, Node12, Node4, GIBBON, Node3, HARBOR_SEAL, GREY_SEAL, Node19, CAT, Node18, HORSE, RHINOCEROS, Node23, Node17, COW, FIN_WHALE, BLUE_WHALE, Node28, Node26, Node16, Node2, RAT, MOUSE, Node31, Node1, WALLAROO, OPOSSUM, Node34, PLATYPUS`


### Obtaining branch lengths and nucleotide substitution biases under the nucleotide GTR model

>kill-zero-lengths => Yes
* Log(L) = -106918.75, AIC-c = 213927.53 (45 estimated parameters)
* 1 partition. Total tree length by partition (subs/site)  2.541

### Obtaining the global omega estimate based on relative GTR branch lengths and nucleotide substitution biases
* Log(L) = -93221.96, AIC-c = 186548.00 (52 estimated parameters)
* 1 partition. Total tree length by partition (subs/site)  3.747
* non-synonymous/synonymous rate ratio for *test* =   0.0737

### Improving branch lengths, nucleotide substitution biases, and global dN/dS ratios under a full codon model
* Log(L) = -91751.61, AIC-c = 183607.30 (52 estimated parameters)
* non-synonymous/synonymous rate ratio for *test* =   0.0457

### Performing the full (dN/dS > 1 allowed) branch-site model fit
* Log(L) = -89837.43, AIC-c = 179800.97 (63 estimated parameters)
* For *test* branches, the following rate distribution for branch-site combinations was inferred


### Partition-level rates for multiple-hit substitutions
* rate at which 2 nucleotides are changed instantly within a single codon :   0.3041
* Corresponding fraction of substitutions :  1.127%
* rate at which 3 nucleotides are changed instantly within a single codon :   0.0000
* Corresponding fraction of substitutions :  0.000%

|          Selection mode           |     dN/dS     |Proportion, %|               Notes               |
|-----------------------------------|---------------|-------------|-----------------------------------|
|        Negative selection         |     0.007     |   67.950    |                                   |
|        Negative selection         |     0.053     |   31.517    |                                   |
|      Diversifying selection       |     1.818     |    0.533    |                                   |

* The following rate distribution for site-to-site **synonymous** rate variation was inferred

|               Rate                | Proportion, % |               Notes               |
|-----------------------------------|---------------|-----------------------------------|
|               0.339               |    42.206     |                                   |
|               0.809               |    47.094     |                                   |
|               4.449               |    10.700     |                                   |


### Performing the constrained (dN/dS > 1 not allowed) model fit
* Log(L) = -89838.58, AIC-c = 179801.27 (62 estimated parameters)
* For *test* branches under the null (no dN/dS > 1 model), the following rate distribution for branch-site combinations was inferred

### Partition-level rates for multiple-hit substitutions
* rate at which 2 nucleotides are changed instantly within a single codon :   0.3283
* Corresponding fraction of substitutions :  1.152%
* rate at which 3 nucleotides are changed instantly within a single codon :   0.0000
* Corresponding fraction of substitutions :  0.000%

|          Selection mode           |     dN/dS     |Proportion, %|               Notes               |
|-----------------------------------|---------------|-------------|-----------------------------------|
|        Negative selection         |     0.008     |   68.065    |                                   |
|        Negative selection         |     0.049     |   31.144    |                                   |
|         Neutral evolution         |     1.000     |    0.791    |                                   |

* The following rate distribution for site-to-site **synonymous** rate variation was inferred

|               Rate                | Proportion, % |               Notes               |
|-----------------------------------|---------------|-----------------------------------|
|               0.337               |    42.102     |                                   |
|               0.808               |    47.179     |                                   |
|               4.447               |    10.720     |                                   |

----
## Branch-site unrestricted statistical test of episodic diversification [BUSTED]
Likelihood ratio test for episodic diversifying positive selection, **p =   0.1584**.
