
Analysis Description
--------------------
MEME (Mixed Effects Model of Evolution) estimates a site-wise synonymous
(&alpha;) and a two-category mixture of non-synonymous (&beta;-, with
proportion p-, and &beta;+ with proportion [1-p-]) rates, and uses a
likelihood ratio test to determine if &beta;+ > &alpha; at a site. The
estimates aggregate information over a proportion of branches at a site,
so the signal is derived from episodic diversification, which is a
combination of strength of selection [effect size] and the proportion of
the tree affected. A subset of branches can be selected for testing as
well, in which case an additional (nuisance) parameter will be inferred
-- the non-synonymous rate on branches NOT selected for testing.
Multiple partitions within a NEXUS file are also supported for
recombination - aware analysis. Version 3.0 adds a different format for
ancestral state reconstruction, branch-site posterior storage, and
site-level heterogeneity testing. Version 4 adds support for multiple
hits and more than 2 rate classes on omega, as well as site-level
imputation option. Version 4.1 fixes bugs with EBF computation for > 2
more rates and MH reporting. 

- __Requirements__: in-frame codon alignment and a phylogenetic tree

- __Citation__: Detecting Individual Sites Subject to Episodic Diversifying Selection.
_PLoS Genet_ 8(7): e1002764.

- __Written by__: Sergei L. Kosakovsky Pond, Steven Weaver

- __Contact Information__: spond@temple.edu

- __Analysis Version__: 4.1


>code => Universal
>Loaded a multiple sequence alignment with **483** sequences, **466** codons, and **1** partitions from `/Users/alex/Documents/selection-tutorial/data/21-empirical/rbcL.nex`

>branches => All

>Select the p-value threshold to use when testing for selection (permissible range = [0,1], default value = 0.1): 
>pvalue => 0.1

>[Advanced setting, will result in MUCH SLOWER run time] Perform parametric bootstrap resampling to derive site-level null LRT distributions up to this many replicates per site. Recommended use for small to medium (<30 sequences) datasets (permissible range = [0,1000], default value = 50, integer): 
>resample => 0
The number omega rate classes to include in the model [2 is the strongly recommended default] (permissible range = [2,4], default value = 2, integer): 
>rates => 2

>multiple-hits => None

>impute-states => No

>precision => standard


### Branches to include in the MEME analysis
Selected 963 branches to include in the MEME analysis: `DIOCA_Z97637, DILDI_AJ235796, DILDI_AF093721, DILDI_AF095734, DILDI_L01903, Node10, Node8, Node6, VITVT_AJ419726, VITVT_AJ419721, Node18, HALSF_U26325, MANGE_AJ235774, LEDGE_L14708, Node26, COMMY_U26321, COMMY_U26338, Node32, LYTMY_AY036148, LYTMY_AY905410, Node36, LYTMY_AY905408, ONAMY_L10219, LYTMY_AY905406, Node43, LYTMY_L10226, LYTMY_L10218, Node47, LYTMY_AY905413, LYTMY_AY496864, LYTMY_AY905404, Node52, Node50, Node46, Node42, Node40, LYTMY_AY905411, Node39, Node35, Node31, VOCMY_U26324, PSIMY_U26333, MYTMY_U26315, Node60, MYTMY_U26317, MYTMY_AJ235785, Node64, MYTMY_U26318, Node63, Node59, Node57, MCYMY_U26327, MCYMY_AF270752, Node70, MSTMY_AF215521, MSTMY_AF215533, MSTMY_AF215537, MSTMY_AJ235777, Node78, Node76, MSTMY_U26323, MSTMY_U26330, Node84, MSTMY_AY456135, Node83, MSTMY_U26334, MSTMY_U26339, Node88, Node82, MSTMY_AF215516, Node81, Node75, Node73, Node69, ALZMY_U26316, PENMY_U26331, OLIMY_U26329, OLIMY_AF215546, Node97, Node95, Node93, CRYMY_AY078157, CRYMY_AY078153, Node100, Node92, Node68, Node56, Node30, BIESP_AF035920, SAPSP_U38922, SAPSP_AJ403001, SAPSP_AJ403008, Node111, SAPSP_AY724341, Node110, SAPSP_AY724366, Node109, Node107, ZYGZY_DQ267165, ANASP_AY462008, ANASP_U38928, Node120, BURSP_U38856, BURSP_U39276, Node123, Node119, Node117, MELSP_DQ238061, MELSP_AJ403017, Node128, MELSP_U38859, Node127, EBEER_AJ402968, RUTSP_U38860, RUTSP_AF066819, RUTSP_AF066812, Node139, Node137, Node135, RUTSP_AF066808, RUTSP_U38862, RUTSP_AF066814, RUTSP_U38861, Node146, Node144, Node142, Node134, RUTSP_U38863, RUTSP_AF123276, Node149, Node133, SIMSP_U38927, SIMSP_U38923, SIMSP_U38924, Node154, Node152, Node132, Node126, Node116, Node106, Node104, SARMV_U26337, DCPMV_AF030238, DCPMV_AJ247623, Node161, Node159, BONMA_AJ402990, THYMV_U26322, THYMV_AJ297230, Node167, Node165, MLVMV_AY328183, MLVMV_AY328175, MLVMV_AY328176, Node175, Node173, MLVMV_AY328190, MLVMV_AY328194, Node178, Node172, MLVMV_AY328174, Node171, MLVMV_AJ233145, Node170, Node164, Node158, SVDBR_X69755, GYRBR_L22439, BRABR_AY483263, BRABR_AJ235809, Node188, Node186, Node184, PETMV_AJ233158, Node183, Node157, Node103, Node29, Node25, GEICS_X83990, ZYGZY_AJ133855, ZYGZY_Y15019, ZYGZY_AF200471, ZYGZY_AY935748, Node199, Node197, Node195, VIOMA_L11674, VIOMA_Z75693, Node209, PFLMA_L01940, PFLMA_AF206802, TURMA_Z75691, Node214, Node212, Node208, ACHMA_AJ418802, ACHMA_AJ418803, Node218, ACHMA_AJ418799, ACHMA_AJ235781, Node221, Node217, Node207, SALMA_AF206726, SALMA_AJ418824, SALMA_AJ418839, Node226, Node224, Node206, BALMA_AF089760, IXOMA_Z75680, ERYMA_AJ402976, RHIMA_AF127695, RHIMA_AF206744, Node237, RHIMA_U26335, Node236, Node234, Node232, Node230, PHAMA_AY663605, PHAMA_AY663597, Node242, PODMA_U68083, PODMA_D89475, Node250, PODMA_U68089, Node249, HYPMA_AF518396, HYPMA_AF518382, Node255, HYPMA_AF206779, HYPMA_AF518395, Node258, Node254, Node248, CLUMA_AF518397, CLUMA_AF518388, Node264, CLUMA_AF518392, Node263, CLUMA_AF518386, CLUMA_AF518381, Node269, CLUMA_AF518390, CLUMA_AF518383, Node272, Node268, Node262, CLUMA_AY625029, CLUMA_AY625025, Node276, CLUMA_AF518393, CLUMA_AY625008, Node280, CLUMA_AY625011, CLUMA_AY625015, Node283, Node279, Node275, Node261, Node247, ELTMA_AJ402927, EUPMA_AY794909, EUPMA_AJ418806, Node289, EUPMA_AY794821, EUPMA_AY794831, Node292, Node288, Node286, Node246, MALMA_AF344511, MALMA_AF344470, MALMA_AF344507, Node302, MALMA_AF344467, Node301, MALMA_AF344483, MALMA_AF344519, Node306, Node300, MALMA_AF344474, Node299, Node297, PDSSF_AJ403018, Node296, IRVMA_AF123278, LOPMA_AY663643, Node311, Node295, Node245, Node241, Node229, Node205, LBOCE_AJ402966, CELCE_AY935727, PARCE_AY935732, CELCE_AJ235795, CELCE_AJ402994, Node321, CELCE_X69754, CELCE_X83996, Node324, Node320, Node318, Node316, Node314, Node204, ELCOX_AF206765, CUNOX_AY549641, CUNOX_AF291930, Node331, CUNOX_AF206759, Node330, Node328, CONOX_L29493, OXAOX_L01938, Node335, Node327, Node203, POLFB_L29492, POLFB_AJ235799, Node340, CAEFB_AY904379, CAEFB_AY904398, CAEFB_AY904416, CAEFB_AY904417, CAEFB_AY904420, Node353, Node351, CAEFB_AY904406, CAEFB_AY904402, Node356, Node350, Node348, CAEFB_AY904395, CAEFB_AY904376, Node359, Node347, Node345, CAEFB_AY904377, CAEFB_AY308532, Node362, Node344, PAPFB_U74258, PAPFB_Z95536, PAPFB_AB045801, PAPFB_U74197, Node369, Node367, Node365, Node343, Node339, ROSRO_AF132893, ROSRO_AY052506, ROSRO_AY052518, ROSRO_AY052513, ROSRO_AF329002, Node382, Node380, ROSRO_AF411503, Node379, ROSRO_AF411494, ROSRO_AF411490, ROSRO_AF411496, Node388, Node386, Node378, Node376, Node374, CANRO_AJ402933, MORRO_AF500345, MORRO_AF500348, MORRO_AF500349, Node398, Node396, Node394, URTRO_AY208707, URTRO_AY208704, Node402, URTRO_AY208700, Node401, Node393, ULMRO_AF500338, Node392, DIRRO_AJ225789, BARRO_AJ225788, Node409, RHARO_AJ225785, RHARO_AJ390030, RHARO_AJ390028, Node415, Node413, RHARO_AJ390038, RHARO_AJ390035, Node418, Node412, Node408, ELARO_U59821, RHARO_AJ390052, RHARO_U59819, Node423, Node421, Node407, Node391, Node373, NOTFA_L13348, JUGFA_AJ235790, CANRO_L12638, FAGFA_AY147096, Node431, Node429, Node427, ANICU_AY935742, CUCCU_AY862550, CUCCU_AF008958, CUCCU_AJ235782, Node439, Node437, Node435, BEGCU_AF534722, BEGCU_AF534740, Node443, COCCU_U06840, Node442, Node434, Node426, Node372, Node338, Node202, Node194, Node192, Node24, HCHGE_L14699, GERGE_L14703, GERGE_L14697, GERGE_L14693, GERGE_U77901, GERGE_U77902, GERGE_U77903, Node458, Node456, Node454, Node452, Node450, Node448, CSOCS_AY101845, Node447, Node23, Node21, Node17, SAXSF_AF374730, HAMSF_AM183407, HAMSF_AF060709, Node466, Node464, HAMSF_AF060708, Node463, HAMSF_AJ131772, Node462, Node16, PLAPR_L01943, DDYBX_AF061994, BUXBX_AF093733, BUXBX_AF203485, Node477, Node475, SABSB_AF206793, CAARA_AF093720, KGDRA_AF093719, Node488, LARRA_L37916, LARRA_L37921, Node492, LARRA_AF093731, Node491, Node487, RANRA_L75849, RANRA_AF093730, RANRA_AF079453, Node500, Node498, BERRA_L75871, BERRA_AF190442, BERRA_L37920, BERRA_L75843, Node509, Node507, BERRA_L75867, Node506, BERRA_L75868, BERRA_L75869, BERRA_AF079454, BERRA_AF093716, Node517, Node515, Node513, Node505, Node503, Node497, MSPRA_AF093726, MSPRA_L37923, Node520, Node496, Node486, EPTRA_AY048174, Node485, PPVRA_U86624, PPVRA_U86632, Node525, FUMRA_U86628, PTPRA_U86631, Node528, Node524, Node484, PROPR_U79178, PROPR_U79165, PROPR_U79166, PROPR_DQ099446, PROPR_U79173, Node538, PROPR_U79164, PROPR_U79174, PROPR_U79171, Node543, Node541, Node537, Node535, Node533, Node531, Node483, NYSCO_AF119178, BRACHYPODIUM_DISTACHYON_NC_011032, HORDEUM_VULGARE_NC_008590, Node550, ORYZA_SATIVA_JAPONICA_NC_001320, ZEA_MAYS_NC_001666, SORGHUM_BICOLOR_NC_008602, Node555, Node553, Node549, Node547, NELPR_DQ182337, Node546, Node482, Node480, Node474, Node472, GUNGU_AF307918, GUNGU_AY008156, Node560, GUNGU_AF060707, Node559, Node471, Node15, SANSL_L26067, SANSL_L26070, Node564, Node14, SPTER_Z83135, LECER_AF077656, LECER_AF077652, LECER_AF077653, LECER_Z80177, LECER_Z80181, LECER_AF022134, Node584, Node582, Node580, Node578, LECER_Z80202, LECER_Z80180, Node588, LECER_Z80183, Node587, Node577, Node575, Node573, PMOER_Z83144, MSNER_AF213821, MSNER_AF213820, MSNER_AF213809, MSNER_AF213807, MSNER_AF213806, Node604, Node602, Node600, Node598, MSNER_AF213813, MSNER_AF213814, MSNER_AF213812, MSNER_AF213811, Node613, MSNER_AF213810, Node612, Node610, Node608, MSNER_Z83145, Node607, Node597, PRMER_AF394965, PRMER_AF395006, Node620, PRMER_AF395005, Node619, PRMER_U96943, PRMER_AF213801, PRMER_AF394964, Node628, Node626, PRMER_AF394997, PRMER_AF395007, PRMER_AF394967, PRMER_AF394975, Node635, Node633, Node631, Node625, PRMER_AF213794, Node624, Node618, Node596, THPER_AF213819, THPER_AF213817, THPER_AF213815, Node642, Node640, THPER_AF213818, Node639, Node595, Node593, THEER_AF380041, THEER_AF380046, THEER_AF380066, Node649, Node647, DIAER_Z83132, DIAER_AY049795, Node653, CYRER_AY082698, ERIER_L12616, MSNER_L12598, ERIER_AF419819, Node664, ERIER_AF419814, Node663, ERIER_L12622, ERIER_AF419838, Node669, ERIER_AF419818, Node668, Node662, ERIER_L12601, ERIER_AF419834, Node675, ERIER_AF419827, ERIER_L12617, ERIER_AF419823, Node681, Node679, ERIER_AF419816, ERIER_AF419828, Node687, ERIER_U49293, ERIER_AF419832, ERIER_U49286, Node692, Node690, Node686, ERIER_AF419820, ERIER_AF419822, Node696, ERIER_AF419821, Node695, Node685, ERIER_U49285, ERIER_AF419826, ERIER_U49289, ERIER_U49288, ERIER_U49294, Node707, Node705, Node703, ERIER_U49292, ERIER_U49291, ERIER_U49287, Node713, Node711, ERIER_U49284, Node710, Node702, Node700, Node684, Node678, Node674, ERIER_U82766, ERIER_AF124587, ERIER_AF124583, Node722, ERIER_AF124589, ERIER_AF124588, Node726, ERIER_U82764, ERIER_AF124580, ERIER_AF124578, Node733, Node731, ERIER_L12626, ERIER_AF419812, Node737, ERIER_L12618, ERIER_AF124574, ERIER_AF124585, ERIER_AF124575, Node746, Node744, ERIER_U82765, Node743, Node741, ERIER_AF124576, ERIER_AF419836, ERIER_AF419837, Node754, Node752, ERIER_AF419835, ERIER_AF419811, Node757, Node751, ERIER_AF124579, Node750, Node740, Node736, Node730, ERIER_AF124581, ERIER_AF124577, Node762, ERIER_AF124573, Node761, Node729, Node725, Node721, ERIER_U79743, ERIER_U79741, ERIER_U80422, ERIER_U80423, Node772, ERIER_U80419, ERIER_U80418, Node776, ERIER_U80424, ERIER_AF156095, ERIER_U80427, Node783, ERIER_U80426, Node782, Node780, ERIER_L12621, ERIER_U80431, ERIER_U80428, ERIER_U80432, ERIER_U80430, ERIER_U80434, Node796, Node794, Node792, Node790, ERIER_U80433, ERIER_U81798, Node799, Node789, Node787, Node779, Node775, Node771, Node769, ERIER_U80421, Node768, Node766, Node720, ERIER_L12606, Node719, Node717, Node673, Node661, Node659, CTHER_Z80212, CTHER_AF421088, Node805, CYRER_L01900, ACTER_AF088852, Node808, Node804, Node658, Node656, Node652, Node646, Node592, Node572, TSTER_Z83149, SYMER_Z80192, Node812, SLAER_AF421108, PPLER_AF419239, Node816, SLAER_AF421109, Node815, Node811, Node571, PCIER_AJ428893, MGVER_Z80200, Node820, Node570, BERRA_AF203487, COMMY_AF281478, Node823, Node569, HANCO_AF323190, HANCO_AF323188, Node827, CRNCO_AY530929, CRNCO_L14395, Node831, CRNCO_AY530927, CRNCO_AF190433, CRNCO_L11217, Node836, Node834, Node830, Node826, Node568, BBOBB_AJ235773, Node567, Node13, Node5, SMDCA_AF093732, APECA_Z83150, PHYCA_Y13116, Node843, MOLCA_AF093727, AIZCA_M62572, SBTCA_AY270148, AIZCA_AJ235778, PHLCA_AJ235800, Node854, Node852, Node850, HPHCA_AJ403024, PORCA_M62568, Node857, Node849, Node847, CPHCA_M83541, AMACA_AY270111, AMACA_AY270074, AMACA_AB050127, AMACA_AY270117, Node868, Node866, Node864, AMACA_AY270118, Node863, AMACA_AY270133, AMACA_AY489263, Node873, AMACA_AY270083, AMACA_AY270131, AMACA_AY270127, Node879, Node877, AMACA_AY270087, AMACA_AY270130, Node882, Node876, Node872, Node862, Node860, Node846, Node842, Node840, Node4, DROCA_L01904, DROCA_L01914, DROCA_AY096106, Node888, DROCA_L01913, DROCA_L01906, Node892, DROCA_L01909, DROCA_AY096107, Node895, Node891, Node887, Node885, Node3, PLMCA_AJ312252, PLMCA_Z97641, PLMCA_Y16905, PGNCA_M77702, Node904, Node902, PLMCA_Z97642, PLMCA_AJ286357, PLMCA_AJ286360, Node912, Node910, PLMCA_Z97639, Node909, PLMCA_AJ286359, PLMCA_Z97646, PLMCA_AJ286363, PLMCA_Z97645, Node921, PLMCA_Z97643, PLMCA_Z97644, Node924, Node920, Node918, Node916, Node908, PLMCA_Y16909, PLMCA_Y16907, Node927, Node907, Node901, Node899, PGNCA_AF297137, PGNCA_Z97648, PGNCA_AF297146, Node934, PGNCA_Z97647, PGNCA_AF297150, Node937, Node933, Node931, PGNCA_AF297135, PGNCA_AF297124, PGNCA_AF297141, PGNCA_AF297149, Node946, Node944, Node942, PGNCA_AF297125, PGNCA_AF297128, PGNCA_AJ235789, Node952, Node950, PGNCA_AF297145, PGNCA_AF297144, Node956, PGNCA_AF297139, Node955, Node949, Node941, PLMCA_M77701, PGNCA_AF297147, Node960, Node940, Node930, Node898, Node2, ACCCA_AF206733`


### Obtaining branch lengths and nucleotide substitution biases under the nucleotide GTR model

>kill-zero-lengths => Yes

### Deleted 20 zero-length internal branches: `Node146, Node207, Node229, Node279, Node347, Node362, Node42, Node496, Node573, Node582, Node633, Node685, Node722, Node725, Node730, Node771, Node796, Node811, Node815, Node924`
* Log(L) = -84171.84, AIC-c = 170288.48 (971 estimated parameters)
* 1 partition. Total tree length by partition (subs/site) 10.510

### Obtaining the global omega estimate based on relative GTR branch lengths and nucleotide substitution biases
* Log(L) = -79470.86, AIC-c = 160865.92 (958 estimated parameters)
* 1 partition. Total tree length by partition (subs/site) 10.876
* non-synonymous/synonymous rate ratio for *test* =   0.1890

>full-model => Yes
Only analyze sites whose 1-based indices match the following list (null to skip) : 
>limit-to-sites => null
For sites whose 1-based indices match the following list, write out likelihood function snapshots (null string to skip) : 
>save-lf-for-sites => null

### Improving branch lengths, nucleotide substitution biases, and global dN/dS ratios under a full codon model
* Log(L) = -78901.52
* Log(L) = -78901.52, AIC-c = 159727.23 (958 estimated parameters)
* 1 partition. Total tree length by partition (subs/site) 10.988
* non-synonymous/synonymous rate ratio for *test* =   0.1512

### For partition 1 these sites are significant at p <=0.1

|   Codon    | Partition  |   alpha    |non-syn rate (beta) distribution, rates : weights|    LRT     |Episodic selection detected?| # branches |         List of most common codon substitutions at this site          |
|:----------:|:----------:|:----------:|:-----------------------------------------------:|:----------:|:--------------------------:|:----------:|:---------------------------------------------------------------------:|
|     2      |     1      |    2.545   |            0.00/13536.77 : 0.99/0.01            |   23.912   |      Yes, p =  0.0000      |     4      |       [6]ggA>ggG|[2]ggA>ggC|[1]Gga>Aga,GgA>TgG,GGa>TTa,GGA>TTT        |
|     3      |     1      |    3.500   |             0.00/50.40 : 0.96/0.04              |    3.924   |      Yes, p =  0.0658      |     10     |[9]ttC>ttT|[3]Ttc>Ctc,tTc>tCc|[2]TtC>AtT|[1]TTc>CCc,TtC>CtA,tTc>tAc,...|
|     6      |     1      |    4.835   |             0.16/85.02 : 1.00/0.00              |    3.440   |      Yes, p =  0.0847      |     2      |  [9]ggT>ggC|[3]ggT>ggG|[2]ggT>ggN,GgT>TgG|[1]gGt>gNt,Ggt>Ngt,GGt>NNt  |
|     7      |     1      |    3.391   |             0.00/79.20 : 0.98/0.02              |    9.154   |      Yes, p =  0.0045      |     6      |[5]gtT>gtG|[4]gtT>gtN|[2]gtT>gtC|[1]gtG>gtT,GTt>CGt,Gtt>Ctt,gTt>gCt,...|
|     9      |     1      |    1.840   |             0.37/17.46 : 0.73/0.27              |    8.145   |      Yes, p =  0.0075      |     6      |[21]gaT>gaG|[6]gaG>gaT|[5]gaT>gaN|[2]Gag>Nag,GaT>AaG,gaT>gaA,gaT>gaC...|
|     11     |     1      |    0.000   |             0.00/14.28 : 0.84/0.16              |    8.448   |      Yes, p =  0.0065      |     13     |[9]aAa>aGa|[3]Aaa>Naa|[2]aAa>aCa,aAa>aNa,aAa>aTa,Aaa>Caa,AAa>NNa|[1]...|
|     12     |     1      |    3.237   |             0.00/71.18 : 0.98/0.02              |    8.179   |      Yes, p =  0.0074      |     6      |[10]ttG>ttA|[4]ctG>ctT|[2]Ttg>Ctg|[1]Ttg>Atg,TTg>CCg,TTg>GAg,Ttg>Gtg...|
|     14     |     1      |    1.386   |             0.00/66.71 : 0.98/0.02              |    4.608   |      Yes, p =  0.0462      |     7      |[9]tAt>tNt|[4]Tat>Nat|[2]Tat>Cat,taT>taC|[1]Tat>Aat,tAt>tCt,tAt>tGt,...|
|     15     |     1      |    2.298   |             0.00/24.00 : 0.97/0.03              |    4.429   |      Yes, p =  0.0506      |     6      |[4]Tat>Nat|[2]taT>taC|[1]tAC>tNN,TaT>AaA,Tat>Aat,Tat>Cat,Tat>Gat,taT...|
|     18     |     1      |    5.345   |              0.00/8.93 : 0.01/0.99              |    3.139   |      Yes, p =  0.0992      |     33     |[43]gaC>gaA|[20]gaC>gaG|[6]gaA>gaG,gaC>gaT|[5]Gaa>Caa|[4]gaT>gaG|[3]...|
|     20     |     1      |    3.487   |             0.16/30.85 : 0.72/0.28              |    9.376   |      Yes, p =  0.0040      |     19     |[20]Gaa>Caa|[8]Gaa>Aaa|[5]gAa>gTa|[4]gaA>gaG,gTa>gCa|[3]Caa>Aaa,gaA>...|
|     23     |     1      |    4.026   |             0.00/22.66 : 0.91/0.09              |    4.102   |      Yes, p =  0.0600      |     17     |[12]acC>acT|[11]Acc>Ccc|[8]acC>acA|[4]aCc>aTc|[2]acC>acG,ACc>GTc,ccC...|
|     24     |     1      |   13.271   |             0.00/178.64 : 0.96/0.04             |   29.133   |      Yes, p =  0.0000      |     21     |[16]aaA>aaG|[2]aaA>aaN,Aaa>Gaa,AaA>GaT,CTa>AAa,cTa>cAa,Cta>Tta,Ctg>T...|
|     25     |     1      |    3.239   |             0.00/160.86 : 0.98/0.02             |   27.056   |      Yes, p =  0.0000      |     12     |[4]gaT>gaC|[2]Gat>Cat,GAt>CCt,gaT>gaG|[1]Cct>Nct,GAC>CCG,GaT>NaN,Gat...|
|     29     |     1      |    3.879   |             0.00/89.40 : 0.99/0.01              |    8.919   |      Yes, p =  0.0051      |     3      |[15]ttG>ttA|[3]ttG>ttN|[2]Ttg>Ctg,tTg>tNg|[1]TTg>ACg,TtG>CtA,TTg>NAg...|
|     34     |     1      |    2.013   |             0.00/65.92 : 0.99/0.01              |    6.811   |      Yes, p =  0.0149      |     2      |               [7]gtA>gtC|[3]gtA>gtN|[2]GtA>AtG,Gta>Nta                |
|     43     |     1      |   16.590   |            0.34/1019.39 : 1.00/0.00             |    6.089   |      Yes, p =  0.0215      |     3      |[30]gaG>gaA|[6]gaA>gaG|[2]gAA>gGC,Gaa>Naa,gaG>gaN|[1]gaA>gaN,GAa>TNa...|
|     44     |     1      |    1.758   |             0.00/51.78 : 0.99/0.01              |    4.326   |      Yes, p =  0.0534      |     4      |     [2]gaA>gaG|[1]Gaa>Aaa,GAa>AGa,gAa>gGa,gAA>gGG,gAa>gNa,Gaa>Naa     |
|     47     |     1      |   11.146   |             0.59/350.88 : 0.99/0.01             |    7.762   |      Yes, p =  0.0092      |     3      |[25]gcC>gcT|[11]gcC>gcA|[6]gcT>gcA|[5]gcC>gcG|[4]gcT>gcC|[3]gcC>gcN,...|
|     49     |     1      |    2.262   |             0.00/220.59 : 0.99/0.01             |    6.658   |      Yes, p =  0.0161      |     4      |[7]gtA>gtC|[2]Gta>Nta|[1]gTa>gAa,gTA>gAT,gTa>gCa,gTa>gGa,gtA>gtG,gtA...|
|     50     |     1      |    6.172   |             0.00/494.44 : 0.99/0.01             |   29.432   |      Yes, p =  0.0000      |     8      |[7]gcT>gcC|[6]gcT>gcG|[5]GCt>CGt|[4]gcT>gcA|[3]GCt>NNt|[2]gCt>gTt|[1...|
|     52     |     1      |    1.216   |            0.00/1406.58 : 1.00/0.00             |    8.279   |      Yes, p =  0.0070      |     2      |           [4]gAa>gNa|[2]gaA>gaG|[1]gaA>gaT,Gaa>Naa,GAA>TCG            |
|     54     |     1      |    4.334   |             0.00/42.42 : 0.98/0.02              |    4.432   |      Yes, p =  0.0506      |     6      |[7]tcT>tcC|[6]tcT>tcG,tCt>tNt|[3]tCt>tTt|[1]Tct>Act,TCT>CAA,Tct>Cct,...|
|     56     |     1      |    1.690   |             0.00/29.14 : 0.99/0.01              |    3.683   |      Yes, p =  0.0746      |     3      |       [4]ggT>ggG|[2]ggT>ggN|[1]GGg>ACg,gGt>gAt,ggT>ggA,Ggt>Tgt        |
|     75     |     1      |    3.440   |             0.00/115.33 : 0.99/0.01             |    5.307   |      Yes, p =  0.0322      |     3      |[9]Cga>Aga|[4]cgA>cgC|[2]Aga>Cga,cgA>cgG,CGa>NNa|[1]cGa>cAa,cgA>cgN,...|
|     76     |     1      |    0.997   |             0.00/37.97 : 0.99/0.01              |    3.827   |      Yes, p =  0.0693      |     3      |       [4]tgC>tgT|[2]tgC>tgN|[1]Tgc>Ngc,tGc>tAc,tGC>tCG,tgC>tgG        |
|     78     |     1      |    2.612   |             1.22/94.39 : 0.91/0.09              |   66.177   |      Yes, p =  0.0000      |     16     |[16]Cac>Gac|[15]Cac>Aac|[11]CAc>GGc|[7]caC>caT|[3]AAc>GGc,Cac>Tac|[2...|
|     82     |     1      |    1.389   |             0.00/16.91 : 0.94/0.06              |    3.406   |      Yes, p =  0.0863      |     8      |[3]Gtt>Att|[2]gTt>gCt,gtT>gtG,GtT>TtG|[1]Gtt>Ctt,gTT>gNN,gtT>gtA,gtT...|
|     87     |     1      |    2.577   |              0.00/6.31 : 0.01/0.99              |    3.584   |      Yes, p =  0.0786      |     25     |[46]aAt>aGt|[14]aAt>aCt|[4]Aat>Cat,Aat>Gat|[3]aaT>aaN|[2]aaT>aaC|[1]...|
|     88     |     1      |    0.180   |             0.00/13.06 : 0.97/0.03              |    4.425   |      Yes, p =  0.0507      |     4      |      [4]Caa>Naa|[3]cAa>cCa|[2]CAa>NNa|[1]caA>caG,cAA>cGT,cAa>cNa      |
|     89     |     1      |    2.019   |             0.00/65.25 : 0.80/0.20              |   23.161   |      Yes, p =  0.0000      |     42     |         [48]tAt>tTt|[22]tTt>tAt|[3]taT>taC|[1]Tat>Nat,tAT>tGG         |
|     91     |     1      |    3.162   |             0.01/328.79 : 0.97/0.03             |   64.392   |      Yes, p =  0.0000      |     16     |[9]GCt>TGt|[4]gCt>gTt,tgT>tgC|[2]gcT>gcC,gcT>gcG,TGt>GCt,tGt>tNt|[1]...|
|     97     |     1      |    0.532   |             0.00/123.16 : 0.99/0.01             |    6.245   |      Yes, p =  0.0199      |     3      |[3]Tta>Cta|[2]TTa>NNa,tTa>tNa,ttA>ttT|[1]TTA>CGG,tTA>tNN,ttA>ttG,ttA...|
|    100     |     1      |    1.323   |             0.00/34.85 : 0.97/0.03              |    8.050   |      Yes, p =  0.0079      |     8      |[4]ttT>ttG|[2]Ttt>Ntt,ttT>ttC,ttT>ttN|[1]TaT>GaA,TtT>CtN,tTt>tAt,tTT...|
|    103     |     1      |    2.803   |             0.09/76.37 : 1.00/0.00              |    3.870   |      Yes, p =  0.0677      |     2      |[5]ggT>ggC|[4]ggT>ggG|[3]Ggt>Ngt|[1]ggG>ggN,GGt>CAt,gGT>gCN,ggT>ggN,...|
|    107     |     1      |    7.204   |             0.13/419.90 : 1.00/0.00             |    7.697   |      Yes, p =  0.0095      |     2      |           [21]aaC>aaT|[3]aaT>aaC|[1]AAc>CTc,AaC>GaT,aaT>aaN           |
|    119     |     1      |    1.862   |             0.00/157.30 : 0.99/0.01             |   12.165   |      Yes, p =  0.0010      |     5      |     [7]ttC>ttT|[1]Ttc>Atc,Ttc>Ctc,TtC>CtT,TTC>GGG,Ttc>Gtc,ttC>ttN     |
|    126     |     1      |    3.825   |             0.00/27.04 : 0.98/0.02              |    3.349   |      Yes, p =  0.0889      |     6      |[6]cgT>cgC|[3]cGT>cNN,Cgt>Ngt|[2]cgT>cgG,cgT>cgN,cGt>cNt|[1]cgA>cgG,...|
|    129     |     1      |    0.588   |             0.00/51.49 : 0.98/0.02              |    5.052   |      Yes, p =  0.0367      |     5      |   [5]Gat>Nat|[2]Gat>Tat|[1]Gat>Aat,gaT>gaA,gaT>gaC,gAT>gGA,gAT>gNN    |
|    131     |     1      |    0.986   |             0.17/31.53 : 0.97/0.03              |    4.461   |      Yes, p =  0.0498      |     4      |[4]Cga>Aga|[3]Cga>Gga|[2]cGa>cCa,cgA>cgN,cGa>cNa|[1]cGa>cAa,cGA>cNG,...|
|    134     |     1      |    8.146   |             8.15/220.86 : 0.93/0.07             |   30.644   |      Yes, p =  0.0000      |     3      |[43]Cct>Act|[8]Act>Cct,CCt>GTt,gTt>gCt|[5]ccT>ccG,gCa>gTa|[4]ccT>ccC...|
|    136     |     1      |    2.543   |             0.06/758.75 : 1.00/0.00             |   10.488   |      Yes, p =  0.0023      |     1      |           [5]taT>taC|[2]taT>taN,tAt>tNt|[1]TAt>GTt,tAT>tNN            |
|    137     |     1      |    8.604   |             8.60/164.28 : 0.86/0.14             |   44.842   |      Yes, p =  0.0000      |     5      |[21]Att>Gtt|[16]gTt>gCt|[1]acG>acA,acG>acC,AtA>GtC,Atc>Gtc,aTt>aAt,a...|
|    141     |     1      |    4.745   |             0.00/25.83 : 0.93/0.07              |    5.111   |      Yes, p =  0.0356      |     13     |[6]caA>caG|[4]Caa>Gaa|[2]caA>caT,Caa>Naa|[1]Caa>Aaa,CAa>ATa,cAg>cTg,...|
|    149     |     1      |    2.261   |             0.13/86.44 : 1.00/0.00              |    4.591   |      Yes, p =  0.0466      |     1      |          [5]gtT>gtG|[3]Gtt>Ntt|[2]gtT>gtC|[1]GTt>AGt,gtT>gtA          |
|    160     |     1      |    6.807   |             0.00/152.91 : 0.99/0.01             |   11.715   |      Yes, p =  0.0012      |     4      |[32]ccC>ccT|[8]ccC>ccA|[3]Ccc>Ncc|[2]Ccc>Acc|[1]ccA>ccG,CCC>AAA,CCc>...|
|    161     |     1      |    4.037   |             0.00/608.04 : 0.99/0.01             |    8.404   |      Yes, p =  0.0066      |     4      |[8]Cta>Tta|[4]ctA>ctG,Ctg>Ttg|[3]ctG>ctA|[2]ctG>ctT|[1]Cta>Ata,CtA>A...|
|    162     |     1      |    4.400   |             0.00/64.66 : 0.99/0.01              |    7.840   |      Yes, p =  0.0088      |     4      |[16]ttG>ttA|[3]ttG>ttN|[2]ttA>ttG,Ttg>Ctg|[1]Tta>Cta,tTa>tNa,tTA>tNN...|
|    170     |     1      |    3.413   |             0.00/58.85 : 0.99/0.01              |    4.364   |      Yes, p =  0.0524      |     3      |[13]ttG>ttA|[4]Ttg>Ctg|[2]Ttg>Gtg,tTg>tNg|[1]ttA>ttN,TTG>AAN,Ttg>Ntg...|
|    172     |     1      |    2.036   |             0.00/42.16 : 0.98/0.02              |    3.327   |      Yes, p =  0.0899      |     4      |[6]Tta>Cta|[3]Cta>Tta,ttA>ttG|[1]cTa>cNa,ctA>ctG,CTa>NNa,Cta>Nta,TTa...|
|    175     |     1      |    4.799   |             0.00/92.01 : 0.99/0.01              |    4.793   |      Yes, p =  0.0420      |     7      |[13]aaG>aaA|[2]aAG>aGA|[1]aaA>aaG,aaA>aaN,aAa>aGa,aAa>aNa,aAa>aTa,AA...|
|    176     |     1      |    4.399   |             0.16/105.04 : 1.00/0.00             |    4.062   |      Yes, p =  0.0613      |     1      |[10]aaC>aaT|[4]aaT>aaN|[3]aaT>aaC|[2]aaC>aaN|[1]aaC>aaA,AAC>GGA,Aac>...|
|    181     |     1      |    1.292   |             0.67/750.00 : 0.98/0.02             |   85.026   |      Yes, p =  0.0000      |     11     |[7]GTt>TGt|[6]Gtt>Ntt|[5]gtT>gtG|[3]GTt>NNt|[2]gTt>gCt,GTt>NGt,Gtt>T...|
|    182     |     1      |    2.025   |             0.00/236.22 : 0.99/0.01             |   15.512   |      Yes, p =  0.0002      |     5      |[3]taT>taC|[2]taT>taN|[1]Tat>Aat,TAT>ANN,TAT>GTA,Tat>Nat,tAt>tGt,tAt...|
|    184     |     1      |    3.994   |             0.00/346.01 : 0.99/0.01             |   21.018   |      Yes, p =  0.0000      |     5      |  [6]tgT>tgC|[3]TGt>GTt,tGt>tNt|[2]tgT>tgN|[1]Tgt>Agt,Tgt>Ggt,Tgt>Ngt  |
|    193     |     1      |    6.662   |             0.16/325.31 : 1.00/0.00             |    4.162   |      Yes, p =  0.0582      |     1      |   [10]aaA>aaG|[2]Aaa>Naa,aaG>aaA|[1]aaA>aaN,aaA>aaT,AAA>CCC,aaG>aaN   |
|    211     |     1      |    5.807   |             0.24/46.12 : 0.79/0.21              |   13.674   |      Yes, p =  0.0005      |     18     |[29]Tta>Gta|[10]Tta>Cta|[8]tTA>tGC|[5]ttA>ttG|[4]Cta>Gta,Gta>Tta|[3]...|
|    213     |     1      |    2.817   |             0.00/25.92 : 0.94/0.06              |    6.048   |      Yes, p =  0.0220      |     12     |[7]tgT>tgG|[4]Tgt>Ngt,tgT>tgC,tgT>tgN|[2]Tgt>Cgt|[1]TGT>GTG,TgT>NgN,...|
|    217     |     1      |    1.655   |             0.00/13.47 : 0.01/0.99              |   33.418   |      Yes, p =  0.0000      |     24     |[88]Att>Ctt|[26]Ctt>Att|[7]Att>Ntt|[5]Ctt>Ntt|[3]ctT>ctC|[1]aTt>aCt,...|
|    218     |     1      |    1.079   |             0.63/76.35 : 0.83/0.17              |   27.813   |      Yes, p =  0.0000      |     4      |[53]tAt>tTt|[3]Tat>Aat,Tat>Nat,tAT>tNN,tTt>tAt|[2]taT>taC,ttT>ttA|[1...|
|    219     |     1      |    1.953   |             0.00/60.89 : 0.99/0.01              |    5.406   |      Yes, p =  0.0306      |     4      |  [5]aaA>aaN|[4]Aaa>Naa|[3]aaA>aaG|[1]aaA>aaC,aAA>aNN,Aaa>Gaa,AAa>TTa  |
|    221     |     1      |    7.670   |             0.29/154.06 : 1.00/0.00             |    3.245   |      Yes, p =  0.0939      |     2      |[21]caG>caA|[6]caG>caN|[2]caG>caT|[1]caA>caG,caA>caN,Caa>Naa,Cag>Aag...|
|    235     |     1      |    3.657   |             0.00/65.89 : 0.99/0.01              |    3.631   |      Yes, p =  0.0767      |     4      |  [8]acT>acC|[3]acT>acG,acT>acN|[2]Act>Cct|[1]aCt>aNt,ACt>CTt,Act>Gct  |
|    239     |     1      |   16.737   |             0.00/110.27 : 0.94/0.06             |   22.856   |      Yes, p =  0.0000      |     24     |[37]tgC>tgT|[7]tgC>tgG|[6]tGc>tCc|[5]tgC>tgN,tgT>tgC|[2]tcC>tcT,TGc>...|
|    244     |     1      |    2.542   |             0.00/155.21 : 0.99/0.01             |   10.295   |      Yes, p =  0.0025      |     5      |[3]aaA>aaG,aAa>aNa|[2]Aaa>Naa,AAa>NNa|[1]aAA>aNN,aAA>aNT,aAa>aTa,aAA...|
|    246     |     1      |    7.256   |             0.00/128.31 : 1.00/0.00             |    3.779   |      Yes, p =  0.0710      |     3      |[11]gcT>gcC|[5]gcT>gcG|[4]Gct>Nct|[3]gcT>gcA|[2]gcG>gcA,gCT>gNN,GCt>...|
|    250     |     1      |    4.270   |             0.00/75.63 : 0.98/0.02              |   19.520   |      Yes, p =  0.0000      |     8      |[9]aGa>aNa|[8]Aga>Cga|[3]agA>agG|[2]aGa>aAa|[1]aGA>aAT,aGa>aCa,AgA>C...|
|    252     |     1      |    7.032   |             0.18/437.54 : 1.00/0.00             |    6.133   |      Yes, p =  0.0211      |     2      |[15]ttG>ttA|[7]ttA>ttG|[6]Ttg>Ctg|[3]ttG>ttN|[1]ctG>ctN,ctG>ctT,CtG>...|
|    254     |     1      |    5.937   |             1.34/31.20 : 0.82/0.18              |    5.028   |      Yes, p =  0.0372      |     3      |[43]gTt>gCt|[8]gtT>gtC|[6]gtT>gtN|[3]GTt>ACt|[2]gtC>gtT,gtT>gtA,gtT>...|
|    257     |     1      |    3.183   |             0.41/19.47 : 0.76/0.24              |    4.035   |      Yes, p =  0.0621      |     2      |[28]Gta>Ata|[6]gtA>gtC|[3]gTa>gNa,Gta>Nta|[2]GtA>AtC,gTa>gAa,gtA>gtG...|
|    261     |     1      |    6.237   |             0.14/303.38 : 1.00/0.00             |    7.750   |      Yes, p =  0.0092      |     3      |[17]taC>taT|[3]taT>taC|[2]taC>taN|[1]tAc>tGc,tAc>tTc,TAt>ATt,Tat>Nat...|
|    269     |     1      |    3.145   |             0.00/49.88 : 0.99/0.01              |    4.288   |      Yes, p =  0.0545      |     4      |[4]aaT>aaC|[2]aAt>aTt|[1]aAT>aNN,aAt>aNt,Aat>Cat,AaT>GaA,Aat>Nat,AAt...|
|    274     |     1      |    4.477   |             0.00/46.82 : 0.92/0.08              |   17.266   |      Yes, p =  0.0001      |     25     |[5]caT>caG|[4]caT>caC,Gag>Cag|[3]caT>caN,Cat>Tat,CAt>TTt|[2]Cag>Gag,...|
|    284     |     1      |    3.913   |             0.09/146.40 : 1.00/0.00             |    5.866   |      Yes, p =  0.0242      |     3      |[14]caC>caT|[3]cAc>cNc|[1]CaC>AaA,caC>caN,cAc>cCc,cAC>cNN,Cac>Gac,Ca...|
|    292     |     1      |    1.374   |             0.00/46.84 : 0.96/0.04              |    9.951   |      Yes, p =  0.0030      |     11     |[3]gTt>gCt,gTt>gGt|[2]gTT>gNN|[1]GTt>AGt,gTt>gAt,gTT>gCC,gTt>gNt,gtT...|
|    293     |     1      |    2.172   |             0.00/68.82 : 0.99/0.01              |    5.121   |      Yes, p =  0.0354      |     5      |[6]Att>Ntt|[3]Att>Ctt|[2]atT>atC|[1]atC>atN,atC>atT,atT>atA,ATT>TCC,...|
|    302     |     1      |    4.973   |             0.02/96.16 : 0.98/0.02              |   15.400   |      Yes, p =  0.0002      |     12     |[15]caC>caT|[3]cAc>cNc,Cac>Nac|[2]CAc>ACc,caC>caN,caT>caN,cAt>cTt,CA...|
|    309     |     1      |   11.812   |             0.00/68.58 : 0.96/0.04              |    5.386   |      Yes, p =  0.0309      |     17     |[25]gcG>gcC|[16]gcG>gcA|[13]gcC>gcT|[5]gCc>gGc,gCg>gGg|[4]gcC>gcG|[3...|
|    310     |     1      |    6.373   |             0.00/90.40 : 0.99/0.01              |    6.129   |      Yes, p =  0.0211      |     4      |[9]Tta>Cta|[8]ttA>ttG|[4]Cta>Tta|[2]TTa>NNa,tTa>tCa,tTa>tNa,ttA>ttN|...|
|    317     |     1      |    0.000   |             0.00/131.37 : 0.99/0.01             |   13.023   |      Yes, p =  0.0006      |     3      |     [2]caT>caN,Cat>Nat|[1]caT>caA,cAT>cNN,cAt>cNt,cAt>cTt,CaT>GaG     |
|    333     |     1      |   11.571   |             0.83/271.70 : 1.00/0.00             |    4.783   |      Yes, p =  0.0422      |     3      |[20]atC>atA|[19]atC>atT|[7]atA>atC|[1]ATa>TCa,aTc>aCc,atG>atC,atT>at...|
|    343     |     1      |    5.580   |            0.00/1431.15 : 0.99/0.01             |   59.164   |      Yes, p =  0.0000      |     9      |[6]gaT>gaC|[3]Gat>Nat|[2]gaT>gaN|[1]ctC>ctA,gaC>gaT,TtT>AtG,TTt>GAt,...|
|    345     |     1      |    1.261   |             0.00/25.17 : 0.76/0.24              |    7.462   |      Yes, p =  0.0107      |     35     |[26]tTt>tAt|[7]tAt>tTt|[4]ttT>ttG|[2]tAt>tCt,ttT>ttN|[1]Tat>Cat,Tat>...|
|    346     |     1      |    0.843   |              0.00/6.51 : 0.01/0.99              |   15.230   |      Yes, p =  0.0002      |     18     |[53]Att>Gtt|[3]aTt>aCt,Gtt>Att|[2]Att>Ntt,Att>Ttt|[1]aTt>aNt,atT>atC...|
|    350     |     1      |    4.821   |             0.00/102.38 : 0.98/0.02             |    7.595   |      Yes, p =  0.0100      |     9      |[14]Cga>Aga|[4]cGa>cCa,cGa>cNa|[3]cgA>cgC,Cga>Nga|[2]cgA>cgG|[1]Cca>...|
|    351     |     1      |    5.350   |             0.00/102.82 : 0.94/0.06             |   49.103   |      Yes, p =  0.0000      |     28     |[7]agC>agT|[6]agT>agC|[5]gGc>gCc|[3]Agc>Ggc|[2]agC>agN,AGc>GCc,Agc>N...|
|    357     |     1      |    5.303   |             0.00/62.36 : 0.95/0.05              |    9.513   |      Yes, p =  0.0038      |     18     |[8]acT>acC|[4]acT>acG|[3]Tct>Act,tCt>tTt|[2]Tct>Nct|[1]aCc>aAc,acC>a...|
|    359     |     1      |    8.333   |             0.00/43.69 : 0.94/0.06              |    8.443   |      Yes, p =  0.0065      |     18     |[8]gaT>gaC|[3]CCt>TTt,gaG>gaT,Gat>Aat,Gat>Nat|[2]ccT>ccG,CCt>GAt,Cct...|
|    362     |     1      |    5.751   |             0.00/113.72 : 1.00/0.00             |    4.301   |      Yes, p =  0.0541      |     1      |[7]tcC>tcT|[5]tcT>tcC|[3]tcT>tcG|[2]tcC>tcG,tcG>tcA|[1]TCc>CTc,Tct>N...|
|    363     |     1      |    8.342   |             0.00/39.82 : 0.84/0.16              |    8.035   |      Yes, p =  0.0080      |     26     |[16]Cta>Tta|[11]Cta>Ata|[9]CtA>AtG|[7]ctA>ctG|[4]Ata>Cta,Ctg>Atg|[3]...|
|    367     |     1      |   13.505   |             0.00/93.54 : 0.88/0.12              |   30.999   |      Yes, p =  0.0000      |     45     |[27]Ctg>Ttg|[25]CtG>AtA|[24]ctG>ctA|[6]Cta>Ata|[4]CtG>AtT,ctG>ctT|[3...|
|    370     |     1      |    2.340   |             0.00/403.83 : 0.99/0.01             |   13.651   |      Yes, p =  0.0005      |     5      |[4]gCt>gNt|[3]GCt>NNt|[2]GCt>CGt,gcT>gcA,gcT>gcG,gCt>gTt|[1]cgT>cgG,...|
|    385     |     1      |    1.285   |             0.09/196.58 : 1.00/0.00             |   10.417   |      Yes, p =  0.0024      |     1      |                   [13]atC>atT|[2]atC>atA|[1]ATC>GGG                   |
|    388     |     1      |    8.923   |             0.14/434.05 : 1.00/0.00             |   11.414   |      Yes, p =  0.0014      |     2      |           [13]gaT>gaC|[3]Gat>Nat|[1]GAC>AGA,gaT>gaG,GAt>NTt           |
|    389     |     1      |    2.804   |             0.00/43.19 : 0.99/0.01              |    5.340   |      Yes, p =  0.0316      |     4      |         [3]gaT>gaC|[1]gaC>gaT,GAT>AGA,Gat>Cat,gaT>gaA,gaT>gaG         |
|    401     |     1      |   10.197   |             0.05/153.09 : 0.99/0.01             |   10.691   |      Yes, p =  0.0021      |     7      |[33]caC>caT|[6]caC>caN|[3]cAc>cNc|[2]cAC>cCA|[1]CAC>ACA,cAc>cCc,cAC>...|
|    406     |     1      |    8.057   |             0.01/68.94 : 0.97/0.03              |    7.739   |      Yes, p =  0.0093      |     9      |[18]gcA>gcG|[9]gcG>gcA|[7]gcA>gcN|[4]Gca>Nca|[3]Gca>Cca,GCa>CGa|[2]G...|
|    408     |     1      |    4.478   |             0.00/93.94 : 0.99/0.01              |    3.521   |      Yes, p =  0.0812      |     5      |[11]ggT>ggN|[5]ggT>ggC|[4]ggT>ggA,Ggt>Ngt|[2]ggC>ggN,ggT>ggG|[1]Ggc>...|
|    425     |     1      |   11.841   |             0.60/118.70 : 0.99/0.01             |    6.218   |      Yes, p =  0.0202      |     3      |[34]gaG>gaA|[6]gaG>gaN|[5]Gag>Nag|[2]gaA>gaG,GAg>AGg,gaG>gaC|[1]GaA>...|
|    427     |     1      |    8.890   |             0.00/109.11 : 0.99/0.01             |   14.662   |      Yes, p =  0.0003      |     6      |[18]cgT>cgC|[4]Cgc>Ngc|[2]cgC>cgA,cgC>cgT,CGT>AAA,cgT>cgA,cgT>cgG,cg...|
|    428     |     1      |    3.647   |             0.00/62.60 : 0.98/0.02              |    3.259   |      Yes, p =  0.0932      |     5      |   [7]gaT>gaC|[2]Gat>Aat,gaT>gaN,Gat>Nat,Gat>Tat|[1]GaT>AaA,gAt>gGt    |
|    431     |     1      |    9.083   |             0.00/77.79 : 0.94/0.06              |   23.156   |      Yes, p =  0.0000      |     22     |[13]cgT>cgC|[7]cgC>cgT|[4]Cgt>Agt|[3]CGt>ACt,cgT>cgN|[2]Cgc>Agc,cgC>...|
|    434     |     1      |    2.420   |             0.00/51.24 : 0.99/0.01              |    4.183   |      Yes, p =  0.0575      |     3      |  [4]aaT>aaN|[3]aaT>aaC|[2]aAt>aNt|[1]aaC>aaT,Aac>Cac,aAt>aCt,AAt>GCt  |
|    435     |     1      |    4.757   |             1.66/79.63 : 0.96/0.04              |    9.659   |      Yes, p =  0.0035      |     3      |[5]gaA>gaC,gaA>gaG,gaA>gaT|[4]gAa>gCa|[3]GAa>ACa,Gaa>Caa|[2]gaA>gaN,...|
|    438     |     1      |   12.707   |             0.37/847.79 : 1.00/0.00             |    7.543   |      Yes, p =  0.0102      |     2      |[34]cgT>cgC|[4]cgC>cgT,cgT>cgG,cgT>cgN|[3]cgT>cgA|[2]cGt>cNt|[1]CGa>...|
|    441     |     1      |    6.601   |             0.75/95.64 : 0.81/0.19              |   59.616   |      Yes, p =  0.0000      |     14     |[22]Agc>Tgc|[10]AGc>GCc|[7]agC>agT,Ggc>Agc,gGc>gCc|[4]Agc>Ggc,Agc>Ng...|
|    443     |     1      |    0.015   |             0.00/37.93 : 0.98/0.02              |    7.079   |      Yes, p =  0.0130      |     4      |[3]Tgg>Ngg|[2]tgG>tgC|[1]TGg>ATg,tGg>tCg,tgG>tgN,tgG>tgT,tGg>tNg,tGG...|
|    444     |     1      |    8.775   |             0.17/220.69 : 1.00/0.00             |    6.780   |      Yes, p =  0.0151      |     1      |[10]agT>agC|[8]aGt>aNt|[3]agC>agT|[2]agT>agG|[1]agC>agN,aGt>aCt,agT>...|
|    457     |     1      |    4.156   |             0.00/47.29 : 0.98/0.02              |    5.547   |      Yes, p =  0.0285      |     5      |[10]atC>atT|[6]atC>atA|[2]atC>atG,atC>atN|[1]aTC>aAA,aTc>aNc,Atc>Gtc...|
|    458     |     1      |    1.334   |             0.61/132.36 : 0.97/0.03             |   18.011   |      Yes, p =  0.0001      |     4      |[5]Aaa>Caa|[4]Aaa>Naa|[3]aaA>aaT,aAa>aGa|[2]aAa>aNa,Aaa>Gaa|[1]aaA>a...|

### ** Found _110_ sites under episodic diversifying positive selection at p <= 0.1**
