
Analysis Description
--------------------
FEL (Fixed Effects Likelihood) estimates site-wise synonymous (&alpha;)
and non-synonymous (&beta;) rates, and uses a likelihood ratio test to
determine if beta &neq; alpha at a site. The estimates aggregate
information over all branches, so the signal is derived from pervasive
diversification or conservation. A subset of branches can be selected
for testing as well, in which case an additional (nuisance) parameter
will be inferred -- the non-synonymous rate on branches NOT selected for
testing. Multiple partitions within a NEXUS file are also supported for
recombination - aware analysis. Version 2.5 adds MH support. Version 2.6
adds substitution mapping. 

- __Requirements__: in-frame codon alignment and a phylogenetic tree

- __Citation__: Not So Different After All: A Comparison of Methods for Detecting Amino
Acid Sites Under Selection (2005). _Mol Biol Evol_ 22 (5): 1208-1222

- __Written by__: Sergei L Kosakovsky Pond and Simon DW Frost

- __Contact Information__: spond@temple.edu

- __Analysis Version__: 2.6


>code => Universal
>Loaded a multiple sequence alignment with **483** sequences, **466** codons, and **1** partitions from `/Users/alex/Documents/selection-tutorial/data/21-empirical/rbcL.nex`

>branches => All

>srv => Yes

>multiple-hits => None

>Select the p-value threshold to use when testing for selection (permissible range = [0,1], default value = 0.1): 
>pvalue => 0.1

>ci => No
Only analyze sites whose 1-based indices match the following list (null to skip) : 
>limit-to-sites => null
For sites whose 1-based indices match the following list, write out likelihood function snapshots (null string to skip) : 
>save-lf-for-sites => null

>[Advanced setting, will result in MUCH SLOWER run time] Perform parametric bootstrap resampling to derive site-level null LRT distributions up to this many replicates per site. Recommended use for small to medium (<30 sequences) datasets (permissible range = [0,1000], default value = 50, integer): 
>resample => 0


### Branches to include in the FEL analysis
Selected 963 branches to include in FEL calculations: `DIOCA_Z97637, DILDI_AJ235796, DILDI_AF093721, DILDI_AF095734, DILDI_L01903, Node10, Node8, Node6, VITVT_AJ419726, VITVT_AJ419721, Node18, HALSF_U26325, MANGE_AJ235774, LEDGE_L14708, Node26, COMMY_U26321, COMMY_U26338, Node32, LYTMY_AY036148, LYTMY_AY905410, Node36, LYTMY_AY905408, ONAMY_L10219, LYTMY_AY905406, Node43, LYTMY_L10226, LYTMY_L10218, Node47, LYTMY_AY905413, LYTMY_AY496864, LYTMY_AY905404, Node52, Node50, Node46, Node42, Node40, LYTMY_AY905411, Node39, Node35, Node31, VOCMY_U26324, PSIMY_U26333, MYTMY_U26315, Node60, MYTMY_U26317, MYTMY_AJ235785, Node64, MYTMY_U26318, Node63, Node59, Node57, MCYMY_U26327, MCYMY_AF270752, Node70, MSTMY_AF215521, MSTMY_AF215533, MSTMY_AF215537, MSTMY_AJ235777, Node78, Node76, MSTMY_U26323, MSTMY_U26330, Node84, MSTMY_AY456135, Node83, MSTMY_U26334, MSTMY_U26339, Node88, Node82, MSTMY_AF215516, Node81, Node75, Node73, Node69, ALZMY_U26316, PENMY_U26331, OLIMY_U26329, OLIMY_AF215546, Node97, Node95, Node93, CRYMY_AY078157, CRYMY_AY078153, Node100, Node92, Node68, Node56, Node30, BIESP_AF035920, SAPSP_U38922, SAPSP_AJ403001, SAPSP_AJ403008, Node111, SAPSP_AY724341, Node110, SAPSP_AY724366, Node109, Node107, ZYGZY_DQ267165, ANASP_AY462008, ANASP_U38928, Node120, BURSP_U38856, BURSP_U39276, Node123, Node119, Node117, MELSP_DQ238061, MELSP_AJ403017, Node128, MELSP_U38859, Node127, EBEER_AJ402968, RUTSP_U38860, RUTSP_AF066819, RUTSP_AF066812, Node139, Node137, Node135, RUTSP_AF066808, RUTSP_U38862, RUTSP_AF066814, RUTSP_U38861, Node146, Node144, Node142, Node134, RUTSP_U38863, RUTSP_AF123276, Node149, Node133, SIMSP_U38927, SIMSP_U38923, SIMSP_U38924, Node154, Node152, Node132, Node126, Node116, Node106, Node104, SARMV_U26337, DCPMV_AF030238, DCPMV_AJ247623, Node161, Node159, BONMA_AJ402990, THYMV_U26322, THYMV_AJ297230, Node167, Node165, MLVMV_AY328183, MLVMV_AY328175, MLVMV_AY328176, Node175, Node173, MLVMV_AY328190, MLVMV_AY328194, Node178, Node172, MLVMV_AY328174, Node171, MLVMV_AJ233145, Node170, Node164, Node158, SVDBR_X69755, GYRBR_L22439, BRABR_AY483263, BRABR_AJ235809, Node188, Node186, Node184, PETMV_AJ233158, Node183, Node157, Node103, Node29, Node25, GEICS_X83990, ZYGZY_AJ133855, ZYGZY_Y15019, ZYGZY_AF200471, ZYGZY_AY935748, Node199, Node197, Node195, VIOMA_L11674, VIOMA_Z75693, Node209, PFLMA_L01940, PFLMA_AF206802, TURMA_Z75691, Node214, Node212, Node208, ACHMA_AJ418802, ACHMA_AJ418803, Node218, ACHMA_AJ418799, ACHMA_AJ235781, Node221, Node217, Node207, SALMA_AF206726, SALMA_AJ418824, SALMA_AJ418839, Node226, Node224, Node206, BALMA_AF089760, IXOMA_Z75680, ERYMA_AJ402976, RHIMA_AF127695, RHIMA_AF206744, Node237, RHIMA_U26335, Node236, Node234, Node232, Node230, PHAMA_AY663605, PHAMA_AY663597, Node242, PODMA_U68083, PODMA_D89475, Node250, PODMA_U68089, Node249, HYPMA_AF518396, HYPMA_AF518382, Node255, HYPMA_AF206779, HYPMA_AF518395, Node258, Node254, Node248, CLUMA_AF518397, CLUMA_AF518388, Node264, CLUMA_AF518392, Node263, CLUMA_AF518386, CLUMA_AF518381, Node269, CLUMA_AF518390, CLUMA_AF518383, Node272, Node268, Node262, CLUMA_AY625029, CLUMA_AY625025, Node276, CLUMA_AF518393, CLUMA_AY625008, Node280, CLUMA_AY625011, CLUMA_AY625015, Node283, Node279, Node275, Node261, Node247, ELTMA_AJ402927, EUPMA_AY794909, EUPMA_AJ418806, Node289, EUPMA_AY794821, EUPMA_AY794831, Node292, Node288, Node286, Node246, MALMA_AF344511, MALMA_AF344470, MALMA_AF344507, Node302, MALMA_AF344467, Node301, MALMA_AF344483, MALMA_AF344519, Node306, Node300, MALMA_AF344474, Node299, Node297, PDSSF_AJ403018, Node296, IRVMA_AF123278, LOPMA_AY663643, Node311, Node295, Node245, Node241, Node229, Node205, LBOCE_AJ402966, CELCE_AY935727, PARCE_AY935732, CELCE_AJ235795, CELCE_AJ402994, Node321, CELCE_X69754, CELCE_X83996, Node324, Node320, Node318, Node316, Node314, Node204, ELCOX_AF206765, CUNOX_AY549641, CUNOX_AF291930, Node331, CUNOX_AF206759, Node330, Node328, CONOX_L29493, OXAOX_L01938, Node335, Node327, Node203, POLFB_L29492, POLFB_AJ235799, Node340, CAEFB_AY904379, CAEFB_AY904398, CAEFB_AY904416, CAEFB_AY904417, CAEFB_AY904420, Node353, Node351, CAEFB_AY904406, CAEFB_AY904402, Node356, Node350, Node348, CAEFB_AY904395, CAEFB_AY904376, Node359, Node347, Node345, CAEFB_AY904377, CAEFB_AY308532, Node362, Node344, PAPFB_U74258, PAPFB_Z95536, PAPFB_AB045801, PAPFB_U74197, Node369, Node367, Node365, Node343, Node339, ROSRO_AF132893, ROSRO_AY052506, ROSRO_AY052518, ROSRO_AY052513, ROSRO_AF329002, Node382, Node380, ROSRO_AF411503, Node379, ROSRO_AF411494, ROSRO_AF411490, ROSRO_AF411496, Node388, Node386, Node378, Node376, Node374, CANRO_AJ402933, MORRO_AF500345, MORRO_AF500348, MORRO_AF500349, Node398, Node396, Node394, URTRO_AY208707, URTRO_AY208704, Node402, URTRO_AY208700, Node401, Node393, ULMRO_AF500338, Node392, DIRRO_AJ225789, BARRO_AJ225788, Node409, RHARO_AJ225785, RHARO_AJ390030, RHARO_AJ390028, Node415, Node413, RHARO_AJ390038, RHARO_AJ390035, Node418, Node412, Node408, ELARO_U59821, RHARO_AJ390052, RHARO_U59819, Node423, Node421, Node407, Node391, Node373, NOTFA_L13348, JUGFA_AJ235790, CANRO_L12638, FAGFA_AY147096, Node431, Node429, Node427, ANICU_AY935742, CUCCU_AY862550, CUCCU_AF008958, CUCCU_AJ235782, Node439, Node437, Node435, BEGCU_AF534722, BEGCU_AF534740, Node443, COCCU_U06840, Node442, Node434, Node426, Node372, Node338, Node202, Node194, Node192, Node24, HCHGE_L14699, GERGE_L14703, GERGE_L14697, GERGE_L14693, GERGE_U77901, GERGE_U77902, GERGE_U77903, Node458, Node456, Node454, Node452, Node450, Node448, CSOCS_AY101845, Node447, Node23, Node21, Node17, SAXSF_AF374730, HAMSF_AM183407, HAMSF_AF060709, Node466, Node464, HAMSF_AF060708, Node463, HAMSF_AJ131772, Node462, Node16, PLAPR_L01943, DDYBX_AF061994, BUXBX_AF093733, BUXBX_AF203485, Node477, Node475, SABSB_AF206793, CAARA_AF093720, KGDRA_AF093719, Node488, LARRA_L37916, LARRA_L37921, Node492, LARRA_AF093731, Node491, Node487, RANRA_L75849, RANRA_AF093730, RANRA_AF079453, Node500, Node498, BERRA_L75871, BERRA_AF190442, BERRA_L37920, BERRA_L75843, Node509, Node507, BERRA_L75867, Node506, BERRA_L75868, BERRA_L75869, BERRA_AF079454, BERRA_AF093716, Node517, Node515, Node513, Node505, Node503, Node497, MSPRA_AF093726, MSPRA_L37923, Node520, Node496, Node486, EPTRA_AY048174, Node485, PPVRA_U86624, PPVRA_U86632, Node525, FUMRA_U86628, PTPRA_U86631, Node528, Node524, Node484, PROPR_U79178, PROPR_U79165, PROPR_U79166, PROPR_DQ099446, PROPR_U79173, Node538, PROPR_U79164, PROPR_U79174, PROPR_U79171, Node543, Node541, Node537, Node535, Node533, Node531, Node483, NYSCO_AF119178, BRACHYPODIUM_DISTACHYON_NC_011032, HORDEUM_VULGARE_NC_008590, Node550, ORYZA_SATIVA_JAPONICA_NC_001320, ZEA_MAYS_NC_001666, SORGHUM_BICOLOR_NC_008602, Node555, Node553, Node549, Node547, NELPR_DQ182337, Node546, Node482, Node480, Node474, Node472, GUNGU_AF307918, GUNGU_AY008156, Node560, GUNGU_AF060707, Node559, Node471, Node15, SANSL_L26067, SANSL_L26070, Node564, Node14, SPTER_Z83135, LECER_AF077656, LECER_AF077652, LECER_AF077653, LECER_Z80177, LECER_Z80181, LECER_AF022134, Node584, Node582, Node580, Node578, LECER_Z80202, LECER_Z80180, Node588, LECER_Z80183, Node587, Node577, Node575, Node573, PMOER_Z83144, MSNER_AF213821, MSNER_AF213820, MSNER_AF213809, MSNER_AF213807, MSNER_AF213806, Node604, Node602, Node600, Node598, MSNER_AF213813, MSNER_AF213814, MSNER_AF213812, MSNER_AF213811, Node613, MSNER_AF213810, Node612, Node610, Node608, MSNER_Z83145, Node607, Node597, PRMER_AF394965, PRMER_AF395006, Node620, PRMER_AF395005, Node619, PRMER_U96943, PRMER_AF213801, PRMER_AF394964, Node628, Node626, PRMER_AF394997, PRMER_AF395007, PRMER_AF394967, PRMER_AF394975, Node635, Node633, Node631, Node625, PRMER_AF213794, Node624, Node618, Node596, THPER_AF213819, THPER_AF213817, THPER_AF213815, Node642, Node640, THPER_AF213818, Node639, Node595, Node593, THEER_AF380041, THEER_AF380046, THEER_AF380066, Node649, Node647, DIAER_Z83132, DIAER_AY049795, Node653, CYRER_AY082698, ERIER_L12616, MSNER_L12598, ERIER_AF419819, Node664, ERIER_AF419814, Node663, ERIER_L12622, ERIER_AF419838, Node669, ERIER_AF419818, Node668, Node662, ERIER_L12601, ERIER_AF419834, Node675, ERIER_AF419827, ERIER_L12617, ERIER_AF419823, Node681, Node679, ERIER_AF419816, ERIER_AF419828, Node687, ERIER_U49293, ERIER_AF419832, ERIER_U49286, Node692, Node690, Node686, ERIER_AF419820, ERIER_AF419822, Node696, ERIER_AF419821, Node695, Node685, ERIER_U49285, ERIER_AF419826, ERIER_U49289, ERIER_U49288, ERIER_U49294, Node707, Node705, Node703, ERIER_U49292, ERIER_U49291, ERIER_U49287, Node713, Node711, ERIER_U49284, Node710, Node702, Node700, Node684, Node678, Node674, ERIER_U82766, ERIER_AF124587, ERIER_AF124583, Node722, ERIER_AF124589, ERIER_AF124588, Node726, ERIER_U82764, ERIER_AF124580, ERIER_AF124578, Node733, Node731, ERIER_L12626, ERIER_AF419812, Node737, ERIER_L12618, ERIER_AF124574, ERIER_AF124585, ERIER_AF124575, Node746, Node744, ERIER_U82765, Node743, Node741, ERIER_AF124576, ERIER_AF419836, ERIER_AF419837, Node754, Node752, ERIER_AF419835, ERIER_AF419811, Node757, Node751, ERIER_AF124579, Node750, Node740, Node736, Node730, ERIER_AF124581, ERIER_AF124577, Node762, ERIER_AF124573, Node761, Node729, Node725, Node721, ERIER_U79743, ERIER_U79741, ERIER_U80422, ERIER_U80423, Node772, ERIER_U80419, ERIER_U80418, Node776, ERIER_U80424, ERIER_AF156095, ERIER_U80427, Node783, ERIER_U80426, Node782, Node780, ERIER_L12621, ERIER_U80431, ERIER_U80428, ERIER_U80432, ERIER_U80430, ERIER_U80434, Node796, Node794, Node792, Node790, ERIER_U80433, ERIER_U81798, Node799, Node789, Node787, Node779, Node775, Node771, Node769, ERIER_U80421, Node768, Node766, Node720, ERIER_L12606, Node719, Node717, Node673, Node661, Node659, CTHER_Z80212, CTHER_AF421088, Node805, CYRER_L01900, ACTER_AF088852, Node808, Node804, Node658, Node656, Node652, Node646, Node592, Node572, TSTER_Z83149, SYMER_Z80192, Node812, SLAER_AF421108, PPLER_AF419239, Node816, SLAER_AF421109, Node815, Node811, Node571, PCIER_AJ428893, MGVER_Z80200, Node820, Node570, BERRA_AF203487, COMMY_AF281478, Node823, Node569, HANCO_AF323190, HANCO_AF323188, Node827, CRNCO_AY530929, CRNCO_L14395, Node831, CRNCO_AY530927, CRNCO_AF190433, CRNCO_L11217, Node836, Node834, Node830, Node826, Node568, BBOBB_AJ235773, Node567, Node13, Node5, SMDCA_AF093732, APECA_Z83150, PHYCA_Y13116, Node843, MOLCA_AF093727, AIZCA_M62572, SBTCA_AY270148, AIZCA_AJ235778, PHLCA_AJ235800, Node854, Node852, Node850, HPHCA_AJ403024, PORCA_M62568, Node857, Node849, Node847, CPHCA_M83541, AMACA_AY270111, AMACA_AY270074, AMACA_AB050127, AMACA_AY270117, Node868, Node866, Node864, AMACA_AY270118, Node863, AMACA_AY270133, AMACA_AY489263, Node873, AMACA_AY270083, AMACA_AY270131, AMACA_AY270127, Node879, Node877, AMACA_AY270087, AMACA_AY270130, Node882, Node876, Node872, Node862, Node860, Node846, Node842, Node840, Node4, DROCA_L01904, DROCA_L01914, DROCA_AY096106, Node888, DROCA_L01913, DROCA_L01906, Node892, DROCA_L01909, DROCA_AY096107, Node895, Node891, Node887, Node885, Node3, PLMCA_AJ312252, PLMCA_Z97641, PLMCA_Y16905, PGNCA_M77702, Node904, Node902, PLMCA_Z97642, PLMCA_AJ286357, PLMCA_AJ286360, Node912, Node910, PLMCA_Z97639, Node909, PLMCA_AJ286359, PLMCA_Z97646, PLMCA_AJ286363, PLMCA_Z97645, Node921, PLMCA_Z97643, PLMCA_Z97644, Node924, Node920, Node918, Node916, Node908, PLMCA_Y16909, PLMCA_Y16907, Node927, Node907, Node901, Node899, PGNCA_AF297137, PGNCA_Z97648, PGNCA_AF297146, Node934, PGNCA_Z97647, PGNCA_AF297150, Node937, Node933, Node931, PGNCA_AF297135, PGNCA_AF297124, PGNCA_AF297141, PGNCA_AF297149, Node946, Node944, Node942, PGNCA_AF297125, PGNCA_AF297128, PGNCA_AJ235789, Node952, Node950, PGNCA_AF297145, PGNCA_AF297144, Node956, PGNCA_AF297139, Node955, Node949, Node941, PLMCA_M77701, PGNCA_AF297147, Node960, Node940, Node930, Node898, Node2, ACCCA_AF206733`

>precision => standard


### Obtaining branch lengths and nucleotide substitution biases under the nucleotide GTR model

>kill-zero-lengths => Yes

### Deleted 20 zero-length internal branches: `Node146, Node207, Node229, Node279, Node347, Node362, Node42, Node496, Node573, Node582, Node633, Node685, Node722, Node725, Node730, Node771, Node796, Node811, Node815, Node924`
* Log(L) = -84171.84, AIC-c = 170288.48 (971 estimated parameters)
* 1 partition. Total tree length by partition (subs/site) 10.510

### Obtaining the global omega estimate based on relative GTR branch lengths and nucleotide substitution biases
* Log(L) = -79470.86, AIC-c = 160865.92 (958 estimated parameters)
* 1 partition. Total tree length by partition (subs/site) 10.876
* non-synonymous/synonymous rate ratio for *test* =   0.1890

>full-model => Yes

### Improving branch lengths, nucleotide substitution biases, and global dN/dS ratios under a full codon model
* Log(L) = -78901.56, AIC-c = 159727.33 (958 estimated parameters)
* 1 partition. Total tree length by partition (subs/site) 10.989
* non-synonymous/synonymous rate ratio for *test* =   0.1511

### For partition 1 these sites are significant at p <=0.1

|     Codon      |   Partition    |     alpha      |      beta      |      LRT       |Selection detected?|
|:--------------:|:--------------:|:--------------:|:--------------:|:--------------:|:-----------------:|
|       2        |       1        |        0.499   |        0.106   |        9.191   |  Neg. p = 0.0024  |
|       3        |       1        |        0.595   |        0.188   |        7.617   |  Neg. p = 0.0058  |
|       4        |       1        |        0.910   |        0.186   |       10.803   |  Neg. p = 0.0010  |
|       5        |       1        |        2.472   |        0.109   |       97.538   |  Neg. p = 0.0000  |
|       6        |       1        |        0.812   |        0.031   |       30.304   |  Neg. p = 0.0000  |
|       7        |       1        |        0.535   |        0.152   |        6.330   |  Neg. p = 0.0119  |
|       10       |       1        |        0.962   |        0.174   |       15.942   |  Neg. p = 0.0001  |
|       11       |       1        |        0.000   |        0.344   |        3.553   |  Pos. p = 0.0594  |
|       12       |       1        |        0.544   |        0.145   |       10.061   |  Neg. p = 0.0015  |
|       16       |       1        |        0.263   |        0.040   |        6.718   |  Neg. p = 0.0095  |
|       17       |       1        |        0.763   |        0.025   |       35.738   |  Neg. p = 0.0000  |
|       18       |       1        |        0.854   |        1.405   |        3.045   |  Pos. p = 0.0810  |
|       19       |       1        |        1.269   |        0.073   |       27.171   |  Neg. p = 0.0000  |
|       23       |       1        |        0.631   |        0.284   |        7.627   |  Neg. p = 0.0058  |
|       24       |       1        |        2.299   |        0.469   |       30.120   |  Neg. p = 0.0000  |
|       25       |       1        |        0.738   |        0.256   |        3.625   |  Neg. p = 0.0569  |
|       26       |       1        |        0.774   |        0.107   |       20.429   |  Neg. p = 0.0000  |
|       27       |       1        |        0.323   |        0.014   |        8.540   |  Neg. p = 0.0035  |
|       28       |       1        |        0.706   |        0.118   |       22.961   |  Neg. p = 0.0000  |
|       29       |       1        |        0.647   |        0.071   |       22.524   |  Neg. p = 0.0000  |
|       30       |       1        |        0.506   |        0.094   |       11.978   |  Neg. p = 0.0005  |
|       31       |       1        |        0.455   |        0.014   |       23.016   |  Neg. p = 0.0000  |
|       32       |       1        |        1.130   |        0.028   |       55.442   |  Neg. p = 0.0000  |
|       33       |       1        |        0.253   |        0.066   |        5.136   |  Neg. p = 0.0234  |
|       34       |       1        |        0.404   |        0.037   |       11.788   |  Neg. p = 0.0006  |
|       36       |       1        |        0.508   |        0.047   |       18.091   |  Neg. p = 0.0000  |
|       37       |       1        |        1.032   |        0.030   |       29.733   |  Neg. p = 0.0000  |
|       38       |       1        |        3.088   |        0.024   |      189.672   |  Neg. p = 0.0000  |
|       39       |       1        |        0.632   |        0.000   |       38.940   |  Neg. p = 0.0000  |
|       40       |       1        |        0.210   |        0.033   |        4.785   |  Neg. p = 0.0287  |
|       41       |       1        |        2.684   |        0.060   |      165.402   |  Neg. p = 0.0000  |
|       42       |       1        |        2.407   |        0.159   |       97.541   |  Neg. p = 0.0000  |
|       43       |       1        |        2.973   |        0.058   |      110.519   |  Neg. p = 0.0000  |
|       44       |       1        |        0.292   |        0.079   |        2.904   |  Neg. p = 0.0884  |
|       45       |       1        |        1.778   |        0.027   |       99.197   |  Neg. p = 0.0000  |
|       46       |       1        |        0.918   |        0.028   |       60.869   |  Neg. p = 0.0000  |
|       47       |       1        |        1.912   |        0.140   |       90.244   |  Neg. p = 0.0000  |
|       48       |       1        |        0.994   |        0.042   |       60.304   |  Neg. p = 0.0000  |
|       49       |       1        |        0.404   |        0.071   |        8.783   |  Neg. p = 0.0030  |
|       50       |       1        |        0.974   |        0.179   |       20.881   |  Neg. p = 0.0000  |
|       51       |       1        |        0.969   |        0.028   |       59.680   |  Neg. p = 0.0000  |
|       52       |       1        |        0.296   |        0.046   |        4.628   |  Neg. p = 0.0315  |
|       53       |       1        |        0.579   |        0.089   |       13.534   |  Neg. p = 0.0002  |
|       54       |       1        |        0.733   |        0.119   |       16.665   |  Neg. p = 0.0000  |
|       55       |       1        |        1.051   |        0.039   |       46.535   |  Neg. p = 0.0000  |
|       56       |       1        |        0.261   |        0.053   |        5.372   |  Neg. p = 0.0205  |
|       57       |       1        |        0.485   |        0.013   |       24.969   |  Neg. p = 0.0000  |
|       58       |       1        |    10000.000   |        0.014   |       23.443   |  Neg. p = 0.0000  |
|       59       |       1        |        0.359   |        0.013   |       18.033   |  Neg. p = 0.0000  |
|       60       |       1        |        1.365   |        0.364   |       21.560   |  Neg. p = 0.0000  |
|       61       |       1        |        0.545   |        0.016   |       31.839   |  Neg. p = 0.0000  |
|       63       |       1        |        0.851   |        0.026   |       57.414   |  Neg. p = 0.0000  |
|       64       |       1        |        2.342   |        0.000   |       98.005   |  Neg. p = 0.0000  |
|       65       |       1        |        0.962   |        0.000   |       66.722   |  Neg. p = 0.0000  |
|       66       |       1        |        0.457   |        0.015   |       20.622   |  Neg. p = 0.0000  |
|       67       |       1        |        0.476   |        0.000   |       39.865   |  Neg. p = 0.0000  |
|       68       |       1        |        1.443   |        0.239   |       34.518   |  Neg. p = 0.0000  |
|       69       |       1        |        0.464   |        0.014   |       20.946   |  Neg. p = 0.0000  |
|       70       |       1        |        0.412   |        0.028   |        9.485   |  Neg. p = 0.0021  |
|       71       |       1        |        0.464   |        0.000   |       30.042   |  Neg. p = 0.0000  |
|       72       |       1        |        0.576   |        0.072   |       15.733   |  Neg. p = 0.0001  |
|       73       |       1        |        0.712   |        0.014   |       23.886   |  Neg. p = 0.0000  |
|       74       |       1        |        1.057   |        0.043   |       52.686   |  Neg. p = 0.0000  |
|       75       |       1        |        0.588   |        0.064   |       21.965   |  Neg. p = 0.0000  |
|       76       |       1        |        0.197   |        0.040   |        4.301   |  Neg. p = 0.0381  |
|       77       |       1        |        0.943   |        0.000   |       52.876   |  Neg. p = 0.0000  |
|       78       |       1        |        0.488   |        0.982   |        5.173   |  Pos. p = 0.0229  |
|       79       |       1        |        1.218   |        0.235   |       34.163   |  Neg. p = 0.0000  |
|       80       |       1        |        0.606   |        0.107   |       14.300   |  Neg. p = 0.0002  |
|       81       |       1        |        1.804   |        0.121   |       95.673   |  Neg. p = 0.0000  |
|       84       |       1        |        0.799   |        0.030   |       37.815   |  Neg. p = 0.0000  |
|       85       |       1        |        0.682   |        0.215   |        5.328   |  Neg. p = 0.0210  |
|       87       |       1        |        0.411   |        0.986   |        3.535   |  Pos. p = 0.0601  |
|       89       |       1        |        0.327   |        1.407   |        9.623   |  Pos. p = 0.0019  |
|       90       |       1        |        0.597   |        0.088   |       11.885   |  Neg. p = 0.0006  |
|       93       |       1        |        0.595   |        0.034   |       23.269   |  Neg. p = 0.0000  |
|       94       |       1        |        0.493   |        0.000   |       30.531   |  Neg. p = 0.0000  |
|       95       |       1        |        1.811   |        0.035   |       76.571   |  Neg. p = 0.0000  |
|       96       |       1        |        1.715   |        0.061   |       95.358   |  Neg. p = 0.0000  |
|       97       |       1        |        0.274   |        0.073   |        3.557   |  Neg. p = 0.0593  |
|       98       |       1        |        0.627   |        0.125   |       15.708   |  Neg. p = 0.0001  |
|       99       |       1        |        0.420   |        0.000   |       24.245   |  Neg. p = 0.0000  |
|      101       |       1        |        0.499   |        0.060   |        8.868   |  Neg. p = 0.0029  |
|      102       |       1        |        1.924   |        0.108   |       45.855   |  Neg. p = 0.0000  |
|      103       |       1        |        0.472   |        0.040   |       16.369   |  Neg. p = 0.0001  |
|      104       |       1        |        1.133   |        0.075   |       40.184   |  Neg. p = 0.0000  |
|      106       |       1        |        0.579   |        0.013   |       28.979   |  Neg. p = 0.0000  |
|      107       |       1        |        1.184   |        0.037   |       61.437   |  Neg. p = 0.0000  |
|      110       |       1        |        0.517   |        0.067   |       14.173   |  Neg. p = 0.0002  |
|      111       |       1        |        0.694   |        0.088   |       29.592   |  Neg. p = 0.0000  |
|      112       |       1        |        0.481   |        0.044   |       13.157   |  Neg. p = 0.0003  |
|      113       |       1        |        1.271   |        0.068   |       64.079   |  Neg. p = 0.0000  |
|      114       |       1        |        0.687   |        0.054   |       24.523   |  Neg. p = 0.0000  |
|      115       |       1        |        1.745   |        0.068   |       47.504   |  Neg. p = 0.0000  |
|      116       |       1        |        1.010   |        0.051   |       40.352   |  Neg. p = 0.0000  |
|      118       |       1        |        1.170   |        0.014   |       86.241   |  Neg. p = 0.0000  |
|      119       |       1        |        0.371   |        0.081   |        7.541   |  Neg. p = 0.0060  |
|      120       |       1        |        0.647   |        0.027   |       19.694   |  Neg. p = 0.0000  |
|      121       |       1        |        0.687   |        0.071   |       33.910   |  Neg. p = 0.0000  |
|      122       |       1        |        0.885   |        0.037   |       49.400   |  Neg. p = 0.0000  |
|      123       |       1        |        1.365   |        0.161   |       58.730   |  Neg. p = 0.0000  |
|      124       |       1        |        0.531   |        0.070   |       14.453   |  Neg. p = 0.0001  |
|      125       |       1        |        0.922   |        0.186   |       22.673   |  Neg. p = 0.0000  |
|      126       |       1        |        0.660   |        0.085   |       18.977   |  Neg. p = 0.0000  |
|      127       |       1        |        0.959   |        0.036   |       55.187   |  Neg. p = 0.0000  |
|      128       |       1        |        1.354   |        0.028   |       60.461   |  Neg. p = 0.0000  |
|      130       |       1        |        1.128   |        0.089   |       50.047   |  Neg. p = 0.0000  |
|      132       |       1        |        0.821   |        0.328   |       10.220   |  Neg. p = 0.0014  |
|      133       |       1        |        1.480   |        0.025   |       80.718   |  Neg. p = 0.0000  |
|      134       |       1        |        1.445   |        2.239   |        4.256   |  Pos. p = 0.0391  |
|      135       |       1        |        0.911   |        0.519   |        3.998   |  Neg. p = 0.0456  |
|      136       |       1        |        0.544   |        0.036   |       11.605   |  Neg. p = 0.0007  |
|      137       |       1        |        1.495   |        3.305   |       15.673   |  Pos. p = 0.0001  |
|      139       |       1        |        0.733   |        0.053   |       27.296   |  Neg. p = 0.0000  |
|      140       |       1        |        0.799   |        0.081   |       28.216   |  Neg. p = 0.0000  |
|      141       |       1        |        0.727   |        0.271   |        3.993   |  Neg. p = 0.0457  |
|      142       |       1        |        2.270   |        0.028   |      153.079   |  Neg. p = 0.0000  |
|      143       |       1        |        1.905   |        0.025   |      140.621   |  Neg. p = 0.0000  |
|      144       |       1        |        1.091   |        0.085   |       39.319   |  Neg. p = 0.0000  |
|      145       |       1        |        3.842   |        0.049   |      146.785   |  Neg. p = 0.0000  |
|      146       |       1        |        2.250   |        0.054   |      136.518   |  Neg. p = 0.0000  |
|      147       |       1        |        0.303   |        0.116   |        4.183   |  Neg. p = 0.0408  |
|      148       |       1        |        1.879   |        0.014   |       66.978   |  Neg. p = 0.0000  |
|      149       |       1        |        0.429   |        0.034   |       13.711   |  Neg. p = 0.0002  |
|      150       |       1        |        1.505   |        0.014   |       69.781   |  Neg. p = 0.0000  |
|      151       |       1        |        0.502   |        0.012   |       24.144   |  Neg. p = 0.0000  |
|      152       |       1        |        0.329   |        0.014   |        8.661   |  Neg. p = 0.0033  |
|      153       |       1        |        0.899   |        0.054   |       22.823   |  Neg. p = 0.0000  |
|      154       |       1        |        0.313   |        0.067   |        7.853   |  Neg. p = 0.0051  |
|      155       |       1        |        0.433   |        0.108   |        8.559   |  Neg. p = 0.0034  |
|      156       |       1        |        1.211   |        0.050   |       52.021   |  Neg. p = 0.0000  |
|      157       |       1        |        4.540   |        0.054   |      127.935   |  Neg. p = 0.0000  |
|      158       |       1        |        2.513   |        0.041   |      142.889   |  Neg. p = 0.0000  |
|      159       |       1        |        1.211   |        0.050   |       64.053   |  Neg. p = 0.0000  |
|      160       |       1        |        1.095   |        0.074   |       64.331   |  Neg. p = 0.0000  |
|      161       |       1        |        0.697   |        0.094   |       24.084   |  Neg. p = 0.0000  |
|      162       |       1        |        0.707   |        0.105   |       21.207   |  Neg. p = 0.0000  |
|      163       |       1        |        0.754   |        0.089   |       24.706   |  Neg. p = 0.0000  |
|      164       |       1        |        0.834   |        0.027   |       25.175   |  Neg. p = 0.0000  |
|      165       |       1        |        0.994   |        0.077   |       34.500   |  Neg. p = 0.0000  |
|      167       |       1        |        0.705   |        0.069   |       13.461   |  Neg. p = 0.0002  |
|      168       |       1        |        2.725   |        0.012   |      156.697   |  Neg. p = 0.0000  |
|      169       |       1        |        0.294   |        0.068   |        3.343   |  Neg. p = 0.0675  |
|      170       |       1        |        0.547   |        0.067   |       18.971   |  Neg. p = 0.0000  |
|      171       |       1        |        1.014   |        0.014   |       73.570   |  Neg. p = 0.0000  |
|      172       |       1        |        0.612   |        0.117   |       11.277   |  Neg. p = 0.0008  |
|      173       |       1        |        2.115   |        0.088   |      117.687   |  Neg. p = 0.0000  |
|      174       |       1        |        0.514   |        0.054   |       16.379   |  Neg. p = 0.0001  |
|      175       |       1        |        0.944   |        0.099   |       28.013   |  Neg. p = 0.0000  |
|      176       |       1        |        0.778   |        0.038   |       31.026   |  Neg. p = 0.0000  |
|      177       |       1        |        2.925   |        0.088   |      115.133   |  Neg. p = 0.0000  |
|      178       |       1        |        1.116   |        0.013   |       63.547   |  Neg. p = 0.0000  |
|      179       |       1        |        1.039   |        0.025   |       52.680   |  Neg. p = 0.0000  |
|      180       |       1        |        3.509   |        0.135   |      158.178   |  Neg. p = 0.0000  |
|      182       |       1        |        0.411   |        0.110   |        3.028   |  Neg. p = 0.0819  |
|      183       |       1        |        0.614   |        0.000   |       24.111   |  Neg. p = 0.0000  |
|      184       |       1        |        0.636   |        0.107   |        9.041   |  Neg. p = 0.0026  |
|      185       |       1        |        1.754   |        0.121   |       78.752   |  Neg. p = 0.0000  |
|      186       |       1        |        1.727   |        0.060   |      112.616   |  Neg. p = 0.0000  |
|      187       |       1        |        0.745   |        0.027   |       35.010   |  Neg. p = 0.0000  |
|      188       |       1        |        0.688   |        0.000   |       41.966   |  Neg. p = 0.0000  |
|      190       |       1        |        0.481   |        0.041   |       10.966   |  Neg. p = 0.0009  |
|      191       |       1        |        0.325   |        0.062   |        3.847   |  Neg. p = 0.0498  |
|      192       |       1        |        0.705   |        0.065   |       37.561   |  Neg. p = 0.0000  |
|      193       |       1        |        1.227   |        0.041   |       37.892   |  Neg. p = 0.0000  |
|      194       |       1        |        0.849   |        0.000   |       33.945   |  Neg. p = 0.0000  |
|      195       |       1        |        0.315   |        0.014   |        8.530   |  Neg. p = 0.0035  |
|      196       |       1        |        1.907   |        0.000   |      102.119   |  Neg. p = 0.0000  |
|      197       |       1        |        1.163   |        0.060   |       55.817   |  Neg. p = 0.0000  |
|      198       |       1        |        0.843   |        0.034   |       47.280   |  Neg. p = 0.0000  |
|      199       |       1        |        0.818   |        0.037   |       40.115   |  Neg. p = 0.0000  |
|      200       |       1        |        0.771   |        0.089   |       33.442   |  Neg. p = 0.0000  |
|      201       |       1        |        1.027   |        0.029   |       31.148   |  Neg. p = 0.0000  |
|      202       |       1        |        0.989   |        0.012   |       60.135   |  Neg. p = 0.0000  |
|      205       |       1        |        0.765   |        0.024   |       38.058   |  Neg. p = 0.0000  |
|      207       |       1        |        0.704   |        0.063   |       22.452   |  Neg. p = 0.0000  |
|      208       |       1        |        1.487   |        0.138   |       54.906   |  Neg. p = 0.0000  |
|      209       |       1        |        0.720   |        0.072   |       24.564   |  Neg. p = 0.0000  |
|      210       |       1        |        0.289   |        0.080   |        5.149   |  Neg. p = 0.0233  |
|      212       |       1        |        0.609   |        0.032   |       15.685   |  Neg. p = 0.0001  |
|      214       |       1        |        0.919   |        0.208   |       26.610   |  Neg. p = 0.0000  |
|      216       |       1        |        4.037   |        0.124   |      172.050   |  Neg. p = 0.0000  |
|      217       |       1        |        0.255   |        2.114   |       33.072   |  Pos. p = 0.0000  |
|      218       |       1        |        0.346   |        1.347   |        7.619   |  Pos. p = 0.0058  |
|      219       |       1        |        0.313   |        0.057   |        4.229   |  Neg. p = 0.0397  |
|      221       |       1        |        1.227   |        0.092   |       43.556   |  Neg. p = 0.0000  |
|      222       |       1        |        2.085   |        0.577   |       33.473   |  Neg. p = 0.0000  |
|      223       |       1        |        0.308   |        0.063   |        3.666   |  Neg. p = 0.0555  |
|      224       |       1        |        2.287   |        0.053   |      115.294   |  Neg. p = 0.0000  |
|      225       |       1        |        1.158   |        0.027   |       56.123   |  Neg. p = 0.0000  |
|      226       |       1        |        0.297   |        0.031   |        5.983   |  Neg. p = 0.0144  |
|      227       |       1        |        0.528   |        0.043   |       25.206   |  Neg. p = 0.0000  |
|      228       |       1        |        1.529   |        0.111   |       33.771   |  Neg. p = 0.0000  |
|      229       |       1        |        1.582   |        0.000   |      117.477   |  Neg. p = 0.0000  |
|      231       |       1        |        0.605   |        0.036   |       22.685   |  Neg. p = 0.0000  |
|      232       |       1        |        0.495   |        0.119   |       10.645   |  Neg. p = 0.0011  |
|      233       |       1        |        1.026   |        0.108   |       19.897   |  Neg. p = 0.0000  |
|      234       |       1        |        0.752   |        0.055   |       26.942   |  Neg. p = 0.0000  |
|      235       |       1        |        0.574   |        0.066   |       17.582   |  Neg. p = 0.0000  |
|      236       |       1        |        2.197   |        0.013   |      132.755   |  Neg. p = 0.0000  |
|      237       |       1        |        0.260   |        0.054   |        5.245   |  Neg. p = 0.0220  |
|      238       |       1        |        0.554   |        0.067   |       16.854   |  Neg. p = 0.0000  |
|      239       |       1        |        2.793   |        0.570   |       50.873   |  Neg. p = 0.0000  |
|      240       |       1        |        1.088   |        0.187   |       14.944   |  Neg. p = 0.0001  |
|      244       |       1        |        0.582   |        0.072   |        9.089   |  Neg. p = 0.0026  |
|      245       |       1        |        1.341   |        0.058   |       72.591   |  Neg. p = 0.0000  |
|      246       |       1        |        1.145   |        0.041   |       50.436   |  Neg. p = 0.0000  |
|      249       |       1        |        0.896   |        0.054   |       52.505   |  Neg. p = 0.0000  |
|      250       |       1        |        0.755   |        0.174   |       11.432   |  Neg. p = 0.0007  |
|      251       |       1        |        1.386   |        0.170   |       23.726   |  Neg. p = 0.0000  |
|      252       |       1        |        1.109   |        0.055   |       48.969   |  Neg. p = 0.0000  |
|      253       |       1        |        1.132   |        0.119   |       38.512   |  Neg. p = 0.0000  |
|      255       |       1        |        1.275   |        0.024   |       67.230   |  Neg. p = 0.0000  |
|      256       |       1        |        0.439   |        0.042   |       20.137   |  Neg. p = 0.0000  |
|      259       |       1        |        2.736   |        0.000   |      108.069   |  Neg. p = 0.0000  |
|      260       |       1        |        0.469   |        0.074   |       13.832   |  Neg. p = 0.0002  |
|      261       |       1        |        0.998   |        0.071   |       33.582   |  Neg. p = 0.0000  |
|      262       |       1        |        0.463   |        0.189   |        3.566   |  Neg. p = 0.0590  |
|      263       |       1        |        1.527   |        0.026   |       88.444   |  Neg. p = 0.0000  |
|      264       |       1        |        1.106   |        0.013   |       80.743   |  Neg. p = 0.0000  |
|      265       |       1        |        0.593   |        0.015   |       29.748   |  Neg. p = 0.0000  |
|      266       |       1        |        0.454   |        0.027   |       20.983   |  Neg. p = 0.0000  |
|      267       |       1        |        1.647   |        0.091   |       70.037   |  Neg. p = 0.0000  |
|      268       |       1        |        0.544   |        0.124   |       10.931   |  Neg. p = 0.0009  |
|      269       |       1        |        0.435   |        0.069   |        6.241   |  Neg. p = 0.0125  |
|      270       |       1        |        1.149   |        0.026   |       57.427   |  Neg. p = 0.0000  |
|      271       |       1        |        1.305   |        0.883   |        3.046   |  Neg. p = 0.0809  |
|      272       |       1        |        0.914   |        0.034   |       45.008   |  Neg. p = 0.0000  |
|      275       |       1        |        0.106   |        0.000   |        3.863   |  Neg. p = 0.0494  |
|      276       |       1        |        0.595   |        0.064   |       20.360   |  Neg. p = 0.0000  |
|      277       |       1        |        0.894   |        0.051   |       43.425   |  Neg. p = 0.0000  |
|      278       |       1        |        0.717   |        0.191   |        6.042   |  Neg. p = 0.0140  |
|      279       |       1        |        1.371   |        0.054   |       35.990   |  Neg. p = 0.0000  |
|      280       |       1        |        1.285   |        0.068   |       64.086   |  Neg. p = 0.0000  |
|      281       |       1        |        0.823   |        0.038   |       37.085   |  Neg. p = 0.0000  |
|      283       |       1        |        0.492   |        0.075   |       12.553   |  Neg. p = 0.0004  |
|      284       |       1        |        0.584   |        0.043   |       26.841   |  Neg. p = 0.0000  |
|      285       |       1        |        0.746   |        0.029   |       42.755   |  Neg. p = 0.0000  |
|      286       |       1        |        2.984   |        0.023   |      153.582   |  Neg. p = 0.0000  |
|      287       |       1        |        1.248   |        0.061   |       61.837   |  Neg. p = 0.0000  |
|      288       |       1        |        0.322   |        0.042   |        9.860   |  Neg. p = 0.0017  |
|      290       |       1        |        1.238   |        0.038   |       37.934   |  Neg. p = 0.0000  |
|      291       |       1        |        1.443   |        0.056   |       65.667   |  Neg. p = 0.0000  |
|      293       |       1        |        0.364   |        0.093   |        4.605   |  Neg. p = 0.0319  |
|      295       |       1        |        0.505   |        0.053   |       14.508   |  Neg. p = 0.0001  |
|      296       |       1        |        0.808   |        0.053   |       30.805   |  Neg. p = 0.0000  |
|      297       |       1        |        1.768   |        0.155   |       52.838   |  Neg. p = 0.0000  |
|      298       |       1        |        1.447   |        0.113   |       30.195   |  Neg. p = 0.0000  |
|      299       |       1        |        1.144   |        0.025   |       37.399   |  Neg. p = 0.0000  |
|      300       |       1        |        0.433   |        0.042   |       13.949   |  Neg. p = 0.0002  |
|      301       |       1        |        3.967   |        0.934   |       16.032   |  Neg. p = 0.0001  |
|      302       |       1        |        0.796   |        0.178   |       16.003   |  Neg. p = 0.0001  |
|      303       |       1        |        3.310   |        0.030   |      132.652   |  Neg. p = 0.0000  |
|      304       |       1        |        1.442   |        0.037   |       69.480   |  Neg. p = 0.0000  |
|      305       |       1        |        0.359   |        0.000   |       20.685   |  Neg. p = 0.0000  |
|      306       |       1        |        0.814   |        0.019   |       42.682   |  Neg. p = 0.0000  |
|      307       |       1        |        0.933   |        0.113   |       26.933   |  Neg. p = 0.0000  |
|      308       |       1        |        0.555   |        0.028   |       16.041   |  Neg. p = 0.0001  |
|      309       |       1        |        1.907   |        0.285   |       67.639   |  Neg. p = 0.0000  |
|      310       |       1        |        1.063   |        0.122   |       26.057   |  Neg. p = 0.0000  |
|      311       |       1        |        0.705   |        0.012   |       36.911   |  Neg. p = 0.0000  |
|      313       |       1        |        1.005   |        0.030   |       44.746   |  Neg. p = 0.0000  |
|      314       |       1        |        1.591   |        0.000   |       93.673   |  Neg. p = 0.0000  |
|      315       |       1        |        0.824   |        0.061   |       30.949   |  Neg. p = 0.0000  |
|      316       |       1        |        1.791   |        0.073   |       45.188   |  Neg. p = 0.0000  |
|      319       |       1        |        0.971   |        0.012   |       58.318   |  Neg. p = 0.0000  |
|      320       |       1        |        3.493   |        1.497   |       25.007   |  Neg. p = 0.0000  |
|      321       |       1        |        0.432   |        0.013   |       19.715   |  Neg. p = 0.0000  |
|      322       |       1        |        1.506   |        0.039   |       90.786   |  Neg. p = 0.0000  |
|      323       |       1        |        0.236   |        0.035   |        6.016   |  Neg. p = 0.0142  |
|      324       |       1        |        0.503   |        0.052   |       15.752   |  Neg. p = 0.0001  |
|      325       |       1        |        0.478   |        0.041   |       16.434   |  Neg. p = 0.0001  |
|      326       |       1        |        0.588   |        0.054   |       12.714   |  Neg. p = 0.0004  |
|      327       |       1        |        1.009   |        0.046   |       42.735   |  Neg. p = 0.0000  |
|      328       |       1        |        1.345   |        0.031   |       41.082   |  Neg. p = 0.0000  |
|      329       |       1        |        1.323   |        0.068   |       73.885   |  Neg. p = 0.0000  |
|      330       |       1        |        0.502   |        0.096   |        6.343   |  Neg. p = 0.0118  |
|      331       |       1        |        1.412   |        0.050   |       65.462   |  Neg. p = 0.0000  |
|      332       |       1        |        2.767   |        1.208   |       11.857   |  Neg. p = 0.0006  |
|      333       |       1        |        1.738   |        0.126   |       75.182   |  Neg. p = 0.0000  |
|      334       |       1        |        0.422   |        0.026   |       17.698   |  Neg. p = 0.0000  |
|      335       |       1        |        1.452   |        0.076   |       57.727   |  Neg. p = 0.0000  |
|      336       |       1        |        1.145   |        0.055   |       68.210   |  Neg. p = 0.0000  |
|      337       |       1        |        0.441   |        0.064   |        6.422   |  Neg. p = 0.0113  |
|      340       |       1        |        0.377   |        0.072   |        6.869   |  Neg. p = 0.0088  |
|      341       |       1        |        1.498   |        0.152   |       56.984   |  Neg. p = 0.0000  |
|      342       |       1        |        1.420   |        0.036   |       68.849   |  Neg. p = 0.0000  |
|      343       |       1        |        1.088   |        0.244   |       10.244   |  Neg. p = 0.0014  |
|      344       |       1        |        0.411   |        0.087   |        4.837   |  Neg. p = 0.0279  |
|      345       |       1        |        0.222   |        0.800   |        4.929   |  Pos. p = 0.0264  |
|      346       |       1        |        0.135   |        1.024   |       15.125   |  Pos. p = 0.0001  |
|      349       |       1        |        1.971   |        0.055   |       73.698   |  Neg. p = 0.0000  |
|      350       |       1        |        0.737   |        0.194   |       13.615   |  Neg. p = 0.0002  |
|      351       |       1        |        0.901   |        0.523   |        3.554   |  Neg. p = 0.0594  |
|      352       |       1        |        1.232   |        0.037   |       86.732   |  Neg. p = 0.0000  |
|      353       |       1        |        0.530   |        0.014   |       25.460   |  Neg. p = 0.0000  |
|      354       |       1        |        0.499   |        0.106   |        7.728   |  Neg. p = 0.0054  |
|      356       |       1        |        0.483   |        0.053   |       16.517   |  Neg. p = 0.0000  |
|      357       |       1        |        0.902   |        0.285   |       10.713   |  Neg. p = 0.0011  |
|      358       |       1        |        0.611   |        0.028   |       16.082   |  Neg. p = 0.0001  |
|      359       |       1        |        1.399   |        0.338   |       13.926   |  Neg. p = 0.0002  |
|      361       |       1        |        0.771   |        0.051   |       37.176   |  Neg. p = 0.0000  |
|      362       |       1        |        0.850   |        0.029   |       41.988   |  Neg. p = 0.0000  |
|      363       |       1        |        1.486   |        0.780   |        7.258   |  Neg. p = 0.0071  |
|      364       |       1        |        2.943   |        0.049   |      165.133   |  Neg. p = 0.0000  |
|      365       |       1        |        1.391   |        0.013   |       74.277   |  Neg. p = 0.0000  |
|      366       |       1        |        0.365   |        0.068   |        7.417   |  Neg. p = 0.0065  |
|      367       |       1        |        2.662   |        1.090   |       22.088   |  Neg. p = 0.0000  |
|      368       |       1        |        1.912   |        0.049   |      127.068   |  Neg. p = 0.0000  |
|      369       |       1        |        0.815   |        0.102   |       29.753   |  Neg. p = 0.0000  |
|      370       |       1        |        0.373   |        0.095   |        5.885   |  Neg. p = 0.0153  |
|      371       |       1        |        2.895   |        0.020   |      147.439   |  Neg. p = 0.0000  |
|      372       |       1        |        1.490   |        0.056   |       92.358   |  Neg. p = 0.0000  |
|      373       |       1        |        0.487   |        0.014   |       22.793   |  Neg. p = 0.0000  |
|      375       |       1        |        0.946   |        0.011   |       59.747   |  Neg. p = 0.0000  |
|      376       |       1        |        0.209   |        0.016   |        6.807   |  Neg. p = 0.0091  |
|      378       |       1        |        0.329   |        0.025   |        7.348   |  Neg. p = 0.0067  |
|      380       |       1        |        2.858   |        0.160   |      123.110   |  Neg. p = 0.0000  |
|      381       |       1        |        0.624   |        0.083   |       17.448   |  Neg. p = 0.0000  |
|      382       |       1        |        0.666   |        0.054   |       31.920   |  Neg. p = 0.0000  |
|      383       |       1        |        0.542   |        0.013   |       39.921   |  Neg. p = 0.0000  |
|      384       |       1        |        1.073   |        0.014   |       56.115   |  Neg. p = 0.0000  |
|      385       |       1        |        0.431   |        0.029   |       21.711   |  Neg. p = 0.0000  |
|      386       |       1        |        0.649   |        0.062   |       12.212   |  Neg. p = 0.0005  |
|      387       |       1        |        1.361   |        0.042   |       76.313   |  Neg. p = 0.0000  |
|      388       |       1        |        1.522   |        0.059   |       38.574   |  Neg. p = 0.0000  |
|      389       |       1        |        0.501   |        0.078   |        6.398   |  Neg. p = 0.0114  |
|      390       |       1        |        1.135   |        0.279   |       27.233   |  Neg. p = 0.0000  |
|      391       |       1        |        0.321   |        0.000   |       18.130   |  Neg. p = 0.0000  |
|      392       |       1        |        1.081   |        0.057   |       49.852   |  Neg. p = 0.0000  |
|      393       |       1        |        0.969   |        0.028   |       36.821   |  Neg. p = 0.0000  |
|      394       |       1        |        2.235   |        0.028   |      121.125   |  Neg. p = 0.0000  |
|      395       |       1        |        1.897   |        0.040   |       99.463   |  Neg. p = 0.0000  |
|      396       |       1        |        1.138   |        0.046   |       51.832   |  Neg. p = 0.0000  |
|      397       |       1        |        0.769   |        0.059   |       28.820   |  Neg. p = 0.0000  |
|      398       |       1        |        0.692   |        0.000   |       41.949   |  Neg. p = 0.0000  |
|      399       |       1        |        0.703   |        0.117   |       14.295   |  Neg. p = 0.0002  |
|      400       |       1        |        1.826   |        0.057   |       95.280   |  Neg. p = 0.0000  |
|      401       |       1        |        1.809   |        0.094   |       76.976   |  Neg. p = 0.0000  |
|      402       |       1        |        0.956   |        0.012   |       56.177   |  Neg. p = 0.0000  |
|      403       |       1        |        5.388   |        0.085   |        4.758   |  Neg. p = 0.0292  |
|      404       |       1        |        1.274   |        0.186   |       32.716   |  Neg. p = 0.0000  |
|      405       |       1        |        0.445   |        0.055   |        7.474   |  Neg. p = 0.0063  |
|      406       |       1        |        1.281   |        0.194   |       34.962   |  Neg. p = 0.0000  |
|      407       |       1        |        2.270   |        0.024   |      165.228   |  Neg. p = 0.0000  |
|      408       |       1        |        0.735   |        0.082   |       22.448   |  Neg. p = 0.0000  |
|      409       |       1        |        1.237   |        0.141   |       50.309   |  Neg. p = 0.0000  |
|      410       |       1        |        0.550   |        0.087   |       13.509   |  Neg. p = 0.0002  |
|      411       |       1        |        1.189   |        0.070   |       48.693   |  Neg. p = 0.0000  |
|      412       |       1        |        0.830   |        0.055   |       19.800   |  Neg. p = 0.0000  |
|      413       |       1        |        0.447   |        0.051   |       16.554   |  Neg. p = 0.0000  |
|      414       |       1        |        1.384   |        0.070   |       53.856   |  Neg. p = 0.0000  |
|      415       |       1        |        0.906   |        0.082   |       30.746   |  Neg. p = 0.0000  |
|      416       |       1        |        0.744   |        0.192   |       14.303   |  Neg. p = 0.0002  |
|      418       |       1        |        0.835   |        0.070   |       33.989   |  Neg. p = 0.0000  |
|      419       |       1        |        0.618   |        0.068   |       11.825   |  Neg. p = 0.0006  |
|      420       |       1        |        0.725   |        0.160   |       13.726   |  Neg. p = 0.0002  |
|      421       |       1        |        1.185   |        0.290   |       11.212   |  Neg. p = 0.0008  |
|      422       |       1        |        0.429   |        0.070   |       10.143   |  Neg. p = 0.0014  |
|      423       |       1        |        0.432   |        0.025   |       17.635   |  Neg. p = 0.0000  |
|      424       |       1        |        0.543   |        0.042   |       11.710   |  Neg. p = 0.0006  |
|      425       |       1        |        2.153   |        0.128   |       74.200   |  Neg. p = 0.0000  |
|      426       |       1        |        1.374   |        0.000   |       83.533   |  Neg. p = 0.0000  |
|      427       |       1        |        1.663   |        0.091   |       62.832   |  Neg. p = 0.0000  |
|      428       |       1        |        0.785   |        0.103   |       12.152   |  Neg. p = 0.0005  |
|      429       |       1        |        0.327   |        0.062   |        5.476   |  Neg. p = 0.0193  |
|      430       |       1        |        0.444   |        0.043   |       13.916   |  Neg. p = 0.0002  |
|      431       |       1        |        1.608   |        0.452   |       23.935   |  Neg. p = 0.0000  |
|      432       |       1        |        1.763   |        0.280   |       35.939   |  Neg. p = 0.0000  |
|      433       |       1        |        0.557   |        0.014   |       25.680   |  Neg. p = 0.0000  |
|      434       |       1        |        0.389   |        0.056   |        6.559   |  Neg. p = 0.0104  |
|      437       |       1        |        1.648   |        0.030   |       95.664   |  Neg. p = 0.0000  |
|      438       |       1        |        2.425   |        0.103   |      107.468   |  Neg. p = 0.0000  |
|      439       |       1        |        1.667   |        0.572   |       15.876   |  Neg. p = 0.0001  |
|      440       |       1        |        0.769   |        0.015   |       34.970   |  Neg. p = 0.0000  |
|      441       |       1        |        1.158   |        1.770   |        4.126   |  Pos. p = 0.0422  |
|      444       |       1        |        1.490   |        0.064   |       38.999   |  Neg. p = 0.0000  |
|      445       |       1        |        1.409   |        0.359   |       19.619   |  Neg. p = 0.0000  |
|      446       |       1        |        1.451   |        0.051   |       35.188   |  Neg. p = 0.0000  |
|      447       |       1        |        1.318   |        0.041   |       61.595   |  Neg. p = 0.0000  |
|      448       |       1        |        0.649   |        0.173   |        8.926   |  Neg. p = 0.0028  |
|      449       |       1        |        1.025   |        0.078   |       33.450   |  Neg. p = 0.0000  |
|      450       |       1        |        0.364   |        0.078   |        6.073   |  Neg. p = 0.0137  |
|      451       |       1        |        0.844   |        0.137   |       10.466   |  Neg. p = 0.0012  |
|      452       |       1        |        2.829   |        0.152   |       75.631   |  Neg. p = 0.0000  |
|      454       |       1        |      138.192   |        0.065   |       19.797   |  Neg. p = 0.0000  |
|      455       |       1        |        2.208   |        0.071   |       85.007   |  Neg. p = 0.0000  |
|      456       |       1        |        1.918   |        0.257   |       39.151   |  Neg. p = 0.0000  |
|      457       |       1        |        0.687   |        0.110   |       17.813   |  Neg. p = 0.0000  |
|      459       |       1        |        1.060   |        0.154   |       13.952   |  Neg. p = 0.0002  |

### ** Found _12_ sites under pervasive positive diversifying and _378_ sites under negative selection at p <= 0.1**
