
Analysis Description
--------------------
BUSTED (branch-site unrestricted statistical test of episodic
diversification) uses a random effects branch-site model fitted jointly
to all or a subset of tree branches in order to test for alignment-wide
evidence of episodic diversifying selection. Assuming there is evidence
of positive selection (i.e. there is an omega > 1), BUSTED will also
perform a quick evidence-ratio style analysis to explore which
individual sites may have been subject to selection. Version 2.0 adds
support for synonymous rate variation, and relaxes the test statistic to
0.5 (chi^2_0 + chi^2_2). Version 2.1 adds a grid search for the initial
starting point. Version 2.2 changes the grid search to LHC, and adds an
initial search phase to use adaptive Nedler-Mead. Version 3.0 implements
the option for branch-site variation in synonymous substitution rates.
Version 3.1 adds HMM auto-correlation option for SRV, and binds SRV
distributions for multiple branch sets. Version 4.0 adds support for
multiple hits (MH), ancestral state reconstruction saved to JSON, and
profiling of branch-site level support for selection / multiple hits.
Version 4.2 adds calculation of MH-attributable fractions of
substitutions. Version 4.5 adds an 'error absorption' component. Version
4.6 adds support for MSS-type models. Version 4.7 adds user configurable
options for the error class. 

- __Requirements__: in-frame codon alignment and a phylogenetic tree (optionally annotated
with {})

- __Citation__: *Gene-wide identification of episodic selection*, Mol Biol Evol.
32(5):1365-71, *Synonymous Site-to-Site Substitution Rate Variation
Dramatically Inflates False Positive Rates of Selection Analyses: Ignore
at Your Own Peril*, Mol Biol Evol. 37(8):2430-2439

- __Written by__: Sergei L Kosakovsky Pond

- __Contact Information__: spond@temple.edu

- __Analysis Version__: 4.7


>code => Universal
>Loaded a multiple sequence alignment with **54** sequences, **412** codons, and **1** partitions from `/Users/alex/Documents/selection-tutorial/data/21-empirical/rbp3.nex`

>branches => All

>srv => Yes
The number omega rate classes to include in the model (permissible range = [1,10], default value = 3, integer): 
>rates => 3

>multiple-hits => Double+Triple

>mss => No
The number alpha rate classes to include in the model [1-10, default 3] (permissible range = [1,10], default value = 3, integer): 
>syn-rates => 3

>error-sink => No
The number of points in the initial distributional guess for likelihood fitting (permissible range = [1,10000], default value = 250, integer): 
>grid-size => 250
The number of initial random guesses to 'seed' rate values optimization (permissible range = [1,25], default value = 1, integer): 
>starting-points => 1


### Branches to test for selection in the BUSTED analysis
* Selected 105 branches to test in the BUSTED analysis: `MACROSCELIDES, ELEPHANTULUS, ORYCTEROPUS, PROCAVIA, TRICHECHUS, LOXODONTA, Node8, Node6, Node4, CHOLOEPUSDI, TAMANDUA, MYRMECOPHAGA, Node14, Node12, OTOLEMUR, MICROCEBUS, LEMUR, Node22, Node20, TARSIUS, CALLITHRIX, MACACA, PONGO, GORILLA, HOMO, PAN, Node35, Node33, Node31, Node29, Node27, Node25, Node19, OCHOTONA, ORYCTOLAGUS, Node40, HYSTRIX, ERETHIZON, HYDROCHOERUS, CAVIA, Node48, Node46, Node44, PEDETES, DIPODOMYS, RATTUS, MUS, Node56, Node54, TAMIAS, SPERMOPHILUS, Node60, CASTOR, MUSCARDINUS, Node63, Node59, Node53, Node51, Node43, Node39, CYNOCEPHALUS, GALEOPTERUS, Node67, TUPAIA, Node66, Node38, Node18, PANTHERA, FELIS, Node73, AILUROPODA, CANIS, Node76, Node72, TADARIDA, PTEROPUS, MEGADERMA, Node83, Node81, EQUUS, TAPIRUS, Node86, Node80, ERINACEUS, SOREX, Node90, LAMA, SUS, BOS, HIPPOPOTAMUS, TURSIOPS, MEGAPTERA, Node102, Node100, Node98, Node96, Node94, MANIS, Node93, Node89, Node79, Node71, Node17, Node11, Node3`


### Obtaining branch lengths and nucleotide substitution biases under the nucleotide GTR model

>kill-zero-lengths => Yes
* Log(L) = -23425.29, AIC-c = 47076.96 (113 estimated parameters)
* 1 partition. Total tree length by partition (subs/site)  4.132

### Obtaining the global omega estimate based on relative GTR branch lengths and nucleotide substitution biases
* Log(L) = -21839.86, AIC-c = 43921.04 (120 estimated parameters)
* 1 partition. Total tree length by partition (subs/site)  4.506
* non-synonymous/synonymous rate ratio for *test* =   0.1665

### Improving branch lengths, nucleotide substitution biases, and global dN/dS ratios under a full codon model
* Log(L) = -21745.82, AIC-c = 43732.96 (120 estimated parameters)
* non-synonymous/synonymous rate ratio for *test* =   0.1521

### Performing the full (dN/dS > 1 allowed) branch-site model fit
* Log(L) = -21409.97, AIC-c = 43083.50 (131 estimated parameters)
* For *test* branches, the following rate distribution for branch-site combinations was inferred


### Partition-level rates for multiple-hit substitutions
* rate at which 2 nucleotides are changed instantly within a single codon :   0.1253
* Corresponding fraction of substitutions :  1.433%
* rate at which 3 nucleotides are changed instantly within a single codon :   0.0661
* Corresponding fraction of substitutions :  0.064%

|          Selection mode           |     dN/dS     |Proportion, %|               Notes               |
|-----------------------------------|---------------|-------------|-----------------------------------|
|        Negative selection         |     0.136     |   100.000   |                                   |
|        Negative selection         |     0.541     |    0.000    |       Not supported by data       |
|      Diversifying selection       |     4.415     |    0.000    |       Not supported by data       |

* The following rate distribution for site-to-site **synonymous** rate variation was inferred

|               Rate                | Proportion, % |               Notes               |
|-----------------------------------|---------------|-----------------------------------|
|               0.561               |    54.559     |                                   |
|               1.335               |    39.875     |                                   |
|               2.902               |     5.566     |                                   |


### No evidence for episodic diversifying positive selection under the unconstrained model, skipping constrained model fitting
----
## Branch-site unrestricted statistical test of episodic diversification [BUSTED]
Likelihood ratio test for episodic diversifying positive selection, **p =   0.5000**.
