
Analysis Description
--------------------
SLAC (Single Likelihood Ancestor Counting) uses a maximum likelihood
ancestral state reconstruction and minimum path substitution counting to
estimate site - level dS and dN, and applies a simple binomial - based
test to test if dS differs drom dN. The estimates aggregate information
over all branches, so the signal is derived from pervasive
diversification or conservation. A subset of branches can be selected
for testing as well. Multiple partitions within a NEXUS file are also
supported for recombination - aware analysis. 

- __Requirements__: in-frame codon alignment and a phylogenetic tree

- __Citation__: Not So Different After All: A Comparison of Methods for Detecting Amino
Acid Sites Under Selection (2005). _Mol Biol Evol_ 22 (5): 1208-1222

- __Written by__: Sergei L Kosakovsky Pond and Simon DW Frost

- __Contact Information__: spond@temple.edu

- __Analysis Version__: 2.00


>code => Universal
>Loaded a multiple sequence alignment with **54** sequences, **412** codons, and **1** partitions from `/Users/alex/Documents/selection-tutorial/data/21-empirical/rbp3.nex`

>branches => All

>Select the number of samples used to assess ancestral reconstruction uncertainty [select 0 to skip] (permissible range = [0,100000], default value = 100, integer): 
>samples => 100

>Select the p-value threshold to use when testing for selection (permissible range = [0,1], default value = 0.1): 
>pvalue => 0.1


### Branches to include in the SLAC analysis
Selected 105 branches to include in SLAC calculations: `MACROSCELIDES, ELEPHANTULUS, ORYCTEROPUS, PROCAVIA, TRICHECHUS, LOXODONTA, Node8, Node6, Node4, CHOLOEPUSDI, TAMANDUA, MYRMECOPHAGA, Node14, Node12, OTOLEMUR, MICROCEBUS, LEMUR, Node22, Node20, TARSIUS, CALLITHRIX, MACACA, PONGO, GORILLA, HOMO, PAN, Node35, Node33, Node31, Node29, Node27, Node25, Node19, OCHOTONA, ORYCTOLAGUS, Node40, HYSTRIX, ERETHIZON, HYDROCHOERUS, CAVIA, Node48, Node46, Node44, PEDETES, DIPODOMYS, RATTUS, MUS, Node56, Node54, TAMIAS, SPERMOPHILUS, Node60, CASTOR, MUSCARDINUS, Node63, Node59, Node53, Node51, Node43, Node39, CYNOCEPHALUS, GALEOPTERUS, Node67, TUPAIA, Node66, Node38, Node18, PANTHERA, FELIS, Node73, AILUROPODA, CANIS, Node76, Node72, TADARIDA, PTEROPUS, MEGADERMA, Node83, Node81, EQUUS, TAPIRUS, Node86, Node80, ERINACEUS, SOREX, Node90, LAMA, SUS, BOS, HIPPOPOTAMUS, TURSIOPS, MEGAPTERA, Node102, Node100, Node98, Node96, Node94, MANIS, Node93, Node89, Node79, Node71, Node17, Node11, Node3`


### Obtaining branch lengths and nucleotide substitution biases under the nucleotide GTR model

>kill-zero-lengths => Yes
* Log(L) = -23425.29, AIC-c = 47076.96 (113 estimated parameters)
* 1 partition. Total tree length by partition (subs/site)  4.132

### Obtaining the global omega estimate based on relative GTR branch lengths and nucleotide substitution biases
* Log(L) = -21839.86, AIC-c = 43921.04 (120 estimated parameters)
* 1 partition. Total tree length by partition (subs/site)  4.506
* non-synonymous/synonymous rate ratio for *test* =   0.1665

### Performing joint maximum likelihood ancestral state reconstruction

### For partition 1 these sites are significant at p <=0.1

|     Codon      |   Partition    |       S        |       N        |       dS       |       dN       |Selection detected?|
|:--------------:|:--------------:|:--------------:|:--------------:|:--------------:|:--------------:|:-----------------:|
|       1        |       1        |     12.000     |     0.000      |     12.000     |     0.000      |  Neg. p = 0.000   |
|       4        |       1        |     5.000      |     0.000      |     3.252      |     0.000      |  Neg. p = 0.035   |
|       6        |       1        |     5.000      |     0.000      |     5.000      |     0.000      |  Neg. p = 0.004   |
|       8        |       1        |     3.000      |     1.000      |     4.577      |     0.566      |  Neg. p = 0.063   |
|       11       |       1        |     9.000      |     0.000      |     11.324     |     0.000      |  Neg. p = 0.000   |
|       14       |       1        |     7.000      |     3.000      |     7.000      |     1.500      |  Neg. p = 0.020   |
|       16       |       1        |     4.000      |     2.000      |     5.513      |     0.903      |  Neg. p = 0.036   |
|       17       |       1        |     9.000      |     2.000      |     12.605     |     0.875      |  Neg. p = 0.000   |
|       20       |       1        |     6.000      |     1.000      |     7.212      |     0.461      |  Neg. p = 0.002   |
|       21       |       1        |     11.000     |     0.000      |     7.010      |     0.000      |  Neg. p = 0.001   |
|       24       |       1        |     13.000     |     3.000      |     13.000     |     1.793      |  Neg. p = 0.000   |
|       25       |       1        |     3.000      |     0.000      |     4.862      |     0.000      |  Neg. p = 0.009   |
|       26       |       1        |     9.000      |     0.000      |     9.000      |     0.000      |  Neg. p = 0.000   |
|       28       |       1        |     12.833     |     4.167      |     12.917     |     2.077      |  Neg. p = 0.001   |
|       30       |       1        |     4.000      |     0.000      |     4.000      |     0.000      |  Neg. p = 0.012   |
|       31       |       1        |     9.000      |     12.000     |     11.780     |     5.561      |  Neg. p = 0.072   |
|       33       |       1        |     7.000      |     0.000      |     4.509      |     0.000      |  Neg. p = 0.010   |
|       34       |       1        |     16.000     |     0.000      |     16.000     |     0.000      |  Neg. p = 0.000   |
|       35       |       1        |     15.000     |     12.000     |     15.544     |     5.897      |  Neg. p = 0.010   |
|       36       |       1        |     9.000      |     0.000      |     9.000      |     0.000      |  Neg. p = 0.000   |
|       37       |       1        |     8.000      |     4.000      |     7.720      |     2.037      |  Neg. p = 0.023   |
|       38       |       1        |     6.000      |     0.000      |     9.137      |     0.000      |  Neg. p = 0.000   |
|       40       |       1        |     6.000      |     2.000      |     6.066      |     0.996      |  Neg. p = 0.019   |
|       41       |       1        |     14.000     |     1.000      |     9.473      |     0.682      |  Neg. p = 0.001   |
|       42       |       1        |     12.000     |     1.000      |     16.789     |     0.438      |  Neg. p = 0.000   |
|       43       |       1        |     2.000      |     0.000      |     3.261      |     0.000      |  Neg. p = 0.042   |
|       44       |       1        |     8.000      |     0.000      |     8.000      |     0.000      |  Neg. p = 0.000   |
|       45       |       1        |     7.000      |     1.000      |     6.866      |     0.519      |  Neg. p = 0.003   |
|       46       |       1        |     6.000      |     0.000      |     3.788      |     0.000      |  Neg. p = 0.022   |
|       49       |       1        |     3.000      |     0.000      |     3.000      |     0.000      |  Neg. p = 0.038   |
|       50       |       1        |     12.000     |     0.000      |     15.735     |     0.000      |  Neg. p = 0.000   |
|       51       |       1        |     3.000      |     0.000      |     4.592      |     0.000      |  Neg. p = 0.012   |
|       53       |       1        |     6.000      |     2.000      |     9.068      |     0.855      |  Neg. p = 0.002   |
|       55       |       1        |     13.000     |     8.000      |     10.940     |     4.416      |  Neg. p = 0.032   |
|       62       |       1        |     10.000     |     6.000      |     9.941      |     3.015      |  Neg. p = 0.017   |
|       63       |       1        |     9.500      |     9.500      |     9.632      |     4.729      |  Neg. p = 0.099   |
|       65       |       1        |     1.500      |     19.500     |     1.638      |     9.373      |  Pos. p = 0.014   |
|       66       |       1        |     5.000      |     7.000      |     8.072      |     2.940      |  Neg. p = 0.081   |
|       67       |       1        |     5.000      |     1.000      |     4.944      |     0.503      |  Neg. p = 0.019   |
|       68       |       1        |     10.000     |     3.000      |     10.265     |     1.492      |  Neg. p = 0.001   |
|       70       |       1        |     4.000      |     2.000      |     6.094      |     0.896      |  Neg. p = 0.027   |
|       71       |       1        |     10.000     |     3.000      |     14.019     |     1.406      |  Neg. p = 0.000   |
|       73       |       1        |     17.000     |     2.000      |     14.448     |     1.097      |  Neg. p = 0.000   |
|       74       |       1        |     10.667     |     9.333      |     11.091     |     4.581      |  Neg. p = 0.043   |
|       81       |       1        |     0.000      |     13.000     |     0.000      |     5.982      |  Pos. p = 0.016   |
|       82       |       1        |     11.000     |     7.000      |     14.642     |     3.209      |  Neg. p = 0.002   |
|       85       |       1        |     4.000      |     0.000      |     2.515      |     0.000      |  Neg. p = 0.079   |
|       86       |       1        |     5.000      |     3.000      |     7.394      |     1.357      |  Neg. p = 0.021   |
|       88       |       1        |     21.000     |     2.000      |     28.929     |     0.879      |  Neg. p = 0.000   |
|       92       |       1        |     9.000      |     0.000      |     5.653      |     0.000      |  Neg. p = 0.003   |
|       93       |       1        |     18.000     |     2.000      |     16.261     |     1.113      |  Neg. p = 0.000   |
|       94       |       1        |     5.000      |     3.000      |     5.162      |     1.477      |  Neg. p = 0.078   |
|       95       |       1        |     11.000     |     1.000      |     16.370     |     0.430      |  Neg. p = 0.000   |
|       98       |       1        |     20.000     |     1.000      |     20.000     |     0.501      |  Neg. p = 0.000   |
|      100       |       1        |     5.000      |     3.000      |     7.556      |     1.720      |  Neg. p = 0.041   |
|      101       |       1        |     7.000      |     1.000      |     10.650     |     0.450      |  Neg. p = 0.000   |
|      102       |       1        |     8.000      |     2.000      |     8.004      |     1.001      |  Neg. p = 0.003   |
|      107       |       1        |     10.000     |     3.000      |     10.145     |     1.494      |  Neg. p = 0.001   |
|      110       |       1        |     8.000      |     0.000      |     5.042      |     0.000      |  Neg. p = 0.006   |
|      113       |       1        |     10.000     |     11.000     |     14.737     |     4.786      |  Neg. p = 0.011   |
|      118       |       1        |     6.000      |     0.000      |     5.766      |     0.000      |  Neg. p = 0.002   |
|      121       |       1        |     5.000      |     1.000      |     5.000      |     0.500      |  Neg. p = 0.018   |
|      122       |       1        |     12.000     |     2.000      |     12.015     |     1.005      |  Neg. p = 0.000   |
|      124       |       1        |     11.000     |     0.000      |     7.565      |     0.000      |  Neg. p = 0.000   |
|      126       |       1        |     6.000      |     0.000      |     3.744      |     0.000      |  Neg. p = 0.023   |
|      127       |       1        |     6.000      |     0.000      |     8.570      |     0.000      |  Neg. p = 0.000   |
|      128       |       1        |     6.000      |     0.000      |     5.417      |     0.000      |  Neg. p = 0.003   |
|      129       |       1        |     18.000     |     0.000      |     15.683     |     0.000      |  Neg. p = 0.000   |
|      131       |       1        |     6.000      |     0.000      |     9.682      |     0.000      |  Neg. p = 0.000   |
|      132       |       1        |     18.000     |     9.000      |     18.099     |     4.488      |  Neg. p = 0.000   |
|      133       |       1        |     12.000     |     8.000      |     12.364     |     3.965      |  Neg. p = 0.010   |
|      134       |       1        |     7.000      |     0.000      |     7.000      |     0.000      |  Neg. p = 0.000   |
|      135       |       1        |     9.000      |     8.000      |     13.621     |     3.526      |  Neg. p = 0.006   |
|      136       |       1        |     10.000     |     5.000      |     10.163     |     2.480      |  Neg. p = 0.007   |
|      137       |       1        |     12.000     |     0.000      |     12.000     |     0.000      |  Neg. p = 0.000   |
|      138       |       1        |     7.000      |     2.000      |     7.378      |     0.976      |  Neg. p = 0.006   |
|      139       |       1        |     3.000      |     1.000      |     3.784      |     0.453      |  Neg. p = 0.059   |
|      140       |       1        |     8.000      |     2.000      |     8.000      |     1.000      |  Neg. p = 0.003   |
|      141       |       1        |     13.000     |     0.000      |     19.575     |     0.000      |  Neg. p = 0.000   |
|      144       |       1        |     4.000      |     0.000      |     4.000      |     0.000      |  Neg. p = 0.012   |
|      145       |       1        |     2.000      |     0.000      |     3.255      |     0.000      |  Neg. p = 0.055   |
|      146       |       1        |     7.000      |     0.000      |     4.386      |     0.000      |  Neg. p = 0.012   |
|      148       |       1        |     12.000     |     2.000      |     12.000     |     1.004      |  Neg. p = 0.000   |
|      149       |       1        |     7.000      |     5.000      |     7.121      |     2.511      |  Neg. p = 0.064   |
|      151       |       1        |     17.000     |     1.000      |     17.000     |     0.502      |  Neg. p = 0.000   |
|      154       |       1        |     13.000     |     0.000      |     19.674     |     0.000      |  Neg. p = 0.000   |
|      155       |       1        |     5.000      |     0.000      |     5.000      |     0.000      |  Neg. p = 0.004   |
|      156       |       1        |     9.000      |     0.000      |     14.230     |     0.000      |  Neg. p = 0.000   |
|      159       |       1        |     10.000     |     0.000      |     15.782     |     0.000      |  Neg. p = 0.000   |
|      161       |       1        |     8.000      |     2.000      |     7.988      |     1.003      |  Neg. p = 0.003   |
|      163       |       1        |     3.000      |     0.000      |     3.000      |     0.000      |  Neg. p = 0.037   |
|      164       |       1        |     10.000     |     1.000      |     14.973     |     0.429      |  Neg. p = 0.000   |
|      165       |       1        |     11.000     |     2.000      |     11.130     |     0.995      |  Neg. p = 0.000   |
|      166       |       1        |     4.000      |     0.000      |     4.000      |     0.000      |  Neg. p = 0.012   |
|      167       |       1        |     9.000      |     1.000      |     9.041      |     0.499      |  Neg. p = 0.000   |
|      171       |       1        |     3.000      |     0.000      |     3.000      |     0.000      |  Neg. p = 0.037   |
|      172       |       1        |     13.000     |     0.000      |     8.662      |     0.000      |  Neg. p = 0.000   |
|      173       |       1        |     14.000     |     1.000      |     14.000     |     0.500      |  Neg. p = 0.000   |
|      177       |       1        |     7.000      |     3.000      |     7.039      |     1.574      |  Neg. p = 0.023   |
|      179       |       1        |     11.000     |     3.000      |     12.346     |     1.431      |  Neg. p = 0.000   |
|      180       |       1        |     5.000      |     0.000      |     7.961      |     0.000      |  Neg. p = 0.001   |
|      181       |       1        |     8.000      |     7.000      |     10.272     |     3.151      |  Neg. p = 0.022   |
|      182       |       1        |     19.000     |     4.000      |     19.000     |     2.000      |  Neg. p = 0.000   |
|      184       |       1        |     5.000      |     1.000      |     7.573      |     0.441      |  Neg. p = 0.003   |
|      185       |       1        |     12.000     |     0.000      |     15.949     |     0.000      |  Neg. p = 0.000   |
|      189       |       1        |     3.000      |     0.000      |     2.866      |     0.000      |  Neg. p = 0.042   |
|      191       |       1        |     17.000     |     0.000      |     23.474     |     0.000      |  Neg. p = 0.000   |
|      194       |       1        |     20.000     |     0.000      |     20.000     |     0.000      |  Neg. p = 0.000   |
|      195       |       1        |     8.000      |     4.000      |     8.130      |     1.995      |  Neg. p = 0.017   |
|      196       |       1        |     10.000     |     0.000      |     10.000     |     0.000      |  Neg. p = 0.000   |
|      197       |       1        |     6.000      |     0.000      |     6.000      |     0.000      |  Neg. p = 0.001   |
|      198       |       1        |     16.000     |     0.000      |     16.000     |     0.000      |  Neg. p = 0.000   |
|      199       |       1        |     2.000      |     0.000      |     3.066      |     0.000      |  Neg. p = 0.051   |
|      201       |       1        |     10.000     |     4.000      |     12.522     |     1.817      |  Neg. p = 0.001   |
|      202       |       1        |     10.000     |     6.000      |     10.024     |     2.996      |  Neg. p = 0.016   |
|      203       |       1        |     4.000      |     2.000      |     6.471      |     0.991      |  Neg. p = 0.030   |
|      204       |       1        |     2.000      |     0.000      |     2.551      |     0.000      |  Neg. p = 0.068   |
|      205       |       1        |     4.000      |     0.000      |     3.988      |     0.000      |  Neg. p = 0.012   |
|      206       |       1        |     6.000      |     0.000      |     8.902      |     0.000      |  Neg. p = 0.000   |
|      210       |       1        |     8.000      |     1.000      |     9.270      |     0.469      |  Neg. p = 0.000   |
|      211       |       1        |     3.000      |     0.000      |     3.000      |     0.000      |  Neg. p = 0.037   |
|      212       |       1        |     14.000     |     0.000      |     18.173     |     0.000      |  Neg. p = 0.000   |
|      214       |       1        |     3.000      |     0.000      |     3.000      |     0.000      |  Neg. p = 0.037   |
|      215       |       1        |     21.000     |     0.000      |     21.000     |     0.000      |  Neg. p = 0.000   |
|      216       |       1        |     4.000      |     0.000      |     6.100      |     0.000      |  Neg. p = 0.003   |
|      217       |       1        |     13.000     |     3.000      |     11.605     |     1.627      |  Neg. p = 0.000   |
|      218       |       1        |     19.000     |     1.000      |     19.082     |     0.499      |  Neg. p = 0.000   |
|      219       |       1        |     13.000     |     7.000      |     14.691     |     3.374      |  Neg. p = 0.001   |
|      220       |       1        |     10.000     |     0.000      |     10.000     |     0.000      |  Neg. p = 0.000   |
|      221       |       1        |     18.000     |     4.000      |     18.056     |     1.998      |  Neg. p = 0.000   |
|      223       |       1        |     6.000      |     1.000      |     3.755      |     0.715      |  Neg. p = 0.087   |
|      225       |       1        |     7.000      |     0.000      |     6.604      |     0.000      |  Neg. p = 0.001   |
|      227       |       1        |     3.000      |     0.000      |     4.591      |     0.000      |  Neg. p = 0.011   |
|      228       |       1        |     4.000      |     0.000      |     2.494      |     0.000      |  Neg. p = 0.082   |
|      229       |       1        |     7.000      |     1.000      |     8.105      |     0.470      |  Neg. p = 0.001   |
|      230       |       1        |     5.500      |     3.500      |     13.882     |     1.344      |  Neg. p = 0.002   |
|      231       |       1        |     6.000      |     2.000      |     6.000      |     1.000      |  Neg. p = 0.020   |
|      232       |       1        |     8.000      |     4.000      |     12.312     |     2.172      |  Neg. p = 0.004   |
|      233       |       1        |     17.000     |     0.000      |     17.000     |     0.000      |  Neg. p = 0.000   |
|      236       |       1        |     5.000      |     1.000      |     7.873      |     0.424      |  Neg. p = 0.002   |
|      238       |       1        |     21.500     |     1.500      |     21.611     |     0.748      |  Neg. p = 0.000   |
|      239       |       1        |     7.000      |     2.000      |     6.159      |     1.074      |  Neg. p = 0.018   |
|      240       |       1        |     17.000     |     0.000      |     17.000     |     0.000      |  Neg. p = 0.000   |
|      241       |       1        |     4.000      |     0.000      |     4.000      |     0.000      |  Neg. p = 0.012   |
|      242       |       1        |     3.000      |     0.000      |     3.000      |     0.000      |  Neg. p = 0.037   |
|      243       |       1        |     7.000      |     0.000      |     8.136      |     0.000      |  Neg. p = 0.000   |
|      244       |       1        |     8.000      |     0.000      |     8.000      |     0.000      |  Neg. p = 0.000   |
|      245       |       1        |     9.000      |     0.000      |     5.706      |     0.000      |  Neg. p = 0.003   |
|      246       |       1        |     13.000     |     0.000      |     13.000     |     0.000      |  Neg. p = 0.000   |
|      247       |       1        |     8.000      |     1.000      |     8.000      |     0.500      |  Neg. p = 0.001   |
|      248       |       1        |     9.000      |     0.000      |     5.702      |     0.000      |  Neg. p = 0.003   |
|      249       |       1        |     13.000     |     1.000      |     13.029     |     0.501      |  Neg. p = 0.000   |
|      251       |       1        |     7.000      |     0.000      |     7.000      |     0.000      |  Neg. p = 0.000   |
|      253       |       1        |     3.000      |     1.000      |     4.594      |     0.574      |  Neg. p = 0.065   |
|      254       |       1        |     17.833     |     2.167      |     17.887     |     1.082      |  Neg. p = 0.000   |
|      256       |       1        |     5.000      |     0.000      |     7.621      |     0.000      |  Neg. p = 0.001   |
|      257       |       1        |     4.000      |     1.000      |     4.012      |     0.500      |  Neg. p = 0.045   |
|      258       |       1        |     12.000     |     0.000      |     17.292     |     0.000      |  Neg. p = 0.000   |
|      259       |       1        |     10.000     |     1.000      |     10.028     |     0.505      |  Neg. p = 0.000   |
|      260       |       1        |     6.000      |     0.000      |     6.000      |     0.000      |  Neg. p = 0.001   |
|      261       |       1        |     12.000     |     1.000      |     7.619      |     0.705      |  Neg. p = 0.003   |
|      262       |       1        |     7.000      |     0.000      |     7.000      |     0.000      |  Neg. p = 0.000   |
|      263       |       1        |     6.000      |     2.000      |     7.924      |     0.930      |  Neg. p = 0.005   |
|      264       |       1        |     4.000      |     0.000      |     4.000      |     0.000      |  Neg. p = 0.012   |
|      265       |       1        |     6.000      |     2.000      |     6.006      |     1.005      |  Neg. p = 0.020   |
|      266       |       1        |     14.000     |     2.000      |     14.056     |     0.998      |  Neg. p = 0.000   |
|      267       |       1        |     21.000     |     3.000      |     20.747     |     1.512      |  Neg. p = 0.000   |
|      268       |       1        |     15.000     |     3.000      |     15.097     |     1.496      |  Neg. p = 0.000   |
|      269       |       1        |     3.000      |     2.000      |     4.580      |     0.897      |  Neg. p = 0.081   |
|      270       |       1        |     6.000      |     4.000      |     9.016      |     2.272      |  Neg. p = 0.031   |
|      272       |       1        |     13.000     |     0.000      |     8.207      |     0.000      |  Neg. p = 0.000   |
|      273       |       1        |     3.000      |     1.000      |     4.585      |     0.449      |  Neg. p = 0.039   |
|      274       |       1        |     8.000      |     2.000      |     11.267     |     0.906      |  Neg. p = 0.000   |
|      275       |       1        |     9.000      |     3.000      |     9.000      |     1.500      |  Neg. p = 0.004   |
|      276       |       1        |     4.000      |     0.000      |     2.518      |     0.000      |  Neg. p = 0.079   |
|      278       |       1        |     7.000      |     3.000      |     8.823      |     1.360      |  Neg. p = 0.005   |
|      279       |       1        |     8.000      |     1.000      |     7.812      |     0.506      |  Neg. p = 0.001   |
|      280       |       1        |     15.000     |     7.000      |     15.481     |     3.456      |  Neg. p = 0.001   |
|      281       |       1        |     9.000      |     0.000      |     5.637      |     0.000      |  Neg. p = 0.003   |
|      282       |       1        |     7.000      |     0.000      |     6.934      |     0.000      |  Neg. p = 0.001   |
|      283       |       1        |     23.000     |     7.000      |     22.801     |     3.640      |  Neg. p = 0.000   |
|      285       |       1        |     9.000      |     1.000      |     5.827      |     0.687      |  Neg. p = 0.014   |
|      286       |       1        |     18.000     |     0.000      |     18.000     |     0.000      |  Neg. p = 0.000   |
|      287       |       1        |     11.500     |     7.500      |     12.126     |     3.860      |  Neg. p = 0.014   |
|      288       |       1        |     12.000     |     7.000      |     12.833     |     3.390      |  Neg. p = 0.004   |
|      292       |       1        |     15.000     |     0.000      |     9.655      |     0.000      |  Neg. p = 0.000   |
|      295       |       1        |     7.000      |     5.000      |     7.000      |     2.500      |  Neg. p = 0.066   |
|      296       |       1        |     10.000     |     0.000      |     6.271      |     0.000      |  Neg. p = 0.002   |
|      299       |       1        |     4.000      |     1.000      |     6.383      |     0.498      |  Neg. p = 0.013   |
|      300       |       1        |     4.000      |     1.000      |     6.459      |     0.499      |  Neg. p = 0.013   |
|      301       |       1        |     24.000     |     4.000      |     24.000     |     2.000      |  Neg. p = 0.000   |
|      303       |       1        |     3.000      |     0.000      |     3.000      |     0.000      |  Neg. p = 0.037   |
|      305       |       1        |     15.000     |     2.000      |     14.848     |     1.035      |  Neg. p = 0.000   |
|      306       |       1        |     4.000      |     0.000      |     4.000      |     0.000      |  Neg. p = 0.012   |
|      307       |       1        |     17.000     |     0.000      |     17.000     |     0.000      |  Neg. p = 0.000   |
|      309       |       1        |     4.000      |     0.000      |     2.488      |     0.000      |  Neg. p = 0.083   |
|      313       |       1        |     7.000      |     0.000      |     4.584      |     0.000      |  Neg. p = 0.009   |
|      318       |       1        |     4.000      |     3.000      |     5.517      |     1.375      |  Neg. p = 0.070   |
|      319       |       1        |     11.000     |     3.000      |     11.000     |     1.526      |  Neg. p = 0.001   |
|      320       |       1        |     23.500     |     15.500     |     24.104     |     7.820      |  Neg. p = 0.000   |
|      322       |       1        |     4.000      |     1.000      |     4.000      |     0.500      |  Neg. p = 0.045   |
|      323       |       1        |     19.000     |     1.000      |     19.000     |     0.508      |  Neg. p = 0.000   |
|      324       |       1        |     5.000      |     4.000      |     7.399      |     1.813      |  Neg. p = 0.038   |
|      325       |       1        |     7.000      |     4.000      |     10.634     |     1.797      |  Neg. p = 0.004   |
|      326       |       1        |     11.000     |     2.000      |     15.211     |     0.879      |  Neg. p = 0.000   |
|      328       |       1        |     6.000      |     1.000      |     6.010      |     0.500      |  Neg. p = 0.007   |
|      331       |       1        |     4.000      |     0.000      |     3.953      |     0.000      |  Neg. p = 0.013   |
|      332       |       1        |     13.000     |     0.000      |     18.692     |     0.000      |  Neg. p = 0.000   |
|      333       |       1        |     16.000     |     6.000      |     16.265     |     2.976      |  Neg. p = 0.000   |
|      334       |       1        |     9.000      |     4.000      |     9.541      |     1.945      |  Neg. p = 0.006   |
|      335       |       1        |     11.000     |     0.000      |     6.965      |     0.000      |  Neg. p = 0.001   |
|      337       |       1        |     12.000     |     6.000      |     12.000     |     3.000      |  Neg. p = 0.004   |
|      338       |       1        |     9.000      |     3.000      |     9.000      |     1.500      |  Neg. p = 0.004   |
|      339       |       1        |     18.000     |     0.000      |     18.000     |     0.000      |  Neg. p = 0.000   |
|      340       |       1        |     4.000      |     0.000      |     6.114      |     0.000      |  Neg. p = 0.003   |
|      341       |       1        |     5.000      |     0.000      |     7.901      |     0.000      |  Neg. p = 0.000   |
|      343       |       1        |     7.000      |     1.000      |     7.923      |     0.474      |  Neg. p = 0.001   |
|      344       |       1        |     7.000      |     0.000      |     6.930      |     0.000      |  Neg. p = 0.000   |
|      346       |       1        |     4.000      |     0.000      |     4.000      |     0.000      |  Neg. p = 0.012   |
|      347       |       1        |     12.500     |     5.500      |     12.552     |     3.069      |  Neg. p = 0.005   |
|      348       |       1        |     15.000     |     12.000     |     15.043     |     5.991      |  Neg. p = 0.014   |
|      349       |       1        |     17.000     |     14.000     |     17.367     |     6.940      |  Neg. p = 0.009   |
|      352       |       1        |     10.500     |     10.500     |     12.237     |     5.172      |  Neg. p = 0.044   |
|      360       |       1        |     11.500     |     12.500     |     12.528     |     6.295      |  Neg. p = 0.075   |
|      361       |       1        |     16.000     |     19.000     |     16.304     |     9.421      |  Neg. p = 0.075   |
|      362       |       1        |     12.000     |     16.000     |     16.303     |     7.166      |  Neg. p = 0.028   |
|      365       |       1        |     16.000     |     5.000      |     15.673     |     2.544      |  Neg. p = 0.000   |
|      369       |       1        |     15.000     |     5.000      |     14.523     |     2.548      |  Neg. p = 0.000   |
|      370       |       1        |     11.000     |     13.000     |     13.351     |     6.106      |  Neg. p = 0.046   |
|      372       |       1        |     13.000     |     1.000      |     13.000     |     0.500      |  Neg. p = 0.000   |
|      374       |       1        |     15.000     |     6.000      |     20.372     |     2.657      |  Neg. p = 0.000   |
|      380       |       1        |     7.000      |     3.000      |     7.000      |     1.500      |  Neg. p = 0.020   |
|      381       |       1        |     10.000     |     0.000      |     6.281      |     0.000      |  Neg. p = 0.002   |
|      382       |       1        |     5.500      |     1.500      |     5.533      |     0.748      |  Neg. p = 0.025   |
|      383       |       1        |     5.000      |     7.000      |     7.929      |     2.966      |  Neg. p = 0.088   |
|      384       |       1        |     17.000     |     6.000      |     17.000     |     3.005      |  Neg. p = 0.000   |
|      386       |       1        |     3.000      |     1.000      |     4.692      |     0.424      |  Neg. p = 0.033   |
|      389       |       1        |     21.000     |     3.000      |     20.901     |     1.692      |  Neg. p = 0.000   |
|      390       |       1        |     4.000      |     0.000      |     4.000      |     0.000      |  Neg. p = 0.012   |
|      391       |       1        |     10.000     |     0.000      |     6.274      |     0.000      |  Neg. p = 0.002   |
|      392       |       1        |     18.000     |     3.000      |     18.034     |     1.505      |  Neg. p = 0.000   |
|      393       |       1        |     5.000      |     1.000      |     5.038      |     0.498      |  Neg. p = 0.017   |
|      394       |       1        |     12.000     |     1.000      |     18.912     |     0.423      |  Neg. p = 0.000   |
|      396       |       1        |     7.000      |     0.000      |     7.000      |     0.000      |  Neg. p = 0.000   |
|      399       |       1        |     5.000      |     0.000      |     4.981      |     0.000      |  Neg. p = 0.004   |
|      400       |       1        |     14.000     |     0.000      |     19.294     |     0.000      |  Neg. p = 0.000   |
|      401       |       1        |     5.000      |     0.000      |     8.055      |     0.000      |  Neg. p = 0.000   |
|      403       |       1        |     9.000      |     2.000      |     12.073     |     0.888      |  Neg. p = 0.000   |
|      404       |       1        |     20.667     |     7.333      |     20.862     |     3.650      |  Neg. p = 0.000   |
|      405       |       1        |     15.000     |     6.000      |     20.692     |     2.642      |  Neg. p = 0.000   |
|      407       |       1        |     22.000     |     5.000      |     22.000     |     2.556      |  Neg. p = 0.000   |

### Ancestor sampling analysis

>Generating 100 ancestral sequence samples to obtain confidence intervals

Resampling results for partition 1

|     Codon      |   Partition    |    S [median, IQR]    |    N [median, IQR]    |    dS [median, IQR]    |    dN [median, IQR]    |  p-value [median, IQR]  |
|:--------------:|:--------------:|:---------------------:|:---------------------:|:----------------------:|:----------------------:|:-----------------------:|
|       1        |       1        |  14.00 [12.00-16.16]  |   0.00 [0.00-2.00]    |  13.93 [12.00-16.16]   |    0.00 [0.00-1.00]    |    0.00 [0.00-0.00]     |
|       4        |       1        |   6.00 [5.00-9.16]    |   0.00 [0.00-1.00]    |    3.90 [3.22-6.01]    |    0.00 [0.00-0.67]    |    0.02 [0.00-0.06]     |
|       6        |       1        |   6.00 [5.00-9.16]    |   0.00 [0.00-1.08]    |    6.00 [5.00-9.16]    |    0.00 [0.00-0.54]    |    0.00 [0.00-0.02]     |
|       8        |       1        |   3.00 [3.00-5.00]    |   1.00 [1.00-2.08]    |    4.58 [4.57-7.57]    |    0.57 [0.57-1.19]    |    0.06 [0.01-0.13]     |
|       11       |       1        |  10.00 [8.00-16.00]   |   0.00 [0.00-2.00]    |  12.64 [10.03-19.67]   |    0.00 [0.00-0.91]    |    0.00 [0.00-0.00]     |
|       14       |       1        |   8.00 [7.00-10.00]   |   3.00 [3.00-5.00]    |   8.00 [7.00-10.01]    |    1.50 [1.50-2.50]    |    0.01 [0.00-0.04]     |
|       16       |       1        |   4.00 [3.50-6.16]    |   2.00 [2.00-3.58]    |    5.51 [4.87-8.51]    |    0.90 [0.90-1.62]    |    0.04 [0.00-0.15]     |
|       17       |       1        |   9.00 [9.00-12.00]   |   2.00 [2.00-3.00]    |  12.67 [12.54-16.53]   |    0.88 [0.87-1.32]    |    0.00 [0.00-0.00]     |
|       20       |       1        |   6.00 [6.00-9.16]    |   1.00 [1.00-2.00]    |   7.28 [7.20-11.03]    |    0.46 [0.46-0.92]    |    0.00 [0.00-0.01]     |
|       21       |       1        |  11.00 [10.00-16.16]  |   0.00 [0.00-1.00]    |   7.01 [6.37-10.39]    |    0.00 [0.00-0.71]    |    0.00 [0.00-0.00]     |
|       24       |       1        |  14.00 [13.00-16.00]  |   3.00 [3.00-4.00]    |  13.96 [12.99-16.00]   |    1.79 [1.77-2.39]    |    0.00 [0.00-0.00]     |
|       25       |       1        |   3.00 [3.00-5.00]    |   0.00 [0.00-1.00]    |    4.86 [4.83-8.02]    |    0.00 [0.00-0.42]    |    0.01 [0.00-0.03]     |
|       26       |       1        |   9.00 [8.00-12.00]   |   0.00 [0.00-1.00]    |   9.00 [8.00-12.00]    |    0.00 [0.00-0.50]    |    0.00 [0.00-0.00]     |
|       28       |       1        |  14.83 [12.83-20.29]  |   4.17 [4.00-5.30]    |  14.93 [12.92-20.84]   |    2.08 [1.99-2.64]    |    0.00 [0.00-0.00]     |
|       30       |       1        |   4.00 [4.00-7.16]    |   0.00 [0.00-1.00]    |    4.00 [4.00-7.16]    |    0.00 [0.00-0.50]    |    0.01 [0.00-0.04]     |
|       31       |       1        |  10.00 [9.00-12.00]   |  12.00 [12.00-14.00]  |  13.05 [11.71-15.91]   |    5.56 [5.53-6.50]    |    0.05 [0.01-0.12]     |
|       33       |       1        |   7.00 [7.00-12.00]   |   0.00 [0.00-1.00]    |    4.54 [4.51-7.79]    |    0.00 [0.00-0.69]    |    0.01 [0.00-0.03]     |
|       34       |       1        |  17.00 [16.00-19.00]  |   0.00 [0.00-1.00]    |  17.00 [16.00-19.00]   |    0.00 [0.00-0.50]    |    0.00 [0.00-0.00]     |
|       35       |       1        |  16.00 [14.00-17.16]  |  12.00 [12.00-13.00]  |  16.58 [14.51-17.78]   |    5.90 [5.90-6.40]    |    0.01 [0.00-0.02]     |
|       36       |       1        |  10.00 [9.00-13.16]   |   0.00 [0.00-1.00]    |   10.00 [9.00-13.16]   |    0.00 [0.00-0.50]    |    0.00 [0.00-0.00]     |
|       37       |       1        |   8.00 [7.00-11.16]   |   4.00 [4.00-5.58]    |   7.72 [6.75-10.82]    |    2.04 [2.04-2.82]    |    0.02 [0.00-0.07]     |
|       38       |       1        |   7.00 [6.00-9.00]    |   0.00 [0.00-1.00]    |   10.63 [9.13-13.61]   |    0.00 [0.00-0.58]    |    0.00 [0.00-0.00]     |
|       40       |       1        |   6.00 [6.00-10.16]   |   2.00 [2.00-3.00]    |   6.09 [6.07-10.26]    |    1.00 [1.00-1.49]    |    0.02 [0.00-0.04]     |
|       41       |       1        |  14.00 [13.00-18.00]  |   1.00 [0.00-1.16]    |   9.48 [8.73-12.21]    |    0.68 [0.00-0.79]    |    0.00 [0.00-0.00]     |
|       42       |       1        |  13.00 [11.00-16.16]  |   1.00 [1.00-2.00]    |  18.27 [15.46-22.81]   |    0.44 [0.43-0.88]    |    0.00 [0.00-0.00]     |
|       43       |       1        |   2.00 [2.00-5.00]    |   0.00 [0.00-1.00]    |    3.26 [3.26-8.09]    |    0.00 [0.00-0.42]    |    0.04 [0.00-0.11]     |
|       44       |       1        |   9.00 [8.00-11.00]   |   0.00 [0.00-1.00]    |   9.00 [8.00-11.00]    |    0.00 [0.00-0.50]    |    0.00 [0.00-0.00]     |
|       45       |       1        |   8.00 [7.00-10.16]   |   1.00 [1.00-2.00]    |   7.91 [6.87-10.03]    |    0.51 [0.51-1.04]    |    0.00 [0.00-0.01]     |
|       46       |       1        |   7.00 [6.00-10.00]   |   0.00 [0.00-1.00]    |    4.42 [3.79-6.28]    |    0.00 [0.00-0.71]    |    0.02 [0.00-0.06]     |
|       49       |       1        |   3.00 [3.00-6.16]    |   0.00 [0.00-1.00]    |    3.00 [3.00-6.16]    |    0.00 [0.00-0.50]    |    0.04 [0.00-0.11]     |
|       50       |       1        |  13.00 [12.00-15.00]  |   0.00 [0.00-1.16]    |  17.12 [15.72-20.00]   |    0.00 [0.00-0.58]    |    0.00 [0.00-0.00]     |
|       51       |       1        |   3.00 [3.00-5.00]    |   0.00 [0.00-1.00]    |    4.59 [4.56-7.63]    |    0.00 [0.00-0.45]    |    0.01 [0.00-0.04]     |
|       53       |       1        |   7.00 [6.00-9.16]    |   2.00 [2.00-3.00]    |   10.46 [9.01-13.95]   |    0.86 [0.85-1.29]    |    0.00 [0.00-0.01]     |
|       55       |       1        |  14.00 [12.00-18.00]  |   8.00 [8.00-10.00]   |  12.28 [10.10-15.21]   |    4.42 [4.26-5.42]    |    0.02 [0.00-0.07]     |
|       62       |       1        |  10.00 [10.00-12.16]  |   6.00 [6.00-6.00]    |   9.94 [9.94-12.09]    |    3.02 [3.02-3.02]    |    0.02 [0.00-0.02]     |
|       63       |       1        |   9.50 [8.50-11.50]   |   9.50 [9.50-10.50]   |   9.63 [8.62-11.66]    |    4.73 [4.73-5.23]    |    0.10 [0.04-0.16]     |
|       65       |       1        |   2.50 [1.50-4.58]    |  19.50 [18.50-20.50]  |    2.67 [1.64-5.01]    |    9.37 [8.94-9.89]    |    0.03 [0.01-0.18]     |
|       66       |       1        |   5.00 [5.00-7.16]    |   7.00 [7.00-8.00]    |   8.07 [7.93-11.49]    |    2.94 [2.94-3.37]    |    0.08 [0.01-0.11]     |
|       67       |       1        |   5.00 [5.00-9.00]    |   1.00 [1.00-1.00]    |    4.94 [4.93-8.90]    |    0.50 [0.50-0.50]    |    0.02 [0.00-0.02]     |
|       68       |       1        |  11.00 [10.00-14.00]  |   3.00 [3.00-4.16]    |  11.29 [10.27-14.37]   |    1.49 [1.49-2.07]    |    0.00 [0.00-0.00]     |
|       70       |       1        |   4.00 [4.00-7.00]    |   2.00 [2.00-3.00]    |   6.09 [6.04-10.58]    |    0.90 [0.90-1.35]    |    0.03 [0.00-0.03]     |
|       71       |       1        |  10.00 [8.00-12.00]   |   3.00 [3.00-4.00]    |  14.08 [11.36-16.83]   |    1.41 [1.40-1.88]    |    0.00 [0.00-0.00]     |
|       73       |       1        |  17.00 [15.00-21.00]  |   2.00 [2.00-2.00]    |  14.45 [12.71-17.85]   |    1.10 [1.09-1.14]    |    0.00 [0.00-0.00]     |
|       74       |       1        |  10.67 [9.67-13.67]   |   9.33 [9.00-10.50]   |  11.09 [10.05-14.21]   |    4.58 [4.41-5.15]    |    0.04 [0.01-0.07]     |
|       81       |       1        |   0.00 [0.00-1.05]    |  13.00 [13.00-14.00]  |    0.00 [0.00-1.26]    |    5.98 [5.95-6.50]    |    0.02 [0.01-0.08]     |
|       82       |       1        |  11.00 [11.00-13.16]  |   7.00 [7.00-8.00]    |  14.64 [14.64-17.78]   |    3.21 [3.20-3.67]    |    0.00 [0.00-0.00]     |
|       85       |       1        |   4.00 [4.00-7.16]    |   0.00 [0.00-0.00]    |    2.52 [2.52-4.49]    |    0.00 [0.00-0.00]    |    0.08 [0.01-0.08]     |
|       86       |       1        |   5.00 [5.00-8.16]    |   3.00 [3.00-3.00]    |   7.41 [7.37-12.18]    |    1.36 [1.35-1.36]    |    0.02 [0.00-0.02]     |
|       88       |       1        |  21.00 [19.00-24.00]  |   2.00 [2.00-2.16]    |  28.93 [26.46-32.71]   |    0.88 [0.87-0.95]    |    0.00 [0.00-0.00]     |
|       92       |       1        |   9.00 [9.00-12.16]   |   0.00 [0.00-0.00]    |    5.65 [5.65-7.70]    |    0.00 [0.00-0.00]    |    0.00 [0.00-0.00]     |
|       93       |       1        |  19.00 [18.00-23.16]  |   2.00 [2.00-3.00]    |  17.16 [16.26-20.93]   |    1.13 [1.11-1.68]    |    0.00 [0.00-0.00]     |
|       94       |       1        |   5.00 [5.00-8.00]    |   3.00 [3.00-4.50]    |    5.16 [5.16-8.26]    |    1.48 [1.48-2.19]    |    0.08 [0.01-0.09]     |
|       95       |       1        |  12.00 [10.00-16.00]  |   1.00 [1.00-1.00]    |  17.63 [14.75-23.14]   |    0.43 [0.43-0.43]    |    0.00 [0.00-0.00]     |
|       98       |       1        |  20.00 [18.00-24.00]  |   1.00 [1.00-1.00]    |  20.00 [18.00-24.00]   |    0.50 [0.50-0.50]    |    0.00 [0.00-0.00]     |
|      100       |       1        |   5.00 [5.00-8.00]    |   3.00 [3.00-3.16]    |   7.56 [7.56-12.03]    |    1.72 [1.72-1.81]    |    0.04 [0.00-0.04]     |
|      101       |       1        |   7.00 [7.00-10.00]   |   1.00 [1.00-1.00]    |  10.65 [10.65-15.13]   |    0.45 [0.45-0.45]    |    0.00 [0.00-0.00]     |
|      102       |       1        |   8.00 [8.00-11.00]   |   2.00 [2.00-2.00]    |   8.00 [8.00-11.01]    |    1.00 [1.00-1.00]    |    0.00 [0.00-0.00]     |
|      107       |       1        |  10.00 [10.00-13.00]  |   3.00 [3.00-4.00]    |  10.14 [10.14-13.19]   |    1.49 [1.49-1.99]    |    0.00 [0.00-0.00]     |
|      110       |       1        |   9.00 [8.00-12.00]   |   0.00 [0.00-0.00]    |    5.66 [5.04-7.61]    |    0.00 [0.00-0.00]    |    0.00 [0.00-0.01]     |
|      113       |       1        |  11.00 [10.00-14.66]  |  11.00 [11.00-12.50]  |  16.32 [14.74-20.78]   |    4.79 [4.77-5.45]    |    0.00 [0.00-0.02]     |
|      118       |       1        |   6.00 [6.00-9.00]    |   0.00 [0.00-0.00]    |    5.77 [5.77-8.65]    |    0.00 [0.00-0.00]    |    0.00 [0.00-0.00]     |
|      121       |       1        |   5.00 [5.00-8.00]    |   1.00 [1.00-2.00]    |    5.00 [5.00-8.00]    |    0.50 [0.50-1.00]    |    0.02 [0.00-0.05]     |
|      122       |       1        |  13.00 [10.00-15.00]  |   2.00 [2.00-2.00]    |  13.02 [10.01-15.02]   |    1.01 [1.00-1.01]    |    0.00 [0.00-0.00]     |
|      124       |       1        |  12.00 [11.00-14.00]  |   0.00 [0.00-1.00]    |    8.22 [7.54-9.63]    |    0.00 [0.00-0.69]    |    0.00 [0.00-0.00]     |
|      126       |       1        |   6.00 [6.00-9.00]    |   0.00 [0.00-0.00]    |    3.74 [3.74-5.64]    |    0.00 [0.00-0.00]    |    0.02 [0.00-0.02]     |
|      127       |       1        |   6.00 [6.00-9.16]    |   0.00 [0.00-0.00]    |   8.57 [8.57-12.94]    |    0.00 [0.00-0.00]    |    0.00 [0.00-0.00]     |
|      128       |       1        |   6.00 [6.00-9.00]    |   0.00 [0.00-0.00]    |    5.42 [5.42-8.13]    |    0.00 [0.00-0.00]    |    0.00 [0.00-0.00]     |
|      129       |       1        |  19.00 [18.00-22.16]  |   0.00 [0.00-1.00]    |  16.55 [15.68-19.32]   |    0.00 [0.00-0.55]    |    0.00 [0.00-0.00]     |
|      131       |       1        |   6.00 [6.00-9.00]    |   0.00 [0.00-0.00]    |   9.68 [9.68-14.46]    |    0.00 [0.00-0.00]    |    0.00 [0.00-0.00]     |
|      132       |       1        |  19.00 [18.00-22.00]  |   9.00 [9.00-10.00]   |  19.10 [18.10-22.12]   |    4.49 [4.49-4.99]    |    0.00 [0.00-0.00]     |
|      133       |       1        |  12.50 [11.50-15.58]  |   8.50 [8.00-9.58]    |  12.88 [11.84-16.05]   |    4.22 [3.97-4.77]    |    0.01 [0.00-0.02]     |
|      134       |       1        |   7.00 [7.00-11.00]   |   0.00 [0.00-0.00]    |   7.00 [7.00-11.00]    |    0.00 [0.00-0.00]    |    0.00 [0.00-0.00]     |
|      135       |       1        |  10.00 [9.00-13.16]   |   8.00 [8.00-9.00]    |  14.94 [13.62-19.43]   |    3.53 [3.50-3.96]    |    0.00 [0.00-0.01]     |
|      136       |       1        |  11.00 [10.00-14.00]  |   5.00 [5.00-6.00]    |  11.18 [10.16-14.23]   |    2.48 [2.48-2.98]    |    0.00 [0.00-0.01]     |
|      137       |       1        |  13.00 [11.00-20.16]  |   0.00 [0.00-0.00]    |  13.00 [11.00-20.16]   |    0.00 [0.00-0.00]    |    0.00 [0.00-0.00]     |
|      138       |       1        |   7.00 [7.00-10.16]   |   2.00 [2.00-3.00]    |   7.38 [7.38-10.69]    |    0.98 [0.98-1.46]    |    0.01 [0.00-0.01]     |
|      139       |       1        |   3.00 [3.00-6.00]    |   1.00 [1.00-1.00]    |    3.78 [3.78-7.47]    |    0.45 [0.45-0.45]    |    0.06 [0.01-0.06]     |
|      140       |       1        |   8.50 [8.00-12.16]   |   2.00 [2.00-2.00]    |   8.50 [8.00-12.16]    |    1.00 [1.00-1.00]    |    0.00 [0.00-0.00]     |
|      141       |       1        |  15.00 [12.84-20.16]  |   0.00 [0.00-0.00]    |  22.12 [19.11-29.05]   |    0.00 [0.00-0.00]    |    0.00 [0.00-0.00]     |
|      144       |       1        |   4.00 [4.00-7.00]    |   0.00 [0.00-0.00]    |    4.00 [4.00-7.00]    |    0.00 [0.00-0.00]    |    0.01 [0.00-0.01]     |
|      145       |       1        |   2.00 [2.00-5.00]    |   0.00 [0.00-0.00]    |    3.25 [3.25-8.09]    |    0.00 [0.00-0.00]    |    0.06 [0.00-0.06]     |
|      146       |       1        |   7.00 [7.00-12.00]   |   0.00 [0.00-0.00]    |    4.39 [4.39-7.54]    |    0.00 [0.00-0.00]    |    0.01 [0.00-0.01]     |
|      148       |       1        |  12.00 [11.00-15.32]  |   2.00 [2.00-2.00]    |  12.00 [11.00-15.32]   |    1.00 [1.00-1.00]    |    0.00 [0.00-0.00]     |
|      149       |       1        |   7.00 [7.00-11.00]   |   5.00 [5.00-5.16]    |   7.15 [7.07-11.12]    |    2.52 [2.51-2.61]    |    0.06 [0.00-0.07]     |
|      151       |       1        |  19.00 [17.00-24.16]  |   1.00 [1.00-1.00]    |  19.00 [17.00-24.16]   |    0.50 [0.50-0.50]    |    0.00 [0.00-0.00]     |
|      154       |       1        |  15.50 [13.00-20.16]  |   0.00 [0.00-0.00]    |  23.07 [19.67-29.21]   |    0.00 [0.00-0.00]    |    0.00 [0.00-0.00]     |
|      155       |       1        |   5.00 [5.00-7.16]    |   0.00 [0.00-0.00]    |    5.00 [5.00-7.16]    |    0.00 [0.00-0.00]    |    0.00 [0.00-0.00]     |
|      156       |       1        |   9.00 [9.00-13.00]   |   0.00 [0.00-0.00]    |  14.23 [14.06-20.23]   |    0.00 [0.00-0.00]    |    0.00 [0.00-0.00]     |
|      159       |       1        |  11.00 [10.00-15.00]  |   0.00 [0.00-0.00]    |  17.23 [15.67-22.83]   |    0.00 [0.00-0.00]    |    0.00 [0.00-0.00]     |
|      161       |       1        |   8.50 [8.00-12.16]   |   2.00 [1.00-2.00]    |   8.49 [7.99-12.13]    |    1.00 [0.51-1.01]    |    0.00 [0.00-0.00]     |
|      163       |       1        |   3.00 [3.00-7.00]    |   0.00 [0.00-0.00]    |    3.00 [3.00-7.00]    |    0.00 [0.00-0.00]    |    0.04 [0.00-0.04]     |
|      164       |       1        |  12.00 [10.00-16.16]  |   1.00 [1.00-1.00]    |  17.70 [14.87-23.33]   |    0.43 [0.43-0.43]    |    0.00 [0.00-0.00]     |
|      165       |       1        |  13.00 [11.00-16.00]  |   2.00 [2.00-2.00]    |  13.15 [11.13-16.19]   |    0.99 [0.99-0.99]    |    0.00 [0.00-0.00]     |
|      166       |       1        |   4.00 [3.00-6.16]    |   0.00 [0.00-0.00]    |    4.00 [3.00-6.16]    |    0.00 [0.00-0.00]    |    0.01 [0.00-0.04]     |
|      167       |       1        |  10.00 [9.00-14.16]   |   1.00 [1.00-1.00]    |   10.05 [9.04-14.22]   |    0.50 [0.50-0.50]    |    0.00 [0.00-0.00]     |
|      171       |       1        |   3.00 [3.00-7.00]    |   0.00 [0.00-0.00]    |    3.00 [3.00-7.00]    |    0.00 [0.00-0.00]    |    0.04 [0.00-0.04]     |
|      172       |       1        |  14.00 [13.00-18.00]  |   0.00 [0.00-0.00]    |   9.35 [8.63-12.17]    |    0.00 [0.00-0.00]    |    0.00 [0.00-0.00]     |
|      173       |       1        |  15.00 [14.00-18.00]  |   1.00 [1.00-1.00]    |  15.00 [14.00-18.00]   |    0.50 [0.50-0.50]    |    0.00 [0.00-0.00]     |
|      177       |       1        |   7.00 [7.00-9.00]    |   3.00 [3.00-3.16]    |    7.04 [7.04-9.05]    |    1.57 [1.57-1.66]    |    0.02 [0.00-0.03]     |
|      179       |       1        |  12.00 [11.00-15.16]  |   3.00 [3.00-4.00]    |  13.54 [12.32-17.09]   |    1.44 [1.42-1.92]    |    0.00 [0.00-0.00]     |
|      180       |       1        |   5.00 [5.00-9.16]    |   0.00 [0.00-0.00]    |   7.96 [7.96-14.69]    |    0.00 [0.00-0.00]    |    0.00 [0.00-0.00]     |
|      181       |       1        |  10.00 [8.00-11.00]   |   7.00 [7.00-8.00]    |  12.52 [10.14-14.18]   |    3.16 [3.14-3.62]    |    0.01 [0.00-0.02]     |
|      182       |       1        |  20.00 [18.84-23.00]  |   4.00 [4.00-5.00]    |  20.00 [18.84-23.00]   |    2.00 [2.00-2.50]    |    0.00 [0.00-0.00]     |
|      184       |       1        |   5.00 [5.00-8.16]    |   1.00 [1.00-2.00]    |   7.57 [7.57-12.33]    |    0.44 [0.44-0.88]    |    0.00 [0.00-0.01]     |
|      185       |       1        |  12.00 [12.00-15.00]  |   0.00 [0.00-0.00]    |  16.04 [15.95-20.03]   |    0.00 [0.00-0.00]    |    0.00 [0.00-0.00]     |
|      189       |       1        |   3.00 [3.00-6.00]    |   0.00 [0.00-0.00]    |    2.87 [2.87-5.73]    |    0.00 [0.00-0.00]    |    0.04 [0.00-0.04]     |
|      191       |       1        |  17.00 [13.53-19.16]  |   0.00 [0.00-0.00]    |  23.46 [19.20-26.91]   |    0.00 [0.00-0.00]    |    0.00 [0.00-0.00]     |
|      194       |       1        |  21.00 [20.00-24.00]  |   0.00 [0.00-0.00]    |  21.00 [20.00-24.00]   |    0.00 [0.00-0.00]    |    0.00 [0.00-0.00]     |
|      195       |       1        |   8.00 [7.92-12.16]   |   4.00 [4.00-5.00]    |   8.13 [8.01-12.36]    |    1.99 [1.99-2.50]    |    0.02 [0.00-0.04]     |
|      196       |       1        |  12.00 [10.00-14.16]  |   0.00 [0.00-0.00]    |  12.00 [10.00-14.16]   |    0.00 [0.00-0.00]    |    0.00 [0.00-0.00]     |
|      197       |       1        |   6.00 [6.00-9.00]    |   0.00 [0.00-0.00]    |    6.00 [6.00-9.00]    |    0.00 [0.00-0.00]    |    0.00 [0.00-0.00]     |
|      198       |       1        |  18.00 [16.00-24.16]  |   0.00 [0.00-0.00]    |  18.00 [16.00-24.16]   |    0.00 [0.00-0.00]    |    0.00 [0.00-0.00]     |
|      199       |       1        |   2.00 [2.00-4.16]    |   0.00 [0.00-0.00]    |    3.07 [3.07-6.36]    |    0.00 [0.00-0.00]    |    0.05 [0.00-0.05]     |
|      201       |       1        |  10.00 [9.00-14.00]   |   4.00 [4.00-5.00]    |  12.53 [11.16-17.24]   |    1.82 [1.81-2.28]    |    0.00 [0.00-0.00]     |
|      202       |       1        |  11.00 [10.00-15.16]  |   6.00 [6.00-7.00]    |  11.03 [10.02-15.19]   |    3.00 [3.00-3.49]    |    0.01 [0.00-0.02]     |
|      203       |       1        |   4.00 [4.00-8.00]    |   2.00 [2.00-2.00]    |   6.47 [6.47-12.81]    |    0.99 [0.99-0.99]    |    0.03 [0.00-0.03]     |
|      204       |       1        |   2.00 [2.00-4.16]    |   0.00 [0.00-0.00]    |    2.55 [2.55-5.29]    |    0.00 [0.00-0.00]    |    0.07 [0.00-0.07]     |
|      205       |       1        |   4.00 [4.00-7.00]    |   0.00 [0.00-0.00]    |    3.99 [3.99-6.98]    |    0.00 [0.00-0.00]    |    0.01 [0.00-0.01]     |
|      206       |       1        |   6.00 [5.00-8.16]    |   0.00 [0.00-0.00]    |   8.90 [7.44-12.10]    |    0.00 [0.00-0.00]    |    0.00 [0.00-0.00]     |
|      210       |       1        |   8.50 [8.00-11.16]   |   1.00 [0.00-1.00]    |   9.83 [9.27-12.85]    |    0.47 [0.00-0.47]    |    0.00 [0.00-0.00]     |
|      211       |       1        |   3.00 [3.00-5.16]    |   0.00 [0.00-0.00]    |    3.00 [3.00-5.16]    |    0.00 [0.00-0.00]    |    0.04 [0.00-0.04]     |
|      212       |       1        |  14.00 [13.00-17.00]  |   0.00 [0.00-0.00]    |  18.10 [16.69-22.15]   |    0.00 [0.00-0.00]    |    0.00 [0.00-0.00]     |
|      214       |       1        |   3.00 [3.00-6.00]    |   0.00 [0.00-0.00]    |    3.00 [3.00-6.00]    |    0.00 [0.00-0.00]    |    0.04 [0.00-0.04]     |
|      215       |       1        |  21.00 [19.00-24.16]  |   0.00 [0.00-0.00]    |  21.00 [19.00-24.16]   |    0.00 [0.00-0.00]    |    0.00 [0.00-0.00]     |
|      216       |       1        |   4.00 [4.00-7.00]    |   0.00 [0.00-0.00]    |   6.10 [6.10-10.65]    |    0.00 [0.00-0.00]    |    0.00 [0.00-0.00]     |
|      217       |       1        |  13.00 [13.00-16.58]  |   3.00 [3.00-3.66]    |  11.61 [11.61-14.93]   |    1.63 [1.62-1.98]    |    0.00 [0.00-0.00]     |
|      218       |       1        |  20.00 [19.00-22.32]  |   1.00 [1.00-1.08]    |  20.09 [19.08-22.43]   |    0.50 [0.50-0.54]    |    0.00 [0.00-0.00]     |
|      219       |       1        |  13.00 [13.00-17.00]  |   7.00 [7.00-8.00]    |  14.69 [14.57-19.16]   |    3.37 [3.37-3.87]    |    0.00 [0.00-0.00]     |
|      220       |       1        |  11.00 [10.00-14.00]  |   0.00 [0.00-0.00]    |  11.00 [10.00-14.00]   |    0.00 [0.00-0.00]    |    0.00 [0.00-0.00]     |
|      221       |       1        |  19.00 [18.00-21.16]  |   4.00 [4.00-4.00]    |  19.06 [18.06-21.23]   |    2.00 [2.00-2.00]    |    0.00 [0.00-0.00]     |
|      223       |       1        |   6.00 [6.00-9.16]    |   1.00 [1.00-1.00]    |    3.76 [3.75-5.75]    |    0.71 [0.71-0.72]    |    0.09 [0.02-0.09]     |
|      225       |       1        |   7.00 [7.00-11.00]   |   0.00 [0.00-0.00]    |   6.62 [6.60-10.19]    |    0.00 [0.00-0.00]    |    0.00 [0.00-0.00]     |
|      227       |       1        |   3.00 [3.00-5.00]    |   0.00 [0.00-0.00]    |    4.59 [4.59-7.63]    |    0.00 [0.00-0.00]    |    0.01 [0.00-0.01]     |
|      228       |       1        |   4.00 [4.00-7.16]    |   0.00 [0.00-0.00]    |    2.49 [2.49-4.47]    |    0.00 [0.00-0.00]    |    0.08 [0.01-0.08]     |
|      229       |       1        |   7.00 [7.00-10.16]   |   1.00 [1.00-1.00]    |   8.11 [8.10-11.73]    |    0.47 [0.47-0.47]    |    0.00 [0.00-0.00]     |
|      230       |       1        |   5.50 [5.50-7.16]    |   3.50 [3.00-3.58]    |  13.88 [13.88-17.93]   |    1.34 [1.15-1.38]    |    0.00 [0.00-0.00]     |
|      231       |       1        |   6.00 [6.00-10.16]   |   2.00 [2.00-2.00]    |   6.00 [6.00-10.16]    |    1.00 [1.00-1.00]    |    0.02 [0.00-0.02]     |
|      232       |       1        |  10.00 [8.00-15.00]   |   4.00 [4.00-4.16]    |  15.18 [12.31-22.52]   |    2.18 [2.17-2.28]    |    0.00 [0.00-0.00]     |
|      233       |       1        |  18.00 [15.00-20.16]  |   0.00 [0.00-0.00]    |  18.00 [15.00-20.16]   |    0.00 [0.00-0.00]    |    0.00 [0.00-0.00]     |
|      236       |       1        |   6.00 [5.00-9.00]    |   1.00 [1.00-1.00]    |   9.35 [7.81-13.86]    |    0.42 [0.42-0.43]    |    0.00 [0.00-0.00]     |
|      238       |       1        |  22.50 [19.50-25.50]  |   1.50 [1.42-1.50]    |  22.62 [19.60-25.64]   |    0.75 [0.71-0.75]    |    0.00 [0.00-0.00]     |
|      239       |       1        |   7.00 [7.00-10.16]   |   2.00 [2.00-3.00]    |    6.16 [6.16-8.94]    |    1.07 [1.07-1.60]    |    0.02 [0.00-0.04]     |
|      240       |       1        |  17.00 [15.00-20.00]  |   0.00 [0.00-0.00]    |  17.00 [15.00-20.00]   |    0.00 [0.00-0.00]    |    0.00 [0.00-0.00]     |
|      241       |       1        |   4.00 [4.00-7.00]    |   0.00 [0.00-0.00]    |    4.00 [4.00-7.00]    |    0.00 [0.00-0.00]    |    0.01 [0.00-0.01]     |
|      242       |       1        |   3.00 [3.00-7.16]    |   0.00 [0.00-0.00]    |    3.00 [3.00-7.16]    |    0.00 [0.00-0.00]    |    0.04 [0.00-0.04]     |
|      243       |       1        |   7.00 [7.00-9.16]    |   0.00 [0.00-0.00]    |   8.14 [8.14-10.66]    |    0.00 [0.00-0.00]    |    0.00 [0.00-0.00]     |
|      244       |       1        |   8.00 [7.00-10.00]   |   0.00 [0.00-0.00]    |   8.00 [7.00-10.00]    |    0.00 [0.00-0.00]    |    0.00 [0.00-0.00]     |
|      245       |       1        |   9.00 [9.00-12.00]   |   0.00 [0.00-0.00]    |    5.71 [5.71-7.61]    |    0.00 [0.00-0.00]    |    0.00 [0.00-0.00]     |
|      246       |       1        |  14.00 [13.00-17.16]  |   0.00 [0.00-0.00]    |  14.00 [13.00-17.16]   |    0.00 [0.00-0.00]    |    0.00 [0.00-0.00]     |
|      247       |       1        |   9.00 [8.00-11.16]   |   1.00 [1.00-1.00]    |   9.00 [8.00-11.16]    |    0.50 [0.50-0.50]    |    0.00 [0.00-0.00]     |
|      248       |       1        |  10.00 [8.00-13.00]   |   0.00 [0.00-0.00]    |    6.31 [5.06-8.19]    |    0.00 [0.00-0.00]    |    0.00 [0.00-0.01]     |
|      249       |       1        |  14.00 [12.00-19.16]  |   1.00 [1.00-1.00]    |  14.03 [12.03-19.20]   |    0.50 [0.50-0.50]    |    0.00 [0.00-0.00]     |
|      251       |       1        |   7.00 [7.00-9.00]    |   0.00 [0.00-0.00]    |    7.00 [7.00-9.00]    |    0.00 [0.00-0.00]    |    0.00 [0.00-0.00]     |
|      253       |       1        |   3.00 [3.00-5.00]    |   1.00 [1.00-1.00]    |    4.59 [4.59-7.63]    |    0.57 [0.57-0.58]    |    0.06 [0.01-0.06]     |
|      254       |       1        |  17.83 [16.83-19.83]  |   2.17 [2.17-2.17]    |  17.89 [16.88-19.89]   |    1.08 [1.08-1.08]    |    0.00 [0.00-0.00]     |
|      256       |       1        |   5.00 [5.00-8.16]    |   0.00 [0.00-0.00]    |   7.62 [7.62-12.40]    |    0.00 [0.00-0.00]    |    0.00 [0.00-0.00]     |
|      257       |       1        |   4.00 [4.00-7.00]    |   1.00 [1.00-2.00]    |    4.01 [4.01-7.02]    |    0.50 [0.50-0.99]    |    0.04 [0.00-0.05]     |
|      258       |       1        |  14.00 [12.00-18.16]  |   0.00 [0.00-0.00]    |  20.07 [17.29-25.73]   |    0.00 [0.00-0.00]    |    0.00 [0.00-0.00]     |
|      259       |       1        |  10.00 [9.00-13.00]   |   1.00 [1.00-1.16]    |   10.03 [9.03-13.04]   |    0.50 [0.50-0.59]    |    0.00 [0.00-0.00]     |
|      260       |       1        |   6.00 [6.00-9.00]    |   0.00 [0.00-0.00]    |    6.00 [6.00-9.00]    |    0.00 [0.00-0.00]    |    0.00 [0.00-0.00]     |
|      261       |       1        |  13.00 [12.00-17.16]  |   1.00 [1.00-1.58]    |   8.26 [7.62-10.91]    |    0.70 [0.70-1.11]    |    0.00 [0.00-0.00]     |
|      262       |       1        |   8.00 [7.00-11.00]   |   0.00 [0.00-0.00]    |   8.00 [7.00-11.00]    |    0.00 [0.00-0.00]    |    0.00 [0.00-0.00]     |
|      263       |       1        |   6.00 [6.00-8.00]    |   2.00 [2.00-2.16]    |   7.92 [7.92-10.57]    |    0.93 [0.93-1.01]    |    0.01 [0.00-0.01]     |
|      264       |       1        |   4.00 [4.00-7.00]    |   0.00 [0.00-0.00]    |    4.00 [4.00-7.00]    |    0.00 [0.00-0.00]    |    0.01 [0.00-0.01]     |
|      265       |       1        |   6.00 [6.00-9.00]    |   2.00 [2.00-3.00]    |    6.01 [6.01-9.01]    |    1.01 [1.00-1.50]    |    0.02 [0.00-0.02]     |
|      266       |       1        |  14.00 [14.00-17.00]  |   2.00 [2.00-3.00]    |  14.06 [14.06-17.07]   |    1.00 [1.00-1.49]    |    0.00 [0.00-0.00]     |
|      267       |       1        |  21.00 [17.00-24.00]  |   3.00 [3.00-3.00]    |  20.75 [16.80-23.71]   |    1.51 [1.51-1.53]    |    0.00 [0.00-0.00]     |
|      268       |       1        |  16.00 [15.00-20.00]  |   3.00 [3.00-3.00]    |  16.10 [15.10-20.13]   |    1.50 [1.50-1.50]    |    0.00 [0.00-0.00]     |
|      269       |       1        |   3.00 [3.00-6.00]    |   2.00 [2.00-2.00]    |    4.58 [4.58-9.13]    |    0.90 [0.90-0.90]    |    0.08 [0.00-0.08]     |
|      270       |       1        |   7.00 [6.00-10.16]   |   4.00 [4.00-4.16]    |   10.55 [9.00-15.12]   |    2.27 [2.27-2.37]    |    0.01 [0.00-0.03]     |
|      272       |       1        |  13.50 [11.00-17.16]  |   0.00 [0.00-0.00]    |   8.51 [6.94-10.87]    |    0.00 [0.00-0.00]    |    0.00 [0.00-0.00]     |
|      273       |       1        |   3.00 [3.00-7.00]    |   1.00 [1.00-1.16]    |   4.59 [4.59-10.63]    |    0.45 [0.45-0.52]    |    0.04 [0.00-0.04]     |
|      274       |       1        |   9.00 [7.00-11.16]   |   2.00 [2.00-2.16]    |   12.62 [9.88-15.70]   |    0.91 [0.90-0.98]    |    0.00 [0.00-0.00]     |
|      275       |       1        |   9.00 [9.00-12.00]   |   3.00 [3.00-4.00]    |   9.00 [9.00-12.00]    |    1.50 [1.50-2.00]    |    0.00 [0.00-0.01]     |
|      276       |       1        |   4.00 [4.00-7.00]    |   0.00 [0.00-0.00]    |    2.52 [2.50-4.41]    |    0.00 [0.00-0.00]    |    0.08 [0.01-0.08]     |
|      278       |       1        |   7.00 [7.00-10.00]   |   3.00 [3.00-3.00]    |   8.82 [8.80-12.54]    |    1.36 [1.36-1.36]    |    0.00 [0.00-0.01]     |
|      279       |       1        |   8.00 [8.00-10.16]   |   1.00 [1.00-1.00]    |    7.81 [7.69-9.92]    |    0.51 [0.51-0.51]    |    0.00 [0.00-0.00]     |
|      280       |       1        |  16.25 [15.00-22.00]  |   7.00 [7.00-8.00]    |  16.73 [15.33-22.53]   |    3.46 [3.44-3.94]    |    0.00 [0.00-0.00]     |
|      281       |       1        |   9.00 [8.00-11.16]   |   0.00 [0.00-0.00]    |    5.64 [5.01-7.01]    |    0.00 [0.00-0.00]    |    0.00 [0.00-0.01]     |
|      282       |       1        |   7.00 [7.00-9.00]    |   0.00 [0.00-0.00]    |    6.93 [6.91-8.92]    |    0.00 [0.00-0.00]    |    0.00 [0.00-0.00]     |
|      283       |       1        |  24.00 [22.00-28.00]  |   7.00 [6.50-9.00]    |  23.88 [21.73-27.80]   |    3.65 [3.38-4.62]    |    0.00 [0.00-0.00]     |
|      285       |       1        |   9.00 [9.00-12.00]   |   1.00 [1.00-1.00]    |    5.83 [5.83-7.81]    |    0.69 [0.68-0.69]    |    0.01 [0.00-0.01]     |
|      286       |       1        |  19.00 [18.00-24.00]  |   0.00 [0.00-0.00]    |  19.00 [18.00-24.00]   |    0.00 [0.00-0.00]    |    0.00 [0.00-0.00]     |
|      287       |       1        |  12.50 [11.50-15.66]  |   7.50 [7.00-8.50]    |  13.18 [12.13-16.60]   |    3.86 [3.60-4.34]    |    0.01 [0.00-0.02]     |
|      288       |       1        |  13.00 [12.00-16.16]  |   7.00 [7.00-8.50]    |  13.91 [12.62-17.25]   |    3.39 [3.35-4.12]    |    0.00 [0.00-0.01]     |
|      292       |       1        |  16.00 [15.00-19.16]  |   0.00 [0.00-0.00]    |   10.30 [9.58-12.33]   |    0.00 [0.00-0.00]    |    0.00 [0.00-0.00]     |
|      295       |       1        |   7.00 [7.00-10.00]   |   5.00 [5.00-5.16]    |   7.00 [7.00-10.00]    |    2.50 [2.50-2.58]    |    0.07 [0.01-0.07]     |
|      296       |       1        |  10.00 [10.00-13.00]  |   0.00 [0.00-0.00]    |    6.32 [6.27-8.17]    |    0.00 [0.00-0.00]    |    0.00 [0.00-0.00]     |
|      299       |       1        |   5.00 [4.00-8.00]    |   1.00 [1.00-1.00]    |   7.95 [6.38-12.76]    |    0.50 [0.50-0.50]    |    0.00 [0.00-0.01]     |
|      300       |       1        |   4.00 [4.00-7.00]    |   1.00 [1.00-1.00]    |   6.46 [6.46-11.24]    |    0.50 [0.50-0.50]    |    0.01 [0.00-0.01]     |
|      301       |       1        |  23.00 [20.00-27.16]  |   4.00 [4.00-5.00]    |  23.00 [20.00-27.16]   |    2.00 [2.00-2.50]    |    0.00 [0.00-0.00]     |
|      303       |       1        |   3.00 [3.00-6.00]    |   0.00 [0.00-0.00]    |    3.00 [3.00-6.00]    |    0.00 [0.00-0.00]    |    0.04 [0.00-0.04]     |
|      305       |       1        |  16.00 [14.00-19.00]  |   2.00 [2.00-2.00]    |  15.84 [13.86-18.80]   |    1.04 [1.03-1.05]    |    0.00 [0.00-0.00]     |
|      306       |       1        |   4.00 [4.00-5.47]    |   0.00 [0.00-0.00]    |    4.00 [4.00-5.47]    |    0.00 [0.00-0.00]    |    0.01 [0.00-0.01]     |
|      307       |       1        |  18.00 [17.00-21.16]  |   0.00 [0.00-0.00]    |  18.00 [17.00-21.16]   |    0.00 [0.00-0.00]    |    0.00 [0.00-0.00]     |
|      309       |       1        |   4.00 [4.00-7.32]    |   0.00 [0.00-0.00]    |    2.49 [2.49-4.57]    |    0.00 [0.00-0.00]    |    0.08 [0.01-0.08]     |
|      313       |       1        |   7.00 [6.00-10.00]   |   0.00 [0.00-0.00]    |    4.58 [3.93-6.55]    |    0.00 [0.00-0.00]    |    0.01 [0.00-0.02]     |
|      318       |       1        |   4.00 [4.00-6.16]    |   3.00 [3.00-4.00]    |    5.52 [5.52-8.48]    |    1.37 [1.37-1.84]    |    0.07 [0.01-0.11]     |
|      319       |       1        |  12.00 [11.00-16.00]  |   3.00 [3.00-3.16]    |  12.00 [11.00-16.00]   |    1.53 [1.51-1.61]    |    0.00 [0.00-0.00]     |
|      320       |       1        |  24.50 [22.50-27.58]  |  15.50 [15.00-17.08]  |  25.14 [23.09-28.30]   |    7.82 [7.57-8.63]    |    0.00 [0.00-0.00]     |
|      322       |       1        |   4.00 [4.00-7.00]    |   1.00 [1.00-1.00]    |    4.00 [4.00-7.00]    |    0.50 [0.50-0.50]    |    0.05 [0.00-0.05]     |
|      323       |       1        |  20.00 [17.00-24.16]  |   1.00 [1.00-1.00]    |  20.00 [17.00-24.16]   |    0.51 [0.50-0.51]    |    0.00 [0.00-0.00]     |
|      324       |       1        |   5.00 [4.00-7.00]    |   4.00 [3.50-4.16]    |   7.40 [5.94-10.33]    |    1.81 [1.59-1.89]    |    0.04 [0.01-0.09]     |
|      325       |       1        |   8.00 [7.00-11.00]   |   4.00 [4.00-4.00]    |  12.10 [10.61-16.63]   |    1.80 [1.80-1.80]    |    0.00 [0.00-0.00]     |
|      326       |       1        |  12.00 [9.00-16.00]   |   2.00 [2.00-2.00]    |  16.65 [12.82-21.68]   |    0.88 [0.87-0.88]    |    0.00 [0.00-0.00]     |
|      328       |       1        |   6.00 [5.00-7.00]    |   1.00 [1.00-1.00]    |    6.01 [5.01-7.01]    |    0.50 [0.50-0.50]    |    0.01 [0.00-0.02]     |
|      331       |       1        |   4.00 [4.00-7.16]    |   0.00 [0.00-0.00]    |    3.95 [3.90-7.06]    |    0.00 [0.00-0.00]    |    0.01 [0.00-0.01]     |
|      332       |       1        |  14.00 [12.84-18.00]  |   0.00 [0.00-0.00]    |  20.35 [18.48-25.49]   |    0.00 [0.00-0.00]    |    0.00 [0.00-0.00]     |
|      333       |       1        |  17.00 [16.00-20.00]  |   6.00 [6.00-8.00]    |  17.28 [16.25-20.33]   |    2.98 [2.98-3.97]    |    0.00 [0.00-0.00]     |
|      334       |       1        |  10.00 [9.00-13.00]   |   4.00 [4.00-4.16]    |   10.60 [9.54-13.67]   |    1.95 [1.93-2.03]    |    0.00 [0.00-0.01]     |
|      335       |       1        |  12.00 [11.00-14.00]  |   0.00 [0.00-0.00]    |    7.58 [6.96-8.85]    |    0.00 [0.00-0.00]    |    0.00 [0.00-0.00]     |
|      337       |       1        |  12.00 [12.00-16.00]  |   6.00 [6.00-7.00]    |  12.00 [12.00-16.00]   |    3.00 [3.00-3.50]    |    0.00 [0.00-0.01]     |
|      338       |       1        |   9.00 [9.00-12.00]   |   3.00 [3.00-4.00]    |   9.00 [9.00-12.00]    |    1.50 [1.50-2.00]    |    0.00 [0.00-0.00]     |
|      339       |       1        |  18.50 [17.00-22.00]  |   0.00 [0.00-0.00]    |  18.50 [17.00-22.00]   |    0.00 [0.00-0.00]    |    0.00 [0.00-0.00]     |
|      340       |       1        |   4.00 [4.00-6.16]    |   0.00 [0.00-0.00]    |    6.11 [6.11-9.38]    |    0.00 [0.00-0.00]    |    0.00 [0.00-0.00]     |
|      341       |       1        |   6.00 [5.00-8.16]    |   0.00 [0.00-0.00]    |   9.40 [7.90-12.81]    |    0.00 [0.00-0.00]    |    0.00 [0.00-0.00]     |
|      343       |       1        |   7.00 [7.00-9.16]    |   1.00 [0.84-1.00]    |   7.92 [7.92-10.36]    |    0.47 [0.40-0.47]    |    0.00 [0.00-0.00]     |
|      344       |       1        |   7.00 [7.00-10.00]   |   0.00 [0.00-0.00]    |    6.93 [6.93-9.90]    |    0.00 [0.00-0.00]    |    0.00 [0.00-0.00]     |
|      346       |       1        |   4.00 [4.00-7.00]    |   0.00 [0.00-0.00]    |    4.00 [4.00-7.00]    |    0.00 [0.00-0.00]    |    0.01 [0.00-0.01]     |
|      347       |       1        |  13.50 [12.50-16.50]  |   5.50 [5.00-6.58]    |  13.54 [12.50-16.54]   |    3.08 [2.78-3.68]    |    0.00 [0.00-0.01]     |
|      348       |       1        |  17.00 [14.97-21.16]  |  12.00 [12.00-13.17]  |  17.04 [15.02-21.23]   |    5.99 [5.97-6.57]    |    0.00 [0.00-0.02]     |
|      349       |       1        |  19.00 [17.00-23.16]  |  14.00 [14.00-15.50]  |  19.40 [17.31-23.60]   |    6.94 [6.93-7.66]    |    0.00 [0.00-0.01]     |
|      352       |       1        |  10.50 [9.50-12.50]   |  10.50 [10.00-12.50]  |  12.24 [11.10-14.60]   |    5.17 [4.94-6.11]    |    0.04 [0.01-0.11]     |
|      360       |       1        |  11.50 [11.42-14.00]  |  12.50 [12.00-14.50]  |  12.53 [12.35-15.26]   |    6.30 [6.03-7.26]    |    0.07 [0.02-0.13]     |
|      361       |       1        |  16.00 [15.00-20.00]  |  19.00 [19.00-20.00]  |  16.30 [15.28-20.38]   |    9.42 [9.42-9.94]    |    0.08 [0.01-0.12]     |
|      362       |       1        |  13.00 [11.50-15.08]  |  16.00 [16.00-17.50]  |  17.60 [15.61-20.74]   |    7.17 [7.14-7.82]    |    0.02 [0.00-0.05]     |
|      365       |       1        |  16.00 [16.00-20.00]  |   5.00 [5.00-6.00]    |  15.69 [15.58-19.60]   |    2.54 [2.54-3.07]    |    0.00 [0.00-0.00]     |
|      369       |       1        |  15.00 [14.00-19.00]  |   5.00 [5.00-5.08]    |  14.52 [13.55-18.40]   |    2.55 [2.55-2.59]    |    0.00 [0.00-0.00]     |
|      370       |       1        |  12.00 [10.00-15.08]  |  13.00 [13.00-15.00]  |  14.57 [12.14-18.33]   |    6.11 [6.11-7.04]    |    0.03 [0.00-0.08]     |
|      372       |       1        |  14.00 [13.00-19.00]  |   1.00 [1.00-1.00]    |  14.00 [13.00-19.00]   |    0.50 [0.50-0.50]    |    0.00 [0.00-0.00]     |
|      374       |       1        |  16.00 [13.00-20.00]  |   6.00 [6.00-7.16]    |  21.83 [18.20-26.95]   |    2.65 [2.62-3.17]    |    0.00 [0.00-0.00]     |
|      380       |       1        |   7.00 [7.00-11.00]   |   3.00 [3.00-4.00]    |   7.00 [7.00-11.00]    |    1.50 [1.50-2.00]    |    0.02 [0.00-0.04]     |
|      381       |       1        |  11.00 [10.00-13.16]  |   0.00 [0.00-0.00]    |    6.91 [6.28-8.36]    |    0.00 [0.00-0.00]    |    0.00 [0.00-0.00]     |
|      382       |       1        |   5.50 [5.50-8.16]    |   1.50 [1.00-1.66]    |    5.53 [5.53-8.20]    |    0.75 [0.50-0.83]    |    0.03 [0.00-0.03]     |
|      383       |       1        |   5.00 [5.00-9.00]    |   7.00 [7.00-8.00]    |   7.93 [7.92-14.11]    |    2.97 [2.97-3.40]    |    0.09 [0.00-0.12]     |
|      384       |       1        |  18.00 [16.00-21.00]  |   6.00 [6.00-7.00]    |  18.00 [16.00-21.00]   |    3.00 [3.00-3.51]    |    0.00 [0.00-0.00]     |
|      386       |       1        |   4.00 [3.00-7.16]    |   1.00 [1.00-2.00]    |   6.21 [4.68-11.27]    |    0.42 [0.42-0.85]    |    0.02 [0.00-0.04]     |
|      389       |       1        |  24.00 [21.00-26.16]  |   3.00 [3.00-3.16]    |  23.89 [20.90-26.03]   |    1.70 [1.68-1.81]    |    0.00 [0.00-0.00]     |
|      390       |       1        |   4.00 [4.00-6.16]    |   0.00 [0.00-0.00]    |    4.00 [4.00-6.16]    |    0.00 [0.00-0.00]    |    0.01 [0.00-0.01]     |
|      391       |       1        |  10.00 [10.00-15.00]  |   0.00 [0.00-0.00]    |    6.29 [6.27-9.44]    |    0.00 [0.00-0.00]    |    0.00 [0.00-0.00]     |
|      392       |       1        |  19.00 [17.00-23.32]  |   3.00 [3.00-4.16]    |  19.04 [17.03-23.36]   |    1.51 [1.50-2.10]    |    0.00 [0.00-0.00]     |
|      393       |       1        |   5.00 [5.00-8.00]    |   1.00 [1.00-1.16]    |    5.04 [5.04-8.06]    |    0.50 [0.50-0.58]    |    0.02 [0.00-0.02]     |
|      394       |       1        |  17.00 [12.00-21.00]  |   1.00 [1.00-1.00]    |  24.87 [18.76-30.86]   |    0.43 [0.42-0.43]    |    0.00 [0.00-0.00]     |
|      396       |       1        |   7.00 [6.00-12.00]   |   0.00 [0.00-0.00]    |   7.00 [6.00-12.00]    |    0.00 [0.00-0.00]    |    0.00 [0.00-0.00]     |
|      399       |       1        |   5.00 [5.00-8.16]    |   0.00 [0.00-0.00]    |    4.98 [4.98-8.13]    |    0.00 [0.00-0.00]    |    0.00 [0.00-0.00]     |
|      400       |       1        |  15.00 [13.00-18.16]  |   0.00 [0.00-0.00]    |  20.54 [17.99-25.12]   |    0.00 [0.00-0.00]    |    0.00 [0.00-0.00]     |
|      401       |       1        |   6.00 [5.00-11.00]   |   0.00 [0.00-0.00]    |   9.63 [7.99-17.33]    |    0.00 [0.00-0.00]    |    0.00 [0.00-0.00]     |
|      403       |       1        |  10.00 [9.00-12.00]   |   2.00 [2.00-2.00]    |  13.37 [12.07-16.20]   |    0.89 [0.88-0.89]    |    0.00 [0.00-0.00]     |
|      404       |       1        |  22.33 [20.67-25.72]  |   7.33 [7.00-8.33]    |  22.54 [20.83-25.97]   |    3.65 [3.48-4.15]    |    0.00 [0.00-0.00]     |
|      405       |       1        |  17.00 [14.84-19.16]  |   6.00 [6.00-7.00]    |  23.49 [20.51-26.77]   |    2.64 [2.63-3.08]    |    0.00 [0.00-0.00]     |
|      407       |       1        |  22.00 [21.00-26.00]  |   5.00 [5.00-5.16]    |  22.00 [21.00-26.00]   |    2.56 [2.55-2.66]    |    0.00 [0.00-0.00]     |
