
Analysis Description
--------------------
BUSTED (branch-site unrestricted statistical test of episodic
diversification) uses a random effects branch-site model fitted jointly
to all or a subset of tree branches in order to test for alignment-wide
evidence of episodic diversifying selection. Assuming there is evidence
of positive selection (i.e. there is an omega > 1), BUSTED will also
perform a quick evidence-ratio style analysis to explore which
individual sites may have been subject to selection. Version 2.0 adds
support for synonymous rate variation, and relaxes the test statistic to
0.5 (chi^2_0 + chi^2_2). Version 2.1 adds a grid search for the initial
starting point. Version 2.2 changes the grid search to LHC, and adds an
initial search phase to use adaptive Nedler-Mead. Version 3.0 implements
the option for branch-site variation in synonymous substitution rates.
Version 3.1 adds HMM auto-correlation option for SRV, and binds SRV
distributions for multiple branch sets. Version 4.0 adds support for
multiple hits (MH), ancestral state reconstruction saved to JSON, and
profiling of branch-site level support for selection / multiple hits.
Version 4.2 adds calculation of MH-attributable fractions of
substitutions. Version 4.5 adds an 'error absorption' component. Version
4.6 adds support for MSS-type models. Version 4.7 adds user configurable
options for the error class. 

- __Requirements__: in-frame codon alignment and a phylogenetic tree (optionally annotated
with {})

- __Citation__: *Gene-wide identification of episodic selection*, Mol Biol Evol.
32(5):1365-71, *Synonymous Site-to-Site Substitution Rate Variation
Dramatically Inflates False Positive Rates of Selection Analyses: Ignore
at Your Own Peril*, Mol Biol Evol. 37(8):2430-2439

- __Written by__: Sergei L Kosakovsky Pond

- __Contact Information__: spond@temple.edu

- __Analysis Version__: 4.7


>code => Universal
>Loaded a multiple sequence alignment with **62** sequences, **392** codons, and **1** partitions from `/Users/alex/Documents/selection-tutorial/data/21-empirical/vwf.nex`

>branches => All

>srv => Yes
The number omega rate classes to include in the model (permissible range = [1,10], default value = 3, integer): 
>rates => 3

>multiple-hits => Double+Triple

>mss => No
The number alpha rate classes to include in the model [1-10, default 3] (permissible range = [1,10], default value = 3, integer): 
>syn-rates => 3

>error-sink => No
The number of points in the initial distributional guess for likelihood fitting (permissible range = [1,10000], default value = 250, integer): 
>grid-size => 250
The number of initial random guesses to 'seed' rate values optimization (permissible range = [1,25], default value = 1, integer): 
>starting-points => 1


### Branches to test for selection in the BUSTED analysis
* Selected 121 branches to test in the BUSTED analysis: `TAMANDUA, MYRMECOPHAGA, CHOLOEPUSDI, DASYPUS, EUPHRACTUS, CHAETOPHRACTUS, Node8, Node6, DIPODOMYS, ERINACEUS, TUPAIA, Node14, PTEROPUS, ROUSETTUS, Node20, TADARIDA, MEGADERMA, ANTROZOUS, MYOTIS, Node28, Node26, Node24, ARTIBEUS, NYCTERIS, Node31, Node23, Node19, SOLENODON, TALPA, GALEMYS, Node37, Node35, MANIS, EQUUS, CERATOTHERIUM, Node44, PANTHERA, FELIS, Node48, CANIS, AILUROPODA, Node51, Node47, Node43, GALEOPTERUS, CALLITHRIX, PONGO, GORILLA, HOMO, PAN, Node65, Node63, Node61, MACACA, Node60, Node58, OTOLEMUR, MICROCEBUS, LEMUR, Node71, Node69, Node57, MACROSCELIDES, ELEPHANTULUS, Node76, ORYCTEROPUS, TRICHECHUS, LOXODONTA, PROCAVIA, Node84, Node82, Node80, ECHINOPS, AMBLYSOMUS, Node87, Node79, Node75, PEDETES, CASTOR, RATTUS, MUS, Node96, Node94, Node92, SPERMOPHILUS, ERETHIZON, HYDROCHOERUS, CAVIA, Node103, Node101, Node99, Node91, OCHOTONA, ORYCTOLAGUS, Node106, Node90, Node74, Node56, Node54, Node42, Node40, Node34, Node18, TARSIUS, LAMA, HIPPOPOTAMUS, BOS, TURSIOPS, MEGAPTERA, Node118, Node116, Node114, SUS, Node113, Node111, Node109, Node17, Node13, Node11, Node5, Node3`


### Obtaining branch lengths and nucleotide substitution biases under the nucleotide GTR model

>kill-zero-lengths => Yes
* Log(L) = -24978.07, AIC-c = 50214.59 (129 estimated parameters)
* 1 partition. Total tree length by partition (subs/site)  4.590

### Obtaining the global omega estimate based on relative GTR branch lengths and nucleotide substitution biases
* Log(L) = -23567.12, AIC-c = 47407.78 (136 estimated parameters)
* 1 partition. Total tree length by partition (subs/site)  5.037
* non-synonymous/synonymous rate ratio for *test* =   0.1926

### Improving branch lengths, nucleotide substitution biases, and global dN/dS ratios under a full codon model
* Log(L) = -23407.62, AIC-c = 47088.77 (136 estimated parameters)
* non-synonymous/synonymous rate ratio for *test* =   0.1668

### Performing the full (dN/dS > 1 allowed) branch-site model fit
* Log(L) = -22847.95, AIC-c = 45991.71 (147 estimated parameters)
* For *test* branches, the following rate distribution for branch-site combinations was inferred


### Partition-level rates for multiple-hit substitutions
* rate at which 2 nucleotides are changed instantly within a single codon :   0.1278
* Corresponding fraction of substitutions :  1.782%
* rate at which 3 nucleotides are changed instantly within a single codon :   0.0000
* Corresponding fraction of substitutions :  0.000%

|          Selection mode           |     dN/dS     |Proportion, %|               Notes               |
|-----------------------------------|---------------|-------------|-----------------------------------|
|        Negative selection         |     0.112     |    1.641    |                                   |
|        Negative selection         |     0.138     |   96.775    |                                   |
|      Diversifying selection       |     1.250     |    1.584    |                                   |

* The following rate distribution for site-to-site **synonymous** rate variation was inferred

|               Rate                | Proportion, % |               Notes               |
|-----------------------------------|---------------|-----------------------------------|
|               0.370               |    37.152     |                                   |
|               1.116               |    51.091     |                                   |
|               2.487               |    11.757     |                                   |


### Performing the constrained (dN/dS > 1 not allowed) model fit
* Log(L) = -22847.95, AIC-c = 45989.67 (146 estimated parameters)
* For *test* branches under the null (no dN/dS > 1 model), the following rate distribution for branch-site combinations was inferred

### Partition-level rates for multiple-hit substitutions
* rate at which 2 nucleotides are changed instantly within a single codon :   0.1321
* Corresponding fraction of substitutions :  1.836%
* rate at which 3 nucleotides are changed instantly within a single codon :   0.0000
* Corresponding fraction of substitutions :  0.000%

|          Selection mode           |     dN/dS     |Proportion, %|               Notes               |
|-----------------------------------|---------------|-------------|-----------------------------------|
|        Negative selection         |     0.063     |    1.875    |                                   |
|        Negative selection         |     0.138     |   96.019    |                                   |
|         Neutral evolution         |     1.000     |    2.106    |                                   |

* The following rate distribution for site-to-site **synonymous** rate variation was inferred

|               Rate                | Proportion, % |               Notes               |
|-----------------------------------|---------------|-----------------------------------|
|               0.371               |    37.226     |                                   |
|               1.118               |    51.090     |                                   |
|               2.491               |    11.683     |                                   |

----
## Negative test LRT (convergence problem). Refitting the alternative model using the null model as a start.
----

* Log(L) = -22847.93, AIC-c = 45991.66 (147 estimated parameters)
* For *test* branches, the following rate distribution for branch-site combinations was inferred
Partition-level rates for multiple-hit substitutions
* rate at which 2 nucleotides are changed instantly within a single codon :   0.1299
* Corresponding fraction of substitutions :  1.808%
* rate at which 3 nucleotides are changed instantly within a single codon :   0.0000
* Corresponding fraction of substitutions :  0.000%

|          Selection mode           |     dN/dS     |Proportion, %|               Notes               |
|-----------------------------------|---------------|-------------|-----------------------------------|
|        Negative selection         |     0.073     |    1.912    |                                   |
|        Negative selection         |     0.137     |   96.013    |                                   |
|      Diversifying selection       |     1.038     |    2.074    |                                   |

* The following rate distribution for site-to-site **synonymous** rate variation was inferred

|               Rate                | Proportion, % |               Notes               |
|-----------------------------------|---------------|-----------------------------------|
|               0.371               |    37.226     |                                   |
|               1.118               |    51.091     |                                   |
|               2.490               |    11.683     |                                   |

Performing the constrained (dN/dS > 1 not allowed) model fit
* Log(L) = -22847.93, AIC-c = 45989.64 (146 estimated parameters)
* For *test* branches under the null (no dN/dS > 1 model), the following rate distribution for branch-site combinations was inferred
Partition-level rates for multiple-hit substitutions
* rate at which 2 nucleotides are changed instantly within a single codon :   0.1305
* Corresponding fraction of substitutions :  1.816%
* rate at which 3 nucleotides are changed instantly within a single codon :   0.0000
* Corresponding fraction of substitutions :  0.000%

|          Selection mode           |     dN/dS     |Proportion, %|               Notes               |
|-----------------------------------|---------------|-------------|-----------------------------------|
|        Negative selection         |     0.068     |    1.936    |                                   |
|        Negative selection         |     0.137     |   95.901    |                                   |
|         Neutral evolution         |     1.000     |    2.163    |                                   |

* The following rate distribution for site-to-site **synonymous** rate variation was inferred

|               Rate                | Proportion, % |               Notes               |
|-----------------------------------|---------------|-----------------------------------|
|               0.371               |    37.226     |                                   |
|               1.118               |    51.091     |                                   |
|               2.490               |    11.683     |                                   |

----
## Branch-site unrestricted statistical test of episodic diversification [BUSTED]
Likelihood ratio test for episodic diversifying positive selection, **p =   0.4989**.
