
Analysis Description
--------------------
aBSREL (Adaptive branch-site random effects likelihood) uses an adaptive
random effects branch-site model framework to test whether each branch
has evolved under positive selection, using a procedure which infers an
optimal number of rate categories per branch. v2.2 adds support for
multiple-hit models. v2.3 adds support for SRV. v2.5 adds support for
ancestral state reconstruction, identification of sites contributing to
selection signal, and some diagnostics. v2.6 adds tree reports and ASCII
art

- __Requirements__: in-frame codon alignment and a phylogenetic tree

- __Citation__:  Less Is More: An Adaptive Branch-Site Random Effects Model for
Efficient Detection of Episodic Diversifying Selection (2015). Mol Biol
Evol 32 (5): 1342-1353. 

- __Written by__: Sergei L Kosakovsky Pond, Ben Murrell, Steven Weaver and Temple iGEM /
UCSD viral evolution group

- __Contact Information__: spond@temple.edu

- __Analysis Version__: 2.6

[Advanced option] Bag of little bootstrap alignment resampling rate (permissible range = [0.01,1], default value = 1): blb: 1

>code => Universal
>Loaded a multiple sequence alignment with **62** sequences, **392** codons, and **1** partitions from `/Users/alex/Documents/selection-tutorial/data/21-empirical/vwf.nex`

>branches => All

>multiple-hits => None

>srv => No


### * Selected 121 branches for testing: `TAMANDUA, MYRMECOPHAGA, CHOLOEPUSDI, DASYPUS, EUPHRACTUS, CHAETOPHRACTUS, Node8, Node6, DIPODOMYS, ERINACEUS, TUPAIA, Node14, PTEROPUS, ROUSETTUS, Node20, TADARIDA, MEGADERMA, ANTROZOUS, MYOTIS, Node28, Node26, Node24, ARTIBEUS, NYCTERIS, Node31, Node23, Node19, SOLENODON, TALPA, GALEMYS, Node37, Node35, MANIS, EQUUS, CERATOTHERIUM, Node44, PANTHERA, FELIS, Node48, CANIS, AILUROPODA, Node51, Node47, Node43, GALEOPTERUS, CALLITHRIX, PONGO, GORILLA, HOMO, PAN, Node65, Node63, Node61, MACACA, Node60, Node58, OTOLEMUR, MICROCEBUS, LEMUR, Node71, Node69, Node57, MACROSCELIDES, ELEPHANTULUS, Node76, ORYCTEROPUS, TRICHECHUS, LOXODONTA, PROCAVIA, Node84, Node82, Node80, ECHINOPS, AMBLYSOMUS, Node87, Node79, Node75, PEDETES, CASTOR, RATTUS, MUS, Node96, Node94, Node92, SPERMOPHILUS, ERETHIZON, HYDROCHOERUS, CAVIA, Node103, Node101, Node99, Node91, OCHOTONA, ORYCTOLAGUS, Node106, Node90, Node74, Node56, Node54, Node42, Node40, Node34, Node18, TARSIUS, LAMA, HIPPOPOTAMUS, BOS, TURSIOPS, MEGAPTERA, Node118, Node116, Node114, SUS, Node113, Node111, Node109, Node17, Node13, Node11, Node5, Node3`


### Obtaining branch lengths and nucleotide substitution biases under the nucleotide GTR model

>kill-zero-lengths => Yes
* Log(L) = -24978.07, AIC-c = 50214.59 (129 estimated parameters)
* 1 partition. Total tree length by partition (subs/site)  4.590

### Fitting the baseline model with a single dN/dS class per branch, and no site-to-site variation. 
* Log(L) = -23442.45, AIC-c = 47402.37 (256 estimated parameters)
* Branch-level non-synonymous/synonymous rate ratio distribution has median  0.18, and 95% of the weight in  0.05 - 10000000000.00

### Determining the optimal number of rate classes per branch using a step up procedure

|              Branch               |  Length  |  Rates   |     Max. dN/dS     |    Log(L)     |     AIC-c     |Best AIC-c so far|
|-----------------------------------|----------|----------|--------------------|---------------|---------------|-----------------|
|             ERINACEUS             |   0.28   |    2     |   80.38 ( 3.91%)   |   -23434.34   |   47390.24    |    47390.24     |
|             ERINACEUS             |   0.28   |    3     |  123.57 ( 3.48%)   |   -23434.23   |   47394.11    |    47390.24     |
|             DIPODOMYS             |   0.26   |    2     |    2.16 ( 6.58%)   |   -23429.74   |   47385.13    |    47385.13     |
|             DIPODOMYS             |   0.26   |    3     |    2.14 ( 6.65%)   |   -23429.74   |   47389.22    |    47385.13     |
|              TARSIUS              |   0.14   |    2     |    0.57 (44.88%)   |   -23428.04   |   47385.82    |    47385.13     |
|             ECHINOPS              |   0.13   |    2     |    0.23 ( 0.00%)   |   -23429.74   |   47389.22    |    47385.13     |
|             SOLENODON             |   0.12   |    2     |    0.47 (34.36%)   |   -23428.72   |   47387.17    |    47385.13     |
|                BOS                |   0.11   |    2     |    0.51 (23.86%)   |   -23428.43   |   47386.58    |    47385.13     |
|               LAMA                |   0.11   |    2     |    5.07 ( 4.77%)   |   -23427.06   |   47383.86    |    47383.86     |
|               LAMA                |   0.11   |    3     |    5.16 ( 4.53%)   |   -23427.07   |   47387.97    |    47383.86     |
|             OCHOTONA              |   0.11   |    2     |    0.46 (24.47%)   |   -23426.26   |   47386.34    |    47383.86     |
|              Node76               |   0.10   |    2     |  366.59 ( 1.84%)   |   -23422.65   |   47379.13    |    47379.13     |
|              Node76               |   0.10   |    3     |  142.68 ( 1.73%)   |   -23422.65   |   47383.21    |    47379.13     |
|             PROCAVIA              |   0.10   |    2     |    5.06 ( 4.47%)   |   -23417.87   |   47373.65    |    47373.65     |
|             PROCAVIA              |   0.10   |    3     |    4.57 ( 4.61%)   |   -23417.83   |   47377.66    |    47373.65     |
|              PEDETES              |   0.10   |    2     |    0.55 (36.71%)   |   -23416.58   |   47375.17    |    47373.65     |
|            GALEOPTERUS            |   0.09   |    2     |    1.30 (20.40%)   |   -23411.46   |   47364.92    |    47364.92     |
|            GALEOPTERUS            |   0.09   |    3     |   11.48 ( 2.08%)   |   -23410.81   |   47367.71    |    47364.92     |
|           SPERMOPHILUS            |   0.09   |    2     |    0.48 (28.01%)   |   -23410.19   |   47366.47    |    47364.92     |
|                SUS                |   0.09   |    2     |    0.36 ( 0.00%)   |   -23411.46   |   47369.01    |    47364.92     |
|              Node96               |   0.08   |    2     |   0.12 (100.00%)   |   -23411.46   |   47369.01    |    47364.92     |
|            ORYCTEROPUS            |   0.08   |    2     |    0.98 (30.45%)   |   -23409.97   |   47366.04    |    47364.92     |
|              Node101              |   0.08   |    2     |    1.73 (15.29%)   |   -23405.87   |   47357.83    |    47357.83     |
|              Node101              |   0.08   |    3     |    2.29 ( 8.73%)   |   -23405.82   |   47361.83    |    47357.83     |
|             MEGADERMA             |   0.08   |    2     |    0.60 (30.24%)   |   -23404.93   |   47360.03    |    47357.83     |
|              TUPAIA               |   0.08   |    2     |    1.48 (21.00%)   |   -23402.57   |   47355.32    |    47355.32     |
|              TUPAIA               |   0.08   |    3     |    1.84 (11.59%)   |   -23402.58   |   47359.43    |    47355.32     |
|             ARTIBEUS              |   0.08   |    2     |    0.44 (34.64%)   |   -23402.10   |   47358.46    |    47355.32     |
|               MANIS               |   0.08   |    2     |    0.50 (23.01%)   |   -23402.51   |   47359.30    |    47355.32     |
|               Node3               |   0.07   |    2     |    3.31 (12.57%)   |   -23391.81   |   47337.89    |    47337.89     |
|               Node3               |   0.07   |    3     |    3.32 (12.57%)   |   -23391.81   |   47341.98    |    47337.89     |
|            ORYCTOLAGUS            |   0.07   |    2     |    1.41 (21.41%)   |   -23388.85   |   47336.06    |    47336.06     |
|            ORYCTOLAGUS            |   0.07   |    3     |    1.69 (11.74%)   |   -23388.86   |   47340.17    |    47336.06     |
|             OTOLEMUR              |   0.07   |    2     |    1.32 (15.50%)   |   -23386.23   |   47334.91    |    47334.91     |
|             OTOLEMUR              |   0.07   |    3     |    1.75 ( 7.81%)   |   -23386.21   |   47338.97    |    47334.91     |
|            CHOLOEPUSDI            |   0.07   |    2     |    0.23 (48.12%)   |   -23386.18   |   47338.92    |    47334.91     |
|              Node106              |   0.07   |    2     |    0.97 (21.75%)   |   -23384.72   |   47335.98    |    47334.91     |
|              CASTOR               |   0.07   |    2     |    0.49 (22.89%)   |   -23385.42   |   47337.40    |    47334.91     |
|             NYCTERIS              |   0.07   |    2     |    0.21 (90.57%)   |   -23386.23   |   47339.01    |    47334.91     |
|             LOXODONTA             |   0.07   |    2     |    2.83 ( 1.97%)   |   -23385.92   |   47338.39    |    47334.91     |
|            AMBLYSOMUS             |   0.06   |    2     |    0.48 (23.80%)   |   -23385.96   |   47338.47    |    47334.91     |
|           HIPPOPOTAMUS            |   0.06   |    2     |    1.04 (25.76%)   |   -23385.29   |   47337.14    |    47334.91     |
|              GALEMYS              |   0.06   |    2     |   0.08 (100.00%)   |   -23386.23   |   47339.01    |    47334.91     |
|             TADARIDA              |   0.06   |    2     |    9.33 ( 3.37%)   |   -23383.58   |   47333.71    |    47333.71     |
|             TADARIDA              |   0.06   |    3     |   11.31 ( 2.89%)   |   -23383.60   |   47337.84    |    47333.71     |
|              DASYPUS              |   0.06   |    2     |   0.14 (100.00%)   |   -23383.58   |   47337.81    |    47333.71     |
|            MICROCEBUS             |   0.06   |    2     |    0.78 (25.04%)   |   -23382.72   |   47336.09    |    47333.71     |
|              Node48               |   0.05   |    2     |    0.43 (43.43%)   |   -23383.40   |   47337.45    |    47333.71     |
|            AILUROPODA             |   0.05   |    2     |    0.72 (16.72%)   |   -23382.76   |   47336.17    |    47333.71     |
|               CANIS               |   0.05   |    2     |   0.09 (100.00%)   |   -23383.58   |   47337.81    |    47333.71     |
|               TALPA               |   0.05   |    2     |    0.37 ( 0.00%)   |   -23383.58   |   47337.81    |    47333.71     |
|               EQUUS               |   0.05   |    2     |    2.09 (14.54%)   |   -23380.05   |   47330.75    |    47330.75     |
|               EQUUS               |   0.05   |    3     |    2.62 ( 9.01%)   |   -23380.07   |   47334.89    |    47330.75     |
|              Node58               |   0.05   |    2     |    0.23 (48.41%)   |   -23380.05   |   47334.85    |    47330.75     |
|              Node20               |   0.05   |    2     |    2.55 ( 6.34%)   |   -23377.74   |   47330.21    |    47330.21     |
|              Node20               |   0.05   |    3     |   19.97 ( 0.78%)   |   -23377.24   |   47333.31    |    47330.21     |
|              RATTUS               |   0.05   |    2     |   20.51 ( 1.45%)   |   -23374.35   |   47327.54    |    47327.54     |
|              RATTUS               |   0.05   |    3     |   23.09 ( 1.31%)   |   -23374.34   |   47331.60    |    47327.54     |
|            TRICHECHUS             |   0.04   |    2     |    1.36 (14.95%)   |   -23372.87   |   47328.67    |    47327.54     |
|                MUS                |   0.04   |    2     |    0.25 ( 0.00%)   |   -23374.35   |   47331.63    |    47327.54     |
|           CERATOTHERIUM           |   0.04   |    2     |    0.54 (11.15%)   |   -23374.35   |   47331.64    |    47327.54     |
|            CALLITHRIX             |   0.04   |    2     |    1.09 (12.30%)   |   -23373.17   |   47329.27    |    47327.54     |
|           ELEPHANTULUS            |   0.04   |    2     |    4.69 (19.95%)   |   -23371.96   |   47326.85    |    47326.85     |
|           ELEPHANTULUS            |   0.04   |    3     |    5.50 (15.09%)   |   -23371.97   |   47330.96    |    47326.85     |
|               CAVIA               |   0.04   |    2     |    1.31 (17.18%)   |   -23370.93   |   47328.89    |    47326.85     |
|              Node14               |   0.04   |    2     |    1.58 ( 7.06%)   |   -23371.52   |   47330.07    |    47326.85     |
|             ROUSETTUS             |   0.04   |    2     |    2.60 (13.22%)   |   -23369.32   |   47325.67    |    47325.67     |
|             ROUSETTUS             |   0.04   |    3     |    2.60 (13.08%)   |   -23369.32   |   47329.77    |    47325.67     |
|              Node75               |   0.04   |    2     |    1.00 (15.88%)   |   -23368.64   |   47328.41    |    47325.67     |
|              Node11               |   0.04   |    2     |   48.50 ( 2.90%)   |   -23361.96   |   47315.05    |    47315.05     |
|              Node11               |   0.04   |    3     |   47.17 ( 2.93%)   |   -23361.96   |   47319.15    |    47315.05     |
|              Node37               |   0.03   |    2     |    0.21 (93.14%)   |   -23361.96   |   47319.15    |    47315.05     |
|              Node28               |   0.03   |    2     |    0.28 ( 0.00%)   |   -23361.96   |   47319.15    |    47315.05     |
|             ERETHIZON             |   0.03   |    2     |    0.27 (50.89%)   |   -23361.97   |   47319.16    |    47315.05     |
|              Node69               |   0.03   |    2     |   0.10 (100.00%)   |   -23361.96   |   47319.15    |    47315.05     |
|             ANTROZOUS             |   0.03   |    2     |    2.44 ( 4.56%)   |   -23359.62   |   47314.46    |    47314.46     |
|             ANTROZOUS             |   0.03   |    3     |    2.90 ( 3.08%)   |   -23359.64   |   47318.61    |    47314.46     |
|             PTEROPUS              |   0.03   |    2     |   0.11 (100.00%)   |   -23359.62   |   47318.55    |    47314.46     |
|           MACROSCELIDES           |   0.03   |    2     |   >1000 ( 1.72%)   |   -23353.55   |   47306.42    |    47306.42     |
|           MACROSCELIDES           |   0.03   |    3     |   >1000 ( 1.69%)   |   -23353.48   |   47310.38    |    47306.42     |
|              Node109              |   0.03   |    2     |    1.68 ( 6.19%)   |   -23353.39   |   47310.21    |    47306.42     |
|              Node44               |   0.03   |    2     |    2.34 ( 8.73%)   |   -23351.90   |   47307.22    |    47306.42     |
|           MYRMECOPHAGA            |   0.03   |    2     |    0.41 ( 0.00%)   |   -23353.55   |   47310.52    |    47306.42     |
|           HYDROCHOERUS            |   0.03   |    2     |    1.41 (20.06%)   |   -23353.39   |   47310.21    |    47306.42     |
|             TURSIOPS              |   0.03   |    2     |    1.69 (16.25%)   |   -23353.43   |   47310.28    |    47306.42     |
|              Node118              |   0.02   |    2     |    0.68 (59.26%)   |   -23353.53   |   47310.48    |    47306.42     |
|              Node47               |   0.02   |    2     |   0.11 (100.00%)   |   -23353.55   |   47310.52    |    47306.42     |
|              Node54               |   0.02   |    2     |   0.13 (100.00%)   |   -23353.55   |   47310.52    |    47306.42     |
|             TAMANDUA              |   0.02   |    2     |   10.37 ( 2.52%)   |   -23347.15   |   47297.72    |    47297.72     |
|             TAMANDUA              |   0.02   |    3     |   12.38 ( 2.05%)   |   -23347.12   |   47301.77    |    47297.72     |
|              Node111              |   0.02   |    2     |    0.22 ( 6.76%)   |   -23347.15   |   47301.82    |    47297.72     |
|               Node8               |   0.02   |    2     |    0.59 (51.44%)   |   -23347.15   |   47301.82    |    47297.72     |
|              Node114              |   0.02   |    2     |    0.25 ( 5.76%)   |   -23347.15   |   47301.82    |    47297.72     |
|               Node6               |   0.02   |    2     |   10.22 ( 2.26%)   |   -23345.70   |   47298.92    |    47297.72     |
|              Node71               |   0.02   |    2     |    0.14 (46.14%)   |   -23347.15   |   47301.83    |    47297.72     |
|               LEMUR               |   0.02   |    2     |    0.24 (34.50%)   |   -23347.14   |   47301.81    |    47297.72     |
|              Node103              |   0.02   |    2     |   0.17 (100.00%)   |   -23347.15   |   47301.82    |    47297.72     |
|              Node13               |   0.02   |    2     |    0.24 (47.98%)   |   -23347.11   |   47301.75    |    47297.72     |
|              Node42               |   0.02   |    2     |    0.24 (23.85%)   |   -23347.18   |   47301.88    |    47297.72     |
|              Node87               |   0.02   |    2     |    0.18 (92.42%)   |   -23347.15   |   47301.82    |    47297.72     |
|             MEGAPTERA             |   0.02   |    2     |    0.73 (24.33%)   |   -23347.17   |   47301.87    |    47297.72     |
|              MACACA               |   0.02   |    2     |   0.13 (100.00%)   |   -23347.14   |   47301.81    |    47297.72     |
|               Node5               |   0.02   |    2     |    0.28 (53.83%)   |   -23347.12   |   47301.76    |    47297.72     |
|              Node19               |   0.02   |    2     |    3.11 ( 7.24%)   |   -23347.06   |   47301.64    |    47297.72     |
|              Node82               |   0.02   |    2     |   0.11 (100.00%)   |   -23347.15   |   47301.81    |    47297.72     |
|              MYOTIS               |   0.02   |    2     |   10.66 ( 2.50%)   |   -23346.01   |   47299.55    |    47297.72     |
|              Node92               |   0.01   |    2     |    0.28 ( 0.00%)   |   -23347.15   |   47301.81    |    47297.72     |
|              Node79               |   0.01   |    2     |    0.25 (35.59%)   |   -23347.13   |   47301.79    |    47297.72     |
|              Node18               |   0.01   |    2     |    0.11 (99.46%)   |   -23347.15   |   47301.82    |    47297.72     |
|              Node35               |   0.01   |    2     |    8.80 ( 5.42%)   |   -23345.56   |   47298.65    |    47297.72     |
|              Node57               |   0.01   |    2     |    0.23 (25.69%)   |   -23347.13   |   47301.78    |    47297.72     |
|              Node113              |   0.01   |    2     |    0.31 (26.54%)   |   -23347.14   |   47301.81    |    47297.72     |
|               FELIS               |   0.01   |    2     |    7.94 ( 2.52%)   |   -23345.13   |   47297.79    |    47297.72     |
|              Node31               |   0.01   |    2     |    0.25 (30.71%)   |   -23347.15   |   47301.82    |    47297.72     |
|              Node116              |   0.01   |    2     |    0.95 ( 4.65%)   |   -23347.15   |   47301.82    |    47297.72     |
|              Node91               |   0.01   |    2     |    1.05 (10.08%)   |   -23347.13   |   47301.78    |    47297.72     |
|              Node94               |   0.01   |    2     |    0.25 (24.12%)   |   -23347.14   |   47301.81    |    47297.72     |
|              Node26               |   0.01   |    2     |    0.38 (50.54%)   |   -23347.15   |   47301.82    |    47297.72     |
|              Node51               |   0.01   |    2     |    0.27 (14.53%)   |   -23347.15   |   47301.82    |    47297.72     |
|              Node23               |   0.01   |    2     |  15.27 (100.00%)   |   -23347.14   |   47301.80    |    47297.72     |
|              Node61               |   0.01   |    2     |    0.28 (50.11%)   |   -23347.15   |   47301.82    |    47297.72     |
|              Node99               |   0.01   |    2     |    0.80 (95.00%)   |   -23347.14   |   47301.81    |    47297.72     |
|                PAN                |   0.01   |    2     |    0.26 ( 0.00%)   |   -23347.15   |   47301.82    |    47297.72     |
|               PONGO               |   0.01   |    2     |    0.28 (25.66%)   |   -23347.16   |   47301.84    |    47297.72     |
|          CHAETOPHRACTUS           |   0.01   |    2     |   41.76 ( 4.60%)   |   -23345.28   |   47298.09    |    47297.72     |
|              Node40               |   0.01   |    2     |    0.24 (23.67%)   |   -23347.15   |   47301.82    |    47297.72     |
|              Node17               |   0.01   |    2     |    1.22 (11.44%)   |   -23347.13   |   47301.78    |    47297.72     |
|              GORILLA              |   0.01   |    2     |    0.23 (18.30%)   |   -23347.15   |   47301.83    |    47297.72     |
|              Node84               |   0.01   |    2     |    0.60 (27.43%)   |   -23347.14   |   47301.80    |    47297.72     |
|              Node56               |   0.01   |    2     |    0.28 (52.19%)   |   -23347.15   |   47301.82    |    47297.72     |
|            EUPHRACTUS             |   0.01   |    2     |    0.26 ( 0.00%)   |   -23347.15   |   47301.82    |    47297.72     |
|              Node80               |   0.01   |    2     |    0.27 (31.40%)   |   -23354.21   |   47315.94    |    47297.72     |
|               HOMO                |   0.01   |    2     |    0.75 ( 5.00%)   |   -23347.15   |   47301.82    |    47297.72     |
|              Node74               |   0.00   |    2     |  112.25 ( 0.68%)   |   -23344.51   |   47296.54    |    47296.54     |
|              Node74               |   0.00   |    3     |  112.12 ( 0.66%)   |   -23344.52   |   47300.66    |    47296.54     |
|              Node90               |   0.00   |    2     |    0.23 ( 0.00%)   |   -23344.51   |   47300.64    |    47296.54     |
|              Node63               |   0.00   |    2     |    0.82 (10.39%)   |   -23344.51   |   47300.65    |    47296.54     |
|              Node65               |   0.00   |    2     |    0.26 ( 0.00%)   |   -23344.51   |   47300.64    |    47296.54     |
|              Node34               |   0.00   |    2     |    0.36 (43.31%)   |   -23344.51   |   47300.64    |    47296.54     |
|              Node24               |   0.00   |    2     |    0.25 ( 0.00%)   |   -23344.51   |   47300.64    |    47296.54     |
|              Node60               |   0.00   |    2     |    0.40 (50.60%)   |   -23344.51   |   47300.64    |    47296.54     |
|             PANTHERA              |   0.00   |    2     |    0.27 (31.40%)   |   -23351.30   |   47314.23    |    47296.54     |
|              Node43               |   0.00   |    2     |    0.72 (23.72%)   |   -23344.51   |   47300.64    |    47296.54     |

### Rate class analyses summary
*  22 branches with **2** rate classes
*  99 branches with **1** rate classes

### Annotated Tree
(TAMANDUA{2},MYRMECOPHAGA{1},(CHOLOEPUSDI{1},((DASYPUS{1},(EUPHRACTUS{1},CHAETOPHRACTUS{1})Node8{1})Node6{1},(DIPODOMYS{2},((ERINACEUS{2},TUPAIA{2})Node14{1},((((PTEROPUS{1},ROUSETTUS{2})Node20{2},((TADARIDA{2},(MEGADERMA{1},(ANTROZOUS{2},MYOTIS{1})Node28{1})Node26{1})Node24{1},(ARTIBEUS{1},NYCTERIS{1})Node31{1})Node23{1})Node19{1},((SOLENODON{1},(TALPA{1},GALEMYS{1})Node37{1})Node35{1},(MANIS{1},(((EQUUS{2},CERATOTHERIUM{1})Node44{1},((PANTHERA{1},FELIS{1})Node48{1},(CANIS{1},AILUROPODA{1})Node51{1})Node47{1})Node43{1},(GALEOPTERUS{2},(((CALLITHRIX{1},((PONGO{1},(GORILLA{1},(HOMO{1},PAN{1})Node65{1})Node63{1})Node61{1},MACACA{1})Node60{1})Node58{1},(OTOLEMUR{2},(MICROCEBUS{1},LEMUR{1})Node71{1})Node69{1})Node57{1},(((MACROSCELIDES{2},ELEPHANTULUS{2})Node76{2},((ORYCTEROPUS{1},(TRICHECHUS{1},(LOXODONTA{1},PROCAVIA{2})Node84{1})Node82{1})Node80{1},(ECHINOPS{1},AMBLYSOMUS{1})Node87{1})Node79{1})Node75{1},(((PEDETES{1},(CASTOR{1},(RATTUS{2},MUS{1})Node96{1})Node94{1})Node92{1},(SPERMOPHILUS{1},(ERETHIZON{1},(HYDROCHOERUS{1},CAVIA{1})Node103{1})Node101{2})Node99{1})Node91{1},(OCHOTONA{1},ORYCTOLAGUS{2})Node106{1})Node90{1})Node74{2})Node56{1})Node54{1})Node42{1})Node40{1})Node34{1})Node18{1},(TARSIUS{1},(LAMA{2},((HIPPOPOTAMUS{1},(BOS{1},(TURSIOPS{1},MEGAPTERA{1})Node118{1})Node116{1})Node114{1},SUS{1})Node113{1})Node111{1})Node109{1})Node17{1})Node13{1})Node11{2})Node5{1})Node3{2})

----

```
|TAMANDUA (2)
|MYRMECOPHAGA (1)
||CHOLOEPUSDI (1)
|+Node3 (2)
 | |DASYPUS (1)
 ||+Node6 (1)
 ||||EUPHRACTUS (1)
 |||+Node8 (1)
 || |CHAETOPHRACTUS (1)
 |+Node5 (1)
  ||DIPODOMYS (2)
  |+Node11 (2)
   | |ERINACEUS (2)
   ||+Node14 (1)
   |||TUPAIA (2)
   |+Node13 (1)
    |   |PTEROPUS (1)
    |  |+Node20 (2)
    |  ||ROUSETTUS (2)
    | |+Node19 (1)
    | || |TADARIDA (2)
    | |||+Node24 (1)
    | |||||MEGADERMA (1)
    | ||||+Node26 (1)
    | ||| ||ANTROZOUS (2)
    | ||| |+Node28 (1)
    | |||  |MYOTIS (1)
    | ||+Node23 (1)
    | | ||ARTIBEUS (1)
    | | |+Node31 (1)
    | |  |NYCTERIS (1)
    ||+Node18 (1)
    ||| |SOLENODON (1)
    ||||+Node35 (1)
    ||||||TALPA (1)
    |||||+Node37 (1)
    |||| |GALEMYS (1)
    |||+Node34 (1)
    || ||MANIS (1)
    || |+Node40 (1)
    ||  |  |EQUUS (2)
    ||  | |+Node44 (1)
    ||  | ||CERATOTHERIUM (1)
    ||  ||+Node43 (1)
    ||  ||| |PANTHERA (1)
    ||  ||||+Node48 (1)
    ||  |||||FELIS (1)
    ||  |||+Node47 (1)
    ||  || ||CANIS (1)
    ||  || |+Node51 (1)
    ||  ||  |AILUROPODA (1)
    ||  |+Node42 (1)
    ||   ||GALEOPTERUS (2)
    ||   |+Node54 (1)
    ||    |  |CALLITHRIX (1)
    ||    | |+Node58 (1)
    ||    | || |PONGO (1)
    ||    | |||+Node61 (1)
    ||    | |||||GORILLA (1)
    ||    | ||||+Node63 (1)
    ||    | ||| ||HOMO (1)
    ||    | ||| |+Node65 (1)
    ||    | |||  |PAN (1)
    ||    | ||+Node60 (1)
    ||    | | |MACACA (1)
    ||    ||+Node57 (1)
    ||    ||||OTOLEMUR (2)
    ||    |||+Node69 (1)
    ||    || ||MICROCEBUS (1)
    ||    || |+Node71 (1)
    ||    ||  |LEMUR (1)
    ||    |+Node56 (1)
    ||     |  |MACROSCELIDES (2)
    ||     | |+Node76 (2)
    ||     | ||ELEPHANTULUS (2)
    ||     ||+Node75 (1)
    ||     ||| |ORYCTEROPUS (1)
    ||     ||||+Node80 (1)
    ||     ||||||TRICHECHUS (1)
    ||     |||||+Node82 (1)
    ||     |||| ||LOXODONTA (1)
    ||     |||| |+Node84 (1)
    ||     ||||  |PROCAVIA (2)
    ||     |||+Node79 (1)
    ||     || ||ECHINOPS (1)
    ||     || |+Node87 (1)
    ||     ||  |AMBLYSOMUS (1)
    ||     |+Node74 (2)
    ||      |  |PEDETES (1)
    ||      | |+Node92 (1)
    ||      | |||CASTOR (1)
    ||      | ||+Node94 (1)
    ||      | | ||RATTUS (2)
    ||      | | |+Node96 (1)
    ||      | |  |MUS (1)
    ||      ||+Node91 (1)
    ||      ||||SPERMOPHILUS (1)
    ||      |||+Node99 (1)
    ||      || ||ERETHIZON (1)
    ||      || |+Node101 (2)
    ||      ||  ||HYDROCHOERUS (1)
    ||      ||  |+Node103 (1)
    ||      ||   |CAVIA (1)
    ||      |+Node90 (1)
    ||       ||OCHOTONA (1)
    ||       |+Node106 (1)
    ||        |ORYCTOLAGUS (2)
    |+Node17 (1)
     ||TARSIUS (1)
     |+Node109 (1)
      ||LAMA (2)
      |+Node111 (1)
       | |HIPPOPOTAMUS (1)
       ||+Node114 (1)
       ||||BOS (1)
       |||+Node116 (1)
       || ||TURSIOPS (1)
       || |+Node118 (1)
       ||  |MEGAPTERA (1)
       |+Node113 (1)
        |SUS (1)
```


### Improving parameter estimates of the adaptive rate class model
* Log(L) = -23207.29, AIC-c = 47022.11 (300 estimated parameters)

### Testing selected branches for selection

|              Branch               |  Rates   |     Max. dN/dS     | Sites @ EBF>=100 |      Test LRT      |Uncorrected p-value |
|-----------------------------------|----------|--------------------|------------------|--------------------|--------------------|
|             ERINACEUS             |     2    |   23.93 ( 4.71%)   |          4       |        3.23        |       0.07401      |
|             DIPODOMYS             |     2    |    1.89 ( 5.18%)   |          2       |        0.16        |       0.41546      |
|              TARSIUS              |     1    |   0.19 (100.00%)   |       N/A        |        0.00        |       1.00000      |
|             ECHINOPS              |     1    |   0.17 (100.00%)   |       N/A        |        0.00        |       1.00000      |
|             SOLENODON             |     1    |   0.12 (100.00%)   |       N/A        |        0.00        |       1.00000      |
|                BOS                |     1    |   0.10 (100.00%)   |       N/A        |        0.00        |       1.00000      |
|               LAMA                |     2    |    2.97 ( 7.14%)   |          1       |        0.43        |       0.34472      |
|             OCHOTONA              |     1    |   0.09 (100.00%)   |       N/A        |        0.00        |       1.00000      |
|              Node76               |     2    |    1.05 (13.74%)   |          1       |       -0.30        |       0.50000      |
|             PROCAVIA              |     2    |    3.71 ( 6.59%)   |          6       |        0.88        |       0.26322      |
|              PEDETES              |     1    |   0.17 (100.00%)   |       N/A        |        0.00        |       1.00000      |
|            GALEOPTERUS            |     2    |    9.58 ( 2.59%)   |          6       |        2.06        |       0.13708      |
|           SPERMOPHILUS            |     1    |   0.11 (100.00%)   |       N/A        |        0.00        |       1.00000      |
|                SUS                |     1    |   0.15 (100.00%)   |       N/A        |        0.00        |       1.00000      |
|              Node96               |     1    |   0.12 (100.00%)   |       N/A        |        0.00        |       1.00000      |
|            ORYCTEROPUS            |     1    |   0.23 (100.00%)   |       N/A        |        0.00        |       1.00000      |
|              Node101              |     2    |    1.64 (13.53%)   |          6       |        0.61        |       0.30836      |
|             MEGADERMA             |     1    |   0.14 (100.00%)   |       N/A        |        0.00        |       1.00000      |
|              TUPAIA               |     2    |    1.40 (21.52%)   |         21       |        0.09        |       0.44131      |
|             ARTIBEUS              |     1    |   0.13 (100.00%)   |       N/A        |        0.00        |       1.00000      |
|               MANIS               |     1    |   0.22 (100.00%)   |       N/A        |        0.00        |       1.00000      |
|               Node3               |     2    |    2.89 (12.51%)   |         26       |        4.64        |       0.03567      |
|            ORYCTOLAGUS            |     2    |    1.02 (22.80%)   |         23       |       -0.04        |       0.50000      |
|             OTOLEMUR              |     2    |   11.11 ( 1.63%)   |          3       |        1.71        |       0.16559      |
|            CHOLOEPUSDI            |     1    |   0.15 (100.00%)   |       N/A        |        0.00        |       1.00000      |
|              Node106              |     1    |   0.16 (100.00%)   |       N/A        |        0.00        |       1.00000      |
|              CASTOR               |     1    |   0.09 (100.00%)   |       N/A        |        0.00        |       1.00000      |
|             NYCTERIS              |     1    |   0.18 (100.00%)   |       N/A        |        0.00        |       1.00000      |
|             LOXODONTA             |     1    |   0.20 (100.00%)   |       N/A        |        0.00        |       1.00000      |
|            AMBLYSOMUS             |     1    |   0.10 (100.00%)   |       N/A        |        0.00        |       1.00000      |
|           HIPPOPOTAMUS            |     1    |   0.21 (100.00%)   |       N/A        |        0.00        |       1.00000      |
|              GALEMYS              |     1    |   0.07 (100.00%)   |       N/A        |        0.00        |       1.00000      |
|             TADARIDA              |     2    |    5.63 ( 4.79%)   |          2       |        0.87        |       0.26468      |
|              DASYPUS              |     1    |   0.12 (100.00%)   |       N/A        |        0.00        |       1.00000      |
|            MICROCEBUS             |     1    |   0.16 (100.00%)   |       N/A        |        0.00        |       1.00000      |
|              Node48               |     1    |   0.17 (100.00%)   |       N/A        |        0.00        |       1.00000      |
|            AILUROPODA             |     1    |   0.10 (100.00%)   |       N/A        |        0.00        |       1.00000      |
|               CANIS               |     1    |   0.08 (100.00%)   |       N/A        |        0.00        |       1.00000      |
|               TALPA               |     1    |   0.15 (100.00%)   |       N/A        |        0.00        |       1.00000      |
|               EQUUS               |     2    |    2.10 (13.59%)   |         19       |        1.18        |       0.22126      |
|              Node58               |     1    |   0.20 (100.00%)   |       N/A        |        0.00        |       1.00000      |
|              Node20               |     2    |   15.80 ( 0.80%)   |          1       |        1.22        |       0.21637      |
|              RATTUS               |     2    |   21.09 ( 1.42%)   |          2       |        3.65        |       0.05944      |
|            TRICHECHUS             |     1    |   0.16 (100.00%)   |       N/A        |        0.00        |       1.00000      |
|                MUS                |     1    |   0.16 (100.00%)   |       N/A        |        0.00        |       1.00000      |
|           CERATOTHERIUM           |     1    |   0.43 (100.00%)   |       N/A        |        0.00        |       1.00000      |
|            CALLITHRIX             |     1    |   0.11 (100.00%)   |       N/A        |        0.00        |       1.00000      |
|           ELEPHANTULUS            |     2    |    3.44 (20.80%)   |          3       |        1.68        |       0.16884      |
|               CAVIA               |     1    |   0.19 (100.00%)   |       N/A        |        0.00        |       1.00000      |
|              Node14               |     1    |   0.07 (100.00%)   |       N/A        |        0.00        |       1.00000      |
|             ROUSETTUS             |     2    |    2.15 (13.16%)   |         17       |        0.82        |       0.27285      |
|              Node75               |     1    |   0.14 (100.00%)   |       N/A        |        0.00        |       1.00000      |
|              Node11               |     2    |   31.92 ( 2.78%)   |          6       |        6.37        |       0.01471      |
|              Node37               |     1    |   0.16 (100.00%)   |       N/A        |        0.00        |       1.00000      |
|              Node28               |     1    |   0.17 (100.00%)   |       N/A        |        0.00        |       1.00000      |
|             ERETHIZON             |     1    |   0.21 (100.00%)   |       N/A        |        0.00        |       1.00000      |
|              Node69               |     1    |   0.09 (100.00%)   |       N/A        |        0.00        |       1.00000      |
|             ANTROZOUS             |     2    |    2.07 ( 4.66%)   |          6       |        0.28        |       0.38128      |
|             PTEROPUS              |     1    |   0.10 (100.00%)   |       N/A        |        0.00        |       1.00000      |
|           MACROSCELIDES           |     2    |   >1000 ( 2.18%)   |          5       |       13.51        |       0.00040      |
|              Node109              |     1    |   0.08 (100.00%)   |       N/A        |        0.00        |       1.00000      |
|              Node44               |     1    |   0.17 (100.00%)   |       N/A        |        0.00        |       1.00000      |
|           MYRMECOPHAGA            |     1    |   0.15 (100.00%)   |       N/A        |        0.00        |       1.00000      |
|           HYDROCHOERUS            |     1    |   0.23 (100.00%)   |       N/A        |        0.00        |       1.00000      |
|             TURSIOPS              |     1    |   0.29 (100.00%)   |       N/A        |        0.00        |       1.00000      |
|              Node118              |     1    |   0.33 (100.00%)   |       N/A        |        0.00        |       1.00000      |
|              Node47               |     1    |   0.10 (100.00%)   |       N/A        |        0.00        |       1.00000      |
|              Node54               |     1    |   0.12 (100.00%)   |       N/A        |        0.00        |       1.00000      |
|             TAMANDUA              |     2    |   12.85 ( 1.74%)   |          2       |        5.15        |       0.02750      |
|              Node111              |     1    |   0.15 (100.00%)   |       N/A        |        0.00        |       1.00000      |
|               Node8               |     1    |   0.53 (100.00%)   |       N/A        |        0.00        |       1.00000      |
|              Node114              |     1    |   0.19 (100.00%)   |       N/A        |        0.00        |       1.00000      |
|               Node6               |     1    |   0.32 (100.00%)   |       N/A        |        0.00        |       1.00000      |
|              Node71               |     1    |   0.05 (100.00%)   |       N/A        |        0.00        |       1.00000      |
|               LEMUR               |     1    |   0.08 (100.00%)   |       N/A        |        0.00        |       1.00000      |
|              Node103              |     1    |   0.16 (100.00%)   |       N/A        |        0.00        |       1.00000      |
|              Node13               |     1    |   0.11 (100.00%)   |       N/A        |        0.00        |       1.00000      |
|              Node42               |     1    |   0.05 (100.00%)   |       N/A        |        0.00        |       1.00000      |
|              Node87               |     1    |   0.16 (100.00%)   |       N/A        |        0.00        |       1.00000      |
|             MEGAPTERA             |     1    |   0.15 (100.00%)   |       N/A        |        0.00        |       1.00000      |
|              MACACA               |     1    |   0.11 (100.00%)   |       N/A        |        0.00        |       1.00000      |
|               Node5               |     1    |   0.21 (100.00%)   |       N/A        |        0.00        |       1.00000      |
|              Node19               |     1    |   0.13 (100.00%)   |       N/A        |        0.00        |       1.00000      |
|              Node82               |     1    |   0.09 (100.00%)   |       N/A        |        0.00        |       1.00000      |
|              MYOTIS               |     1    |   0.13 (100.00%)   |       N/A        |        0.00        |       1.00000      |
|              Node92               |     1    |   0.17 (100.00%)   |       N/A        |        0.00        |       1.00000      |
|              Node79               |     1    |   0.18 (100.00%)   |       N/A        |        0.00        |       1.00000      |
|              Node18               |     1    |   0.10 (100.00%)   |       N/A        |        0.00        |       1.00000      |
|              Node35               |     1    |   0.48 (100.00%)   |       N/A        |        0.00        |       1.00000      |
|              Node57               |     1    |   0.19 (100.00%)   |       N/A        |        0.00        |       1.00000      |
|              Node113              |     1    |   0.35 (100.00%)   |       N/A        |        0.00        |       1.00000      |
|               FELIS               |     1    |   0.15 (100.00%)   |       N/A        |        0.00        |       1.00000      |
|              Node31               |     1    |   0.20 (100.00%)   |       N/A        |        0.00        |       1.00000      |
|              Node116              |     1    |   0.21 (100.00%)   |       N/A        |        0.00        |       1.00000      |
|              Node91               |     1    |   0.08 (100.00%)   |       N/A        |        0.00        |       1.00000      |
|              Node94               |     1    |   0.22 (100.00%)   |       N/A        |        0.00        |       1.00000      |
|              Node26               |     1    |   0.28 (100.00%)   |       N/A        |        0.00        |       1.00000      |
|              Node51               |     1    |   0.22 (100.00%)   |       N/A        |        0.00        |       1.00000      |
|              Node23               |     1    |   2.29 (100.00%)   |       N/A        |        0.16        |       0.41627      |
|              Node61               |     1    |   0.13 (100.00%)   |       N/A        |        0.00        |       1.00000      |
|              Node99               |     1    |   0.72 (100.00%)   |       N/A        |        0.00        |       1.00000      |
|                PAN                |     1    |   0.17 (100.00%)   |       N/A        |        0.00        |       1.00000      |
|               PONGO               |     1    |   0.06 (100.00%)   |       N/A        |        0.00        |       1.00000      |
|          CHAETOPHRACTUS           |     1    |   1.73 (100.00%)   |       N/A        |        0.21        |       0.39983      |
|              Node40               |     1    |   0.06 (100.00%)   |       N/A        |        0.00        |       1.00000      |
|              Node17               |     1    |   0.99 (100.00%)   |       N/A        |        0.00        |       1.00000      |
|              GORILLA              |     1    |   0.04 (100.00%)   |       N/A        |        0.00        |       1.00000      |
|              Node84               |     1    |   0.38 (100.00%)   |       N/A        |        0.00        |       1.00000      |
|              Node56               |     1    |   0.12 (100.00%)   |       N/A        |        0.00        |       1.00000      |
|            EUPHRACTUS             |     1    |   0.00 (100.00%)   |       N/A        |        0.00        |       1.00000      |
|              Node80               |     1    |  >1000 (100.00%)   |       N/A        |        1.19        |       0.22058      |
|               HOMO                |     1    |   0.49 (100.00%)   |       N/A        |        0.00        |       1.00000      |
|              Node74               |     2    |   49.19 ( 0.70%)   |          2       |        3.44        |       0.06637      |
|              Node90               |     1    |   0.00 (100.00%)   |       N/A        |        0.00        |       1.00000      |
|              Node63               |     1    |   0.07 (100.00%)   |       N/A        |        0.00        |       1.00000      |
|              Node65               |     1    |   0.00 (100.00%)   |       N/A        |        0.00        |       1.00000      |
|              Node34               |     1    |   0.28 (100.00%)   |       N/A        |        0.00        |       1.00000      |
|              Node24               |     1    |   0.00 (100.00%)   |       N/A        |        0.00        |       1.00000      |
|              Node60               |     1    |   0.23 (100.00%)   |       N/A        |        0.00        |       1.00000      |
|             PANTHERA              |     1    |  >1000 (100.00%)   |       N/A        |        0.58        |       0.31281      |
|              Node43               |     1    |   1.17 (100.00%)   |       N/A        |       -0.03        |       0.50000      |
----
### Adaptive branch site random effects likelihood test 
Likelihood ratio test for episodic diversifying positive selection at Holm-Bonferroni corrected _p =   0.0500_ found **1** branches under selection among **121** tested.

* MACROSCELIDES, p-value =  0.04811

### Annotated Tree
(TAMANDUA,MYRMECOPHAGA,(CHOLOEPUSDI,((DASYPUS,(EUPHRACTUS,CHAETOPHRACTUS)Node8)Node6,(DIPODOMYS,((ERINACEUS,TUPAIA)Node14,((((PTEROPUS,ROUSETTUS)Node20,((TADARIDA,(MEGADERMA,(ANTROZOUS,MYOTIS)Node28)Node26)Node24,(ARTIBEUS,NYCTERIS)Node31)Node23)Node19,((SOLENODON,(TALPA,GALEMYS)Node37)Node35,(MANIS,(((EQUUS,CERATOTHERIUM)Node44,((PANTHERA,FELIS)Node48,(CANIS,AILUROPODA)Node51)Node47)Node43,(GALEOPTERUS,(((CALLITHRIX,((PONGO,(GORILLA,(HOMO,PAN)Node65)Node63)Node61,MACACA)Node60)Node58,(OTOLEMUR,(MICROCEBUS,LEMUR)Node71)Node69)Node57,(((MACROSCELIDES{0.04810895152879657},ELEPHANTULUS)Node76,((ORYCTEROPUS,(TRICHECHUS,(LOXODONTA,PROCAVIA)Node84)Node82)Node80,(ECHINOPS,AMBLYSOMUS)Node87)Node79)Node75,(((PEDETES,(CASTOR,(RATTUS,MUS)Node96)Node94)Node92,(SPERMOPHILUS,(ERETHIZON,(HYDROCHOERUS,CAVIA)Node103)Node101)Node99)Node91,(OCHOTONA,ORYCTOLAGUS)Node106)Node90)Node74)Node56)Node54)Node42)Node40)Node34)Node18,(TARSIUS,(LAMA,((HIPPOPOTAMUS,(BOS,(TURSIOPS,MEGAPTERA)Node118)Node116)Node114,SUS)Node113)Node111)Node109)Node17)Node13)Node11)Node5)Node3)

----

```
|TAMANDUA (N.S)
|MYRMECOPHAGA (N.S)
||CHOLOEPUSDI (N.S)
|+Node3 (N.S)
 | |DASYPUS (N.S)
 ||+Node6 (N.S)
 ||||EUPHRACTUS (N.S)
 |||+Node8 (N.S)
 || |CHAETOPHRACTUS (N.S)
 |+Node5 (N.S)
  ||DIPODOMYS (N.S)
  |+Node11 (N.S)
   | |ERINACEUS (N.S)
   ||+Node14 (N.S)
   |||TUPAIA (N.S)
   |+Node13 (N.S)
    |   |PTEROPUS (N.S)
    |  |+Node20 (N.S)
    |  ||ROUSETTUS (N.S)
    | |+Node19 (N.S)
    | || |TADARIDA (N.S)
    | |||+Node24 (N.S)
    | |||||MEGADERMA (N.S)
    | ||||+Node26 (N.S)
    | ||| ||ANTROZOUS (N.S)
    | ||| |+Node28 (N.S)
    | |||  |MYOTIS (N.S)
    | ||+Node23 (N.S)
    | | ||ARTIBEUS (N.S)
    | | |+Node31 (N.S)
    | |  |NYCTERIS (N.S)
    ||+Node18 (N.S)
    ||| |SOLENODON (N.S)
    ||||+Node35 (N.S)
    ||||||TALPA (N.S)
    |||||+Node37 (N.S)
    |||| |GALEMYS (N.S)
    |||+Node34 (N.S)
    || ||MANIS (N.S)
    || |+Node40 (N.S)
    ||  |  |EQUUS (N.S)
    ||  | |+Node44 (N.S)
    ||  | ||CERATOTHERIUM (N.S)
    ||  ||+Node43 (N.S)
    ||  ||| |PANTHERA (N.S)
    ||  ||||+Node48 (N.S)
    ||  |||||FELIS (N.S)
    ||  |||+Node47 (N.S)
    ||  || ||CANIS (N.S)
    ||  || |+Node51 (N.S)
    ||  ||  |AILUROPODA (N.S)
    ||  |+Node42 (N.S)
    ||   ||GALEOPTERUS (N.S)
    ||   |+Node54 (N.S)
    ||    |  |CALLITHRIX (N.S)
    ||    | |+Node58 (N.S)
    ||    | || |PONGO (N.S)
    ||    | |||+Node61 (N.S)
    ||    | |||||GORILLA (N.S)
    ||    | ||||+Node63 (N.S)
    ||    | ||| ||HOMO (N.S)
    ||    | ||| |+Node65 (N.S)
    ||    | |||  |PAN (N.S)
    ||    | ||+Node60 (N.S)
    ||    | | |MACACA (N.S)
    ||    ||+Node57 (N.S)
    ||    ||||OTOLEMUR (N.S)
    ||    |||+Node69 (N.S)
    ||    || ||MICROCEBUS (N.S)
    ||    || |+Node71 (N.S)
    ||    ||  |LEMUR (N.S)
    ||    |+Node56 (N.S)
    ||     |  |MACROSCELIDES (0.04810895152879657)
    ||     | |+Node76 (N.S)
    ||     | ||ELEPHANTULUS (N.S)
    ||     ||+Node75 (N.S)
    ||     ||| |ORYCTEROPUS (N.S)
    ||     ||||+Node80 (N.S)
    ||     ||||||TRICHECHUS (N.S)
    ||     |||||+Node82 (N.S)
    ||     |||| ||LOXODONTA (N.S)
    ||     |||| |+Node84 (N.S)
    ||     ||||  |PROCAVIA (N.S)
    ||     |||+Node79 (N.S)
    ||     || ||ECHINOPS (N.S)
    ||     || |+Node87 (N.S)
    ||     ||  |AMBLYSOMUS (N.S)
    ||     |+Node74 (N.S)
    ||      |  |PEDETES (N.S)
    ||      | |+Node92 (N.S)
    ||      | |||CASTOR (N.S)
    ||      | ||+Node94 (N.S)
    ||      | | ||RATTUS (N.S)
    ||      | | |+Node96 (N.S)
    ||      | |  |MUS (N.S)
    ||      ||+Node91 (N.S)
    ||      ||||SPERMOPHILUS (N.S)
    ||      |||+Node99 (N.S)
    ||      || ||ERETHIZON (N.S)
    ||      || |+Node101 (N.S)
    ||      ||  ||HYDROCHOERUS (N.S)
    ||      ||  |+Node103 (N.S)
    ||      ||   |CAVIA (N.S)
    ||      |+Node90 (N.S)
    ||       ||OCHOTONA (N.S)
    ||       |+Node106 (N.S)
    ||        |ORYCTOLAGUS (N.S)
    |+Node17 (N.S)
     ||TARSIUS (N.S)
     |+Node109 (N.S)
      ||LAMA (N.S)
      |+Node111 (N.S)
       | |HIPPOPOTAMUS (N.S)
       ||+Node114 (N.S)
       ||||BOS (N.S)
       |||+Node116 (N.S)
       || ||TURSIOPS (N.S)
       || |+Node118 (N.S)
       ||  |MEGAPTERA (N.S)
       |+Node113 (N.S)
        |SUS (N.S)
```

