
Analysis Description
--------------------
SLAC (Single Likelihood Ancestor Counting) uses a maximum likelihood
ancestral state reconstruction and minimum path substitution counting to
estimate site - level dS and dN, and applies a simple binomial - based
test to test if dS differs drom dN. The estimates aggregate information
over all branches, so the signal is derived from pervasive
diversification or conservation. A subset of branches can be selected
for testing as well. Multiple partitions within a NEXUS file are also
supported for recombination - aware analysis. 

- __Requirements__: in-frame codon alignment and a phylogenetic tree

- __Citation__: Not So Different After All: A Comparison of Methods for Detecting Amino
Acid Sites Under Selection (2005). _Mol Biol Evol_ 22 (5): 1208-1222

- __Written by__: Sergei L Kosakovsky Pond and Simon DW Frost

- __Contact Information__: spond@temple.edu

- __Analysis Version__: 2.00


>code => Universal
>Loaded a multiple sequence alignment with **62** sequences, **392** codons, and **1** partitions from `/Users/alex/Documents/selection-tutorial/data/21-empirical/vwf.nex`

>branches => All

>Select the number of samples used to assess ancestral reconstruction uncertainty [select 0 to skip] (permissible range = [0,100000], default value = 100, integer): 
>samples => 100

>Select the p-value threshold to use when testing for selection (permissible range = [0,1], default value = 0.1): 
>pvalue => 0.1


### Branches to include in the SLAC analysis
Selected 121 branches to include in SLAC calculations: `TAMANDUA, MYRMECOPHAGA, CHOLOEPUSDI, DASYPUS, EUPHRACTUS, CHAETOPHRACTUS, Node8, Node6, DIPODOMYS, ERINACEUS, TUPAIA, Node14, PTEROPUS, ROUSETTUS, Node20, TADARIDA, MEGADERMA, ANTROZOUS, MYOTIS, Node28, Node26, Node24, ARTIBEUS, NYCTERIS, Node31, Node23, Node19, SOLENODON, TALPA, GALEMYS, Node37, Node35, MANIS, EQUUS, CERATOTHERIUM, Node44, PANTHERA, FELIS, Node48, CANIS, AILUROPODA, Node51, Node47, Node43, GALEOPTERUS, CALLITHRIX, PONGO, GORILLA, HOMO, PAN, Node65, Node63, Node61, MACACA, Node60, Node58, OTOLEMUR, MICROCEBUS, LEMUR, Node71, Node69, Node57, MACROSCELIDES, ELEPHANTULUS, Node76, ORYCTEROPUS, TRICHECHUS, LOXODONTA, PROCAVIA, Node84, Node82, Node80, ECHINOPS, AMBLYSOMUS, Node87, Node79, Node75, PEDETES, CASTOR, RATTUS, MUS, Node96, Node94, Node92, SPERMOPHILUS, ERETHIZON, HYDROCHOERUS, CAVIA, Node103, Node101, Node99, Node91, OCHOTONA, ORYCTOLAGUS, Node106, Node90, Node74, Node56, Node54, Node42, Node40, Node34, Node18, TARSIUS, LAMA, HIPPOPOTAMUS, BOS, TURSIOPS, MEGAPTERA, Node118, Node116, Node114, SUS, Node113, Node111, Node109, Node17, Node13, Node11, Node5, Node3`


### Obtaining branch lengths and nucleotide substitution biases under the nucleotide GTR model

>kill-zero-lengths => Yes
* Log(L) = -24978.07, AIC-c = 50214.59 (129 estimated parameters)
* 1 partition. Total tree length by partition (subs/site)  4.590

### Obtaining the global omega estimate based on relative GTR branch lengths and nucleotide substitution biases
* Log(L) = -23567.12, AIC-c = 47407.78 (136 estimated parameters)
* 1 partition. Total tree length by partition (subs/site)  5.037
* non-synonymous/synonymous rate ratio for *test* =   0.1926

### Performing joint maximum likelihood ancestral state reconstruction

### For partition 1 these sites are significant at p <=0.1

|     Codon      |   Partition    |       S        |       N        |       dS       |       dN       |Selection detected?|
|:--------------:|:--------------:|:--------------:|:--------------:|:--------------:|:--------------:|:-----------------:|
|       1        |       1        |     7.000      |     2.000      |     7.215      |     1.031      |  Neg. p = 0.008   |
|       2        |       1        |     11.000     |     5.000      |     11.338     |     2.581      |  Neg. p = 0.004   |
|       3        |       1        |     16.000     |     1.000      |     16.474     |     0.515      |  Neg. p = 0.000   |
|       4        |       1        |     8.500      |     10.500     |     11.755     |     4.755      |  Neg. p = 0.049   |
|       6        |       1        |     13.000     |     2.000      |     13.000     |     1.000      |  Neg. p = 0.000   |
|       11       |       1        |     10.000     |     2.000      |     10.055     |     0.997      |  Neg. p = 0.001   |
|       12       |       1        |     18.000     |     11.000     |     17.858     |     5.562      |  Neg. p = 0.002   |
|       13       |       1        |     16.000     |     2.000      |     23.151     |     0.994      |  Neg. p = 0.000   |
|       15       |       1        |     6.000      |     1.000      |     10.145     |     0.433      |  Neg. p = 0.000   |
|       16       |       1        |     5.000      |     3.000      |     8.727      |     1.236      |  Neg. p = 0.008   |
|       17       |       1        |     10.000     |     7.000      |     10.604     |     3.403      |  Neg. p = 0.018   |
|       18       |       1        |     17.000     |     7.000      |     17.047     |     3.515      |  Neg. p = 0.000   |
|       19       |       1        |     3.000      |     0.000      |     5.107      |     0.000      |  Neg. p = 0.008   |
|       20       |       1        |     14.000     |     9.000      |     12.998     |     4.680      |  Neg. p = 0.013   |
|       21       |       1        |     11.000     |     0.000      |     11.000     |     0.000      |  Neg. p = 0.000   |
|       23       |       1        |     11.000     |     1.000      |     17.568     |     0.422      |  Neg. p = 0.000   |
|       27       |       1        |     2.000      |     0.000      |     3.615      |     0.000      |  Neg. p = 0.038   |
|       28       |       1        |     2.000      |     0.000      |     3.608      |     0.000      |  Neg. p = 0.034   |
|       29       |       1        |     6.000      |     8.000      |     9.687      |     3.473      |  Neg. p = 0.056   |
|       30       |       1        |     13.000     |     0.000      |     9.021      |     0.000      |  Neg. p = 0.000   |
|       32       |       1        |     9.000      |     0.000      |     14.609     |     0.000      |  Neg. p = 0.000   |
|       33       |       1        |     8.500      |     1.500      |     5.626      |     1.009      |  Neg. p = 0.034   |
|       36       |       1        |     4.000      |     0.000      |     2.593      |     0.000      |  Neg. p = 0.070   |
|       37       |       1        |     6.000      |     0.000      |     3.912      |     0.000      |  Neg. p = 0.018   |
|       38       |       1        |     16.000     |     0.000      |     24.433     |     0.000      |  Neg. p = 0.000   |
|       40       |       1        |     7.000      |     0.000      |     7.000      |     0.000      |  Neg. p = 0.000   |
|       41       |       1        |     1.000      |     13.000     |     1.052      |     6.362      |  Pos. p = 0.036   |
|       43       |       1        |     5.000      |     0.000      |     3.249      |     0.000      |  Neg. p = 0.036   |
|       44       |       1        |     25.000     |     0.000      |     25.000     |     0.000      |  Neg. p = 0.000   |
|       46       |       1        |     21.000     |     2.000      |     21.123     |     0.997      |  Neg. p = 0.000   |
|       48       |       1        |     11.000     |     0.000      |     16.770     |     0.000      |  Neg. p = 0.000   |
|       49       |       1        |     17.500     |     8.500      |     25.754     |     3.815      |  Neg. p = 0.000   |
|       52       |       1        |     3.000      |     0.000      |     5.088      |     0.000      |  Neg. p = 0.008   |
|       54       |       1        |     11.000     |     0.000      |     15.977     |     0.000      |  Neg. p = 0.000   |
|       56       |       1        |     5.000      |     0.000      |     5.000      |     0.000      |  Neg. p = 0.004   |
|       60       |       1        |     4.000      |     0.000      |     6.839      |     0.000      |  Neg. p = 0.002   |
|       61       |       1        |     16.000     |     3.000      |     14.748     |     1.582      |  Neg. p = 0.000   |
|       62       |       1        |     6.000      |     0.000      |     3.879      |     0.000      |  Neg. p = 0.019   |
|       65       |       1        |     11.000     |     0.000      |     11.000     |     0.000      |  Neg. p = 0.000   |
|       67       |       1        |     2.000      |     0.000      |     3.419      |     0.000      |  Neg. p = 0.040   |
|       70       |       1        |     13.000     |     1.000      |     12.929     |     0.501      |  Neg. p = 0.000   |
|       72       |       1        |     16.000     |     1.000      |     16.000     |     0.500      |  Neg. p = 0.000   |
|       74       |       1        |     5.500      |     1.500      |     5.608      |     0.743      |  Neg. p = 0.024   |
|       75       |       1        |     8.000      |     0.000      |     13.560     |     0.000      |  Neg. p = 0.000   |
|       77       |       1        |     13.000     |     0.000      |     21.544     |     0.000      |  Neg. p = 0.000   |
|       78       |       1        |     15.000     |     5.000      |     22.760     |     2.144      |  Neg. p = 0.000   |
|       80       |       1        |     11.000     |     0.000      |     11.000     |     0.000      |  Neg. p = 0.000   |
|       81       |       1        |     10.000     |     1.000      |     16.698     |     0.416      |  Neg. p = 0.000   |
|       83       |       1        |     3.000      |     0.000      |     5.403      |     0.000      |  Neg. p = 0.010   |
|       84       |       1        |     10.500     |     9.500      |     12.603     |     4.384      |  Neg. p = 0.019   |
|       88       |       1        |     5.000      |     4.000      |     7.945      |     1.687      |  Neg. p = 0.024   |
|       89       |       1        |     9.500      |     1.500      |     8.427      |     0.806      |  Neg. p = 0.002   |
|       90       |       1        |     3.500      |     1.500      |     5.896      |     0.646      |  Neg. p = 0.034   |
|       91       |       1        |     7.000      |     1.000      |     6.050      |     0.564      |  Neg. p = 0.008   |
|       92       |       1        |     11.000     |     1.000      |     11.000     |     0.500      |  Neg. p = 0.000   |
|       93       |       1        |     19.000     |     0.000      |     19.000     |     0.000      |  Neg. p = 0.000   |
|       94       |       1        |     3.000      |     1.000      |     5.135      |     0.430      |  Neg. p = 0.028   |
|       95       |       1        |     7.000      |     1.000      |     4.648      |     0.669      |  Neg. p = 0.036   |
|       96       |       1        |     3.000      |     0.000      |     2.599      |     0.000      |  Neg. p = 0.057   |
|       97       |       1        |     4.000      |     0.000      |     3.986      |     0.000      |  Neg. p = 0.013   |
|       98       |       1        |     13.500     |     3.500      |     18.136     |     1.552      |  Neg. p = 0.000   |
|       99       |       1        |     9.000      |     8.000      |     9.000      |     4.000      |  Neg. p = 0.075   |
|      101       |       1        |     3.000      |     2.000      |     5.120      |     1.064      |  Neg. p = 0.091   |
|      102       |       1        |     6.500      |     1.500      |     6.538      |     0.748      |  Neg. p = 0.011   |
|      104       |       1        |     15.000     |     0.000      |     23.516     |     0.000      |  Neg. p = 0.000   |
|      105       |       1        |     15.000     |     10.000     |     15.000     |     5.000      |  Neg. p = 0.006   |
|      107       |       1        |     4.000      |     1.000      |     7.148      |     0.410      |  Neg. p = 0.005   |
|      110       |       1        |     8.000      |     0.000      |     8.000      |     0.000      |  Neg. p = 0.000   |
|      113       |       1        |     16.000     |     4.000      |     23.707     |     1.720      |  Neg. p = 0.000   |
|      115       |       1        |     6.000      |     2.000      |     6.016      |     0.999      |  Neg. p = 0.019   |
|      116       |       1        |     15.000     |     2.000      |     11.444     |     1.227      |  Neg. p = 0.000   |
|      117       |       1        |     3.000      |     0.000      |     5.081      |     0.000      |  Neg. p = 0.008   |
|      119       |       1        |     10.000     |     0.000      |     10.000     |     0.000      |  Neg. p = 0.000   |
|      120       |       1        |     13.000     |     2.000      |     9.481      |     1.228      |  Neg. p = 0.001   |
|      122       |       1        |     9.000      |     2.000      |     13.832     |     1.106      |  Neg. p = 0.000   |
|      124       |       1        |     10.000     |     0.000      |     14.974     |     0.000      |  Neg. p = 0.000   |
|      127       |       1        |     22.500     |     23.500     |     25.670     |     11.074     |  Neg. p = 0.004   |
|      128       |       1        |     6.000      |     4.000      |     10.242     |     1.657      |  Neg. p = 0.006   |
|      129       |       1        |     6.000      |     0.000      |     5.823      |     0.000      |  Neg. p = 0.002   |
|      130       |       1        |     14.000     |     1.000      |     14.000     |     0.500      |  Neg. p = 0.000   |
|      131       |       1        |     9.000      |     0.000      |     13.364     |     0.000      |  Neg. p = 0.000   |
|      132       |       1        |     4.000      |     1.000      |     4.000      |     0.500      |  Neg. p = 0.045   |
|      133       |       1        |     5.000      |     1.000      |     5.000      |     0.501      |  Neg. p = 0.018   |
|      134       |       1        |     10.000     |     3.000      |     10.197     |     1.492      |  Neg. p = 0.001   |
|      135       |       1        |     12.000     |     12.000     |     14.156     |     5.575      |  Neg. p = 0.020   |
|      138       |       1        |     5.000      |     1.000      |     4.622      |     0.521      |  Neg. p = 0.026   |
|      139       |       1        |     7.000      |     1.000      |     4.757      |     0.655      |  Neg. p = 0.031   |
|      140       |       1        |     11.000     |     11.000     |     12.528     |     5.189      |  Neg. p = 0.033   |
|      142       |       1        |     5.000      |     0.000      |     8.853      |     0.000      |  Neg. p = 0.000   |
|      144       |       1        |     3.000      |     1.000      |     5.121      |     0.432      |  Neg. p = 0.028   |
|      145       |       1        |     9.000      |     6.000      |     9.000      |     3.000      |  Neg. p = 0.031   |
|      146       |       1        |     16.000     |     10.000     |     16.575     |     5.020      |  Neg. p = 0.002   |
|      150       |       1        |     6.500      |     3.500      |     5.793      |     1.870      |  Neg. p = 0.083   |
|      151       |       1        |     6.000      |     5.000      |     10.285     |     2.070      |  Neg. p = 0.010   |
|      155       |       1        |     11.000     |     5.000      |     16.509     |     2.489      |  Neg. p = 0.000   |
|      156       |       1        |     11.000     |     10.000     |     11.033     |     4.993      |  Neg. p = 0.055   |
|      157       |       1        |     4.000      |     2.000      |     6.758      |     1.072      |  Neg. p = 0.033   |
|      161       |       1        |     2.000      |     0.000      |     3.422      |     0.000      |  Neg. p = 0.040   |
|      162       |       1        |     4.000      |     2.000      |     6.750      |     0.861      |  Neg. p = 0.018   |
|      163       |       1        |     4.000      |     1.000      |     6.738      |     0.430      |  Neg. p = 0.007   |
|      164       |       1        |     7.000      |     3.000      |     7.136      |     1.486      |  Neg. p = 0.018   |
|      165       |       1        |     19.500     |     14.500     |     23.346     |     6.698      |  Neg. p = 0.000   |
|      168       |       1        |     27.000     |     3.000      |     26.995     |     1.500      |  Neg. p = 0.000   |
|      171       |       1        |     15.000     |     4.000      |     18.510     |     1.827      |  Neg. p = 0.000   |
|      173       |       1        |     12.000     |     0.000      |     12.000     |     0.000      |  Neg. p = 0.000   |
|      174       |       1        |     9.000      |     1.000      |     13.677     |     0.428      |  Neg. p = 0.000   |
|      183       |       1        |     17.000     |     0.000      |     21.788     |     0.000      |  Neg. p = 0.000   |
|      188       |       1        |     24.000     |     3.000      |     23.982     |     1.503      |  Neg. p = 0.000   |
|      191       |       1        |     5.000      |     3.000      |     8.358      |     1.294      |  Neg. p = 0.012   |
|      192       |       1        |     6.000      |     4.000      |     6.000      |     2.000      |  Neg. p = 0.077   |
|      193       |       1        |     16.000     |     0.000      |     21.641     |     0.000      |  Neg. p = 0.000   |
|      194       |       1        |     0.000      |     11.000     |     0.000      |     5.660      |  Pos. p = 0.009   |
|      195       |       1        |     9.000      |     8.000      |     8.929      |     4.016      |  Neg. p = 0.079   |
|      196       |       1        |     10.000     |     6.000      |     16.071     |     2.524      |  Neg. p = 0.000   |
|      197       |       1        |     18.000     |     12.000     |     19.795     |     5.744      |  Neg. p = 0.001   |
|      199       |       1        |     10.000     |     5.000      |     14.963     |     2.145      |  Neg. p = 0.000   |
|      200       |       1        |     3.000      |     1.000      |     5.124      |     0.431      |  Neg. p = 0.028   |
|      201       |       1        |     8.000      |     0.000      |     5.211      |     0.000      |  Neg. p = 0.005   |
|      202       |       1        |     5.000      |     4.000      |     8.374      |     1.748      |  Neg. p = 0.023   |
|      204       |       1        |     19.000     |     10.000     |     18.820     |     5.613      |  Neg. p = 0.001   |
|      206       |       1        |     11.000     |     2.000      |     17.214     |     0.847      |  Neg. p = 0.000   |
|      208       |       1        |     14.000     |     1.000      |     17.627     |     0.453      |  Neg. p = 0.000   |
|      213       |       1        |     7.000      |     0.000      |     9.826      |     0.000      |  Neg. p = 0.000   |
|      214       |       1        |     2.000      |     1.000      |     3.564      |     0.410      |  Neg. p = 0.092   |
|      215       |       1        |     12.000     |     1.000      |     10.204     |     0.548      |  Neg. p = 0.000   |
|      216       |       1        |     13.000     |     1.000      |     13.000     |     0.500      |  Neg. p = 0.000   |
|      217       |       1        |     17.000     |     2.000      |     17.000     |     1.000      |  Neg. p = 0.000   |
|      218       |       1        |     10.000     |     3.000      |     14.991     |     1.338      |  Neg. p = 0.000   |
|      219       |       1        |     18.000     |     10.000     |     18.000     |     5.000      |  Neg. p = 0.001   |
|      220       |       1        |     19.500     |     7.500      |     19.320     |     3.777      |  Neg. p = 0.000   |
|      222       |       1        |     15.500     |     4.500      |     15.528     |     2.248      |  Neg. p = 0.000   |
|      225       |       1        |     14.000     |     7.000      |     14.011     |     3.503      |  Neg. p = 0.002   |
|      228       |       1        |     13.000     |     5.000      |     13.017     |     2.499      |  Neg. p = 0.001   |
|      229       |       1        |     13.500     |     13.500     |     19.198     |     7.516      |  Neg. p = 0.015   |
|      231       |       1        |     20.000     |     3.000      |     20.023     |     1.499      |  Neg. p = 0.000   |
|      233       |       1        |     14.000     |     17.000     |     14.477     |     8.369      |  Neg. p = 0.091   |
|      234       |       1        |     18.000     |     3.000      |     17.990     |     1.503      |  Neg. p = 0.000   |
|      238       |       1        |     11.000     |     11.000     |     11.603     |     5.548      |  Neg. p = 0.065   |
|      240       |       1        |     17.833     |     13.167     |     17.665     |     7.512      |  Neg. p = 0.015   |
|      241       |       1        |     20.000     |     20.000     |     19.932     |     10.374     |  Neg. p = 0.029   |
|      243       |       1        |     11.500     |     9.500      |     11.635     |     4.898      |  Neg. p = 0.042   |
|      244       |       1        |     6.000      |     4.000      |     6.000      |     2.000      |  Neg. p = 0.077   |
|      246       |       1        |     9.000      |     5.000      |     10.865     |     2.316      |  Neg. p = 0.005   |
|      247       |       1        |     1.000      |     26.000     |     1.736      |     10.780     |  Pos. p = 0.023   |
|      250       |       1        |     8.000      |     7.000      |     8.036      |     3.492      |  Neg. p = 0.086   |
|      252       |       1        |     11.000     |     1.000      |     14.321     |     0.448      |  Neg. p = 0.000   |
|      253       |       1        |     3.000      |     0.000      |     3.000      |     0.000      |  Neg. p = 0.037   |
|      254       |       1        |     13.000     |     7.000      |     13.000     |     3.500      |  Neg. p = 0.004   |
|      255       |       1        |     8.000      |     1.000      |     10.549     |     0.446      |  Neg. p = 0.000   |
|      258       |       1        |     10.000     |     0.000      |     14.886     |     0.000      |  Neg. p = 0.000   |
|      259       |       1        |     12.000     |     1.000      |     12.000     |     0.502      |  Neg. p = 0.000   |
|      260       |       1        |     15.500     |     1.500      |     15.401     |     0.865      |  Neg. p = 0.000   |
|      261       |       1        |     2.000      |     0.000      |     3.581      |     0.000      |  Neg. p = 0.035   |
|      263       |       1        |     14.500     |     9.500      |     16.557     |     4.472      |  Neg. p = 0.002   |
|      264       |       1        |     15.000     |     1.000      |     15.083     |     0.501      |  Neg. p = 0.000   |
|      265       |       1        |     7.000      |     0.000      |     11.015     |     0.000      |  Neg. p = 0.000   |
|      270       |       1        |     9.000      |     9.000      |     11.238     |     4.203      |  Neg. p = 0.033   |
|      274       |       1        |     3.000      |     0.000      |     5.360      |     0.000      |  Neg. p = 0.006   |
|      275       |       1        |     0.000      |     14.000     |     0.000      |     5.703      |  Pos. p = 0.062   |
|      278       |       1        |     3.000      |     0.000      |     3.000      |     0.000      |  Neg. p = 0.037   |
|      279       |       1        |     11.500     |     2.500      |     14.994     |     1.120      |  Neg. p = 0.000   |
|      281       |       1        |     8.000      |     6.000      |     7.477      |     3.169      |  Neg. p = 0.089   |
|      283       |       1        |     18.000     |     5.000      |     26.308     |     2.159      |  Neg. p = 0.000   |
|      287       |       1        |     7.000      |     12.000     |     11.384     |     5.041      |  Neg. p = 0.076   |
|      290       |       1        |     7.000      |     2.000      |     12.275     |     0.823      |  Neg. p = 0.000   |
|      292       |       1        |     20.000     |     15.000     |     20.438     |     7.506      |  Neg. p = 0.003   |
|      293       |       1        |     7.000      |     1.000      |     6.975      |     0.501      |  Neg. p = 0.003   |
|      295       |       1        |     3.000      |     0.000      |     5.115      |     0.000      |  Neg. p = 0.014   |
|      296       |       1        |     5.000      |     2.000      |     8.925      |     0.996      |  Neg. p = 0.007   |
|      297       |       1        |     18.500     |     5.500      |     18.541     |     3.028      |  Neg. p = 0.000   |
|      300       |       1        |     3.000      |     0.000      |     3.000      |     0.000      |  Neg. p = 0.037   |
|      301       |       1        |     19.000     |     13.000     |     19.661     |     6.400      |  Neg. p = 0.001   |
|      307       |       1        |     16.000     |     22.000     |     23.058     |     9.561      |  Neg. p = 0.007   |
|      309       |       1        |     15.000     |     17.000     |     15.043     |     8.488      |  Neg. p = 0.076   |
|      316       |       1        |     6.000      |     0.000      |     3.904      |     0.000      |  Neg. p = 0.018   |
|      318       |       1        |     11.500     |     13.000     |     13.043     |     6.394      |  Neg. p = 0.065   |
|      320       |       1        |     17.000     |     6.000      |     15.235     |     3.478      |  Neg. p = 0.001   |
|      323       |       1        |     7.000      |     5.000      |     7.016      |     2.568      |  Neg. p = 0.072   |
|      326       |       1        |     11.000     |     0.000      |     11.000     |     0.000      |  Neg. p = 0.000   |
|      327       |       1        |     5.000      |     0.000      |     5.000      |     0.000      |  Neg. p = 0.004   |
|      328       |       1        |     2.000      |     0.000      |     3.614      |     0.000      |  Neg. p = 0.034   |
|      330       |       1        |     3.000      |     0.000      |     3.000      |     0.000      |  Neg. p = 0.037   |
|      332       |       1        |     23.000     |     0.000      |     23.000     |     0.000      |  Neg. p = 0.000   |
|      333       |       1        |     16.000     |     0.000      |     16.000     |     0.000      |  Neg. p = 0.000   |
|      335       |       1        |     3.000      |     0.000      |     3.000      |     0.000      |  Neg. p = 0.037   |
|      336       |       1        |     7.000      |     0.000      |     4.565      |     0.000      |  Neg. p = 0.009   |
|      338       |       1        |     7.000      |     2.000      |     12.423     |     0.998      |  Neg. p = 0.001   |
|      339       |       1        |     11.000     |     8.000      |     9.068      |     4.480      |  Neg. p = 0.095   |
|      340       |       1        |     17.000     |     5.000      |     17.000     |     2.553      |  Neg. p = 0.000   |
|      343       |       1        |     2.000      |     1.000      |     3.571      |     0.410      |  Neg. p = 0.092   |
|      345       |       1        |     15.000     |     8.000      |     14.694     |     4.194      |  Neg. p = 0.003   |
|      349       |       1        |     9.500      |     2.500      |     9.789      |     1.232      |  Neg. p = 0.002   |
|      351       |       1        |     9.000      |     0.000      |     7.993      |     0.000      |  Neg. p = 0.000   |
|      352       |       1        |     5.000      |     6.000      |     8.445      |     2.593      |  Neg. p = 0.054   |
|      354       |       1        |     23.000     |     1.000      |     23.000     |     0.500      |  Neg. p = 0.000   |
|      355       |       1        |     12.000     |     0.000      |     12.000     |     0.000      |  Neg. p = 0.000   |
|      356       |       1        |     2.000      |     1.000      |     3.613      |     0.409      |  Neg. p = 0.090   |
|      357       |       1        |     4.000      |     0.000      |     2.622      |     0.000      |  Neg. p = 0.067   |
|      361       |       1        |     5.000      |     1.000      |     5.007      |     0.500      |  Neg. p = 0.018   |
|      362       |       1        |     20.000     |     0.000      |     20.000     |     0.000      |  Neg. p = 0.000   |
|      363       |       1        |     11.000     |     3.000      |     11.000     |     1.552      |  Neg. p = 0.001   |
|      365       |       1        |     16.000     |     0.000      |     16.274     |     0.000      |  Neg. p = 0.000   |
|      366       |       1        |     6.000      |     1.000      |     6.103      |     0.509      |  Neg. p = 0.007   |
|      367       |       1        |     15.000     |     1.000      |     15.257     |     0.516      |  Neg. p = 0.000   |
|      368       |       1        |     14.000     |     0.000      |     19.351     |     0.000      |  Neg. p = 0.000   |
|      369       |       1        |     0.000      |     10.000     |     0.000      |     4.405      |  Pos. p = 0.098   |
|      372       |       1        |     10.000     |     1.000      |     9.231      |     0.540      |  Neg. p = 0.000   |
|      373       |       1        |     8.000      |     3.000      |     8.732      |     1.497      |  Neg. p = 0.006   |
|      374       |       1        |     16.000     |     0.000      |     16.276     |     0.000      |  Neg. p = 0.000   |
|      375       |       1        |     6.000      |     1.000      |     6.092      |     0.534      |  Neg. p = 0.008   |
|      376       |       1        |     4.000      |     0.000      |     7.199      |     0.000      |  Neg. p = 0.001   |
|      377       |       1        |     3.500      |     1.500      |     4.976      |     0.668      |  Neg. p = 0.052   |
|      378       |       1        |     5.000      |     1.000      |     8.544      |     0.548      |  Neg. p = 0.004   |
|      382       |       1        |     15.000     |     0.000      |     18.062     |     0.000      |  Neg. p = 0.000   |
|      383       |       1        |     12.000     |     0.000      |     12.213     |     0.000      |  Neg. p = 0.000   |
|      385       |       1        |     11.000     |     0.000      |     11.195     |     0.000      |  Neg. p = 0.000   |
|      386       |       1        |     13.000     |     3.000      |     13.230     |     1.527      |  Neg. p = 0.000   |
|      387       |       1        |     9.500      |     12.500     |     12.192     |     5.805      |  Neg. p = 0.073   |
|      388       |       1        |     10.000     |     6.000      |     10.177     |     3.053      |  Neg. p = 0.016   |
|      389       |       1        |     12.000     |     11.000     |     18.905     |     4.756      |  Neg. p = 0.001   |
|      392       |       1        |     4.000      |     0.000      |     6.922      |     0.000      |  Neg. p = 0.002   |

### Ancestor sampling analysis

>Generating 100 ancestral sequence samples to obtain confidence intervals

Resampling results for partition 1

|     Codon      |   Partition    |    S [median, IQR]    |    N [median, IQR]    |    dS [median, IQR]    |    dN [median, IQR]    |  p-value [median, IQR]  |
|:--------------:|:--------------:|:---------------------:|:---------------------:|:----------------------:|:----------------------:|:-----------------------:|
|       1        |       1        |   7.00 [7.00-10.00]   |   2.00 [2.00-3.00]    |   7.00 [7.00-10.00]    |    1.00 [1.00-1.50]    |    0.01 [0.00-0.02]     |
|       2        |       1        |  12.00 [11.00-15.00]  |   5.00 [5.00-6.00]    |  12.00 [11.00-15.00]   |    2.50 [2.50-3.01]    |    0.00 [0.00-0.00]     |
|       3        |       1        |  18.00 [15.00-21.16]  |   1.00 [1.00-1.16]    |  18.00 [15.00-21.16]   |    0.50 [0.50-0.58]    |    0.00 [0.00-0.00]     |
|       4        |       1        |   8.50 [7.50-11.50]   |  10.50 [10.50-12.08]  |  11.79 [10.37-16.05]   |    4.76 [4.74-5.49]    |    0.05 [0.01-0.10]     |
|       6        |       1        |  13.00 [13.00-16.00]  |   2.00 [2.00-2.16]    |  13.00 [13.00-16.00]   |    1.00 [1.00-1.08]    |    0.00 [0.00-0.00]     |
|       11       |       1        |  10.00 [10.00-14.08]  |   2.00 [2.00-3.00]    |  10.09 [10.06-14.15]   |    1.00 [1.00-1.49]    |    0.00 [0.00-0.00]     |
|       12       |       1        |  18.00 [18.00-22.00]  |  11.00 [10.50-12.00]  |  17.86 [17.86-21.83]   |    5.56 [5.31-6.07]    |    0.00 [0.00-0.00]     |
|       13       |       1        |  16.50 [15.00-21.00]  |   2.00 [2.00-2.00]    |  23.85 [21.87-29.23]   |    0.99 [0.99-0.99]    |    0.00 [0.00-0.00]     |
|       15       |       1        |   6.00 [6.00-10.00]   |   1.00 [1.00-1.00]    |  10.14 [10.13-16.54]   |    0.43 [0.43-0.44]    |    0.00 [0.00-0.00]     |
|       16       |       1        |   5.00 [5.00-9.16]    |   3.00 [3.00-3.16]    |   8.73 [8.73-15.43]    |    1.24 [1.24-1.31]    |    0.01 [0.00-0.01]     |
|       17       |       1        |  10.00 [10.00-12.58]  |   7.00 [7.00-8.00]    |  10.60 [10.58-13.32]   |    3.40 [3.40-3.89]    |    0.02 [0.00-0.03]     |
|       18       |       1        |  18.00 [16.00-23.16]  |   7.00 [7.00-8.00]    |  18.05 [16.04-23.22]   |    3.52 [3.51-4.02]    |    0.00 [0.00-0.00]     |
|       19       |       1        |   3.00 [3.00-4.00]    |   0.00 [0.00-0.00]    |    5.11 [5.11-6.80]    |    0.00 [0.00-0.00]    |    0.01 [0.00-0.01]     |
|       20       |       1        |  14.00 [14.00-16.16]  |   9.00 [9.00-10.16]   |  13.00 [12.74-14.87]   |    4.71 [4.68-5.33]    |    0.01 [0.00-0.02]     |
|       21       |       1        |  11.00 [11.00-14.00]  |   0.00 [0.00-0.00]    |  11.00 [11.00-14.00]   |    0.00 [0.00-0.00]    |    0.00 [0.00-0.00]     |
|       23       |       1        |  12.00 [11.00-14.16]  |   1.00 [1.00-1.00]    |  19.03 [17.52-22.98]   |    0.42 [0.42-0.42]    |    0.00 [0.00-0.00]     |
|       27       |       1        |   2.00 [2.00-5.16]    |   0.00 [0.00-0.00]    |    3.62 [3.62-9.18]    |    0.00 [0.00-0.00]    |    0.04 [0.00-0.04]     |
|       28       |       1        |   2.00 [2.00-4.00]    |   0.00 [0.00-0.00]    |    3.61 [3.61-7.17]    |    0.00 [0.00-0.00]    |    0.03 [0.00-0.03]     |
|       29       |       1        |   6.00 [6.00-9.00]    |   8.00 [8.00-10.00]   |   9.69 [9.55-14.34]    |    3.47 [3.47-4.35]    |    0.06 [0.01-0.11]     |
|       30       |       1        |  13.00 [12.00-16.00]  |   0.00 [0.00-0.00]    |   9.09 [8.33-11.19]    |    0.00 [0.00-0.00]    |    0.00 [0.00-0.00]     |
|       32       |       1        |   8.00 [7.00-10.16]   |   0.00 [0.00-0.00]    |  13.40 [11.60-17.16]   |    0.00 [0.00-0.00]    |    0.00 [0.00-0.00]     |
|       33       |       1        |   8.50 [8.50-12.08]   |   1.50 [1.00-1.50]    |    5.63 [5.59-8.00]    |    1.01 [0.67-1.02]    |    0.03 [0.00-0.04]     |
|       36       |       1        |   4.00 [4.00-6.00]    |   0.00 [0.00-0.00]    |    2.60 [2.59-3.93]    |    0.00 [0.00-0.00]    |    0.07 [0.02-0.07]     |
|       37       |       1        |   6.00 [6.00-9.00]    |   0.00 [0.00-0.00]    |    3.91 [3.91-5.89]    |    0.00 [0.00-0.00]    |    0.02 [0.00-0.02]     |
|       38       |       1        |  16.00 [14.84-19.16]  |   0.00 [0.00-0.00]    |  24.67 [23.09-29.03]   |    0.00 [0.00-0.00]    |    0.00 [0.00-0.00]     |
|       40       |       1        |   7.00 [7.00-10.00]   |   0.00 [0.00-0.00]    |   7.00 [7.00-10.00]    |    0.00 [0.00-0.00]    |    0.00 [0.00-0.00]     |
|       41       |       1        |   1.00 [1.00-2.00]    |  13.00 [13.00-14.00]  |    1.05 [1.05-2.12]    |    6.36 [6.35-6.86]    |    0.04 [0.03-0.10]     |
|       43       |       1        |   5.00 [5.00-7.16]    |   0.00 [0.00-0.00]    |    3.25 [3.25-4.68]    |    0.00 [0.00-0.00]    |    0.04 [0.01-0.04]     |
|       44       |       1        |  26.50 [24.00-30.00]  |   0.00 [0.00-0.00]    |  26.50 [24.00-30.00]   |    0.00 [0.00-0.00]    |    0.00 [0.00-0.00]     |
|       46       |       1        |  22.00 [20.00-25.00]  |   2.00 [2.00-3.00]    |  22.13 [20.12-25.15]   |    1.00 [1.00-1.50]    |    0.00 [0.00-0.00]     |
|       48       |       1        |  11.00 [11.00-15.00]  |   0.00 [0.00-0.00]    |  16.77 [16.63-22.63]   |    0.00 [0.00-0.00]    |    0.00 [0.00-0.00]     |
|       49       |       1        |  16.50 [14.42-19.50]  |   8.50 [8.50-9.50]    |  24.55 [21.11-28.77]   |    3.82 [3.79-4.27]    |    0.00 [0.00-0.00]     |
|       52       |       1        |   3.00 [3.00-4.00]    |   0.00 [0.00-0.00]    |    5.09 [5.09-6.81]    |    0.00 [0.00-0.00]    |    0.01 [0.00-0.01]     |
|       54       |       1        |  14.00 [11.00-18.00]  |   0.00 [0.00-0.00]    |  19.93 [15.98-25.13]   |    0.00 [0.00-0.00]    |    0.00 [0.00-0.00]     |
|       56       |       1        |   5.00 [5.00-7.16]    |   0.00 [0.00-0.00]    |    5.00 [5.00-7.16]    |    0.00 [0.00-0.00]    |    0.00 [0.00-0.00]     |
|       60       |       1        |   4.00 [4.00-6.00]    |   0.00 [0.00-0.00]    |   6.84 [6.84-10.23]    |    0.00 [0.00-0.00]    |    0.00 [0.00-0.00]     |
|       61       |       1        |  16.00 [16.00-20.00]  |   3.00 [3.00-3.00]    |  14.76 [14.75-18.46]   |    1.58 [1.58-1.59]    |    0.00 [0.00-0.00]     |
|       62       |       1        |   6.00 [6.00-9.00]    |   0.00 [0.00-1.00]    |    3.88 [3.88-5.83]    |    0.00 [0.00-0.69]    |    0.02 [0.00-0.07]     |
|       65       |       1        |  11.00 [11.00-15.00]  |   0.00 [0.00-0.00]    |  11.00 [11.00-15.00]   |    0.00 [0.00-0.00]    |    0.00 [0.00-0.00]     |
|       67       |       1        |   2.00 [2.00-3.00]    |   0.00 [0.00-0.00]    |    3.42 [3.42-5.11]    |    0.00 [0.00-0.00]    |    0.04 [0.01-0.04]     |
|       70       |       1        |  14.00 [13.00-17.00]  |   1.00 [1.00-1.00]    |  13.92 [12.93-16.91]   |    0.50 [0.50-0.50]    |    0.00 [0.00-0.00]     |
|       72       |       1        |  17.00 [16.00-22.16]  |   1.00 [1.00-1.00]    |  17.00 [16.00-22.16]   |    0.50 [0.50-0.50]    |    0.00 [0.00-0.00]     |
|       74       |       1        |   5.50 [5.50-7.08]    |   1.50 [1.42-1.50]    |    5.61 [5.61-7.21]    |    0.74 [0.70-0.74]    |    0.02 [0.00-0.02]     |
|       75       |       1        |   8.00 [8.00-11.00]   |   0.00 [0.00-0.00]    |  13.56 [13.49-18.37]   |    0.00 [0.00-0.00]    |    0.00 [0.00-0.00]     |
|       77       |       1        |  14.00 [13.00-21.16]  |   0.00 [0.00-0.00]    |  23.09 [21.37-33.56]   |    0.00 [0.00-0.00]    |    0.00 [0.00-0.00]     |
|       78       |       1        |  15.00 [14.00-19.00]  |   5.00 [5.00-5.16]    |  22.75 [21.02-27.89]   |    2.15 [2.14-2.24]    |    0.00 [0.00-0.00]     |
|       80       |       1        |  11.00 [11.00-14.16]  |   0.00 [0.00-0.00]    |  11.00 [11.00-14.16]   |    0.00 [0.00-0.00]    |    0.00 [0.00-0.00]     |
|       81       |       1        |  12.00 [10.00-16.00]  |   1.00 [1.00-2.00]    |  19.33 [16.56-25.33]   |    0.42 [0.42-0.84]    |    0.00 [0.00-0.00]     |
|       83       |       1        |   3.00 [3.00-5.16]    |   0.00 [0.00-0.00]    |    5.40 [5.40-9.22]    |    0.00 [0.00-0.00]    |    0.01 [0.00-0.01]     |
|       84       |       1        |  11.50 [9.50-14.08]   |   9.50 [9.00-10.50]   |  13.76 [11.45-16.46]   |    4.38 [4.18-4.85]    |    0.01 [0.00-0.04]     |
|       88       |       1        |   6.00 [5.00-9.16]    |   4.00 [4.00-5.00]    |   9.45 [7.95-14.43]    |    1.69 [1.69-2.12]    |    0.01 [0.00-0.02]     |
|       89       |       1        |   9.50 [9.50-11.50]   |   1.50 [1.00-1.50]    |   8.43 [8.43-10.19]    |    0.81 [0.54-0.81]    |    0.00 [0.00-0.00]     |
|       90       |       1        |   3.50 [3.50-5.66]    |   1.50 [1.50-1.50]    |    5.90 [5.90-9.49]    |    0.65 [0.65-0.65]    |    0.03 [0.00-0.03]     |
|       91       |       1        |   7.00 [7.00-12.00]   |   1.00 [1.00-1.00]    |   6.05 [6.05-10.37]    |    0.56 [0.56-0.58]    |    0.01 [0.00-0.01]     |
|       92       |       1        |  11.00 [11.00-15.00]  |   1.00 [1.00-1.00]    |  11.00 [11.00-15.00]   |    0.50 [0.50-0.50]    |    0.00 [0.00-0.00]     |
|       93       |       1        |  20.00 [19.00-23.00]  |   0.00 [0.00-0.00]    |  20.00 [19.00-23.00]   |    0.00 [0.00-0.00]    |    0.00 [0.00-0.00]     |
|       94       |       1        |   3.00 [3.00-5.00]    |   1.00 [1.00-1.00]    |    5.14 [5.14-8.52]    |    0.43 [0.43-0.43]    |    0.03 [0.00-0.03]     |
|       95       |       1        |   7.00 [7.00-10.00]   |   1.00 [1.00-1.00]    |    4.65 [4.65-6.66]    |    0.67 [0.67-0.67]    |    0.04 [0.01-0.04]     |
|       96       |       1        |   3.00 [3.00-7.00]    |   0.00 [0.00-0.00]    |    2.60 [2.60-6.06]    |    0.00 [0.00-0.00]    |    0.06 [0.00-0.06]     |
|       97       |       1        |   4.00 [4.00-6.16]    |   0.00 [0.00-0.00]    |    3.99 [3.97-6.14]    |    0.00 [0.00-0.00]    |    0.01 [0.00-0.01]     |
|       98       |       1        |  16.50 [12.50-19.50]  |   3.50 [3.50-3.50]    |  21.57 [16.87-25.53]   |    1.56 [1.55-1.57]    |    0.00 [0.00-0.00]     |
|       99       |       1        |   9.00 [9.00-12.16]   |   8.00 [8.00-9.00]    |   9.00 [9.00-12.16]    |    4.00 [4.00-4.50]    |    0.08 [0.01-0.11]     |
|      101       |       1        |   3.00 [3.00-5.16]    |   2.00 [2.00-2.00]    |    5.12 [5.12-8.76]    |    1.06 [1.06-1.07]    |    0.09 [0.01-0.09]     |
|      102       |       1        |   6.50 [6.50-9.08]    |   1.50 [1.00-2.00]    |    6.54 [6.54-9.14]    |    0.75 [0.50-1.00]    |    0.01 [0.00-0.01]     |
|      104       |       1        |  15.00 [13.00-18.00]  |   0.00 [0.00-0.00]    |  23.60 [20.79-27.71]   |    0.00 [0.00-0.00]    |    0.00 [0.00-0.00]     |
|      105       |       1        |  15.00 [14.00-18.32]  |  11.00 [10.00-13.00]  |  15.00 [14.00-18.32]   |    5.50 [5.00-6.50]    |    0.01 [0.00-0.02]     |
|      107       |       1        |   4.00 [4.00-7.00]    |   1.00 [1.00-2.00]    |   7.15 [7.13-12.33]    |    0.41 [0.41-0.82]    |    0.01 [0.00-0.01]     |
|      110       |       1        |   9.00 [8.00-12.16]   |   0.00 [0.00-0.00]    |   9.00 [8.00-12.16]    |    0.00 [0.00-0.00]    |    0.00 [0.00-0.00]     |
|      113       |       1        |  19.00 [16.00-25.00]  |   4.00 [4.00-5.00]    |  27.87 [23.71-34.72]   |    1.73 [1.71-2.17]    |    0.00 [0.00-0.00]     |
|      115       |       1        |   6.00 [6.00-8.16]    |   2.00 [2.00-2.00]    |    6.02 [6.02-8.18]    |    1.00 [1.00-1.00]    |    0.02 [0.00-0.02]     |
|      116       |       1        |  16.00 [14.00-19.16]  |   3.00 [1.00-5.00]    |  12.26 [10.84-14.68]   |    1.84 [0.62-3.05]    |    0.00 [0.00-0.01]     |
|      117       |       1        |   3.00 [3.00-4.00]    |   0.00 [0.00-0.00]    |    5.08 [5.08-6.76]    |    0.00 [0.00-0.00]    |    0.01 [0.00-0.01]     |
|      119       |       1        |  10.00 [10.00-14.16]  |   0.00 [0.00-0.00]    |  10.00 [10.00-14.16]   |    0.00 [0.00-0.00]    |    0.00 [0.00-0.00]     |
|      120       |       1        |  14.00 [13.00-16.16]  |   2.00 [2.00-2.00]    |   10.18 [9.48-12.02]   |    1.23 [1.18-1.24]    |    0.00 [0.00-0.00]     |
|      122       |       1        |  11.00 [9.00-15.00]   |   2.00 [2.00-2.00]    |  16.74 [13.83-22.56]   |    1.11 [1.11-1.12]    |    0.00 [0.00-0.00]     |
|      124       |       1        |  11.00 [10.00-15.00]  |   0.00 [0.00-0.00]    |  16.53 [14.97-22.15]   |    0.00 [0.00-0.00]    |    0.00 [0.00-0.00]     |
|      127       |       1        |  23.50 [20.50-27.00]  |  23.50 [23.00-25.58]  |  26.99 [23.81-30.78]   |  11.06 [10.78-12.00]   |    0.00 [0.00-0.01]     |
|      128       |       1        |   6.00 [5.00-8.16]    |   4.00 [4.00-5.00]    |   10.30 [8.58-13.80]   |    1.66 [1.65-2.07]    |    0.01 [0.00-0.03]     |
|      129       |       1        |   6.00 [6.00-9.16]    |   0.00 [0.00-0.00]    |    5.82 [5.82-8.92]    |    0.00 [0.00-0.00]    |    0.00 [0.00-0.00]     |
|      130       |       1        |  16.00 [14.00-20.16]  |   1.00 [1.00-1.00]    |  16.00 [14.00-20.16]   |    0.50 [0.50-0.50]    |    0.00 [0.00-0.00]     |
|      131       |       1        |  10.00 [9.00-12.16]   |   0.00 [0.00-0.00]    |  14.81 [13.36-18.06]   |    0.00 [0.00-0.00]    |    0.00 [0.00-0.00]     |
|      132       |       1        |   4.00 [4.00-6.00]    |   1.00 [1.00-1.00]    |    4.00 [4.00-6.00]    |    0.50 [0.50-0.50]    |    0.05 [0.01-0.05]     |
|      133       |       1        |   5.00 [5.00-7.00]    |   1.00 [1.00-1.00]    |    5.00 [5.00-7.00]    |    0.50 [0.50-0.50]    |    0.02 [0.00-0.02]     |
|      134       |       1        |  11.00 [10.00-14.16]  |   3.00 [3.00-4.00]    |  11.14 [10.03-14.32]   |    1.51 [1.49-2.03]    |    0.00 [0.00-0.00]     |
|      135       |       1        |  14.00 [11.50-18.58]  |  12.00 [11.50-15.00]  |  16.44 [13.73-22.04]   |    5.58 [5.35-6.90]    |    0.01 [0.00-0.05]     |
|      138       |       1        |   5.00 [5.00-8.16]    |   1.00 [1.00-1.00]    |    4.62 [4.62-7.76]    |    0.52 [0.51-0.52]    |    0.03 [0.00-0.03]     |
|      139       |       1        |   7.00 [6.84-11.00]   |   1.00 [1.00-2.00]    |    4.78 [4.64-7.44]    |    0.66 [0.65-1.30]    |    0.03 [0.00-0.09]     |
|      140       |       1        |  11.00 [11.00-14.16]  |  11.00 [11.00-12.58]  |  12.53 [12.44-16.12]   |    5.19 [5.14-5.95]    |    0.03 [0.00-0.05]     |
|      142       |       1        |   6.00 [5.00-9.00]    |   0.00 [0.00-0.00]    |   10.55 [8.85-15.44]   |    0.00 [0.00-0.00]    |    0.00 [0.00-0.00]     |
|      144       |       1        |   3.00 [3.00-6.16]    |   1.00 [1.00-1.00]    |   5.12 [5.12-10.46]    |    0.43 [0.43-0.43]    |    0.03 [0.00-0.03]     |
|      145       |       1        |   9.00 [9.00-12.16]   |   6.00 [6.00-7.16]    |   9.00 [9.00-12.16]    |    3.00 [3.00-3.58]    |    0.03 [0.00-0.05]     |
|      146       |       1        |  17.00 [16.00-20.00]  |  10.00 [10.00-10.58]  |  17.61 [16.58-20.72]   |    5.02 [5.02-5.31]    |    0.00 [0.00-0.00]     |
|      150       |       1        |   6.50 [6.50-9.50]    |   3.50 [3.50-3.50]    |    5.79 [5.79-8.48]    |    1.87 [1.86-1.88]    |    0.08 [0.01-0.08]     |
|      151       |       1        |   6.00 [6.00-10.16]   |   5.00 [5.00-6.00]    |  10.28 [10.28-16.95]   |    2.07 [2.07-2.48]    |    0.01 [0.00-0.02]     |
|      155       |       1        |  14.50 [11.00-19.00]  |   5.00 [5.00-6.00]    |  21.23 [16.51-26.92]   |    2.49 [2.49-2.98]    |    0.00 [0.00-0.00]     |
|      156       |       1        |  12.00 [11.00-14.00]  |  10.00 [10.00-12.00]  |  12.04 [11.03-14.04]   |    4.99 [4.99-5.98]    |    0.03 [0.01-0.08]     |
|      157       |       1        |   4.00 [4.00-6.16]    |   2.00 [2.00-2.00]    |   6.76 [6.76-10.32]    |    1.07 [1.07-1.07]    |    0.03 [0.00-0.03]     |
|      161       |       1        |   2.00 [2.00-3.32]    |   0.00 [0.00-0.00]    |    3.42 [3.42-5.66]    |    0.00 [0.00-0.00]    |    0.04 [0.01-0.04]     |
|      162       |       1        |   4.00 [4.00-6.16]    |   2.00 [2.00-2.00]    |   6.75 [6.75-10.34]    |    0.86 [0.86-0.86]    |    0.02 [0.00-0.02]     |
|      163       |       1        |   4.00 [4.00-6.00]    |   1.00 [1.00-1.00]    |   6.74 [6.74-10.05]    |    0.43 [0.43-0.43]    |    0.01 [0.00-0.01]     |
|      164       |       1        |   7.00 [7.00-10.16]   |   3.00 [3.00-4.00]    |   7.14 [7.13-10.36]    |    1.49 [1.49-1.98]    |    0.02 [0.00-0.03]     |
|      165       |       1        |  20.50 [18.92-23.50]  |  14.50 [14.00-17.00]  |  24.55 [23.24-28.42]   |    6.70 [6.50-7.74]    |    0.00 [0.00-0.00]     |
|      168       |       1        |  31.00 [27.84-36.00]  |   3.00 [3.00-3.00]    |  30.99 [27.79-35.99]   |    1.50 [1.50-1.50]    |    0.00 [0.00-0.00]     |
|      171       |       1        |  16.00 [15.00-21.00]  |   4.00 [4.00-4.00]    |  19.83 [18.51-25.62]   |    1.83 [1.82-1.84]    |    0.00 [0.00-0.00]     |
|      173       |       1        |  12.00 [12.00-17.00]  |   0.00 [0.00-0.00]    |  12.00 [12.00-17.00]   |    0.00 [0.00-0.00]    |    0.00 [0.00-0.00]     |
|      174       |       1        |  11.00 [9.00-13.16]   |   1.00 [1.00-1.00]    |  16.55 [13.68-19.78]   |    0.43 [0.43-0.43]    |    0.00 [0.00-0.00]     |
|      183       |       1        |  19.00 [17.00-24.32]  |   0.00 [0.00-0.00]    |  24.37 [21.79-30.20]   |    0.00 [0.00-0.00]    |    0.00 [0.00-0.00]     |
|      188       |       1        |  24.00 [21.00-28.00]  |   3.00 [3.00-3.00]    |  23.98 [20.98-27.98]   |    1.50 [1.50-1.50]    |    0.00 [0.00-0.00]     |
|      191       |       1        |   6.00 [5.00-7.32]    |   3.00 [3.00-3.00]    |   9.99 [8.36-12.19]    |    1.29 [1.29-1.30]    |    0.00 [0.00-0.01]     |
|      192       |       1        |   6.00 [6.00-9.16]    |   4.00 [4.00-5.00]    |    6.00 [6.00-9.16]    |    2.00 [2.00-2.50]    |    0.08 [0.01-0.12]     |
|      193       |       1        |  16.00 [15.00-19.00]  |   0.00 [0.00-0.00]    |  21.94 [20.50-25.62]   |    0.00 [0.00-0.00]    |    0.00 [0.00-0.00]     |
|      194       |       1        |   0.00 [0.00-0.00]    |  11.00 [11.00-12.16]  |    0.00 [0.00-0.00]    |    5.66 [5.66-6.28]    |    0.01 [0.00-0.01]     |
|      195       |       1        |  10.00 [9.00-13.00]   |   8.00 [8.00-9.00]    |   9.92 [8.91-12.90]    |    4.02 [4.01-4.53]    |    0.05 [0.01-0.08]     |
|      196       |       1        |  11.00 [10.00-17.00]  |   6.00 [6.00-7.00]    |  17.77 [15.99-26.01]   |    2.53 [2.52-2.94]    |    0.00 [0.00-0.00]     |
|      197       |       1        |  19.00 [18.00-22.16]  |  12.00 [12.00-14.08]  |  20.94 [19.69-24.80]   |    5.75 [5.70-6.75]    |    0.00 [0.00-0.00]     |
|      199       |       1        |  11.00 [9.00-14.00]   |   5.00 [5.00-6.00]    |  16.42 [13.56-20.88]   |    2.14 [2.14-2.58]    |    0.00 [0.00-0.00]     |
|      200       |       1        |   3.00 [3.00-3.16]    |   1.00 [1.00-1.00]    |    5.12 [5.12-5.39]    |    0.43 [0.43-0.43]    |    0.03 [0.02-0.03]     |
|      201       |       1        |   8.00 [8.00-11.00]   |   0.00 [0.00-0.00]    |    5.21 [5.21-7.18]    |    0.00 [0.00-0.00]    |    0.00 [0.00-0.00]     |
|      202       |       1        |   5.00 [5.00-7.00]    |   4.00 [4.00-5.00]    |   8.37 [8.37-11.65]    |    1.75 [1.75-2.19]    |    0.02 [0.00-0.04]     |
|      204       |       1        |  20.00 [18.00-22.08]  |  10.00 [10.00-11.00]  |  19.72 [17.78-21.87]   |    5.61 [5.53-6.17]    |    0.00 [0.00-0.00]     |
|      206       |       1        |  12.00 [11.00-17.16]  |   2.00 [2.00-2.00]    |  18.59 [17.16-26.46]   |    0.85 [0.84-0.85]    |    0.00 [0.00-0.00]     |
|      208       |       1        |  14.00 [13.00-18.32]  |   1.00 [1.00-1.00]    |  17.68 [16.49-22.99]   |    0.45 [0.45-0.45]    |    0.00 [0.00-0.00]     |
|      213       |       1        |   9.00 [7.00-12.16]   |   0.00 [0.00-0.00]    |   12.30 [9.83-16.54]   |    0.00 [0.00-0.00]    |    0.00 [0.00-0.00]     |
|      214       |       1        |   2.00 [2.00-3.32]    |   1.00 [1.00-1.00]    |    3.56 [3.56-5.88]    |    0.41 [0.41-0.41]    |    0.09 [0.02-0.09]     |
|      215       |       1        |  14.00 [12.00-16.16]  |   1.00 [1.00-2.00]    |  11.90 [10.12-14.10]   |    0.55 [0.54-1.09]    |    0.00 [0.00-0.00]     |
|      216       |       1        |  14.00 [13.00-17.16]  |   1.00 [1.00-1.00]    |  14.00 [13.00-17.16]   |    0.50 [0.50-0.50]    |    0.00 [0.00-0.00]     |
|      217       |       1        |  18.00 [16.00-23.00]  |   2.00 [2.00-2.00]    |  18.00 [16.00-23.00]   |    1.00 [1.00-1.00]    |    0.00 [0.00-0.00]     |
|      218       |       1        |  10.00 [9.00-13.16]   |   3.00 [3.00-4.00]    |  15.13 [13.57-19.64]   |    1.34 [1.33-1.78]    |    0.00 [0.00-0.00]     |
|      219       |       1        |  19.00 [17.00-22.00]  |  10.00 [10.00-12.00]  |  19.00 [17.00-22.00]   |    5.00 [5.00-6.00]    |    0.00 [0.00-0.00]     |
|      220       |       1        |  20.50 [18.92-22.50]  |   7.50 [7.50-8.08]    |  20.31 [18.74-22.29]   |    3.78 [3.78-4.07]    |    0.00 [0.00-0.00]     |
|      222       |       1        |  15.50 [14.50-19.08]  |   4.50 [4.50-5.50]    |  15.53 [14.53-19.11]   |    2.25 [2.25-2.75]    |    0.00 [0.00-0.00]     |
|      225       |       1        |  15.00 [14.00-19.00]  |   7.00 [7.00-7.16]    |  15.01 [14.01-19.01]   |    3.50 [3.50-3.59]    |    0.00 [0.00-0.00]     |
|      228       |       1        |  14.00 [13.00-17.00]  |   5.00 [5.00-5.00]    |  14.02 [13.02-17.02]   |    2.50 [2.50-2.50]    |    0.00 [0.00-0.00]     |
|      229       |       1        |  13.50 [11.50-16.50]  |  13.50 [13.50-15.00]  |  19.33 [16.53-23.38]   |    7.50 [7.45-8.29]    |    0.01 [0.00-0.04]     |
|      231       |       1        |  22.00 [20.00-27.00]  |   3.00 [3.00-4.00]    |  22.02 [20.02-27.03]   |    1.50 [1.50-2.00]    |    0.00 [0.00-0.00]     |
|      233       |       1        |  14.00 [12.92-17.08]  |  17.00 [17.00-18.58]  |  14.52 [13.42-17.85]   |    8.37 [8.31-9.14]    |    0.09 [0.02-0.20]     |
|      234       |       1        |  23.00 [18.00-28.00]  |   3.00 [3.00-4.16]    |  22.99 [17.99-27.98]   |    1.50 [1.50-2.09]    |    0.00 [0.00-0.00]     |
|      238       |       1        |  11.00 [9.00-13.00]   |  11.00 [11.00-13.00]  |   11.43 [9.36-13.51]   |    5.47 [5.44-6.45]    |    0.06 [0.02-0.18]     |
|      240       |       1        |  21.00 [17.83-25.08]  |  13.00 [13.00-14.17]  |  20.72 [17.64-24.68]   |    7.59 [7.48-8.25]    |    0.00 [0.00-0.02]     |
|      241       |       1        |  20.00 [19.00-25.08]  |  20.00 [20.00-22.16]  |  19.97 [18.94-25.20]   |  10.37 [10.32-11.54]   |    0.03 [0.00-0.06]     |
|      243       |       1        |  12.50 [11.50-15.66]  |   9.50 [9.50-9.66]    |  12.65 [11.63-15.84]   |    4.89 [4.89-4.99]    |    0.02 [0.01-0.04]     |
|      244       |       1        |   6.00 [6.00-8.16]    |   4.00 [4.00-5.00]    |    6.00 [6.00-8.16]    |    2.00 [2.00-2.50]    |    0.08 [0.02-0.08]     |
|      246       |       1        |   9.75 [8.92-12.08]   |   5.00 [4.50-5.66]    |  11.72 [10.77-14.44]   |    2.32 [2.09-2.62]    |    0.00 [0.00-0.01]     |
|      247       |       1        |   1.00 [1.00-3.58]    |  26.00 [26.00-27.00]  |    1.74 [1.73-6.13]    |  10.78 [10.78-11.22]   |    0.02 [0.02-0.22]     |
|      250       |       1        |   9.00 [8.00-13.00]   |   7.00 [7.00-9.00]    |   9.04 [8.04-13.06]    |    3.49 [3.49-4.49]    |    0.05 [0.00-0.12]     |
|      252       |       1        |  11.00 [10.00-12.00]  |   1.00 [1.00-1.00]    |  14.32 [13.15-15.67]   |    0.45 [0.45-0.45]    |    0.00 [0.00-0.00]     |
|      253       |       1        |   3.00 [3.00-4.00]    |   0.00 [0.00-0.00]    |    3.00 [3.00-4.00]    |    0.00 [0.00-0.00]    |    0.04 [0.01-0.04]     |
|      254       |       1        |  14.00 [13.00-16.00]  |   7.00 [7.00-9.00]    |  14.00 [13.00-16.00]   |    3.50 [3.50-4.50]    |    0.00 [0.00-0.01]     |
|      255       |       1        |   8.00 [8.00-10.00]   |   1.00 [1.00-1.00]    |  10.64 [10.55-13.22]   |    0.45 [0.44-0.45]    |    0.00 [0.00-0.00]     |
|      258       |       1        |  10.00 [10.00-13.16]  |   0.00 [0.00-0.00]    |  14.89 [14.89-19.48]   |    0.00 [0.00-0.00]    |    0.00 [0.00-0.00]     |
|      259       |       1        |  13.00 [12.00-16.16]  |   1.00 [1.00-1.00]    |  13.00 [12.00-16.16]   |    0.50 [0.50-0.50]    |    0.00 [0.00-0.00]     |
|      260       |       1        |  21.33 [15.50-24.66]  |   1.50 [1.50-1.83]    |  21.23 [15.40-24.50]   |    0.88 [0.86-1.10]    |    0.00 [0.00-0.00]     |
|      261       |       1        |   2.00 [2.00-5.16]    |   0.00 [0.00-0.00]    |    3.58 [3.58-9.17]    |    0.00 [0.00-0.00]    |    0.03 [0.00-0.03]     |
|      263       |       1        |  16.00 [12.50-19.16]  |   9.50 [9.00-10.50]   |  18.31 [14.42-21.70]   |    4.45 [4.21-4.95]    |    0.00 [0.00-0.01]     |
|      264       |       1        |  16.00 [15.00-20.16]  |   1.00 [1.00-1.00]    |  16.09 [15.08-20.27]   |    0.50 [0.50-0.50]    |    0.00 [0.00-0.00]     |
|      265       |       1        |   8.00 [7.00-9.16]    |   0.00 [0.00-0.00]    |  12.56 [11.02-14.56]   |    0.00 [0.00-0.00]    |    0.00 [0.00-0.00]     |
|      270       |       1        |   9.00 [9.00-11.32]   |   9.00 [9.00-10.00]   |  11.24 [11.20-14.16]   |    4.20 [4.19-4.70]    |    0.03 [0.01-0.05]     |
|      274       |       1        |   3.00 [3.00-7.00]    |   0.00 [0.00-0.00]    |   5.36 [5.36-12.36]    |    0.00 [0.00-0.00]    |    0.01 [0.00-0.01]     |
|      275       |       1        |   0.00 [0.00-2.00]    |  14.00 [14.00-16.00]  |    0.00 [0.00-3.69]    |    5.70 [5.68-6.36]    |    0.06 [0.05-0.43]     |
|      278       |       1        |   3.00 [3.00-5.00]    |   0.00 [0.00-0.00]    |    3.00 [3.00-5.00]    |    0.00 [0.00-0.00]    |    0.04 [0.00-0.04]     |
|      279       |       1        |  12.50 [11.50-16.50]  |   2.50 [2.50-2.50]    |  16.24 [14.99-21.19]   |    1.12 [1.12-1.13]    |    0.00 [0.00-0.00]     |
|      281       |       1        |   8.00 [8.00-12.16]   |   6.00 [6.00-7.00]    |   7.48 [7.48-11.34]    |    3.17 [3.16-3.70]    |    0.09 [0.01-0.10]     |
|      283       |       1        |  19.00 [17.00-22.16]  |   5.00 [5.00-6.00]    |  27.94 [25.36-32.34]   |    2.16 [2.13-2.57]    |    0.00 [0.00-0.00]     |
|      287       |       1        |   8.00 [7.00-10.16]   |  12.00 [12.00-13.00]  |  12.83 [11.24-16.25]   |    5.06 [5.04-5.50]    |    0.04 [0.01-0.09]     |
|      290       |       1        |   7.00 [7.00-10.00]   |   2.00 [2.00-2.16]    |  12.34 [12.26-17.31]   |    0.82 [0.82-0.89]    |    0.00 [0.00-0.00]     |
|      292       |       1        |  24.50 [20.00-29.00]  |  15.50 [15.00-17.66]  |  25.00 [20.44-29.63]   |    7.77 [7.51-8.83]    |    0.00 [0.00-0.00]     |
|      293       |       1        |   8.00 [7.00-9.16]    |   1.00 [1.00-1.00]    |    7.97 [6.98-9.13]    |    0.50 [0.50-0.50]    |    0.00 [0.00-0.00]     |
|      295       |       1        |   3.00 [3.00-5.16]    |   0.00 [0.00-0.00]    |    5.12 [5.12-8.77]    |    0.00 [0.00-0.00]    |    0.01 [0.00-0.01]     |
|      296       |       1        |   5.00 [5.00-7.16]    |   2.00 [2.00-2.00]    |   8.93 [8.93-12.81]    |    1.00 [1.00-1.00]    |    0.01 [0.00-0.01]     |
|      297       |       1        |  20.50 [18.50-24.50]  |   5.50 [5.42-5.50]    |  20.55 [18.54-24.55]   |    3.03 [2.97-3.13]    |    0.00 [0.00-0.00]     |
|      300       |       1        |   3.00 [3.00-6.00]    |   0.00 [0.00-0.00]    |    3.00 [3.00-6.00]    |    0.00 [0.00-0.00]    |    0.04 [0.00-0.04]     |
|      301       |       1        |  19.50 [19.00-22.58]  |  13.00 [12.00-14.08]  |  20.08 [19.57-23.17]   |    6.40 [5.91-6.94]    |    0.00 [0.00-0.00]     |
|      307       |       1        |  18.00 [15.84-21.16]  |  22.00 [22.00-24.00]  |  24.50 [22.53-29.22]   |   9.67 [9.55-10.47]    |    0.00 [0.00-0.02]     |
|      309       |       1        |  17.00 [15.00-22.00]  |  17.00 [17.00-18.00]  |  17.05 [15.04-22.06]   |    8.49 [8.49-8.99]    |    0.03 [0.00-0.08]     |
|      316       |       1        |   6.00 [6.00-7.00]    |   0.00 [0.00-0.00]    |    3.90 [3.90-4.59]    |    0.00 [0.00-0.00]    |    0.02 [0.01-0.02]     |
|      318       |       1        |  11.50 [10.00-13.50]  |  13.00 [12.92-14.50]  |  13.04 [11.30-15.32]   |    6.41 [6.33-7.32]    |    0.06 [0.02-0.20]     |
|      320       |       1        |  19.00 [17.00-23.32]  |   6.00 [6.00-7.00]    |  17.02 [15.23-20.89]   |    3.52 [3.39-4.11]    |    0.00 [0.00-0.00]     |
|      323       |       1        |   8.00 [7.00-10.16]   |   5.00 [4.50-5.50]    |   8.00 [7.01-10.18]    |    2.57 [2.32-2.83]    |    0.04 [0.01-0.07]     |
|      326       |       1        |  12.00 [11.00-15.16]  |   0.00 [0.00-0.00]    |  12.00 [11.00-15.16]   |    0.00 [0.00-0.00]    |    0.00 [0.00-0.00]     |
|      327       |       1        |   5.00 [5.00-8.00]    |   0.00 [0.00-0.00]    |    5.00 [5.00-8.00]    |    0.00 [0.00-0.00]    |    0.00 [0.00-0.00]     |
|      328       |       1        |   2.00 [2.00-5.00]    |   0.00 [0.00-0.00]    |    3.61 [3.61-8.94]    |    0.00 [0.00-0.00]    |    0.03 [0.00-0.03]     |
|      330       |       1        |   3.00 [3.00-6.00]    |   0.00 [0.00-0.00]    |    3.00 [3.00-6.00]    |    0.00 [0.00-0.00]    |    0.04 [0.00-0.04]     |
|      332       |       1        |  24.00 [22.00-27.00]  |   0.00 [0.00-0.00]    |  24.00 [22.00-27.00]   |    0.00 [0.00-0.00]    |    0.00 [0.00-0.00]     |
|      333       |       1        |  17.00 [15.00-20.00]  |   0.00 [0.00-0.00]    |  17.00 [15.00-20.00]   |    0.00 [0.00-0.00]    |    0.00 [0.00-0.00]     |
|      335       |       1        |   3.00 [3.00-4.00]    |   0.00 [0.00-0.00]    |    3.00 [3.00-4.00]    |    0.00 [0.00-0.00]    |    0.04 [0.01-0.04]     |
|      336       |       1        |   7.00 [7.00-9.32]    |   0.00 [0.00-0.00]    |    4.56 [4.56-6.09]    |    0.00 [0.00-0.00]    |    0.01 [0.00-0.01]     |
|      338       |       1        |   7.00 [7.00-10.00]   |   2.00 [2.00-2.00]    |  12.42 [12.42-17.32]   |    1.00 [1.00-1.00]    |    0.00 [0.00-0.00]     |
|      339       |       1        |  11.00 [10.00-14.00]  |   9.00 [8.00-10.00]   |   8.97 [7.99-11.60]    |    5.06 [4.47-5.70]    |    0.14 [0.03-0.23]     |
|      340       |       1        |  18.00 [17.00-21.00]  |   5.00 [5.00-5.00]    |  18.00 [17.00-21.00]   |    2.55 [2.54-2.56]    |    0.00 [0.00-0.00]     |
|      343       |       1        |   2.00 [2.00-3.00]    |   1.00 [1.00-1.00]    |    3.57 [3.57-5.31]    |    0.41 [0.41-0.41]    |    0.09 [0.02-0.09]     |
|      345       |       1        |  16.00 [15.00-18.16]  |   8.00 [8.00-9.16]    |  15.60 [14.62-17.79]   |    4.20 [4.18-4.82]    |    0.00 [0.00-0.01]     |
|      349       |       1        |   9.50 [9.50-12.66]   |   2.50 [2.00-2.50]    |   9.79 [9.79-13.04]    |    1.23 [0.99-1.23]    |    0.00 [0.00-0.00]     |
|      351       |       1        |   9.00 [9.00-12.00]   |   0.00 [0.00-0.00]    |   7.99 [7.99-10.66]    |    0.00 [0.00-0.00]    |    0.00 [0.00-0.00]     |
|      352       |       1        |   5.00 [5.00-8.00]    |   6.00 [6.00-7.00]    |   8.44 [8.44-13.41]    |    2.59 [2.59-3.03]    |    0.05 [0.00-0.08]     |
|      354       |       1        |  24.00 [23.00-28.00]  |   1.00 [1.00-2.00]    |  24.00 [23.00-28.00]   |    0.50 [0.50-1.00]    |    0.00 [0.00-0.00]     |
|      355       |       1        |  13.00 [12.00-17.00]  |   0.00 [0.00-0.00]    |  13.00 [12.00-17.00]   |    0.00 [0.00-0.00]    |    0.00 [0.00-0.00]     |
|      356       |       1        |   2.00 [2.00-4.16]    |   1.00 [1.00-1.00]    |    3.61 [3.61-7.43]    |    0.41 [0.41-0.41]    |    0.09 [0.00-0.09]     |
|      357       |       1        |   4.00 [4.00-7.00]    |   0.00 [0.00-0.00]    |    2.62 [2.60-4.59]    |    0.00 [0.00-0.00]    |    0.07 [0.01-0.07]     |
|      361       |       1        |   5.00 [5.00-8.00]    |   1.00 [1.00-1.00]    |    5.01 [5.01-8.01]    |    0.50 [0.50-0.50]    |    0.02 [0.00-0.02]     |
|      362       |       1        |  20.00 [19.00-23.00]  |   0.00 [0.00-0.00]    |  20.00 [19.00-23.00]   |    0.00 [0.00-0.00]    |    0.00 [0.00-0.00]     |
|      363       |       1        |  12.00 [11.00-14.16]  |   3.00 [3.00-4.00]    |  12.00 [11.00-14.16]   |    1.55 [1.55-2.07]    |    0.00 [0.00-0.00]     |
|      365       |       1        |  18.00 [15.00-20.00]  |   0.00 [0.00-1.00]    |  18.00 [15.00-20.00]   |    0.00 [0.00-0.50]    |    0.00 [0.00-0.00]     |
|      366       |       1        |   6.50 [6.00-9.16]    |   1.00 [1.00-2.16]    |    6.51 [6.00-9.16]    |    0.50 [0.50-1.08]    |    0.01 [0.00-0.02]     |
|      367       |       1        |  17.00 [15.00-19.16]  |   1.00 [1.00-2.00]    |  17.00 [15.00-19.23]   |    0.51 [0.51-1.02]    |    0.00 [0.00-0.00]     |
|      368       |       1        |  15.00 [14.00-18.00]  |   0.00 [0.00-1.00]    |  20.43 [18.99-24.43]   |    0.00 [0.00-0.44]    |    0.00 [0.00-0.00]     |
|      369       |       1        |   0.00 [0.00-1.00]    |  10.00 [10.00-11.16]  |    0.00 [0.00-1.66]    |    4.34 [4.33-4.85]    |    0.10 [0.07-0.30]     |
|      372       |       1        |  11.00 [10.00-13.58]  |   1.00 [1.00-2.50]    |   9.97 [9.07-12.31]    |    0.53 [0.53-1.33]    |    0.00 [0.00-0.00]     |
|      373       |       1        |   8.00 [8.00-11.58]   |   3.00 [3.00-5.00]    |   8.59 [8.11-12.27]    |    1.48 [1.47-2.48]    |    0.01 [0.00-0.03]     |
|      374       |       1        |  17.00 [16.00-20.16]  |   0.00 [0.00-1.00]    |  17.00 [16.00-20.16]   |    0.00 [0.00-0.50]    |    0.00 [0.00-0.00]     |
|      375       |       1        |   7.00 [6.00-9.00]    |   1.00 [1.00-2.00]    |    6.99 [5.99-8.99]    |    0.52 [0.52-1.05]    |    0.00 [0.00-0.02]     |
|      376       |       1        |   4.00 [4.00-7.00]    |   0.00 [0.00-1.00]    |   7.08 [7.05-12.30]    |    0.00 [0.00-0.41]    |    0.00 [0.00-0.01]     |
|      377       |       1        |   3.50 [3.50-7.50]    |   1.50 [1.00-2.58]    |   4.89 [4.87-10.36]    |    0.66 [0.44-1.13]    |    0.05 [0.00-0.09]     |
|      378       |       1        |   5.00 [4.00-7.00]    |   1.00 [1.00-2.00]    |   8.38 [6.78-11.71]    |    0.54 [0.54-1.08]    |    0.00 [0.00-0.01]     |
|      382       |       1        |  16.00 [14.00-19.00]  |   0.00 [0.00-2.00]    |  18.98 [16.66-22.59]   |    0.00 [0.00-0.93]    |    0.00 [0.00-0.00]     |
|      383       |       1        |  13.00 [12.00-15.16]  |   0.00 [0.00-1.00]    |  13.00 [12.00-15.16]   |    0.00 [0.00-0.52]    |    0.00 [0.00-0.00]     |
|      385       |       1        |  13.00 [11.00-16.00]  |   0.00 [0.00-1.00]    |  13.00 [11.00-16.00]   |    0.00 [0.00-0.50]    |    0.00 [0.00-0.00]     |
|      386       |       1        |  14.00 [12.00-16.16]  |   3.00 [3.00-5.00]    |  14.00 [12.00-16.16]   |    1.50 [1.50-2.50]    |    0.00 [0.00-0.00]     |
|      387       |       1        |  10.50 [8.50-13.58]   |  12.50 [12.50-14.50]  |  13.64 [10.84-17.38]   |    5.69 [5.62-6.61]    |    0.03 [0.01-0.12]     |
|      388       |       1        |  11.00 [10.00-15.16]  |   6.00 [6.00-8.00]    |  11.00 [10.00-15.16]   |    3.00 [3.00-4.00]    |    0.01 [0.00-0.03]     |
|      389       |       1        |  14.00 [12.00-17.00]  |  11.00 [11.00-13.00]  |  21.59 [18.43-25.73]   |    4.70 [4.65-5.55]    |    0.00 [0.00-0.00]     |
|      392       |       1        |   4.00 [4.00-6.16]    |   0.00 [0.00-1.08]    |   6.80 [6.74-10.46]    |    0.00 [0.00-0.47]    |    0.00 [0.00-0.01]     |
