
Analysis Description
--------------------
BUSTED (branch-site unrestricted statistical test of episodic
diversification) uses a random effects branch-site model fitted jointly
to all or a subset of tree branches in order to test for alignment-wide
evidence of episodic diversifying selection. Assuming there is evidence
of positive selection (i.e. there is an omega > 1), BUSTED will also
perform a quick evidence-ratio style analysis to explore which
individual sites may have been subject to selection. Version 2.0 adds
support for synonymous rate variation, and relaxes the test statistic to
0.5 (chi^2_0 + chi^2_2). Version 2.1 adds a grid search for the initial
starting point. Version 2.2 changes the grid search to LHC, and adds an
initial search phase to use adaptive Nedler-Mead. Version 3.0 implements
the option for branch-site variation in synonymous substitution rates.
Version 3.1 adds HMM auto-correlation option for SRV, and binds SRV
distributions for multiple branch sets. Version 4.0 adds support for
multiple hits (MH), ancestral state reconstruction saved to JSON, and
profiling of branch-site level support for selection / multiple hits.
Version 4.2 adds calculation of MH-attributable fractions of
substitutions. Version 4.5 adds an 'error absorption' component. Version
4.6 adds support for MSS-type models. Version 4.7 adds user configurable
options for the error class. 

- __Requirements__: in-frame codon alignment and a phylogenetic tree (optionally annotated
with {})

- __Citation__: *Gene-wide identification of episodic selection*, Mol Biol Evol.
32(5):1365-71, *Synonymous Site-to-Site Substitution Rate Variation
Dramatically Inflates False Positive Rates of Selection Analyses: Ignore
at Your Own Peril*, Mol Biol Evol. 37(8):2430-2439

- __Written by__: Sergei L Kosakovsky Pond

- __Contact Information__: spond@temple.edu

- __Analysis Version__: 4.7


>code => Universal
>Loaded a multiple sequence alignment with **38** sequences, **330** codons, and **1** partitions from `/Users/alex/Documents/selection-tutorial/data/21-empirical/yokoyama.rh1.cds.mod.1-990.nex`

>branches => All

>srv => Yes
The number omega rate classes to include in the model (permissible range = [1,10], default value = 3, integer): 
>rates => 3

>multiple-hits => Double+Triple

>mss => No
The number alpha rate classes to include in the model [1-10, default 3] (permissible range = [1,10], default value = 3, integer): 
>syn-rates => 3

>error-sink => No
The number of points in the initial distributional guess for likelihood fitting (permissible range = [1,10000], default value = 250, integer): 
>grid-size => 250
The number of initial random guesses to 'seed' rate values optimization (permissible range = [1,25], default value = 1, integer): 
>starting-points => 1


### Branches to test for selection in the BUSTED analysis
* Selected 70 branches to test in the BUSTED analysis: `EELA, CONGERA, Node2, EELB, CONGERB, Node5, Node1, CAVEFISH, GOLDFISH, ZEBRAFISH, Node11, Node9, NSAM, NARG, Node19, SPUN, SMIC, SDIA, SXAN, Node23, Node18, NAUR, SSPI, STIE, Node29, Node27, Node17, MVIO, MBER, Node32, Node16, BFNKILLIFISH, ONIL, XCAU, Node38, Node36, THORNYHEAD, Node35, Node15, LAMPFISH, SCABBARDA, SCABBARDB, Node44, VIPERFISH, BLACKDRAGON, Node48, LOOSEJAW, Node47, Node43, Node14, Node8, COELACANTH, CLAWEDFROG, SALAMANDER, Node55, CHAMELEON, PIGEON, CHICKEN, Node62, ZEBRAFINCH, Node61, Node59, BOVINE, DOLPHIN, Node67, ELEPHANT, Node66, Node58, Node54, Node52`


### Obtaining branch lengths and nucleotide substitution biases under the nucleotide GTR model

>kill-zero-lengths => Yes
* Log(L) = -14860.35, AIC-c = 29877.02 (78 estimated parameters)
* 1 partition. Total tree length by partition (subs/site)  3.089

### Obtaining the global omega estimate based on relative GTR branch lengths and nucleotide substitution biases
* Log(L) = -13501.81, AIC-c = 27174.80 (85 estimated parameters)
* 1 partition. Total tree length by partition (subs/site)  3.766
* non-synonymous/synonymous rate ratio for *test* =   0.1252

### Improving branch lengths, nucleotide substitution biases, and global dN/dS ratios under a full codon model
* Log(L) = -13375.14, AIC-c = 26921.44 (85 estimated parameters)
* non-synonymous/synonymous rate ratio for *test* =   0.1007

### Performing the full (dN/dS > 1 allowed) branch-site model fit
* Log(L) = -12854.48, AIC-c = 25902.45 (96 estimated parameters)
* For *test* branches, the following rate distribution for branch-site combinations was inferred


### Partition-level rates for multiple-hit substitutions
* rate at which 2 nucleotides are changed instantly within a single codon :   0.3670
* Corresponding fraction of substitutions :  3.748%
* rate at which 3 nucleotides are changed instantly within a single codon :   0.5682
* Corresponding fraction of substitutions :  0.578%

|          Selection mode           |     dN/dS     |Proportion, %|               Notes               |
|-----------------------------------|---------------|-------------|-----------------------------------|
|        Negative selection         |     0.000     |   56.760    |                                   |
|        Negative selection         |     0.139     |   42.993    |                                   |
|      Diversifying selection       |     6.450     |    0.247    |                                   |

* The following rate distribution for site-to-site **synonymous** rate variation was inferred

|               Rate                | Proportion, % |               Notes               |
|-----------------------------------|---------------|-----------------------------------|
|               0.446               |    64.255     |                                   |
|               1.373               |    32.329     |                                   |
|               7.892               |     3.416     |                                   |


### Performing the constrained (dN/dS > 1 not allowed) model fit
* Log(L) = -12855.20, AIC-c = 25901.86 (95 estimated parameters)
* For *test* branches under the null (no dN/dS > 1 model), the following rate distribution for branch-site combinations was inferred

### Partition-level rates for multiple-hit substitutions
* rate at which 2 nucleotides are changed instantly within a single codon :   0.3862
* Corresponding fraction of substitutions :  3.556%
* rate at which 3 nucleotides are changed instantly within a single codon :   0.7939
* Corresponding fraction of substitutions :  0.718%

|          Selection mode           |     dN/dS     |Proportion, %|               Notes               |
|-----------------------------------|---------------|-------------|-----------------------------------|
|        Negative selection         |     0.000     |   57.200    |                                   |
|        Negative selection         |     0.140     |   42.334    |                                   |
|         Neutral evolution         |     1.000     |    0.467    |                                   |

* The following rate distribution for site-to-site **synonymous** rate variation was inferred

|               Rate                | Proportion, % |               Notes               |
|-----------------------------------|---------------|-----------------------------------|
|               0.444               |    63.719     |                                   |
|               1.367               |    32.866     |                                   |
|               7.837               |     3.415     |                                   |

----
## Branch-site unrestricted statistical test of episodic diversification [BUSTED]
Likelihood ratio test for episodic diversifying positive selection, **p =   0.2441**.
