
Analysis Description
--------------------
MEME (Mixed Effects Model of Evolution) estimates a site-wise synonymous
(&alpha;) and a two-category mixture of non-synonymous (&beta;-, with
proportion p-, and &beta;+ with proportion [1-p-]) rates, and uses a
likelihood ratio test to determine if &beta;+ > &alpha; at a site. The
estimates aggregate information over a proportion of branches at a site,
so the signal is derived from episodic diversification, which is a
combination of strength of selection [effect size] and the proportion of
the tree affected. A subset of branches can be selected for testing as
well, in which case an additional (nuisance) parameter will be inferred
-- the non-synonymous rate on branches NOT selected for testing.
Multiple partitions within a NEXUS file are also supported for
recombination - aware analysis. Version 3.0 adds a different format for
ancestral state reconstruction, branch-site posterior storage, and
site-level heterogeneity testing. Version 4 adds support for multiple
hits and more than 2 rate classes on omega, as well as site-level
imputation option. Version 4.1 fixes bugs with EBF computation for > 2
more rates and MH reporting. 

- __Requirements__: in-frame codon alignment and a phylogenetic tree

- __Citation__: Detecting Individual Sites Subject to Episodic Diversifying Selection.
_PLoS Genet_ 8(7): e1002764.

- __Written by__: Sergei L. Kosakovsky Pond, Steven Weaver

- __Contact Information__: spond@temple.edu

- __Analysis Version__: 4.1


>code => Universal
>Loaded a multiple sequence alignment with **38** sequences, **330** codons, and **1** partitions from `/Users/alex/Documents/selection-tutorial/data/21-empirical/yokoyama.rh1.cds.mod.1-990.nex`

>branches => All

>Select the p-value threshold to use when testing for selection (permissible range = [0,1], default value = 0.1): 
>pvalue => 0.1

>[Advanced setting, will result in MUCH SLOWER run time] Perform parametric bootstrap resampling to derive site-level null LRT distributions up to this many replicates per site. Recommended use for small to medium (<30 sequences) datasets (permissible range = [0,1000], default value = 50, integer): 
>resample => 0
The number omega rate classes to include in the model [2 is the strongly recommended default] (permissible range = [2,4], default value = 2, integer): 
>rates => 2

>multiple-hits => None

>impute-states => No

>precision => standard


### Branches to include in the MEME analysis
Selected 70 branches to include in the MEME analysis: `EELA, CONGERA, Node2, EELB, CONGERB, Node5, Node1, CAVEFISH, GOLDFISH, ZEBRAFISH, Node11, Node9, NSAM, NARG, Node19, SPUN, SMIC, SDIA, SXAN, Node23, Node18, NAUR, SSPI, STIE, Node29, Node27, Node17, MVIO, MBER, Node32, Node16, BFNKILLIFISH, ONIL, XCAU, Node38, Node36, THORNYHEAD, Node35, Node15, LAMPFISH, SCABBARDA, SCABBARDB, Node44, VIPERFISH, BLACKDRAGON, Node48, LOOSEJAW, Node47, Node43, Node14, Node8, COELACANTH, CLAWEDFROG, SALAMANDER, Node55, CHAMELEON, PIGEON, CHICKEN, Node62, ZEBRAFINCH, Node61, Node59, BOVINE, DOLPHIN, Node67, ELEPHANT, Node66, Node58, Node54, Node52`


### Obtaining branch lengths and nucleotide substitution biases under the nucleotide GTR model

>kill-zero-lengths => Yes
* Log(L) = -14860.35, AIC-c = 29877.02 (78 estimated parameters)
* 1 partition. Total tree length by partition (subs/site)  3.089

### Obtaining the global omega estimate based on relative GTR branch lengths and nucleotide substitution biases
* Log(L) = -13501.81, AIC-c = 27174.80 (85 estimated parameters)
* 1 partition. Total tree length by partition (subs/site)  3.766
* non-synonymous/synonymous rate ratio for *test* =   0.1252

>full-model => Yes
Only analyze sites whose 1-based indices match the following list (null to skip) : 
>limit-to-sites => null
For sites whose 1-based indices match the following list, write out likelihood function snapshots (null string to skip) : 
>save-lf-for-sites => null

### Improving branch lengths, nucleotide substitution biases, and global dN/dS ratios under a full codon model
* Log(L) = -13375.15
* Log(L) = -13375.15, AIC-c = 26921.48 (85 estimated parameters)
* 1 partition. Total tree length by partition (subs/site)  3.763
* non-synonymous/synonymous rate ratio for *test* =   0.1007

### For partition 1 these sites are significant at p <=0.1

|   Codon    | Partition  |   alpha    |non-syn rate (beta) distribution, rates : weights|    LRT     |Episodic selection detected?| # branches |         List of most common codon substitutions at this site          |
|:----------:|:----------:|:----------:|:-----------------------------------------------:|:----------:|:--------------------------:|:----------:|:---------------------------------------------------------------------:|
|     14     |     1      |    7.168   |             0.00/181.34 : 0.93/0.07             |   11.863   |      Yes, p =  0.0011      |     0      |[2]tcC>tcA,tcC>tcT|[1]gtA>gtG,gtA>gtT,GTG>TCT,TCa>ATa,TCA>CTC,TCa>GT...|
|     16     |     1      |    4.879   |             0.00/29.72 : 0.87/0.13              |    3.660   |      Yes, p =  0.0755      |     3      |         [2]aaG>aaA,Gcc>Acc|[1]Acc>Gcc,GCC>AAG,GCc>ATc,gcC>gcG         |
|     19     |     1      |    7.485   |             0.00/203.07 : 0.85/0.15             |    5.566   |      Yes, p =  0.0282      |     3      |  [4]gtG>gtT|[3]GtG>AtT,gtG>gtA|[2]GtG>AtC|[1]GtG>AtA,Gtg>Ctg,Gtt>Att  |
|     46     |     1      |    6.178   |            0.00/1439.83 : 0.94/0.06             |    3.694   |      Yes, p =  0.0742      |     4      |         [2]TtC>CtG|[1]Ctg>Atg,ctG>ctT,Ctg>Ttg,TTC>ACG,ttC>ttT         |
|     50     |     1      |   16.831   |             0.00/92.91 : 0.71/0.29              |    4.004   |      Yes, p =  0.0631      |     0      |[5]gtT>gtC|[2]ctT>ctC,ctT>ctG,Gtt>Ctt,gTt>gCt,Gtt>Ttt|[1]acT>acC,atT...|
|     54     |     1      |    0.000   |              0.00/3.30 : 0.01/0.99              |    3.731   |      Yes, p =  0.0728      |     0      |                     [4]Atc>Gtc,Gtc>Atc|[1]atC>atG                     |
|     93     |     1      |    3.556   |            0.00/13420.41 : 0.97/0.03            |    9.580   |      Yes, p =  0.0036      |     2      |                 [2]acC>acA|[1]acC>acT,ACc>GTc,ACC>GTG                 |
|     96     |     1      |    6.039   |             0.00/710.68 : 0.98/0.02             |    5.610   |      Yes, p =  0.0275      |     1      |                         [2]taC>taT|[1]TAC>GTG                         |
|    144     |     1      |    0.000   |             0.00/37.64 : 0.87/0.13              |   14.989   |      Yes, p =  0.0002      |     5      |             [2]AGc>GCc|[1]aGc>aCc,AGc>TCc,gCC>gAA,Gcc>Tcc             |
|    163     |     1      |    0.001   |             0.00/53.25 : 0.96/0.04              |    8.727   |      Yes, p =  0.0056      |     2      |                          [1]ATg>GCg,Atg>Ttg                           |
|    183     |     1      |    0.000   |             0.00/17.47 : 0.86/0.14              |    4.383   |      Yes, p =  0.0519      |     5      |                     [2]Atg>Ctg,Atg>Ttg|[1]AtG>TtT                     |
|    195     |     1      |    5.083   |             0.00/33.37 : 0.81/0.19              |    3.433   |      Yes, p =  0.0851      |     2      |[1]aaG>aaC,aAG>aCC,gcC>gcG,AaG>CaC,AAG>GCC,AAg>GCg,acC>acT,Acc>Ccc,c...|
|    205     |     1      |    0.000   |             0.00/666.85 : 0.95/0.05             |    8.200   |      Yes, p =  0.0073      |     3      |                      [1]AtC>CtA,Atc>Ctc,AtC>GtG                       |
|    213     |     1      |    4.365   |             2.44/191.75 : 0.71/0.29             |    4.757   |      Yes, p =  0.0427      |     0      |[2]aCc>aTc,Acc>Tcc,AtC>CtG,ATc>TCc|[1]aCC>aTG,ACc>GTc,tTa>tCa,Ttg>At...|
|    236     |     1      |    2.631   |            0.00/1025.03 : 0.99/0.01             |    8.960   |      Yes, p =  0.0050      |     1      |                      [1]caG>caA,CAG>GCC,gcC>gcT                       |
|    271     |     1      |    5.186   |             0.00/82.96 : 0.96/0.04              |    5.472   |      Yes, p =  0.0296      |     2      |         [2]gtG>gtT|[1]GTG>ACC,GTg>ACg,gtG>gtA,gtG>gtC,gtT>gtC         |
|    273     |     1      |    0.001   |             0.00/71.88 : 0.96/0.04              |    9.899   |      Yes, p =  0.0031      |     1      |                          [1]TGg>GCg,tGG>tTC                           |
|    277     |     1      |    3.646   |             0.00/78.96 : 0.91/0.09              |   10.799   |      Yes, p =  0.0020      |     5      |     [2]ACc>TGc|[1]acA>acG,ACA>TGT,acC>acA,acC>acT,aCc>aGc,ACc>TTc     |

### ** Found _18_ sites under episodic diversifying positive selection at p <= 0.1**
